Command line invocation:
    /Applications/Xcode-beta.app/Contents/Developer/usr/bin/xcodebuild -scheme Leavn -destination "platform=iOS Simulator,OS=26.0,name=iPhone 16" build

Resolve Package Graph


Resolved source packages:
  KeychainAccess: https://github.com/kishikawakatsumi/KeychainAccess.git @ 4.2.2
  Factory: https://github.com/hmlongco/Factory.git @ 2.5.3
  swift-async-algorithms: https://github.com/apple/swift-async-algorithms @ 1.0.4
  RealmDatabase: https://github.com/realm/realm-core.git @ 14.14.0
  Alamofire: https://github.com/Alamofire/Alamofire.git @ 5.10.2
  LeavnModules: /Users/wsig/GitHub Builds/LeavnOfficial/Core/LeavnModules
  Realm: https://github.com/realm/realm-swift.git @ 10.54.5
  LeavnCore: /Users/wsig/GitHub Builds/LeavnOfficial/Core/LeavnCore
  swift-collections: https://github.com/apple/swift-collections.git @ 1.2.0

ComputePackagePrebuildTargetDependencyGraph

Prepare packages

CreateBuildRequest

SendProjectDescription

CreateBuildOperation

ComputeTargetDependencyGraph
note: Building targets in dependency order
note: Target dependency graph (52 targets)
    Target 'Leavn' in project 'Leavn'
        ➜ Explicit dependency on target 'LeavnCore' in project 'LeavnCore'
        ➜ Explicit dependency on target 'LeavnServices' in project 'LeavnCore'
        ➜ Explicit dependency on target 'NetworkingKit' in project 'LeavnCore'
        ➜ Explicit dependency on target 'PersistenceKit' in project 'LeavnCore'
        ➜ Explicit dependency on target 'AnalyticsKit' in project 'LeavnCore'
        ➜ Explicit dependency on target 'DesignSystem' in project 'LeavnCore'
        ➜ Explicit dependency on target 'LeavnBible' in project 'LeavnModules'
        ➜ Explicit dependency on target 'LeavnSearch' in project 'LeavnModules'
        ➜ Explicit dependency on target 'LeavnLibrary' in project 'LeavnModules'
        ➜ Explicit dependency on target 'LeavnSettings' in project 'LeavnModules'
        ➜ Explicit dependency on target 'LeavnCommunity' in project 'LeavnModules'
        ➜ Explicit dependency on target 'AuthenticationModule' in project 'LeavnModules'
    Target 'AuthenticationModule' in project 'LeavnModules'
        ➜ Explicit dependency on target 'AuthenticationModule' in project 'LeavnModules'
        ➜ Explicit dependency on target 'LeavnCore' in project 'LeavnCore'
        ➜ Explicit dependency on target 'LeavnServices' in project 'LeavnCore'
        ➜ Explicit dependency on target 'NetworkingKit' in project 'LeavnCore'
        ➜ Explicit dependency on target 'PersistenceKit' in project 'LeavnCore'
        ➜ Explicit dependency on target 'DesignSystem' in project 'LeavnCore'
        ➜ Explicit dependency on target 'Factory' in project 'Factory'
    Target 'AuthenticationModule' in project 'LeavnModules'
        ➜ Explicit dependency on target 'LeavnCore' in project 'LeavnCore'
        ➜ Explicit dependency on target 'LeavnServices' in project 'LeavnCore'
        ➜ Explicit dependency on target 'NetworkingKit' in project 'LeavnCore'
        ➜ Explicit dependency on target 'PersistenceKit' in project 'LeavnCore'
        ➜ Explicit dependency on target 'DesignSystem' in project 'LeavnCore'
        ➜ Explicit dependency on target 'Factory' in project 'Factory'
    Target 'LeavnCommunity' in project 'LeavnModules'
        ➜ Explicit dependency on target 'LeavnCommunity' in project 'LeavnModules'
        ➜ Explicit dependency on target 'RealmSwift' in project 'Realm'
        ➜ Explicit dependency on target 'LeavnCore' in project 'LeavnCore'
        ➜ Explicit dependency on target 'LeavnServices' in project 'LeavnCore'
        ➜ Explicit dependency on target 'NetworkingKit' in project 'LeavnCore'
        ➜ Explicit dependency on target 'DesignSystem' in project 'LeavnCore'
    Target 'LeavnCommunity' in project 'LeavnModules'
        ➜ Explicit dependency on target 'RealmSwift' in project 'Realm'
        ➜ Explicit dependency on target 'LeavnCore' in project 'LeavnCore'
        ➜ Explicit dependency on target 'LeavnServices' in project 'LeavnCore'
        ➜ Explicit dependency on target 'NetworkingKit' in project 'LeavnCore'
        ➜ Explicit dependency on target 'DesignSystem' in project 'LeavnCore'
    Target 'LeavnSettings' in project 'LeavnModules'
        ➜ Explicit dependency on target 'LeavnSettings' in project 'LeavnModules'
        ➜ Explicit dependency on target 'LeavnCore' in project 'LeavnCore'
        ➜ Explicit dependency on target 'LeavnServices' in project 'LeavnCore'
        ➜ Explicit dependency on target 'PersistenceKit' in project 'LeavnCore'
        ➜ Explicit dependency on target 'DesignSystem' in project 'LeavnCore'
        ➜ Explicit dependency on target 'AnalyticsKit' in project 'LeavnCore'
    Target 'LeavnSettings' in project 'LeavnModules'
        ➜ Explicit dependency on target 'LeavnCore' in project 'LeavnCore'
        ➜ Explicit dependency on target 'LeavnServices' in project 'LeavnCore'
        ➜ Explicit dependency on target 'PersistenceKit' in project 'LeavnCore'
        ➜ Explicit dependency on target 'DesignSystem' in project 'LeavnCore'
        ➜ Explicit dependency on target 'AnalyticsKit' in project 'LeavnCore'
    Target 'LeavnLibrary' in project 'LeavnModules'
        ➜ Explicit dependency on target 'LeavnLibrary' in project 'LeavnModules'
        ➜ Explicit dependency on target 'RealmSwift' in project 'Realm'
        ➜ Explicit dependency on target 'LeavnCore' in project 'LeavnCore'
        ➜ Explicit dependency on target 'LeavnServices' in project 'LeavnCore'
        ➜ Explicit dependency on target 'PersistenceKit' in project 'LeavnCore'
        ➜ Explicit dependency on target 'DesignSystem' in project 'LeavnCore'
        ➜ Explicit dependency on target 'Factory' in project 'Factory'
    Target 'LeavnLibrary' in project 'LeavnModules'
        ➜ Explicit dependency on target 'RealmSwift' in project 'Realm'
        ➜ Explicit dependency on target 'LeavnCore' in project 'LeavnCore'
        ➜ Explicit dependency on target 'LeavnServices' in project 'LeavnCore'
        ➜ Explicit dependency on target 'PersistenceKit' in project 'LeavnCore'
        ➜ Explicit dependency on target 'DesignSystem' in project 'LeavnCore'
        ➜ Explicit dependency on target 'Factory' in project 'Factory'
    Target 'LeavnSearch' in project 'LeavnModules'
        ➜ Explicit dependency on target 'LeavnSearch' in project 'LeavnModules'
        ➜ Explicit dependency on target 'LeavnCore' in project 'LeavnCore'
        ➜ Explicit dependency on target 'LeavnServices' in project 'LeavnCore'
        ➜ Explicit dependency on target 'NetworkingKit' in project 'LeavnCore'
        ➜ Explicit dependency on target 'DesignSystem' in project 'LeavnCore'
        ➜ Explicit dependency on target 'AsyncAlgorithms' in project 'swift-async-algorithms'
        ➜ Explicit dependency on target 'Factory' in project 'Factory'
    Target 'LeavnSearch' in project 'LeavnModules'
        ➜ Explicit dependency on target 'LeavnCore' in project 'LeavnCore'
        ➜ Explicit dependency on target 'LeavnServices' in project 'LeavnCore'
        ➜ Explicit dependency on target 'NetworkingKit' in project 'LeavnCore'
        ➜ Explicit dependency on target 'DesignSystem' in project 'LeavnCore'
        ➜ Explicit dependency on target 'AsyncAlgorithms' in project 'swift-async-algorithms'
        ➜ Explicit dependency on target 'Factory' in project 'Factory'
    Target 'LeavnBible' in project 'LeavnModules'
        ➜ Explicit dependency on target 'LeavnBible' in project 'LeavnModules'
        ➜ Explicit dependency on target 'RealmSwift' in project 'Realm'
        ➜ Explicit dependency on target 'LeavnCore' in project 'LeavnCore'
        ➜ Explicit dependency on target 'LeavnServices' in project 'LeavnCore'
        ➜ Explicit dependency on target 'NetworkingKit' in project 'LeavnCore'
        ➜ Explicit dependency on target 'PersistenceKit' in project 'LeavnCore'
        ➜ Explicit dependency on target 'DesignSystem' in project 'LeavnCore'
        ➜ Explicit dependency on target 'AsyncAlgorithms' in project 'swift-async-algorithms'
        ➜ Explicit dependency on target 'Factory' in project 'Factory'
    Target 'LeavnBible' in project 'LeavnModules'
        ➜ Explicit dependency on target 'RealmSwift' in project 'Realm'
        ➜ Explicit dependency on target 'LeavnCore' in project 'LeavnCore'
        ➜ Explicit dependency on target 'LeavnServices' in project 'LeavnCore'
        ➜ Explicit dependency on target 'NetworkingKit' in project 'LeavnCore'
        ➜ Explicit dependency on target 'PersistenceKit' in project 'LeavnCore'
        ➜ Explicit dependency on target 'DesignSystem' in project 'LeavnCore'
        ➜ Explicit dependency on target 'AsyncAlgorithms' in project 'swift-async-algorithms'
        ➜ Explicit dependency on target 'Factory' in project 'Factory'
    Target 'AsyncAlgorithms' in project 'swift-async-algorithms'
        ➜ Explicit dependency on target 'AsyncAlgorithms' in project 'swift-async-algorithms'
        ➜ Explicit dependency on target 'OrderedCollections' in project 'swift-collections'
        ➜ Explicit dependency on target 'DequeModule' in project 'swift-collections'
    Target 'AsyncAlgorithms' in project 'swift-async-algorithms'
        ➜ Explicit dependency on target 'OrderedCollections' in project 'swift-collections'
        ➜ Explicit dependency on target 'DequeModule' in project 'swift-collections'
    Target 'DequeModule' in project 'swift-collections'
        ➜ Explicit dependency on target 'DequeModule' in project 'swift-collections'
        ➜ Explicit dependency on target 'InternalCollectionsUtilities' in project 'swift-collections'
    Target 'DequeModule' in project 'swift-collections'
        ➜ Explicit dependency on target 'InternalCollectionsUtilities' in project 'swift-collections'
    Target 'OrderedCollections' in project 'swift-collections'
        ➜ Explicit dependency on target 'OrderedCollections' in project 'swift-collections'
        ➜ Explicit dependency on target 'InternalCollectionsUtilities' in project 'swift-collections'
    Target 'OrderedCollections' in project 'swift-collections'
        ➜ Explicit dependency on target 'InternalCollectionsUtilities' in project 'swift-collections'
    Target 'InternalCollectionsUtilities' in project 'swift-collections' (no dependencies)
    Target 'RealmSwift' in project 'Realm'
        ➜ Explicit dependency on target 'RealmSwift' in project 'Realm'
        ➜ Explicit dependency on target 'Realm_RealmSwift' in project 'Realm'
        ➜ Explicit dependency on target 'Realm' in project 'Realm'
        ➜ Explicit dependency on target 'RealmCore' in project 'RealmDatabase'
    Target 'RealmSwift' in project 'Realm'
        ➜ Explicit dependency on target 'Realm_RealmSwift' in project 'Realm'
        ➜ Explicit dependency on target 'Realm' in project 'Realm'
        ➜ Explicit dependency on target 'RealmCore' in project 'RealmDatabase'
    Target 'Realm' in project 'Realm'
        ➜ Explicit dependency on target 'Realm_Realm' in project 'Realm'
        ➜ Explicit dependency on target 'RealmCore' in project 'RealmDatabase'
    Target 'RealmCore' in project 'RealmDatabase'
        ➜ Explicit dependency on target 'RealmCoreResources' in project 'RealmDatabase'
        ➜ Explicit dependency on target 'RealmDatabase_RealmCoreResources' in project 'RealmDatabase'
        ➜ Explicit dependency on target 'Bid' in project 'RealmDatabase'
        ➜ Explicit dependency on target 's2geometry' in project 'RealmDatabase'
        ➜ Explicit dependency on target 'RealmCore' in project 'RealmDatabase'
    Target 'RealmCoreResources' in project 'RealmDatabase'
        ➜ Explicit dependency on target 'RealmDatabase_RealmCoreResources' in project 'RealmDatabase'
        ➜ Explicit dependency on target 'Bid' in project 'RealmDatabase'
        ➜ Explicit dependency on target 's2geometry' in project 'RealmDatabase'
        ➜ Explicit dependency on target 'RealmCore' in project 'RealmDatabase'
    Target 'RealmCore' in project 'RealmDatabase'
        ➜ Explicit dependency on target 'Bid' in project 'RealmDatabase'
        ➜ Explicit dependency on target 's2geometry' in project 'RealmDatabase'
    Target 's2geometry' in project 'RealmDatabase' (no dependencies)
    Target 'Bid' in project 'RealmDatabase' (no dependencies)
    Target 'RealmDatabase_RealmCoreResources' in project 'RealmDatabase' (no dependencies)
    Target 'Realm_Realm' in project 'Realm' (no dependencies)
    Target 'Realm_RealmSwift' in project 'Realm' (no dependencies)
    Target 'DesignSystem' in project 'LeavnCore'
        ➜ Explicit dependency on target 'DesignSystem' in project 'LeavnCore'
        ➜ Explicit dependency on target 'LeavnCore' in project 'LeavnCore'
    Target 'DesignSystem' in project 'LeavnCore'
        ➜ Explicit dependency on target 'LeavnCore' in project 'LeavnCore'
    Target 'AnalyticsKit' in project 'LeavnCore'
        ➜ Explicit dependency on target 'AnalyticsKit' in project 'LeavnCore'
        ➜ Explicit dependency on target 'LeavnCore' in project 'LeavnCore'
    Target 'PersistenceKit' in project 'LeavnCore'
        ➜ Explicit dependency on target 'PersistenceKit' in project 'LeavnCore'
        ➜ Explicit dependency on target 'LeavnCore' in project 'LeavnCore'
        ➜ Explicit dependency on target 'KeychainAccess' in project 'KeychainAccess'
    Target 'NetworkingKit' in project 'LeavnCore'
        ➜ Explicit dependency on target 'NetworkingKit' in project 'LeavnCore'
        ➜ Explicit dependency on target 'LeavnCore' in project 'LeavnCore'
        ➜ Explicit dependency on target 'Alamofire' in project 'Alamofire'
    Target 'LeavnServices' in project 'LeavnCore'
        ➜ Explicit dependency on target 'LeavnServices' in project 'LeavnCore'
        ➜ Explicit dependency on target 'LeavnCore_LeavnServices' in project 'LeavnCore'
        ➜ Explicit dependency on target 'LeavnCore' in project 'LeavnCore'
        ➜ Explicit dependency on target 'NetworkingKit' in project 'LeavnCore'
        ➜ Explicit dependency on target 'PersistenceKit' in project 'LeavnCore'
        ➜ Explicit dependency on target 'AnalyticsKit' in project 'LeavnCore'
        ➜ Explicit dependency on target 'Alamofire' in project 'Alamofire'
        ➜ Explicit dependency on target 'KeychainAccess' in project 'KeychainAccess'
        ➜ Explicit dependency on target 'Factory' in project 'Factory'
    Target 'LeavnServices' in project 'LeavnCore'
        ➜ Explicit dependency on target 'LeavnCore_LeavnServices' in project 'LeavnCore'
        ➜ Explicit dependency on target 'LeavnCore' in project 'LeavnCore'
        ➜ Explicit dependency on target 'NetworkingKit' in project 'LeavnCore'
        ➜ Explicit dependency on target 'PersistenceKit' in project 'LeavnCore'
        ➜ Explicit dependency on target 'AnalyticsKit' in project 'LeavnCore'
        ➜ Explicit dependency on target 'Alamofire' in project 'Alamofire'
        ➜ Explicit dependency on target 'KeychainAccess' in project 'KeychainAccess'
        ➜ Explicit dependency on target 'Factory' in project 'Factory'
    Target 'Factory' in project 'Factory'
        ➜ Explicit dependency on target 'Factory' in project 'Factory'
        ➜ Explicit dependency on target 'Factory_Factory' in project 'Factory'
    Target 'Factory' in project 'Factory'
        ➜ Explicit dependency on target 'Factory_Factory' in project 'Factory'
    Target 'Factory_Factory' in project 'Factory' (no dependencies)
    Target 'AnalyticsKit' in project 'LeavnCore'
        ➜ Explicit dependency on target 'LeavnCore' in project 'LeavnCore'
    Target 'PersistenceKit' in project 'LeavnCore'
        ➜ Explicit dependency on target 'LeavnCore' in project 'LeavnCore'
        ➜ Explicit dependency on target 'KeychainAccess' in project 'KeychainAccess'
    Target 'KeychainAccess' in project 'KeychainAccess'
        ➜ Explicit dependency on target 'KeychainAccess' in project 'KeychainAccess'
    Target 'KeychainAccess' in project 'KeychainAccess' (no dependencies)
    Target 'NetworkingKit' in project 'LeavnCore'
        ➜ Explicit dependency on target 'LeavnCore' in project 'LeavnCore'
        ➜ Explicit dependency on target 'Alamofire' in project 'Alamofire'
    Target 'Alamofire' in project 'Alamofire'
        ➜ Explicit dependency on target 'Alamofire' in project 'Alamofire'
        ➜ Explicit dependency on target 'Alamofire_Alamofire' in project 'Alamofire'
    Target 'Alamofire' in project 'Alamofire'
        ➜ Explicit dependency on target 'Alamofire_Alamofire' in project 'Alamofire'
    Target 'Alamofire_Alamofire' in project 'Alamofire' (no dependencies)
    Target 'LeavnCore_LeavnServices' in project 'LeavnCore' (no dependencies)
    Target 'LeavnCore' in project 'LeavnCore'
        ➜ Explicit dependency on target 'LeavnCore' in project 'LeavnCore'
    Target 'LeavnCore' in project 'LeavnCore' (no dependencies)

GatherProvisioningInputs

CreateBuildDescription

ClangStatCache /Applications/Xcode-beta.app/Contents/Developer/Toolchains/XcodeDefault.xctoolchain/usr/bin/clang-stat-cache /Applications/Xcode-beta.app/Contents/Developer/Platforms/iPhoneSimulator.platform/Developer/SDKs/iPhoneSimulator26.0.sdk /Users/wsig/Library/Developer/Xcode/DerivedData/SDKStatCaches.noindex/iphonesimulator26.0-23A5287e-fc862078e33f881139a9d2f83bd1a9d0.sdkstatcache
    cd /Users/wsig/GitHub\ Builds/LeavnOfficial/Leavn.xcodeproj
    /Applications/Xcode-beta.app/Contents/Developer/Toolchains/XcodeDefault.xctoolchain/usr/bin/clang-stat-cache /Applications/Xcode-beta.app/Contents/Developer/Platforms/iPhoneSimulator.platform/Developer/SDKs/iPhoneSimulator26.0.sdk -o /Users/wsig/Library/Developer/Xcode/DerivedData/SDKStatCaches.noindex/iphonesimulator26.0-23A5287e-fc862078e33f881139a9d2f83bd1a9d0.sdkstatcache

SwiftDriver LeavnCore normal arm64 com.apple.xcode.tools.swift.compiler (in target 'LeavnCore' from project 'LeavnCore')
    cd /Users/wsig/GitHub\ Builds/LeavnOfficial/Leavn.xcodeproj
    builtin-SwiftDriver -- /Applications/Xcode-beta.app/Contents/Developer/Toolchains/XcodeDefault.xctoolchain/usr/bin/swiftc -module-name LeavnCore -Onone -enforce-exclusivity\=checked @/Users/wsig/Library/Developer/Xcode/DerivedData/Leavn-gxbozqiuohwlcfgridtxzqzwunnz/Build/Intermediates.noindex/LeavnCore.build/Debug-iphonesimulator/LeavnCore.build/Objects-normal/arm64/LeavnCore.SwiftFileList -DSWIFT_PACKAGE -DDEBUG -DSWIFT_MODULE_RESOURCE_BUNDLE_UNAVAILABLE -DXcode -plugin-path /Applications/Xcode-beta.app/Contents/Developer/Toolchains/XcodeDefault.xctoolchain/usr/lib/swift/host/plugins/testing -enable-experimental-feature DebugDescriptionMacro -sdk /Applications/Xcode-beta.app/Contents/Developer/Platforms/iPhoneSimulator.platform/Developer/SDKs/iPhoneSimulator26.0.sdk -target arm64-apple-ios18.0-simulator -g -module-cache-path /Users/wsig/Library/Developer/Xcode/DerivedData/ModuleCache.noindex -Xfrontend -serialize-debugging-options -profile-coverage-mapping -profile-generate -enable-testing -index-store-path /Users/wsig/Library/Developer/Xcode/DerivedData/Leavn-gxbozqiuohwlcfgridtxzqzwunnz/Index.noindex/DataStore -Xcc -D_LIBCPP_HARDENING_MODE\=_LIBCPP_HARDENING_MODE_DEBUG -swift-version 6 -I /Users/wsig/Library/Developer/Xcode/DerivedData/Leavn-gxbozqiuohwlcfgridtxzqzwunnz/Build/Products/Debug-iphonesimulator -Isystem /Applications/Xcode-beta.app/Contents/Developer/Platforms/iPhoneSimulator.platform/Developer/usr/lib -F /Users/wsig/Library/Developer/Xcode/DerivedData/Leavn-gxbozqiuohwlcfgridtxzqzwunnz/Build/Products/Debug-iphonesimulator -F /Applications/Xcode-beta.app/Contents/Developer/Platforms/iPhoneSimulator.platform/Developer/Library/Frameworks -F /Applications/Xcode-beta.app/Contents/Developer/Platforms/iPhoneSimulator.platform/Developer/SDKs/iPhoneSimulator26.0.sdk/Developer/Library/Frameworks -c -j12 -enable-batch-mode -incremental -Xcc -ivfsstatcache -Xcc /Users/wsig/Library/Developer/Xcode/DerivedData/SDKStatCaches.noindex/iphonesimulator26.0-23A5287e-fc862078e33f881139a9d2f83bd1a9d0.sdkstatcache -output-file-map /Users/wsig/Library/Developer/Xcode/DerivedData/Leavn-gxbozqiuohwlcfgridtxzqzwunnz/Build/Intermediates.noindex/LeavnCore.build/Debug-iphonesimulator/LeavnCore.build/Objects-normal/arm64/LeavnCore-OutputFileMap.json -use-frontend-parseable-output -save-temps -no-color-diagnostics -explicit-module-build -module-cache-path /Users/wsig/Library/Developer/Xcode/DerivedData/Leavn-gxbozqiuohwlcfgridtxzqzwunnz/Build/Intermediates.noindex/SwiftExplicitPrecompiledModules -clang-scanner-module-cache-path /Users/wsig/Library/Developer/Xcode/DerivedData/ModuleCache.noindex -sdk-module-cache-path /Users/wsig/Library/Developer/Xcode/DerivedData/ModuleCache.noindex -serialize-diagnostics -emit-dependencies -emit-module -emit-module-path /Users/wsig/Library/Developer/Xcode/DerivedData/Leavn-gxbozqiuohwlcfgridtxzqzwunnz/Build/Intermediates.noindex/LeavnCore.build/Debug-iphonesimulator/LeavnCore.build/Objects-normal/arm64/LeavnCore.swiftmodule -validate-clang-modules-once -clang-build-session-file /Users/wsig/Library/Developer/Xcode/DerivedData/ModuleCache.noindex/Session.modulevalidation -package-name leavncore -Xcc -I/Users/wsig/Library/Developer/Xcode/DerivedData/Leavn-gxbozqiuohwlcfgridtxzqzwunnz/Build/Intermediates.noindex/LeavnCore.build/Debug-iphonesimulator/LeavnCore.build/swift-overrides.hmap -emit-const-values -Xfrontend -const-gather-protocols-file -Xfrontend /Users/wsig/Library/Developer/Xcode/DerivedData/Leavn-gxbozqiuohwlcfgridtxzqzwunnz/Build/Intermediates.noindex/LeavnCore.build/Debug-iphonesimulator/LeavnCore.build/Objects-normal/arm64/LeavnCore_const_extract_protocols.json -Xcc -I/Users/wsig/Library/Developer/Xcode/DerivedData/Leavn-gxbozqiuohwlcfgridtxzqzwunnz/Build/Products/Debug-iphonesimulator/include -Xcc -I/Users/wsig/Library/Developer/Xcode/DerivedData/Leavn-gxbozqiuohwlcfgridtxzqzwunnz/Build/Intermediates.noindex/LeavnCore.build/Debug-iphonesimulator/LeavnCore.build/DerivedSources-normal/arm64 -Xcc -I/Users/wsig/Library/Developer/Xcode/DerivedData/Leavn-gxbozqiuohwlcfgridtxzqzwunnz/Build/Intermediates.noindex/LeavnCore.build/Debug-iphonesimulator/LeavnCore.build/DerivedSources/arm64 -Xcc -I/Users/wsig/Library/Developer/Xcode/DerivedData/Leavn-gxbozqiuohwlcfgridtxzqzwunnz/Build/Intermediates.noindex/LeavnCore.build/Debug-iphonesimulator/LeavnCore.build/DerivedSources -Xcc -DSWIFT_PACKAGE -Xcc -DDEBUG\=1 -emit-objc-header -emit-objc-header-path /Users/wsig/Library/Developer/Xcode/DerivedData/Leavn-gxbozqiuohwlcfgridtxzqzwunnz/Build/Intermediates.noindex/LeavnCore.build/Debug-iphonesimulator/LeavnCore.build/Objects-normal/arm64/LeavnCore-Swift.h -working-directory /Users/wsig/GitHub\ Builds/LeavnOfficial/Leavn.xcodeproj -experimental-emit-module-separately -disable-cmo

SwiftCompile normal arm64 Compiling\ AnyCodable.swift /Users/wsig/GitHub\ Builds/LeavnOfficial/Core/LeavnCore/Sources/LeavnCore/AnyCodable.swift (in target 'LeavnCore' from project 'LeavnCore')

SwiftCompile normal arm64 /Users/wsig/GitHub\ Builds/LeavnOfficial/Core/LeavnCore/Sources/LeavnCore/AnyCodable.swift (in target 'LeavnCore' from project 'LeavnCore')
    cd /Users/wsig/GitHub\ Builds/LeavnOfficial/Leavn.xcodeproj
    

SwiftCompile normal arm64 Compiling\ AuthenticationTypes.swift /Users/wsig/GitHub\ Builds/LeavnOfficial/Core/LeavnCore/Sources/LeavnCore/AuthenticationTypes.swift (in target 'LeavnCore' from project 'LeavnCore')
SwiftCompile normal arm64 /Users/wsig/GitHub\ Builds/LeavnOfficial/Core/LeavnCore/Sources/LeavnCore/AuthenticationTypes.swift (in target 'LeavnCore' from project 'LeavnCore')
    cd /Users/wsig/GitHub\ Builds/LeavnOfficial/Leavn.xcodeproj
    
/Users/wsig/GitHub Builds/LeavnOfficial/Core/LeavnCore/Sources/LeavnCore/AuthenticationTypes.swift:38:24: error: 'User' is ambiguous for type lookup in this context
    public var asUser: User {
                       ^~~~
/Users/wsig/GitHub Builds/LeavnOfficial/Core/LeavnCore/Sources/LeavnCore/LeavnCore.swift:146:15: note: found this candidate
public struct User: Codable, Identifiable {
              ^
/Users/wsig/GitHub Builds/LeavnOfficial/Core/LeavnCore/Sources/LeavnCore/ServiceProtocols.swift:180:15: note: found this candidate
public struct User: Codable, Identifiable {
              ^
/Users/wsig/GitHub Builds/LeavnOfficial/Core/LeavnCore/Sources/LeavnCore/AuthenticationTypes.swift:351:9: error: invalid redeclaration of 'isValidEmail'
    var isValidEmail: Bool {
        ^
/Users/wsig/GitHub Builds/LeavnOfficial/Core/LeavnCore/Sources/LeavnCore/LeavnCore.swift:178:9: note: 'isValidEmail' previously declared here
    var isValidEmail: Bool {
        ^
/Users/wsig/GitHub Builds/LeavnOfficial/Core/LeavnCore/Sources/LeavnCore/LeavnCore.swift:178:9: note: 'isValidEmail' previously declared here
    var isValidEmail: Bool {
        ^

Failed frontend command:
/Applications/Xcode-beta.app/Contents/Developer/Toolchains/XcodeDefault.xctoolchain/usr/bin/swift-frontend -frontend -c /Users/wsig/GitHub\ Builds/LeavnOfficial/Core/LeavnCore/Sources/LeavnCore/AnyCodable.swift /Users/wsig/GitHub\ Builds/LeavnOfficial/Core/LeavnCore/Sources/LeavnCore/AsyncChannel.swift -primary-file /Users/wsig/GitHub\ Builds/LeavnOfficial/Core/LeavnCore/Sources/LeavnCore/AuthenticationTypes.swift /Users/wsig/GitHub\ Builds/LeavnOfficial/Core/LeavnCore/Sources/LeavnCore/CommonTypes.swift /Users/wsig/GitHub\ Builds/LeavnOfficial/Core/LeavnCore/Sources/LeavnCore/Configuration.swift /Users/wsig/GitHub\ Builds/LeavnOfficial/Core/LeavnCore/Sources/LeavnCore/Coordinator.swift /Users/wsig/GitHub\ Builds/LeavnOfficial/Core/LeavnCore/Sources/LeavnCore/LeavnCore.swift /Users/wsig/GitHub\ Builds/LeavnOfficial/Core/LeavnCore/Sources/LeavnCore/LibraryTypes.swift /Users/wsig/GitHub\ Builds/LeavnOfficial/Core/LeavnCore/Sources/LeavnCore/ServiceProtocols.swift /Users/wsig/GitHub\ Builds/LeavnOfficial/Core/LeavnCore/Sources/LeavnCore/ViewModelProtocol.swift -emit-dependencies-path /Users/wsig/Library/Developer/Xcode/DerivedData/Leavn-gxbozqiuohwlcfgridtxzqzwunnz/Build/Intermediates.noindex/LeavnCore.build/Debug-iphonesimulator/LeavnCore.build/Objects-normal/arm64/AuthenticationTypes.d -emit-const-values-path /Users/wsig/Library/Developer/Xcode/DerivedData/Leavn-gxbozqiuohwlcfgridtxzqzwunnz/Build/Intermediates.noindex/LeavnCore.build/Debug-iphonesimulator/LeavnCore.build/Objects-normal/arm64/AuthenticationTypes.swiftconstvalues -emit-reference-dependencies-path /Users/wsig/Library/Developer/Xcode/DerivedData/Leavn-gxbozqiuohwlcfgridtxzqzwunnz/Build/Intermediates.noindex/LeavnCore.build/Debug-iphonesimulator/LeavnCore.build/Objects-normal/arm64/AuthenticationTypes.swiftdeps -serialize-diagnostics-path /Users/wsig/Library/Developer/Xcode/DerivedData/Leavn-gxbozqiuohwlcfgridtxzqzwunnz/Build/Intermediates.noindex/LeavnCore.build/Debug-iphonesimulator/LeavnCore.build/Objects-normal/arm64/AuthenticationTypes.dia -target arm64-apple-ios18.0-simulator -load-resolved-plugin /Applications/Xcode-beta.app/Contents/Developer/Platforms/iPhoneOS.platform/Developer/usr/lib/swift/host/plugins/libFoundationMacros.dylib\#/Applications/Xcode-beta.app/Contents/Developer/Platforms/iPhoneOS.platform/Developer/usr/bin/swift-plugin-server\#FoundationMacros -load-resolved-plugin /Applications/Xcode-beta.app/Contents/Developer/Platforms/iPhoneOS.platform/Developer/usr/lib/swift/host/plugins/libObservationMacros.dylib\#/Applications/Xcode-beta.app/Contents/Developer/Platforms/iPhoneOS.platform/Developer/usr/bin/swift-plugin-server\#ObservationMacros -load-resolved-plugin /Applications/Xcode-beta.app/Contents/Developer/Platforms/iPhoneOS.platform/Developer/usr/lib/swift/host/plugins/libPreviewsMacros.dylib\#/Applications/Xcode-beta.app/Contents/Developer/Platforms/iPhoneOS.platform/Developer/usr/bin/swift-plugin-server\#PreviewsMacros -load-resolved-plugin /Applications/Xcode-beta.app/Contents/Developer/Platforms/iPhoneOS.platform/Developer/usr/lib/swift/host/plugins/libSwiftMacros.dylib\#/Applications/Xcode-beta.app/Contents/Developer/Platforms/iPhoneOS.platform/Developer/usr/bin/swift-plugin-server\#SwiftMacros -load-resolved-plugin /Applications/Xcode-beta.app/Contents/Developer/Platforms/iPhoneOS.platform/Developer/usr/lib/swift/host/plugins/libSwiftUIMacros.dylib\#/Applications/Xcode-beta.app/Contents/Developer/Platforms/iPhoneOS.platform/Developer/usr/bin/swift-plugin-server\#SwiftUIMacros -disable-implicit-swift-modules -Xcc -fno-implicit-modules -Xcc -fno-implicit-module-maps -explicit-swift-module-map-file /Users/wsig/Library/Developer/Xcode/DerivedData/Leavn-gxbozqiuohwlcfgridtxzqzwunnz/Build/Intermediates.noindex/LeavnCore.build/Debug-iphonesimulator/LeavnCore.build/Objects-normal/arm64/LeavnCore-dependencies-1.json -Xllvm -aarch64-use-tbi -enable-objc-interop -sdk /Applications/Xcode-beta.app/Contents/Developer/Platforms/iPhoneSimulator.platform/Developer/SDKs/iPhoneSimulator26.0.sdk -I /Users/wsig/Library/Developer/Xcode/DerivedData/Leavn-gxbozqiuohwlcfgridtxzqzwunnz/Build/Products/Debug-iphonesimulator -Isystem /Applications/Xcode-beta.app/Contents/Developer/Platforms/iPhoneSimulator.platform/Developer/usr/lib -F /Users/wsig/Library/Developer/Xcode/DerivedData/Leavn-gxbozqiuohwlcfgridtxzqzwunnz/Build/Products/Debug-iphonesimulator -F /Applications/Xcode-beta.app/Contents/Developer/Platforms/iPhoneSimulator.platform/Developer/Library/Frameworks -F /Applications/Xcode-beta.app/Contents/Developer/Platforms/iPhoneSimulator.platform/Developer/SDKs/iPhoneSimulator26.0.sdk/Developer/Library/Frameworks -no-color-diagnostics -Xcc -fno-color-diagnostics -enable-testing -g -debug-info-format\=dwarf -dwarf-version\=5 -module-cache-path /Users/wsig/Library/Developer/Xcode/DerivedData/Leavn-gxbozqiuohwlcfgridtxzqzwunnz/Build/Intermediates.noindex/SwiftExplicitPrecompiledModules -profile-generate -profile-coverage-mapping -swift-version 6 -enforce-exclusivity\=checked -Onone -D SWIFT_PACKAGE -D DEBUG -D SWIFT_MODULE_RESOURCE_BUNDLE_UNAVAILABLE -D Xcode -serialize-debugging-options -const-gather-protocols-file /Users/wsig/Library/Developer/Xcode/DerivedData/Leavn-gxbozqiuohwlcfgridtxzqzwunnz/Build/Intermediates.noindex/LeavnCore.build/Debug-iphonesimulator/LeavnCore.build/Objects-normal/arm64/LeavnCore_const_extract_protocols.json -enable-experimental-feature DebugDescriptionMacro -empty-abi-descriptor -validate-clang-modules-once -clang-build-session-file /Users/wsig/Library/Developer/Xcode/DerivedData/ModuleCache.noindex/Session.modulevalidation -Xcc -working-directory -Xcc /Users/wsig/GitHub\ Builds/LeavnOfficial/Leavn.xcodeproj -enable-anonymous-context-mangled-names -file-compilation-dir /Users/wsig/GitHub\ Builds/LeavnOfficial/Leavn.xcodeproj -Xcc -D_LIBCPP_HARDENING_MODE\=_LIBCPP_HARDENING_MODE_DEBUG -Xcc -ivfsstatcache -Xcc /Users/wsig/Library/Developer/Xcode/DerivedData/SDKStatCaches.noindex/iphonesimulator26.0-23A5287e-fc862078e33f881139a9d2f83bd1a9d0.sdkstatcache -Xcc -I/Users/wsig/Library/Developer/Xcode/DerivedData/Leavn-gxbozqiuohwlcfgridtxzqzwunnz/Build/Intermediates.noindex/LeavnCore.build/Debug-iphonesimulator/LeavnCore.build/swift-overrides.hmap -Xcc -I/Users/wsig/Library/Developer/Xcode/DerivedData/Leavn-gxbozqiuohwlcfgridtxzqzwunnz/Build/Products/Debug-iphonesimulator/include -Xcc -I/Users/wsig/Library/Developer/Xcode/DerivedData/Leavn-gxbozqiuohwlcfgridtxzqzwunnz/Build/Intermediates.noindex/LeavnCore.build/Debug-iphonesimulator/LeavnCore.build/DerivedSources-normal/arm64 -Xcc -I/Users/wsig/Library/Developer/Xcode/DerivedData/Leavn-gxbozqiuohwlcfgridtxzqzwunnz/Build/Intermediates.noindex/LeavnCore.build/Debug-iphonesimulator/LeavnCore.build/DerivedSources/arm64 -Xcc -I/Users/wsig/Library/Developer/Xcode/DerivedData/Leavn-gxbozqiuohwlcfgridtxzqzwunnz/Build/Intermediates.noindex/LeavnCore.build/Debug-iphonesimulator/LeavnCore.build/DerivedSources -Xcc -DSWIFT_PACKAGE -Xcc -DDEBUG\=1 -no-auto-bridging-header-chaining -module-name LeavnCore -package-name leavncore -frontend-parseable-output -disable-clang-spi -target-sdk-version 26.0 -target-sdk-name iphonesimulator26.0 -clang-target arm64-apple-ios26.0-simulator -o /Users/wsig/Library/Developer/Xcode/DerivedData/Leavn-gxbozqiuohwlcfgridtxzqzwunnz/Build/Intermediates.noindex/LeavnCore.build/Debug-iphonesimulator/LeavnCore.build/Objects-normal/arm64/AuthenticationTypes.o -index-unit-output-path /LeavnCore.build/Debug-iphonesimulator/LeavnCore.build/Objects-normal/arm64/AuthenticationTypes.o -index-store-path /Users/wsig/Library/Developer/Xcode/DerivedData/Leavn-gxbozqiuohwlcfgridtxzqzwunnz/Index.noindex/DataStore -index-system-modules
SwiftCompile normal arm64 Compiling\ CommonTypes.swift /Users/wsig/GitHub\ Builds/LeavnOfficial/Core/LeavnCore/Sources/LeavnCore/CommonTypes.swift (in target 'LeavnCore' from project 'LeavnCore')
Failed frontend command:
/Applications/Xcode-beta.app/Contents/Developer/Toolchains/XcodeDefault.xctoolchain/usr/bin/swift-frontend -frontend -c /Users/wsig/GitHub\ Builds/LeavnOfficial/Core/LeavnCore/Sources/LeavnCore/AnyCodable.swift /Users/wsig/GitHub\ Builds/LeavnOfficial/Core/LeavnCore/Sources/LeavnCore/AsyncChannel.swift /Users/wsig/GitHub\ Builds/LeavnOfficial/Core/LeavnCore/Sources/LeavnCore/AuthenticationTypes.swift -primary-file /Users/wsig/GitHub\ Builds/LeavnOfficial/Core/LeavnCore/Sources/LeavnCore/CommonTypes.swift /Users/wsig/GitHub\ Builds/LeavnOfficial/Core/LeavnCore/Sources/LeavnCore/Configuration.swift /Users/wsig/GitHub\ Builds/LeavnOfficial/Core/LeavnCore/Sources/LeavnCore/Coordinator.swift /Users/wsig/GitHub\ Builds/LeavnOfficial/Core/LeavnCore/Sources/LeavnCore/LeavnCore.swift /Users/wsig/GitHub\ Builds/LeavnOfficial/Core/LeavnCore/Sources/LeavnCore/LibraryTypes.swift /Users/wsig/GitHub\ Builds/LeavnOfficial/Core/LeavnCore/Sources/LeavnCore/ServiceProtocols.swift /Users/wsig/GitHub\ Builds/LeavnOfficial/Core/LeavnCore/Sources/LeavnCore/ViewModelProtocol.swift -emit-dependencies-path /Users/wsig/Library/Developer/Xcode/DerivedData/Leavn-gxbozqiuohwlcfgridtxzqzwunnz/Build/Intermediates.noindex/LeavnCore.build/Debug-iphonesimulator/LeavnCore.build/Objects-normal/arm64/CommonTypes.d -emit-const-values-path /Users/wsig/Library/Developer/Xcode/DerivedData/Leavn-gxbozqiuohwlcfgridtxzqzwunnz/Build/Intermediates.noindex/LeavnCore.build/Debug-iphonesimulator/LeavnCore.build/Objects-normal/arm64/CommonTypes.swiftconstvalues -emit-reference-dependencies-path /Users/wsig/Library/Developer/Xcode/DerivedData/Leavn-gxbozqiuohwlcfgridtxzqzwunnz/Build/Intermediates.noindex/LeavnCore.build/Debug-iphonesimulator/LeavnCore.build/Objects-normal/arm64/CommonTypes.swiftdeps -serialize-diagnostics-path /Users/wsig/Library/Developer/Xcode/DerivedData/Leavn-gxbozqiuohwlcfgridtxzqzwunnz/Build/Intermediates.noindex/LeavnCore.build/Debug-iphonesimulator/LeavnCore.build/Objects-normal/arm64/CommonTypes.dia -target arm64-apple-ios18.0-simulator -load-resolved-plugin /Applications/Xcode-beta.app/Contents/Developer/Platforms/iPhoneOS.platform/Developer/usr/lib/swift/host/plugins/libFoundationMacros.dylib\#/Applications/Xcode-beta.app/Contents/Developer/Platforms/iPhoneOS.platform/Developer/usr/bin/swift-plugin-server\#FoundationMacros -load-resolved-plugin /Applications/Xcode-beta.app/Contents/Developer/Platforms/iPhoneOS.platform/Developer/usr/lib/swift/host/plugins/libObservationMacros.dylib\#/Applications/Xcode-beta.app/Contents/Developer/Platforms/iPhoneOS.platform/Developer/usr/bin/swift-plugin-server\#ObservationMacros -load-resolved-plugin /Applications/Xcode-beta.app/Contents/Developer/Platforms/iPhoneOS.platform/Developer/usr/lib/swift/host/plugins/libPreviewsMacros.dylib\#/Applications/Xcode-beta.app/Contents/Developer/Platforms/iPhoneOS.platform/Developer/usr/bin/swift-plugin-server\#PreviewsMacros -load-resolved-plugin /Applications/Xcode-beta.app/Contents/Developer/Platforms/iPhoneOS.platform/Developer/usr/lib/swift/host/plugins/libSwiftMacros.dylib\#/Applications/Xcode-beta.app/Contents/Developer/Platforms/iPhoneOS.platform/Developer/usr/bin/swift-plugin-server\#SwiftMacros -load-resolved-plugin /Applications/Xcode-beta.app/Contents/Developer/Platforms/iPhoneOS.platform/Developer/usr/lib/swift/host/plugins/libSwiftUIMacros.dylib\#/Applications/Xcode-beta.app/Contents/Developer/Platforms/iPhoneOS.platform/Developer/usr/bin/swift-plugin-server\#SwiftUIMacros -disable-implicit-swift-modules -Xcc -fno-implicit-modules -Xcc -fno-implicit-module-maps -explicit-swift-module-map-file /Users/wsig/Library/Developer/Xcode/DerivedData/Leavn-gxbozqiuohwlcfgridtxzqzwunnz/Build/Intermediates.noindex/LeavnCore.build/Debug-iphonesimulator/LeavnCore.build/Objects-normal/arm64/LeavnCore-dependencies-1.json -Xllvm -aarch64-use-tbi -enable-objc-interop -sdk /Applications/Xcode-beta.app/Contents/Developer/Platforms/iPhoneSimulator.platform/Developer/SDKs/iPhoneSimulator26.0.sdk -I /Users/wsig/Library/Developer/Xcode/DerivedData/Leavn-gxbozqiuohwlcfgridtxzqzwunnz/Build/Products/Debug-iphonesimulator -Isystem /Applications/Xcode-beta.app/Contents/Developer/Platforms/iPhoneSimulator.platform/Developer/usr/lib -F /Users/wsig/Library/Developer/Xcode/DerivedData/Leavn-gxbozqiuohwlcfgridtxzqzwunnz/Build/Products/Debug-iphonesimulator -F /Applications/Xcode-beta.app/Contents/Developer/Platforms/iPhoneSimulator.platform/Developer/Library/Frameworks -F /Applications/Xcode-beta.app/Contents/Developer/Platforms/iPhoneSimulator.platform/Developer/SDKs/iPhoneSimulator26.0.sdk/Developer/Library/Frameworks -no-color-diagnostics -Xcc -fno-color-diagnostics -enable-testing -g -debug-info-format\=dwarf -dwarf-version\=5 -module-cache-path /Users/wsig/Library/Developer/Xcode/DerivedData/Leavn-gxbozqiuohwlcfgridtxzqzwunnz/Build/Intermediates.noindex/SwiftExplicitPrecompiledModules -profile-generate -profile-coverage-mapping -swift-version 6 -enforce-exclusivity\=checked -Onone -D SWIFT_PACKAGE -D DEBUG -D SWIFT_MODULE_RESOURCE_BUNDLE_UNAVAILABLE -D Xcode -serialize-debugging-options -const-gather-protocols-file /Users/wsig/Library/Developer/Xcode/DerivedData/Leavn-gxbozqiuohwlcfgridtxzqzwunnz/Build/Intermediates.noindex/LeavnCore.build/Debug-iphonesimulator/LeavnCore.build/Objects-normal/arm64/LeavnCore_const_extract_protocols.json -enable-experimental-feature DebugDescriptionMacro -empty-abi-descriptor -validate-clang-modules-once -clang-build-session-file /Users/wsig/Library/Developer/Xcode/DerivedData/ModuleCache.noindex/Session.modulevalidation -Xcc -working-directory -Xcc /Users/wsig/GitHub\ Builds/LeavnOfficial/Leavn.xcodeproj -enable-anonymous-context-mangled-names -file-compilation-dir /Users/wsig/GitHub\ Builds/LeavnOfficial/Leavn.xcodeproj -Xcc -D_LIBCPP_HARDENING_MODE\=_LIBCPP_HARDENING_MODE_DEBUG -Xcc -ivfsstatcache -Xcc /Users/wsig/Library/Developer/Xcode/DerivedData/SDKStatCaches.noindex/iphonesimulator26.0-23A5287e-fc862078e33f881139a9d2f83bd1a9d0.sdkstatcache -Xcc -I/Users/wsig/Library/Developer/Xcode/DerivedData/Leavn-gxbozqiuohwlcfgridtxzqzwunnz/Build/Intermediates.noindex/LeavnCore.build/Debug-iphonesimulator/LeavnCore.build/swift-overrides.hmap -Xcc -I/Users/wsig/Library/Developer/Xcode/DerivedData/Leavn-gxbozqiuohwlcfgridtxzqzwunnz/Build/Products/Debug-iphonesimulator/include -Xcc -I/Users/wsig/Library/Developer/Xcode/DerivedData/Leavn-gxbozqiuohwlcfgridtxzqzwunnz/Build/Intermediates.noindex/LeavnCore.build/Debug-iphonesimulator/LeavnCore.build/DerivedSources-normal/arm64 -Xcc -I/Users/wsig/Library/Developer/Xcode/DerivedData/Leavn-gxbozqiuohwlcfgridtxzqzwunnz/Build/Intermediates.noindex/LeavnCore.build/Debug-iphonesimulator/LeavnCore.build/DerivedSources/arm64 -Xcc -I/Users/wsig/Library/Developer/Xcode/DerivedData/Leavn-gxbozqiuohwlcfgridtxzqzwunnz/Build/Intermediates.noindex/LeavnCore.build/Debug-iphonesimulator/LeavnCore.build/DerivedSources -Xcc -DSWIFT_PACKAGE -Xcc -DDEBUG\=1 -no-auto-bridging-header-chaining -module-name LeavnCore -package-name leavncore -frontend-parseable-output -disable-clang-spi -target-sdk-version 26.0 -target-sdk-name iphonesimulator26.0 -clang-target arm64-apple-ios26.0-simulator -o /Users/wsig/Library/Developer/Xcode/DerivedData/Leavn-gxbozqiuohwlcfgridtxzqzwunnz/Build/Intermediates.noindex/LeavnCore.build/Debug-iphonesimulator/LeavnCore.build/Objects-normal/arm64/CommonTypes.o -index-unit-output-path /LeavnCore.build/Debug-iphonesimulator/LeavnCore.build/Objects-normal/arm64/CommonTypes.o -index-store-path /Users/wsig/Library/Developer/Xcode/DerivedData/Leavn-gxbozqiuohwlcfgridtxzqzwunnz/Index.noindex/DataStore -index-system-modules

SwiftCompile normal arm64 /Users/wsig/GitHub\ Builds/LeavnOfficial/Core/LeavnCore/Sources/LeavnCore/CommonTypes.swift (in target 'LeavnCore' from project 'LeavnCore')
    cd /Users/wsig/GitHub\ Builds/LeavnOfficial/Leavn.xcodeproj
    
/Users/wsig/GitHub Builds/LeavnOfficial/Core/LeavnCore/Sources/LeavnCore/CommonTypes.swift:4:15: error: invalid redeclaration of 'DateRange'
public struct DateRange: Codable {
              ^
/Users/wsig/GitHub Builds/LeavnOfficial/Core/LeavnCore/Sources/LeavnCore/ServiceProtocols.swift:280:15: note: 'DateRange' previously declared here
public struct DateRange {
              ^
/Users/wsig/GitHub Builds/LeavnOfficial/Core/LeavnCore/Sources/LeavnCore/ServiceProtocols.swift:280:15: note: 'DateRange' previously declared here
public struct DateRange {
              ^

SwiftCompile normal arm64 Compiling\ Configuration.swift /Users/wsig/GitHub\ Builds/LeavnOfficial/Core/LeavnCore/Sources/LeavnCore/Configuration.swift (in target 'LeavnCore' from project 'LeavnCore')
Failed frontend command:
/Applications/Xcode-beta.app/Contents/Developer/Toolchains/XcodeDefault.xctoolchain/usr/bin/swift-frontend -frontend -c /Users/wsig/GitHub\ Builds/LeavnOfficial/Core/LeavnCore/Sources/LeavnCore/AnyCodable.swift /Users/wsig/GitHub\ Builds/LeavnOfficial/Core/LeavnCore/Sources/LeavnCore/AsyncChannel.swift /Users/wsig/GitHub\ Builds/LeavnOfficial/Core/LeavnCore/Sources/LeavnCore/AuthenticationTypes.swift /Users/wsig/GitHub\ Builds/LeavnOfficial/Core/LeavnCore/Sources/LeavnCore/CommonTypes.swift -primary-file /Users/wsig/GitHub\ Builds/LeavnOfficial/Core/LeavnCore/Sources/LeavnCore/Configuration.swift /Users/wsig/GitHub\ Builds/LeavnOfficial/Core/LeavnCore/Sources/LeavnCore/Coordinator.swift /Users/wsig/GitHub\ Builds/LeavnOfficial/Core/LeavnCore/Sources/LeavnCore/LeavnCore.swift /Users/wsig/GitHub\ Builds/LeavnOfficial/Core/LeavnCore/Sources/LeavnCore/LibraryTypes.swift /Users/wsig/GitHub\ Builds/LeavnOfficial/Core/LeavnCore/Sources/LeavnCore/ServiceProtocols.swift /Users/wsig/GitHub\ Builds/LeavnOfficial/Core/LeavnCore/Sources/LeavnCore/ViewModelProtocol.swift -emit-dependencies-path /Users/wsig/Library/Developer/Xcode/DerivedData/Leavn-gxbozqiuohwlcfgridtxzqzwunnz/Build/Intermediates.noindex/LeavnCore.build/Debug-iphonesimulator/LeavnCore.build/Objects-normal/arm64/Configuration.d -emit-const-values-path /Users/wsig/Library/Developer/Xcode/DerivedData/Leavn-gxbozqiuohwlcfgridtxzqzwunnz/Build/Intermediates.noindex/LeavnCore.build/Debug-iphonesimulator/LeavnCore.build/Objects-normal/arm64/Configuration.swiftconstvalues -emit-reference-dependencies-path /Users/wsig/Library/Developer/Xcode/DerivedData/Leavn-gxbozqiuohwlcfgridtxzqzwunnz/Build/Intermediates.noindex/LeavnCore.build/Debug-iphonesimulator/LeavnCore.build/Objects-normal/arm64/Configuration.swiftdeps -serialize-diagnostics-path /Users/wsig/Library/Developer/Xcode/DerivedData/Leavn-gxbozqiuohwlcfgridtxzqzwunnz/Build/Intermediates.noindex/LeavnCore.build/Debug-iphonesimulator/LeavnCore.build/Objects-normal/arm64/Configuration.dia -target arm64-apple-ios18.0-simulator -load-resolved-plugin /Applications/Xcode-beta.app/Contents/Developer/Platforms/iPhoneOS.platform/Developer/usr/lib/swift/host/plugins/libFoundationMacros.dylib\#/Applications/Xcode-beta.app/Contents/Developer/Platforms/iPhoneOS.platform/Developer/usr/bin/swift-plugin-server\#FoundationMacros -load-resolved-plugin /Applications/Xcode-beta.app/Contents/Developer/Platforms/iPhoneOS.platform/Developer/usr/lib/swift/host/plugins/libObservationMacros.dylib\#/Applications/Xcode-beta.app/Contents/Developer/Platforms/iPhoneOS.platform/Developer/usr/bin/swift-plugin-server\#ObservationMacros -load-resolved-plugin /Applications/Xcode-beta.app/Contents/Developer/Platforms/iPhoneOS.platform/Developer/usr/lib/swift/host/plugins/libPreviewsMacros.dylib\#/Applications/Xcode-beta.app/Contents/Developer/Platforms/iPhoneOS.platform/Developer/usr/bin/swift-plugin-server\#PreviewsMacros -load-resolved-plugin /Applications/Xcode-beta.app/Contents/Developer/Platforms/iPhoneOS.platform/Developer/usr/lib/swift/host/plugins/libSwiftMacros.dylib\#/Applications/Xcode-beta.app/Contents/Developer/Platforms/iPhoneOS.platform/Developer/usr/bin/swift-plugin-server\#SwiftMacros -load-resolved-plugin /Applications/Xcode-beta.app/Contents/Developer/Platforms/iPhoneOS.platform/Developer/usr/lib/swift/host/plugins/libSwiftUIMacros.dylib\#/Applications/Xcode-beta.app/Contents/Developer/Platforms/iPhoneOS.platform/Developer/usr/bin/swift-plugin-server\#SwiftUIMacros -disable-implicit-swift-modules -Xcc -fno-implicit-modules -Xcc -fno-implicit-module-maps -explicit-swift-module-map-file /Users/wsig/Library/Developer/Xcode/DerivedData/Leavn-gxbozqiuohwlcfgridtxzqzwunnz/Build/Intermediates.noindex/LeavnCore.build/Debug-iphonesimulator/LeavnCore.build/Objects-normal/arm64/LeavnCore-dependencies-1.json -Xllvm -aarch64-use-tbi -enable-objc-interop -sdk /Applications/Xcode-beta.app/Contents/Developer/Platforms/iPhoneSimulator.platform/Developer/SDKs/iPhoneSimulator26.0.sdk -I /Users/wsig/Library/Developer/Xcode/DerivedData/Leavn-gxbozqiuohwlcfgridtxzqzwunnz/Build/Products/Debug-iphonesimulator -Isystem /Applications/Xcode-beta.app/Contents/Developer/Platforms/iPhoneSimulator.platform/Developer/usr/lib -F /Users/wsig/Library/Developer/Xcode/DerivedData/Leavn-gxbozqiuohwlcfgridtxzqzwunnz/Build/Products/Debug-iphonesimulator -F /Applications/Xcode-beta.app/Contents/Developer/Platforms/iPhoneSimulator.platform/Developer/Library/Frameworks -F /Applications/Xcode-beta.app/Contents/Developer/Platforms/iPhoneSimulator.platform/Developer/SDKs/iPhoneSimulator26.0.sdk/Developer/Library/Frameworks -no-color-diagnostics -Xcc -fno-color-diagnostics -enable-testing -g -debug-info-format\=dwarf -dwarf-version\=5 -module-cache-path /Users/wsig/Library/Developer/Xcode/DerivedData/Leavn-gxbozqiuohwlcfgridtxzqzwunnz/Build/Intermediates.noindex/SwiftExplicitPrecompiledModules -profile-generate -profile-coverage-mapping -swift-version 6 -enforce-exclusivity\=checked -Onone -D SWIFT_PACKAGE -D DEBUG -D SWIFT_MODULE_RESOURCE_BUNDLE_UNAVAILABLE -D Xcode -serialize-debugging-options -const-gather-protocols-file /Users/wsig/Library/Developer/Xcode/DerivedData/Leavn-gxbozqiuohwlcfgridtxzqzwunnz/Build/Intermediates.noindex/LeavnCore.build/Debug-iphonesimulator/LeavnCore.build/Objects-normal/arm64/LeavnCore_const_extract_protocols.json -enable-experimental-feature DebugDescriptionMacro -empty-abi-descriptor -validate-clang-modules-once -clang-build-session-file /Users/wsig/Library/Developer/Xcode/DerivedData/ModuleCache.noindex/Session.modulevalidation -Xcc -working-directory -Xcc /Users/wsig/GitHub\ Builds/LeavnOfficial/Leavn.xcodeproj -enable-anonymous-context-mangled-names -file-compilation-dir /Users/wsig/GitHub\ Builds/LeavnOfficial/Leavn.xcodeproj -Xcc -D_LIBCPP_HARDENING_MODE\=_LIBCPP_HARDENING_MODE_DEBUG -Xcc -ivfsstatcache -Xcc /Users/wsig/Library/Developer/Xcode/DerivedData/SDKStatCaches.noindex/iphonesimulator26.0-23A5287e-fc862078e33f881139a9d2f83bd1a9d0.sdkstatcache -Xcc -I/Users/wsig/Library/Developer/Xcode/DerivedData/Leavn-gxbozqiuohwlcfgridtxzqzwunnz/Build/Intermediates.noindex/LeavnCore.build/Debug-iphonesimulator/LeavnCore.build/swift-overrides.hmap -Xcc -I/Users/wsig/Library/Developer/Xcode/DerivedData/Leavn-gxbozqiuohwlcfgridtxzqzwunnz/Build/Products/Debug-iphonesimulator/include -Xcc -I/Users/wsig/Library/Developer/Xcode/DerivedData/Leavn-gxbozqiuohwlcfgridtxzqzwunnz/Build/Intermediates.noindex/LeavnCore.build/Debug-iphonesimulator/LeavnCore.build/DerivedSources-normal/arm64 -Xcc -I/Users/wsig/Library/Developer/Xcode/DerivedData/Leavn-gxbozqiuohwlcfgridtxzqzwunnz/Build/Intermediates.noindex/LeavnCore.build/Debug-iphonesimulator/LeavnCore.build/DerivedSources/arm64 -Xcc -I/Users/wsig/Library/Developer/Xcode/DerivedData/Leavn-gxbozqiuohwlcfgridtxzqzwunnz/Build/Intermediates.noindex/LeavnCore.build/Debug-iphonesimulator/LeavnCore.build/DerivedSources -Xcc -DSWIFT_PACKAGE -Xcc -DDEBUG\=1 -no-auto-bridging-header-chaining -module-name LeavnCore -package-name leavncore -frontend-parseable-output -disable-clang-spi -target-sdk-version 26.0 -target-sdk-name iphonesimulator26.0 -clang-target arm64-apple-ios26.0-simulator -o /Users/wsig/Library/Developer/Xcode/DerivedData/Leavn-gxbozqiuohwlcfgridtxzqzwunnz/Build/Intermediates.noindex/LeavnCore.build/Debug-iphonesimulator/LeavnCore.build/Objects-normal/arm64/Configuration.o -index-unit-output-path /LeavnCore.build/Debug-iphonesimulator/LeavnCore.build/Objects-normal/arm64/Configuration.o -index-store-path /Users/wsig/Library/Developer/Xcode/DerivedData/Leavn-gxbozqiuohwlcfgridtxzqzwunnz/Index.noindex/DataStore -index-system-modules

SwiftCompile normal arm64 /Users/wsig/GitHub\ Builds/LeavnOfficial/Core/LeavnCore/Sources/LeavnCore/Configuration.swift (in target 'LeavnCore' from project 'LeavnCore')
    cd /Users/wsig/GitHub\ Builds/LeavnOfficial/Leavn.xcodeproj
    
/Users/wsig/GitHub Builds/LeavnOfficial/Core/LeavnCore/Sources/LeavnCore/Configuration.swift:4:15: error: invalid redeclaration of 'LeavnConfiguration'
public struct LeavnConfiguration {
              ^
/Users/wsig/GitHub Builds/LeavnOfficial/Core/LeavnCore/Sources/LeavnCore/LeavnCore.swift:4:15: note: 'LeavnConfiguration' previously declared here
public struct LeavnConfiguration: Sendable {
              ^
/Users/wsig/GitHub Builds/LeavnOfficial/Core/LeavnCore/Sources/LeavnCore/LeavnCore.swift:4:15: note: 'LeavnConfiguration' previously declared here
public struct LeavnConfiguration: Sendable {
              ^
/Users/wsig/GitHub Builds/LeavnOfficial/Core/LeavnCore/Sources/LeavnCore/Configuration.swift:90:23: error: static property 'default' is not concurrency-safe because non-'Sendable' type 'FeatureFlags' may have shared mutable state
    public static let `default` = FeatureFlags()
                      ^
/Users/wsig/GitHub Builds/LeavnOfficial/Core/LeavnCore/Sources/LeavnCore/Configuration.swift:63:15: note: consider making struct 'FeatureFlags' conform to the 'Sendable' protocol
public struct FeatureFlags {
              ^
                           : Sendable
/Users/wsig/GitHub Builds/LeavnOfficial/Core/LeavnCore/Sources/LeavnCore/Configuration.swift:90:23: note: add '@MainActor' to make static property 'default' part of global actor 'MainActor'
    public static let `default` = FeatureFlags()
                      ^
    @MainActor 
/Users/wsig/GitHub Builds/LeavnOfficial/Core/LeavnCore/Sources/LeavnCore/Configuration.swift:90:23: note: disable concurrency-safety checks if accesses are protected by an external synchronization mechanism
    public static let `default` = FeatureFlags()
                      ^
    nonisolated(unsafe) 
/Users/wsig/GitHub Builds/LeavnOfficial/Core/LeavnCore/Sources/LeavnCore/Configuration.swift:94:18: error: 'LeavnConfiguration' is ambiguous for type lookup in this context
public extension LeavnConfiguration {
                 ^~~~~~~~~~~~~~~~~~
/Users/wsig/GitHub Builds/LeavnOfficial/Core/LeavnCore/Sources/LeavnCore/Configuration.swift:4:15: note: found this candidate
public struct LeavnConfiguration {
              ^
/Users/wsig/GitHub Builds/LeavnOfficial/Core/LeavnCore/Sources/LeavnCore/LeavnCore.swift:4:15: note: found this candidate
public struct LeavnConfiguration: Sendable {
              ^
/Users/wsig/GitHub Builds/LeavnOfficial/Core/LeavnCore/Sources/LeavnCore/Configuration.swift:138:16: error: invalid redeclaration of 'default'
    static let `default` = CacheConfiguration(
               ^
/Users/wsig/GitHub Builds/LeavnOfficial/Core/LeavnCore/Sources/LeavnCore/LeavnCore.swift:70:23: note: 'default' previously declared here
    public static let `default` = CacheConfiguration(
                      ^
/Users/wsig/GitHub Builds/LeavnOfficial/Core/LeavnCore/Sources/LeavnCore/LeavnCore.swift:70:23: note: 'default' previously declared here
    public static let `default` = CacheConfiguration(
                      ^
/Users/wsig/GitHub Builds/LeavnOfficial/Core/LeavnCore/Sources/LeavnCore/Configuration.swift:96:29: error: 'LeavnConfiguration' is ambiguous for type lookup in this context
    static var development: LeavnConfiguration {
                            ^~~~~~~~~~~~~~~~~~
/Users/wsig/GitHub Builds/LeavnOfficial/Core/LeavnCore/Sources/LeavnCore/Configuration.swift:4:15: note: found this candidate
public struct LeavnConfiguration {
              ^
/Users/wsig/GitHub Builds/LeavnOfficial/Core/LeavnCore/Sources/LeavnCore/LeavnCore.swift:4:15: note: found this candidate
public struct LeavnConfiguration: Sendable {
              ^
/Users/wsig/GitHub Builds/LeavnOfficial/Core/LeavnCore/Sources/LeavnCore/Configuration.swift:108:25: error: 'LeavnConfiguration' is ambiguous for type lookup in this context
    static var staging: LeavnConfiguration {
                        ^~~~~~~~~~~~~~~~~~
/Users/wsig/GitHub Builds/LeavnOfficial/Core/LeavnCore/Sources/LeavnCore/Configuration.swift:4:15: note: found this candidate
public struct LeavnConfiguration {
              ^
/Users/wsig/GitHub Builds/LeavnOfficial/Core/LeavnCore/Sources/LeavnCore/LeavnCore.swift:4:15: note: found this candidate
public struct LeavnConfiguration: Sendable {
              ^
/Users/wsig/GitHub Builds/LeavnOfficial/Core/LeavnCore/Sources/LeavnCore/Configuration.swift:120:28: error: 'LeavnConfiguration' is ambiguous for type lookup in this context
    static var production: LeavnConfiguration {
                           ^~~~~~~~~~~~~~~~~~
/Users/wsig/GitHub Builds/LeavnOfficial/Core/LeavnCore/Sources/LeavnCore/Configuration.swift:4:15: note: found this candidate
public struct LeavnConfiguration {
              ^
/Users/wsig/GitHub Builds/LeavnOfficial/Core/LeavnCore/Sources/LeavnCore/LeavnCore.swift:4:15: note: found this candidate
public struct LeavnConfiguration: Sendable {
              ^

SwiftCompile normal arm64 Compiling\ LibraryTypes.swift /Users/wsig/GitHub\ Builds/LeavnOfficial/Core/LeavnCore/Sources/LeavnCore/LibraryTypes.swift (in target 'LeavnCore' from project 'LeavnCore')
Failed frontend command:
/Applications/Xcode-beta.app/Contents/Developer/Toolchains/XcodeDefault.xctoolchain/usr/bin/swift-frontend -frontend -c /Users/wsig/GitHub\ Builds/LeavnOfficial/Core/LeavnCore/Sources/LeavnCore/AnyCodable.swift /Users/wsig/GitHub\ Builds/LeavnOfficial/Core/LeavnCore/Sources/LeavnCore/AsyncChannel.swift /Users/wsig/GitHub\ Builds/LeavnOfficial/Core/LeavnCore/Sources/LeavnCore/AuthenticationTypes.swift /Users/wsig/GitHub\ Builds/LeavnOfficial/Core/LeavnCore/Sources/LeavnCore/CommonTypes.swift /Users/wsig/GitHub\ Builds/LeavnOfficial/Core/LeavnCore/Sources/LeavnCore/Configuration.swift /Users/wsig/GitHub\ Builds/LeavnOfficial/Core/LeavnCore/Sources/LeavnCore/Coordinator.swift /Users/wsig/GitHub\ Builds/LeavnOfficial/Core/LeavnCore/Sources/LeavnCore/LeavnCore.swift -primary-file /Users/wsig/GitHub\ Builds/LeavnOfficial/Core/LeavnCore/Sources/LeavnCore/LibraryTypes.swift /Users/wsig/GitHub\ Builds/LeavnOfficial/Core/LeavnCore/Sources/LeavnCore/ServiceProtocols.swift /Users/wsig/GitHub\ Builds/LeavnOfficial/Core/LeavnCore/Sources/LeavnCore/ViewModelProtocol.swift -emit-dependencies-path /Users/wsig/Library/Developer/Xcode/DerivedData/Leavn-gxbozqiuohwlcfgridtxzqzwunnz/Build/Intermediates.noindex/LeavnCore.build/Debug-iphonesimulator/LeavnCore.build/Objects-normal/arm64/LibraryTypes.d -emit-const-values-path /Users/wsig/Library/Developer/Xcode/DerivedData/Leavn-gxbozqiuohwlcfgridtxzqzwunnz/Build/Intermediates.noindex/LeavnCore.build/Debug-iphonesimulator/LeavnCore.build/Objects-normal/arm64/LibraryTypes.swiftconstvalues -emit-reference-dependencies-path /Users/wsig/Library/Developer/Xcode/DerivedData/Leavn-gxbozqiuohwlcfgridtxzqzwunnz/Build/Intermediates.noindex/LeavnCore.build/Debug-iphonesimulator/LeavnCore.build/Objects-normal/arm64/LibraryTypes.swiftdeps -serialize-diagnostics-path /Users/wsig/Library/Developer/Xcode/DerivedData/Leavn-gxbozqiuohwlcfgridtxzqzwunnz/Build/Intermediates.noindex/LeavnCore.build/Debug-iphonesimulator/LeavnCore.build/Objects-normal/arm64/LibraryTypes.dia -target arm64-apple-ios18.0-simulator -load-resolved-plugin /Applications/Xcode-beta.app/Contents/Developer/Platforms/iPhoneOS.platform/Developer/usr/lib/swift/host/plugins/libFoundationMacros.dylib\#/Applications/Xcode-beta.app/Contents/Developer/Platforms/iPhoneOS.platform/Developer/usr/bin/swift-plugin-server\#FoundationMacros -load-resolved-plugin /Applications/Xcode-beta.app/Contents/Developer/Platforms/iPhoneOS.platform/Developer/usr/lib/swift/host/plugins/libObservationMacros.dylib\#/Applications/Xcode-beta.app/Contents/Developer/Platforms/iPhoneOS.platform/Developer/usr/bin/swift-plugin-server\#ObservationMacros -load-resolved-plugin /Applications/Xcode-beta.app/Contents/Developer/Platforms/iPhoneOS.platform/Developer/usr/lib/swift/host/plugins/libPreviewsMacros.dylib\#/Applications/Xcode-beta.app/Contents/Developer/Platforms/iPhoneOS.platform/Developer/usr/bin/swift-plugin-server\#PreviewsMacros -load-resolved-plugin /Applications/Xcode-beta.app/Contents/Developer/Platforms/iPhoneOS.platform/Developer/usr/lib/swift/host/plugins/libSwiftMacros.dylib\#/Applications/Xcode-beta.app/Contents/Developer/Platforms/iPhoneOS.platform/Developer/usr/bin/swift-plugin-server\#SwiftMacros -load-resolved-plugin /Applications/Xcode-beta.app/Contents/Developer/Platforms/iPhoneOS.platform/Developer/usr/lib/swift/host/plugins/libSwiftUIMacros.dylib\#/Applications/Xcode-beta.app/Contents/Developer/Platforms/iPhoneOS.platform/Developer/usr/bin/swift-plugin-server\#SwiftUIMacros -disable-implicit-swift-modules -Xcc -fno-implicit-modules -Xcc -fno-implicit-module-maps -explicit-swift-module-map-file /Users/wsig/Library/Developer/Xcode/DerivedData/Leavn-gxbozqiuohwlcfgridtxzqzwunnz/Build/Intermediates.noindex/LeavnCore.build/Debug-iphonesimulator/LeavnCore.build/Objects-normal/arm64/LeavnCore-dependencies-1.json -Xllvm -aarch64-use-tbi -enable-objc-interop -sdk /Applications/Xcode-beta.app/Contents/Developer/Platforms/iPhoneSimulator.platform/Developer/SDKs/iPhoneSimulator26.0.sdk -I /Users/wsig/Library/Developer/Xcode/DerivedData/Leavn-gxbozqiuohwlcfgridtxzqzwunnz/Build/Products/Debug-iphonesimulator -Isystem /Applications/Xcode-beta.app/Contents/Developer/Platforms/iPhoneSimulator.platform/Developer/usr/lib -F /Users/wsig/Library/Developer/Xcode/DerivedData/Leavn-gxbozqiuohwlcfgridtxzqzwunnz/Build/Products/Debug-iphonesimulator -F /Applications/Xcode-beta.app/Contents/Developer/Platforms/iPhoneSimulator.platform/Developer/Library/Frameworks -F /Applications/Xcode-beta.app/Contents/Developer/Platforms/iPhoneSimulator.platform/Developer/SDKs/iPhoneSimulator26.0.sdk/Developer/Library/Frameworks -no-color-diagnostics -Xcc -fno-color-diagnostics -enable-testing -g -debug-info-format\=dwarf -dwarf-version\=5 -module-cache-path /Users/wsig/Library/Developer/Xcode/DerivedData/Leavn-gxbozqiuohwlcfgridtxzqzwunnz/Build/Intermediates.noindex/SwiftExplicitPrecompiledModules -profile-generate -profile-coverage-mapping -swift-version 6 -enforce-exclusivity\=checked -Onone -D SWIFT_PACKAGE -D DEBUG -D SWIFT_MODULE_RESOURCE_BUNDLE_UNAVAILABLE -D Xcode -serialize-debugging-options -const-gather-protocols-file /Users/wsig/Library/Developer/Xcode/DerivedData/Leavn-gxbozqiuohwlcfgridtxzqzwunnz/Build/Intermediates.noindex/LeavnCore.build/Debug-iphonesimulator/LeavnCore.build/Objects-normal/arm64/LeavnCore_const_extract_protocols.json -enable-experimental-feature DebugDescriptionMacro -empty-abi-descriptor -validate-clang-modules-once -clang-build-session-file /Users/wsig/Library/Developer/Xcode/DerivedData/ModuleCache.noindex/Session.modulevalidation -Xcc -working-directory -Xcc /Users/wsig/GitHub\ Builds/LeavnOfficial/Leavn.xcodeproj -enable-anonymous-context-mangled-names -file-compilation-dir /Users/wsig/GitHub\ Builds/LeavnOfficial/Leavn.xcodeproj -Xcc -D_LIBCPP_HARDENING_MODE\=_LIBCPP_HARDENING_MODE_DEBUG -Xcc -ivfsstatcache -Xcc /Users/wsig/Library/Developer/Xcode/DerivedData/SDKStatCaches.noindex/iphonesimulator26.0-23A5287e-fc862078e33f881139a9d2f83bd1a9d0.sdkstatcache -Xcc -I/Users/wsig/Library/Developer/Xcode/DerivedData/Leavn-gxbozqiuohwlcfgridtxzqzwunnz/Build/Intermediates.noindex/LeavnCore.build/Debug-iphonesimulator/LeavnCore.build/swift-overrides.hmap -Xcc -I/Users/wsig/Library/Developer/Xcode/DerivedData/Leavn-gxbozqiuohwlcfgridtxzqzwunnz/Build/Products/Debug-iphonesimulator/include -Xcc -I/Users/wsig/Library/Developer/Xcode/DerivedData/Leavn-gxbozqiuohwlcfgridtxzqzwunnz/Build/Intermediates.noindex/LeavnCore.build/Debug-iphonesimulator/LeavnCore.build/DerivedSources-normal/arm64 -Xcc -I/Users/wsig/Library/Developer/Xcode/DerivedData/Leavn-gxbozqiuohwlcfgridtxzqzwunnz/Build/Intermediates.noindex/LeavnCore.build/Debug-iphonesimulator/LeavnCore.build/DerivedSources/arm64 -Xcc -I/Users/wsig/Library/Developer/Xcode/DerivedData/Leavn-gxbozqiuohwlcfgridtxzqzwunnz/Build/Intermediates.noindex/LeavnCore.build/Debug-iphonesimulator/LeavnCore.build/DerivedSources -Xcc -DSWIFT_PACKAGE -Xcc -DDEBUG\=1 -no-auto-bridging-header-chaining -module-name LeavnCore -package-name leavncore -frontend-parseable-output -disable-clang-spi -target-sdk-version 26.0 -target-sdk-name iphonesimulator26.0 -clang-target arm64-apple-ios26.0-simulator -o /Users/wsig/Library/Developer/Xcode/DerivedData/Leavn-gxbozqiuohwlcfgridtxzqzwunnz/Build/Intermediates.noindex/LeavnCore.build/Debug-iphonesimulator/LeavnCore.build/Objects-normal/arm64/LibraryTypes.o -index-unit-output-path /LeavnCore.build/Debug-iphonesimulator/LeavnCore.build/Objects-normal/arm64/LibraryTypes.o -index-store-path /Users/wsig/Library/Developer/Xcode/DerivedData/Leavn-gxbozqiuohwlcfgridtxzqzwunnz/Index.noindex/DataStore -index-system-modules

SwiftCompile normal arm64 /Users/wsig/GitHub\ Builds/LeavnOfficial/Core/LeavnCore/Sources/LeavnCore/LibraryTypes.swift (in target 'LeavnCore' from project 'LeavnCore')
    cd /Users/wsig/GitHub\ Builds/LeavnOfficial/Leavn.xcodeproj
    
/Users/wsig/GitHub Builds/LeavnOfficial/Core/LeavnCore/Sources/LeavnCore/LibraryTypes.swift:189:27: error: 'DateRange' is ambiguous for type lookup in this context
    public let dateRange: DateRange?
                          ^~~~~~~~~
/Users/wsig/GitHub Builds/LeavnOfficial/Core/LeavnCore/Sources/LeavnCore/CommonTypes.swift:4:15: note: found this candidate
public struct DateRange: Codable {
              ^
/Users/wsig/GitHub Builds/LeavnOfficial/Core/LeavnCore/Sources/LeavnCore/ServiceProtocols.swift:280:15: note: found this candidate
public struct DateRange {
              ^
/Users/wsig/GitHub Builds/LeavnOfficial/Core/LeavnCore/Sources/LeavnCore/LibraryTypes.swift:201:20: error: 'DateRange' is ambiguous for type lookup in this context
        dateRange: DateRange? = nil,
                   ^~~~~~~~~
/Users/wsig/GitHub Builds/LeavnOfficial/Core/LeavnCore/Sources/LeavnCore/CommonTypes.swift:4:15: note: found this candidate
public struct DateRange: Codable {
              ^
/Users/wsig/GitHub Builds/LeavnOfficial/Core/LeavnCore/Sources/LeavnCore/ServiceProtocols.swift:280:15: note: found this candidate
public struct DateRange {
              ^

SwiftCompile normal arm64 Compiling\ ViewModelProtocol.swift /Users/wsig/GitHub\ Builds/LeavnOfficial/Core/LeavnCore/Sources/LeavnCore/ViewModelProtocol.swift (in target 'LeavnCore' from project 'LeavnCore')

SwiftCompile normal arm64 /Users/wsig/GitHub\ Builds/LeavnOfficial/Core/LeavnCore/Sources/LeavnCore/ViewModelProtocol.swift (in target 'LeavnCore' from project 'LeavnCore')
    cd /Users/wsig/GitHub\ Builds/LeavnOfficial/Leavn.xcodeproj
    

SwiftCompile normal arm64 Compiling\ ServiceProtocols.swift /Users/wsig/GitHub\ Builds/LeavnOfficial/Core/LeavnCore/Sources/LeavnCore/ServiceProtocols.swift (in target 'LeavnCore' from project 'LeavnCore')
Failed frontend command:
/Applications/Xcode-beta.app/Contents/Developer/Toolchains/XcodeDefault.xctoolchain/usr/bin/swift-frontend -frontend -c /Users/wsig/GitHub\ Builds/LeavnOfficial/Core/LeavnCore/Sources/LeavnCore/AnyCodable.swift /Users/wsig/GitHub\ Builds/LeavnOfficial/Core/LeavnCore/Sources/LeavnCore/AsyncChannel.swift /Users/wsig/GitHub\ Builds/LeavnOfficial/Core/LeavnCore/Sources/LeavnCore/AuthenticationTypes.swift /Users/wsig/GitHub\ Builds/LeavnOfficial/Core/LeavnCore/Sources/LeavnCore/CommonTypes.swift /Users/wsig/GitHub\ Builds/LeavnOfficial/Core/LeavnCore/Sources/LeavnCore/Configuration.swift /Users/wsig/GitHub\ Builds/LeavnOfficial/Core/LeavnCore/Sources/LeavnCore/Coordinator.swift /Users/wsig/GitHub\ Builds/LeavnOfficial/Core/LeavnCore/Sources/LeavnCore/LeavnCore.swift /Users/wsig/GitHub\ Builds/LeavnOfficial/Core/LeavnCore/Sources/LeavnCore/LibraryTypes.swift -primary-file /Users/wsig/GitHub\ Builds/LeavnOfficial/Core/LeavnCore/Sources/LeavnCore/ServiceProtocols.swift /Users/wsig/GitHub\ Builds/LeavnOfficial/Core/LeavnCore/Sources/LeavnCore/ViewModelProtocol.swift -emit-dependencies-path /Users/wsig/Library/Developer/Xcode/DerivedData/Leavn-gxbozqiuohwlcfgridtxzqzwunnz/Build/Intermediates.noindex/LeavnCore.build/Debug-iphonesimulator/LeavnCore.build/Objects-normal/arm64/ServiceProtocols.d -emit-const-values-path /Users/wsig/Library/Developer/Xcode/DerivedData/Leavn-gxbozqiuohwlcfgridtxzqzwunnz/Build/Intermediates.noindex/LeavnCore.build/Debug-iphonesimulator/LeavnCore.build/Objects-normal/arm64/ServiceProtocols.swiftconstvalues -emit-reference-dependencies-path /Users/wsig/Library/Developer/Xcode/DerivedData/Leavn-gxbozqiuohwlcfgridtxzqzwunnz/Build/Intermediates.noindex/LeavnCore.build/Debug-iphonesimulator/LeavnCore.build/Objects-normal/arm64/ServiceProtocols.swiftdeps -serialize-diagnostics-path /Users/wsig/Library/Developer/Xcode/DerivedData/Leavn-gxbozqiuohwlcfgridtxzqzwunnz/Build/Intermediates.noindex/LeavnCore.build/Debug-iphonesimulator/LeavnCore.build/Objects-normal/arm64/ServiceProtocols.dia -target arm64-apple-ios18.0-simulator -load-resolved-plugin /Applications/Xcode-beta.app/Contents/Developer/Platforms/iPhoneOS.platform/Developer/usr/lib/swift/host/plugins/libFoundationMacros.dylib\#/Applications/Xcode-beta.app/Contents/Developer/Platforms/iPhoneOS.platform/Developer/usr/bin/swift-plugin-server\#FoundationMacros -load-resolved-plugin /Applications/Xcode-beta.app/Contents/Developer/Platforms/iPhoneOS.platform/Developer/usr/lib/swift/host/plugins/libObservationMacros.dylib\#/Applications/Xcode-beta.app/Contents/Developer/Platforms/iPhoneOS.platform/Developer/usr/bin/swift-plugin-server\#ObservationMacros -load-resolved-plugin /Applications/Xcode-beta.app/Contents/Developer/Platforms/iPhoneOS.platform/Developer/usr/lib/swift/host/plugins/libPreviewsMacros.dylib\#/Applications/Xcode-beta.app/Contents/Developer/Platforms/iPhoneOS.platform/Developer/usr/bin/swift-plugin-server\#PreviewsMacros -load-resolved-plugin /Applications/Xcode-beta.app/Contents/Developer/Platforms/iPhoneOS.platform/Developer/usr/lib/swift/host/plugins/libSwiftMacros.dylib\#/Applications/Xcode-beta.app/Contents/Developer/Platforms/iPhoneOS.platform/Developer/usr/bin/swift-plugin-server\#SwiftMacros -load-resolved-plugin /Applications/Xcode-beta.app/Contents/Developer/Platforms/iPhoneOS.platform/Developer/usr/lib/swift/host/plugins/libSwiftUIMacros.dylib\#/Applications/Xcode-beta.app/Contents/Developer/Platforms/iPhoneOS.platform/Developer/usr/bin/swift-plugin-server\#SwiftUIMacros -disable-implicit-swift-modules -Xcc -fno-implicit-modules -Xcc -fno-implicit-module-maps -explicit-swift-module-map-file /Users/wsig/Library/Developer/Xcode/DerivedData/Leavn-gxbozqiuohwlcfgridtxzqzwunnz/Build/Intermediates.noindex/LeavnCore.build/Debug-iphonesimulator/LeavnCore.build/Objects-normal/arm64/LeavnCore-dependencies-1.json -Xllvm -aarch64-use-tbi -enable-objc-interop -sdk /Applications/Xcode-beta.app/Contents/Developer/Platforms/iPhoneSimulator.platform/Developer/SDKs/iPhoneSimulator26.0.sdk -I /Users/wsig/Library/Developer/Xcode/DerivedData/Leavn-gxbozqiuohwlcfgridtxzqzwunnz/Build/Products/Debug-iphonesimulator -Isystem /Applications/Xcode-beta.app/Contents/Developer/Platforms/iPhoneSimulator.platform/Developer/usr/lib -F /Users/wsig/Library/Developer/Xcode/DerivedData/Leavn-gxbozqiuohwlcfgridtxzqzwunnz/Build/Products/Debug-iphonesimulator -F /Applications/Xcode-beta.app/Contents/Developer/Platforms/iPhoneSimulator.platform/Developer/Library/Frameworks -F /Applications/Xcode-beta.app/Contents/Developer/Platforms/iPhoneSimulator.platform/Developer/SDKs/iPhoneSimulator26.0.sdk/Developer/Library/Frameworks -no-color-diagnostics -Xcc -fno-color-diagnostics -enable-testing -g -debug-info-format\=dwarf -dwarf-version\=5 -module-cache-path /Users/wsig/Library/Developer/Xcode/DerivedData/Leavn-gxbozqiuohwlcfgridtxzqzwunnz/Build/Intermediates.noindex/SwiftExplicitPrecompiledModules -profile-generate -profile-coverage-mapping -swift-version 6 -enforce-exclusivity\=checked -Onone -D SWIFT_PACKAGE -D DEBUG -D SWIFT_MODULE_RESOURCE_BUNDLE_UNAVAILABLE -D Xcode -serialize-debugging-options -const-gather-protocols-file /Users/wsig/Library/Developer/Xcode/DerivedData/Leavn-gxbozqiuohwlcfgridtxzqzwunnz/Build/Intermediates.noindex/LeavnCore.build/Debug-iphonesimulator/LeavnCore.build/Objects-normal/arm64/LeavnCore_const_extract_protocols.json -enable-experimental-feature DebugDescriptionMacro -empty-abi-descriptor -validate-clang-modules-once -clang-build-session-file /Users/wsig/Library/Developer/Xcode/DerivedData/ModuleCache.noindex/Session.modulevalidation -Xcc -working-directory -Xcc /Users/wsig/GitHub\ Builds/LeavnOfficial/Leavn.xcodeproj -enable-anonymous-context-mangled-names -file-compilation-dir /Users/wsig/GitHub\ Builds/LeavnOfficial/Leavn.xcodeproj -Xcc -D_LIBCPP_HARDENING_MODE\=_LIBCPP_HARDENING_MODE_DEBUG -Xcc -ivfsstatcache -Xcc /Users/wsig/Library/Developer/Xcode/DerivedData/SDKStatCaches.noindex/iphonesimulator26.0-23A5287e-fc862078e33f881139a9d2f83bd1a9d0.sdkstatcache -Xcc -I/Users/wsig/Library/Developer/Xcode/DerivedData/Leavn-gxbozqiuohwlcfgridtxzqzwunnz/Build/Intermediates.noindex/LeavnCore.build/Debug-iphonesimulator/LeavnCore.build/swift-overrides.hmap -Xcc -I/Users/wsig/Library/Developer/Xcode/DerivedData/Leavn-gxbozqiuohwlcfgridtxzqzwunnz/Build/Products/Debug-iphonesimulator/include -Xcc -I/Users/wsig/Library/Developer/Xcode/DerivedData/Leavn-gxbozqiuohwlcfgridtxzqzwunnz/Build/Intermediates.noindex/LeavnCore.build/Debug-iphonesimulator/LeavnCore.build/DerivedSources-normal/arm64 -Xcc -I/Users/wsig/Library/Developer/Xcode/DerivedData/Leavn-gxbozqiuohwlcfgridtxzqzwunnz/Build/Intermediates.noindex/LeavnCore.build/Debug-iphonesimulator/LeavnCore.build/DerivedSources/arm64 -Xcc -I/Users/wsig/Library/Developer/Xcode/DerivedData/Leavn-gxbozqiuohwlcfgridtxzqzwunnz/Build/Intermediates.noindex/LeavnCore.build/Debug-iphonesimulator/LeavnCore.build/DerivedSources -Xcc -DSWIFT_PACKAGE -Xcc -DDEBUG\=1 -no-auto-bridging-header-chaining -module-name LeavnCore -package-name leavncore -frontend-parseable-output -disable-clang-spi -target-sdk-version 26.0 -target-sdk-name iphonesimulator26.0 -clang-target arm64-apple-ios26.0-simulator -o /Users/wsig/Library/Developer/Xcode/DerivedData/Leavn-gxbozqiuohwlcfgridtxzqzwunnz/Build/Intermediates.noindex/LeavnCore.build/Debug-iphonesimulator/LeavnCore.build/Objects-normal/arm64/ServiceProtocols.o -index-unit-output-path /LeavnCore.build/Debug-iphonesimulator/LeavnCore.build/Objects-normal/arm64/ServiceProtocols.o -index-store-path /Users/wsig/Library/Developer/Xcode/DerivedData/Leavn-gxbozqiuohwlcfgridtxzqzwunnz/Index.noindex/DataStore -index-system-modules

SwiftCompile normal arm64 /Users/wsig/GitHub\ Builds/LeavnOfficial/Core/LeavnCore/Sources/LeavnCore/ServiceProtocols.swift (in target 'LeavnCore' from project 'LeavnCore')
    cd /Users/wsig/GitHub\ Builds/LeavnOfficial/Leavn.xcodeproj
    
/Users/wsig/GitHub Builds/LeavnOfficial/Core/LeavnCore/Sources/LeavnCore/ServiceProtocols.swift:126:40: error: cannot find type 'AppSettings' in scope
    func getSettings() async throws -> AppSettings
                                       ^~~~~~~~~~~
/Users/wsig/GitHub Builds/LeavnOfficial/Core/LeavnCore/Sources/LeavnCore/ServiceProtocols.swift:127:37: error: cannot find type 'AppSettings' in scope
    func updateSettings(_ settings: AppSettings) async throws
                                    ^~~~~~~~~~~
/Users/wsig/GitHub Builds/LeavnOfficial/Core/LeavnCore/Sources/LeavnCore/ServiceProtocols.swift:132:58: error: cannot find type 'SettingsChangeEvent' in scope
    func getSettingsHistory(limit: Int) async throws -> [SettingsChangeEvent]
                                                         ^~~~~~~~~~~~~~~~~~~
/Users/wsig/GitHub Builds/LeavnOfficial/Core/LeavnCore/Sources/LeavnCore/ServiceProtocols.swift:133:53: error: cannot find type 'SettingsBackup' in scope
    func createBackup(name: String) async throws -> SettingsBackup
                                                    ^~~~~~~~~~~~~~
/Users/wsig/GitHub Builds/LeavnOfficial/Core/LeavnCore/Sources/LeavnCore/ServiceProtocols.swift:134:40: error: cannot find type 'SettingsBackup' in scope
    func getBackups() async throws -> [SettingsBackup]
                                       ^~~~~~~~~~~~~~
/Users/wsig/GitHub Builds/LeavnOfficial/Core/LeavnCore/Sources/LeavnCore/ServiceProtocols.swift:135:34: error: cannot find type 'SettingsBackup' in scope
    func restoreBackup(_ backup: SettingsBackup) async throws
                                 ^~~~~~~~~~~~~~
/Users/wsig/GitHub Builds/LeavnOfficial/Core/LeavnCore/Sources/LeavnCore/ServiceProtocols.swift:151:43: error: cannot find type 'LifeSituation' in scope
    func getSituations() async throws -> [LifeSituation]
                                          ^~~~~~~~~~~~~
/Users/wsig/GitHub Builds/LeavnOfficial/Core/LeavnCore/Sources/LeavnCore/ServiceProtocols.swift:152:51: error: cannot find type 'LifeSituation' in scope
    func getSituation(id: String) async throws -> LifeSituation?
                                                  ^~~~~~~~~~~~~
/Users/wsig/GitHub Builds/LeavnOfficial/Core/LeavnCore/Sources/LeavnCore/ServiceProtocols.swift:180:15: error: invalid redeclaration of 'User'
public struct User: Codable, Identifiable {
              ^
/Users/wsig/GitHub Builds/LeavnOfficial/Core/LeavnCore/Sources/LeavnCore/LeavnCore.swift:146:15: note: 'User' previously declared here
public struct User: Codable, Identifiable {
              ^
/Users/wsig/GitHub Builds/LeavnOfficial/Core/LeavnCore/Sources/LeavnCore/LeavnCore.swift:146:15: note: 'User' previously declared here
public struct User: Codable, Identifiable {
              ^
/Users/wsig/GitHub Builds/LeavnOfficial/Core/LeavnCore/Sources/LeavnCore/ServiceProtocols.swift:280:15: error: invalid redeclaration of 'DateRange'
public struct DateRange {
              ^
/Users/wsig/GitHub Builds/LeavnOfficial/Core/LeavnCore/Sources/LeavnCore/CommonTypes.swift:4:15: note: 'DateRange' previously declared here
public struct DateRange: Codable {
              ^
/Users/wsig/GitHub Builds/LeavnOfficial/Core/LeavnCore/Sources/LeavnCore/CommonTypes.swift:4:15: note: 'DateRange' previously declared here
public struct DateRange: Codable {
              ^

SwiftCompile normal arm64 Compiling\ Coordinator.swift /Users/wsig/GitHub\ Builds/LeavnOfficial/Core/LeavnCore/Sources/LeavnCore/Coordinator.swift (in target 'LeavnCore' from project 'LeavnCore')

SwiftCompile normal arm64 /Users/wsig/GitHub\ Builds/LeavnOfficial/Core/LeavnCore/Sources/LeavnCore/Coordinator.swift (in target 'LeavnCore' from project 'LeavnCore')
    cd /Users/wsig/GitHub\ Builds/LeavnOfficial/Leavn.xcodeproj
    

SwiftCompile normal arm64 Compiling\ LeavnCore.swift /Users/wsig/GitHub\ Builds/LeavnOfficial/Core/LeavnCore/Sources/LeavnCore/LeavnCore.swift (in target 'LeavnCore' from project 'LeavnCore')
Failed frontend command:
/Applications/Xcode-beta.app/Contents/Developer/Toolchains/XcodeDefault.xctoolchain/usr/bin/swift-frontend -frontend -c /Users/wsig/GitHub\ Builds/LeavnOfficial/Core/LeavnCore/Sources/LeavnCore/AnyCodable.swift /Users/wsig/GitHub\ Builds/LeavnOfficial/Core/LeavnCore/Sources/LeavnCore/AsyncChannel.swift /Users/wsig/GitHub\ Builds/LeavnOfficial/Core/LeavnCore/Sources/LeavnCore/AuthenticationTypes.swift /Users/wsig/GitHub\ Builds/LeavnOfficial/Core/LeavnCore/Sources/LeavnCore/CommonTypes.swift /Users/wsig/GitHub\ Builds/LeavnOfficial/Core/LeavnCore/Sources/LeavnCore/Configuration.swift /Users/wsig/GitHub\ Builds/LeavnOfficial/Core/LeavnCore/Sources/LeavnCore/Coordinator.swift -primary-file /Users/wsig/GitHub\ Builds/LeavnOfficial/Core/LeavnCore/Sources/LeavnCore/LeavnCore.swift /Users/wsig/GitHub\ Builds/LeavnOfficial/Core/LeavnCore/Sources/LeavnCore/LibraryTypes.swift /Users/wsig/GitHub\ Builds/LeavnOfficial/Core/LeavnCore/Sources/LeavnCore/ServiceProtocols.swift /Users/wsig/GitHub\ Builds/LeavnOfficial/Core/LeavnCore/Sources/LeavnCore/ViewModelProtocol.swift -emit-dependencies-path /Users/wsig/Library/Developer/Xcode/DerivedData/Leavn-gxbozqiuohwlcfgridtxzqzwunnz/Build/Intermediates.noindex/LeavnCore.build/Debug-iphonesimulator/LeavnCore.build/Objects-normal/arm64/LeavnCore.d -emit-const-values-path /Users/wsig/Library/Developer/Xcode/DerivedData/Leavn-gxbozqiuohwlcfgridtxzqzwunnz/Build/Intermediates.noindex/LeavnCore.build/Debug-iphonesimulator/LeavnCore.build/Objects-normal/arm64/LeavnCore.swiftconstvalues -emit-reference-dependencies-path /Users/wsig/Library/Developer/Xcode/DerivedData/Leavn-gxbozqiuohwlcfgridtxzqzwunnz/Build/Intermediates.noindex/LeavnCore.build/Debug-iphonesimulator/LeavnCore.build/Objects-normal/arm64/LeavnCore.swiftdeps -serialize-diagnostics-path /Users/wsig/Library/Developer/Xcode/DerivedData/Leavn-gxbozqiuohwlcfgridtxzqzwunnz/Build/Intermediates.noindex/LeavnCore.build/Debug-iphonesimulator/LeavnCore.build/Objects-normal/arm64/LeavnCore.dia -target arm64-apple-ios18.0-simulator -load-resolved-plugin /Applications/Xcode-beta.app/Contents/Developer/Platforms/iPhoneOS.platform/Developer/usr/lib/swift/host/plugins/libFoundationMacros.dylib\#/Applications/Xcode-beta.app/Contents/Developer/Platforms/iPhoneOS.platform/Developer/usr/bin/swift-plugin-server\#FoundationMacros -load-resolved-plugin /Applications/Xcode-beta.app/Contents/Developer/Platforms/iPhoneOS.platform/Developer/usr/lib/swift/host/plugins/libObservationMacros.dylib\#/Applications/Xcode-beta.app/Contents/Developer/Platforms/iPhoneOS.platform/Developer/usr/bin/swift-plugin-server\#ObservationMacros -load-resolved-plugin /Applications/Xcode-beta.app/Contents/Developer/Platforms/iPhoneOS.platform/Developer/usr/lib/swift/host/plugins/libPreviewsMacros.dylib\#/Applications/Xcode-beta.app/Contents/Developer/Platforms/iPhoneOS.platform/Developer/usr/bin/swift-plugin-server\#PreviewsMacros -load-resolved-plugin /Applications/Xcode-beta.app/Contents/Developer/Platforms/iPhoneOS.platform/Developer/usr/lib/swift/host/plugins/libSwiftMacros.dylib\#/Applications/Xcode-beta.app/Contents/Developer/Platforms/iPhoneOS.platform/Developer/usr/bin/swift-plugin-server\#SwiftMacros -load-resolved-plugin /Applications/Xcode-beta.app/Contents/Developer/Platforms/iPhoneOS.platform/Developer/usr/lib/swift/host/plugins/libSwiftUIMacros.dylib\#/Applications/Xcode-beta.app/Contents/Developer/Platforms/iPhoneOS.platform/Developer/usr/bin/swift-plugin-server\#SwiftUIMacros -disable-implicit-swift-modules -Xcc -fno-implicit-modules -Xcc -fno-implicit-module-maps -explicit-swift-module-map-file /Users/wsig/Library/Developer/Xcode/DerivedData/Leavn-gxbozqiuohwlcfgridtxzqzwunnz/Build/Intermediates.noindex/LeavnCore.build/Debug-iphonesimulator/LeavnCore.build/Objects-normal/arm64/LeavnCore-dependencies-1.json -Xllvm -aarch64-use-tbi -enable-objc-interop -sdk /Applications/Xcode-beta.app/Contents/Developer/Platforms/iPhoneSimulator.platform/Developer/SDKs/iPhoneSimulator26.0.sdk -I /Users/wsig/Library/Developer/Xcode/DerivedData/Leavn-gxbozqiuohwlcfgridtxzqzwunnz/Build/Products/Debug-iphonesimulator -Isystem /Applications/Xcode-beta.app/Contents/Developer/Platforms/iPhoneSimulator.platform/Developer/usr/lib -F /Users/wsig/Library/Developer/Xcode/DerivedData/Leavn-gxbozqiuohwlcfgridtxzqzwunnz/Build/Products/Debug-iphonesimulator -F /Applications/Xcode-beta.app/Contents/Developer/Platforms/iPhoneSimulator.platform/Developer/Library/Frameworks -F /Applications/Xcode-beta.app/Contents/Developer/Platforms/iPhoneSimulator.platform/Developer/SDKs/iPhoneSimulator26.0.sdk/Developer/Library/Frameworks -no-color-diagnostics -Xcc -fno-color-diagnostics -enable-testing -g -debug-info-format\=dwarf -dwarf-version\=5 -module-cache-path /Users/wsig/Library/Developer/Xcode/DerivedData/Leavn-gxbozqiuohwlcfgridtxzqzwunnz/Build/Intermediates.noindex/SwiftExplicitPrecompiledModules -profile-generate -profile-coverage-mapping -swift-version 6 -enforce-exclusivity\=checked -Onone -D SWIFT_PACKAGE -D DEBUG -D SWIFT_MODULE_RESOURCE_BUNDLE_UNAVAILABLE -D Xcode -serialize-debugging-options -const-gather-protocols-file /Users/wsig/Library/Developer/Xcode/DerivedData/Leavn-gxbozqiuohwlcfgridtxzqzwunnz/Build/Intermediates.noindex/LeavnCore.build/Debug-iphonesimulator/LeavnCore.build/Objects-normal/arm64/LeavnCore_const_extract_protocols.json -enable-experimental-feature DebugDescriptionMacro -empty-abi-descriptor -validate-clang-modules-once -clang-build-session-file /Users/wsig/Library/Developer/Xcode/DerivedData/ModuleCache.noindex/Session.modulevalidation -Xcc -working-directory -Xcc /Users/wsig/GitHub\ Builds/LeavnOfficial/Leavn.xcodeproj -enable-anonymous-context-mangled-names -file-compilation-dir /Users/wsig/GitHub\ Builds/LeavnOfficial/Leavn.xcodeproj -Xcc -D_LIBCPP_HARDENING_MODE\=_LIBCPP_HARDENING_MODE_DEBUG -Xcc -ivfsstatcache -Xcc /Users/wsig/Library/Developer/Xcode/DerivedData/SDKStatCaches.noindex/iphonesimulator26.0-23A5287e-fc862078e33f881139a9d2f83bd1a9d0.sdkstatcache -Xcc -I/Users/wsig/Library/Developer/Xcode/DerivedData/Leavn-gxbozqiuohwlcfgridtxzqzwunnz/Build/Intermediates.noindex/LeavnCore.build/Debug-iphonesimulator/LeavnCore.build/swift-overrides.hmap -Xcc -I/Users/wsig/Library/Developer/Xcode/DerivedData/Leavn-gxbozqiuohwlcfgridtxzqzwunnz/Build/Products/Debug-iphonesimulator/include -Xcc -I/Users/wsig/Library/Developer/Xcode/DerivedData/Leavn-gxbozqiuohwlcfgridtxzqzwunnz/Build/Intermediates.noindex/LeavnCore.build/Debug-iphonesimulator/LeavnCore.build/DerivedSources-normal/arm64 -Xcc -I/Users/wsig/Library/Developer/Xcode/DerivedData/Leavn-gxbozqiuohwlcfgridtxzqzwunnz/Build/Intermediates.noindex/LeavnCore.build/Debug-iphonesimulator/LeavnCore.build/DerivedSources/arm64 -Xcc -I/Users/wsig/Library/Developer/Xcode/DerivedData/Leavn-gxbozqiuohwlcfgridtxzqzwunnz/Build/Intermediates.noindex/LeavnCore.build/Debug-iphonesimulator/LeavnCore.build/DerivedSources -Xcc -DSWIFT_PACKAGE -Xcc -DDEBUG\=1 -no-auto-bridging-header-chaining -module-name LeavnCore -package-name leavncore -frontend-parseable-output -disable-clang-spi -target-sdk-version 26.0 -target-sdk-name iphonesimulator26.0 -clang-target arm64-apple-ios26.0-simulator -o /Users/wsig/Library/Developer/Xcode/DerivedData/Leavn-gxbozqiuohwlcfgridtxzqzwunnz/Build/Intermediates.noindex/LeavnCore.build/Debug-iphonesimulator/LeavnCore.build/Objects-normal/arm64/LeavnCore.o -index-unit-output-path /LeavnCore.build/Debug-iphonesimulator/LeavnCore.build/Objects-normal/arm64/LeavnCore.o -index-store-path /Users/wsig/Library/Developer/Xcode/DerivedData/Leavn-gxbozqiuohwlcfgridtxzqzwunnz/Index.noindex/DataStore -index-system-modules

SwiftCompile normal arm64 /Users/wsig/GitHub\ Builds/LeavnOfficial/Core/LeavnCore/Sources/LeavnCore/LeavnCore.swift (in target 'LeavnCore' from project 'LeavnCore')
    cd /Users/wsig/GitHub\ Builds/LeavnOfficial/Leavn.xcodeproj
    
/Users/wsig/GitHub Builds/LeavnOfficial/Core/LeavnCore/Sources/LeavnCore/LeavnCore.swift:26:51: error: ambiguous use of 'default'
        cacheConfiguration: CacheConfiguration = .default,
                                                  ^
/Users/wsig/GitHub Builds/LeavnOfficial/Core/LeavnCore/Sources/LeavnCore/LeavnCore.swift:70:23: note: found this candidate 
    public static let `default` = CacheConfiguration(
                      ^
/Users/wsig/GitHub Builds/LeavnOfficial/Core/LeavnCore/Sources/LeavnCore/Configuration.swift:138:16: note: found this candidate 
    static let `default` = CacheConfiguration(
               ^
/Users/wsig/GitHub Builds/LeavnOfficial/Core/LeavnCore/Sources/LeavnCore/LeavnCore.swift:4:15: error: invalid redeclaration of 'LeavnConfiguration'
public struct LeavnConfiguration: Sendable {
              ^
/Users/wsig/GitHub Builds/LeavnOfficial/Core/LeavnCore/Sources/LeavnCore/Configuration.swift:4:15: note: 'LeavnConfiguration' previously declared here
public struct LeavnConfiguration {
              ^
/Users/wsig/GitHub Builds/LeavnOfficial/Core/LeavnCore/Sources/LeavnCore/Configuration.swift:4:15: note: 'LeavnConfiguration' previously declared here
public struct LeavnConfiguration {
              ^
/Users/wsig/GitHub Builds/LeavnOfficial/Core/LeavnCore/Sources/LeavnCore/LeavnCore.swift:70:23: error: invalid redeclaration of 'default'
    public static let `default` = CacheConfiguration(
                      ^
/Users/wsig/GitHub Builds/LeavnOfficial/Core/LeavnCore/Sources/LeavnCore/Configuration.swift:138:16: note: 'default' previously declared here
    static let `default` = CacheConfiguration(
               ^
/Users/wsig/GitHub Builds/LeavnOfficial/Core/LeavnCore/Sources/LeavnCore/Configuration.swift:138:16: note: 'default' previously declared here
    static let `default` = CacheConfiguration(
               ^
/Users/wsig/GitHub Builds/LeavnOfficial/Core/LeavnCore/Sources/LeavnCore/LeavnCore.swift:86:41: error: 'LeavnConfiguration' is ambiguous for type lookup in this context
    func initialize(with configuration: LeavnConfiguration) async throws
                                        ^~~~~~~~~~~~~~~~~~
/Users/wsig/GitHub Builds/LeavnOfficial/Core/LeavnCore/Sources/LeavnCore/Configuration.swift:4:15: note: found this candidate
public struct LeavnConfiguration {
              ^
/Users/wsig/GitHub Builds/LeavnOfficial/Core/LeavnCore/Sources/LeavnCore/LeavnCore.swift:4:15: note: found this candidate
public struct LeavnConfiguration: Sendable {
              ^
/Users/wsig/GitHub Builds/LeavnOfficial/Core/LeavnCore/Sources/LeavnCore/LeavnCore.swift:146:15: error: invalid redeclaration of 'User'
public struct User: Codable, Identifiable {
              ^
/Users/wsig/GitHub Builds/LeavnOfficial/Core/LeavnCore/Sources/LeavnCore/ServiceProtocols.swift:180:15: note: 'User' previously declared here
public struct User: Codable, Identifiable {
              ^
/Users/wsig/GitHub Builds/LeavnOfficial/Core/LeavnCore/Sources/LeavnCore/ServiceProtocols.swift:180:15: note: 'User' previously declared here
public struct User: Codable, Identifiable {
              ^
/Users/wsig/GitHub Builds/LeavnOfficial/Core/LeavnCore/Sources/LeavnCore/LeavnCore.swift:178:9: error: invalid redeclaration of 'isValidEmail'
    var isValidEmail: Bool {
        ^
/Users/wsig/GitHub Builds/LeavnOfficial/Core/LeavnCore/Sources/LeavnCore/AuthenticationTypes.swift:351:9: note: 'isValidEmail' previously declared here
    var isValidEmail: Bool {
        ^
/Users/wsig/GitHub Builds/LeavnOfficial/Core/LeavnCore/Sources/LeavnCore/AuthenticationTypes.swift:351:9: note: 'isValidEmail' previously declared here
    var isValidEmail: Bool {
        ^

SwiftEmitModule normal arm64 Emitting\ module\ for\ LeavnCore (in target 'LeavnCore' from project 'LeavnCore')
Failed frontend command:
/Applications/Xcode-beta.app/Contents/Developer/Toolchains/XcodeDefault.xctoolchain/usr/bin/swift-frontend -frontend -emit-module -experimental-skip-non-inlinable-function-bodies-without-types /Users/wsig/GitHub\ Builds/LeavnOfficial/Core/LeavnCore/Sources/LeavnCore/AnyCodable.swift /Users/wsig/GitHub\ Builds/LeavnOfficial/Core/LeavnCore/Sources/LeavnCore/AsyncChannel.swift /Users/wsig/GitHub\ Builds/LeavnOfficial/Core/LeavnCore/Sources/LeavnCore/AuthenticationTypes.swift /Users/wsig/GitHub\ Builds/LeavnOfficial/Core/LeavnCore/Sources/LeavnCore/CommonTypes.swift /Users/wsig/GitHub\ Builds/LeavnOfficial/Core/LeavnCore/Sources/LeavnCore/Configuration.swift /Users/wsig/GitHub\ Builds/LeavnOfficial/Core/LeavnCore/Sources/LeavnCore/Coordinator.swift /Users/wsig/GitHub\ Builds/LeavnOfficial/Core/LeavnCore/Sources/LeavnCore/LeavnCore.swift /Users/wsig/GitHub\ Builds/LeavnOfficial/Core/LeavnCore/Sources/LeavnCore/LibraryTypes.swift /Users/wsig/GitHub\ Builds/LeavnOfficial/Core/LeavnCore/Sources/LeavnCore/ServiceProtocols.swift /Users/wsig/GitHub\ Builds/LeavnOfficial/Core/LeavnCore/Sources/LeavnCore/ViewModelProtocol.swift -target arm64-apple-ios18.0-simulator -load-resolved-plugin /Applications/Xcode-beta.app/Contents/Developer/Platforms/iPhoneOS.platform/Developer/usr/lib/swift/host/plugins/libFoundationMacros.dylib\#/Applications/Xcode-beta.app/Contents/Developer/Platforms/iPhoneOS.platform/Developer/usr/bin/swift-plugin-server\#FoundationMacros -load-resolved-plugin /Applications/Xcode-beta.app/Contents/Developer/Platforms/iPhoneOS.platform/Developer/usr/lib/swift/host/plugins/libObservationMacros.dylib\#/Applications/Xcode-beta.app/Contents/Developer/Platforms/iPhoneOS.platform/Developer/usr/bin/swift-plugin-server\#ObservationMacros -load-resolved-plugin /Applications/Xcode-beta.app/Contents/Developer/Platforms/iPhoneOS.platform/Developer/usr/lib/swift/host/plugins/libPreviewsMacros.dylib\#/Applications/Xcode-beta.app/Contents/Developer/Platforms/iPhoneOS.platform/Developer/usr/bin/swift-plugin-server\#PreviewsMacros -load-resolved-plugin /Applications/Xcode-beta.app/Contents/Developer/Platforms/iPhoneOS.platform/Developer/usr/lib/swift/host/plugins/libSwiftMacros.dylib\#/Applications/Xcode-beta.app/Contents/Developer/Platforms/iPhoneOS.platform/Developer/usr/bin/swift-plugin-server\#SwiftMacros -load-resolved-plugin /Applications/Xcode-beta.app/Contents/Developer/Platforms/iPhoneOS.platform/Developer/usr/lib/swift/host/plugins/libSwiftUIMacros.dylib\#/Applications/Xcode-beta.app/Contents/Developer/Platforms/iPhoneOS.platform/Developer/usr/bin/swift-plugin-server\#SwiftUIMacros -disable-implicit-swift-modules -Xcc -fno-implicit-modules -Xcc -fno-implicit-module-maps -explicit-swift-module-map-file /Users/wsig/Library/Developer/Xcode/DerivedData/Leavn-gxbozqiuohwlcfgridtxzqzwunnz/Build/Intermediates.noindex/LeavnCore.build/Debug-iphonesimulator/LeavnCore.build/Objects-normal/arm64/LeavnCore-dependencies-1.json -Xllvm -aarch64-use-tbi -enable-objc-interop -sdk /Applications/Xcode-beta.app/Contents/Developer/Platforms/iPhoneSimulator.platform/Developer/SDKs/iPhoneSimulator26.0.sdk -I /Users/wsig/Library/Developer/Xcode/DerivedData/Leavn-gxbozqiuohwlcfgridtxzqzwunnz/Build/Products/Debug-iphonesimulator -Isystem /Applications/Xcode-beta.app/Contents/Developer/Platforms/iPhoneSimulator.platform/Developer/usr/lib -F /Users/wsig/Library/Developer/Xcode/DerivedData/Leavn-gxbozqiuohwlcfgridtxzqzwunnz/Build/Products/Debug-iphonesimulator -F /Applications/Xcode-beta.app/Contents/Developer/Platforms/iPhoneSimulator.platform/Developer/Library/Frameworks -F /Applications/Xcode-beta.app/Contents/Developer/Platforms/iPhoneSimulator.platform/Developer/SDKs/iPhoneSimulator26.0.sdk/Developer/Library/Frameworks -no-color-diagnostics -Xcc -fno-color-diagnostics -enable-testing -g -debug-info-format\=dwarf -dwarf-version\=5 -module-cache-path /Users/wsig/Library/Developer/Xcode/DerivedData/Leavn-gxbozqiuohwlcfgridtxzqzwunnz/Build/Intermediates.noindex/SwiftExplicitPrecompiledModules -profile-generate -profile-coverage-mapping -swift-version 6 -enforce-exclusivity\=checked -Onone -D SWIFT_PACKAGE -D DEBUG -D SWIFT_MODULE_RESOURCE_BUNDLE_UNAVAILABLE -D Xcode -serialize-debugging-options -const-gather-protocols-file /Users/wsig/Library/Developer/Xcode/DerivedData/Leavn-gxbozqiuohwlcfgridtxzqzwunnz/Build/Intermediates.noindex/LeavnCore.build/Debug-iphonesimulator/LeavnCore.build/Objects-normal/arm64/LeavnCore_const_extract_protocols.json -enable-experimental-feature DebugDescriptionMacro -empty-abi-descriptor -validate-clang-modules-once -clang-build-session-file /Users/wsig/Library/Developer/Xcode/DerivedData/ModuleCache.noindex/Session.modulevalidation -Xcc -working-directory -Xcc /Users/wsig/GitHub\ Builds/LeavnOfficial/Leavn.xcodeproj -enable-anonymous-context-mangled-names -file-compilation-dir /Users/wsig/GitHub\ Builds/LeavnOfficial/Leavn.xcodeproj -Xcc -D_LIBCPP_HARDENING_MODE\=_LIBCPP_HARDENING_MODE_DEBUG -Xcc -ivfsstatcache -Xcc /Users/wsig/Library/Developer/Xcode/DerivedData/SDKStatCaches.noindex/iphonesimulator26.0-23A5287e-fc862078e33f881139a9d2f83bd1a9d0.sdkstatcache -Xcc -I/Users/wsig/Library/Developer/Xcode/DerivedData/Leavn-gxbozqiuohwlcfgridtxzqzwunnz/Build/Intermediates.noindex/LeavnCore.build/Debug-iphonesimulator/LeavnCore.build/swift-overrides.hmap -Xcc -I/Users/wsig/Library/Developer/Xcode/DerivedData/Leavn-gxbozqiuohwlcfgridtxzqzwunnz/Build/Products/Debug-iphonesimulator/include -Xcc -I/Users/wsig/Library/Developer/Xcode/DerivedData/Leavn-gxbozqiuohwlcfgridtxzqzwunnz/Build/Intermediates.noindex/LeavnCore.build/Debug-iphonesimulator/LeavnCore.build/DerivedSources-normal/arm64 -Xcc -I/Users/wsig/Library/Developer/Xcode/DerivedData/Leavn-gxbozqiuohwlcfgridtxzqzwunnz/Build/Intermediates.noindex/LeavnCore.build/Debug-iphonesimulator/LeavnCore.build/DerivedSources/arm64 -Xcc -I/Users/wsig/Library/Developer/Xcode/DerivedData/Leavn-gxbozqiuohwlcfgridtxzqzwunnz/Build/Intermediates.noindex/LeavnCore.build/Debug-iphonesimulator/LeavnCore.build/DerivedSources -Xcc -DSWIFT_PACKAGE -Xcc -DDEBUG\=1 -no-auto-bridging-header-chaining -module-name LeavnCore -package-name leavncore -frontend-parseable-output -disable-clang-spi -target-sdk-version 26.0 -target-sdk-name iphonesimulator26.0 -clang-target arm64-apple-ios26.0-simulator -emit-module-doc-path /Users/wsig/Library/Developer/Xcode/DerivedData/Leavn-gxbozqiuohwlcfgridtxzqzwunnz/Build/Intermediates.noindex/LeavnCore.build/Debug-iphonesimulator/LeavnCore.build/Objects-normal/arm64/LeavnCore.swiftdoc -emit-module-source-info-path /Users/wsig/Library/Developer/Xcode/DerivedData/Leavn-gxbozqiuohwlcfgridtxzqzwunnz/Build/Intermediates.noindex/LeavnCore.build/Debug-iphonesimulator/LeavnCore.build/Objects-normal/arm64/LeavnCore.swiftsourceinfo -emit-objc-header-path /Users/wsig/Library/Developer/Xcode/DerivedData/Leavn-gxbozqiuohwlcfgridtxzqzwunnz/Build/Intermediates.noindex/LeavnCore.build/Debug-iphonesimulator/LeavnCore.build/Objects-normal/arm64/LeavnCore-Swift.h -serialize-diagnostics-path /Users/wsig/Library/Developer/Xcode/DerivedData/Leavn-gxbozqiuohwlcfgridtxzqzwunnz/Build/Intermediates.noindex/LeavnCore.build/Debug-iphonesimulator/LeavnCore.build/Objects-normal/arm64/LeavnCore-primary-emit-module.dia -emit-dependencies-path /Users/wsig/Library/Developer/Xcode/DerivedData/Leavn-gxbozqiuohwlcfgridtxzqzwunnz/Build/Intermediates.noindex/LeavnCore.build/Debug-iphonesimulator/LeavnCore.build/Objects-normal/arm64/LeavnCore-primary-emit-module.d -o /Users/wsig/Library/Developer/Xcode/DerivedData/Leavn-gxbozqiuohwlcfgridtxzqzwunnz/Build/Intermediates.noindex/LeavnCore.build/Debug-iphonesimulator/LeavnCore.build/Objects-normal/arm64/LeavnCore.swiftmodule -emit-abi-descriptor-path /Users/wsig/Library/Developer/Xcode/DerivedData/Leavn-gxbozqiuohwlcfgridtxzqzwunnz/Build/Intermediates.noindex/LeavnCore.build/Debug-iphonesimulator/LeavnCore.build/Objects-normal/arm64/LeavnCore.abi.json

EmitSwiftModule normal arm64 (in target 'LeavnCore' from project 'LeavnCore')
    cd /Users/wsig/GitHub\ Builds/LeavnOfficial/Leavn.xcodeproj
    
/Users/wsig/GitHub Builds/LeavnOfficial/Core/LeavnCore/Sources/LeavnCore/AuthenticationTypes.swift:38:24: error: 'User' is ambiguous for type lookup in this context
    public var asUser: User {
                       ^~~~
/Users/wsig/GitHub Builds/LeavnOfficial/Core/LeavnCore/Sources/LeavnCore/LeavnCore.swift:146:15: note: found this candidate
public struct User: Codable, Identifiable {
              ^
/Users/wsig/GitHub Builds/LeavnOfficial/Core/LeavnCore/Sources/LeavnCore/ServiceProtocols.swift:180:15: note: found this candidate
public struct User: Codable, Identifiable {
              ^
/Users/wsig/GitHub Builds/LeavnOfficial/Core/LeavnCore/Sources/LeavnCore/AuthenticationTypes.swift:351:9: error: invalid redeclaration of 'isValidEmail'
    var isValidEmail: Bool {
        ^
/Users/wsig/GitHub Builds/LeavnOfficial/Core/LeavnCore/Sources/LeavnCore/LeavnCore.swift:178:9: note: 'isValidEmail' previously declared here
    var isValidEmail: Bool {
        ^
/Users/wsig/GitHub Builds/LeavnOfficial/Core/LeavnCore/Sources/LeavnCore/LeavnCore.swift:178:9: note: 'isValidEmail' previously declared here
    var isValidEmail: Bool {
        ^
/Users/wsig/GitHub Builds/LeavnOfficial/Core/LeavnCore/Sources/LeavnCore/CommonTypes.swift:4:15: error: invalid redeclaration of 'DateRange'
public struct DateRange: Codable {
              ^
/Users/wsig/GitHub Builds/LeavnOfficial/Core/LeavnCore/Sources/LeavnCore/ServiceProtocols.swift:280:15: note: 'DateRange' previously declared here
public struct DateRange {
              ^
/Users/wsig/GitHub Builds/LeavnOfficial/Core/LeavnCore/Sources/LeavnCore/ServiceProtocols.swift:280:15: note: 'DateRange' previously declared here
public struct DateRange {
              ^
/Users/wsig/GitHub Builds/LeavnOfficial/Core/LeavnCore/Sources/LeavnCore/Configuration.swift:4:15: error: invalid redeclaration of 'LeavnConfiguration'
public struct LeavnConfiguration {
              ^
/Users/wsig/GitHub Builds/LeavnOfficial/Core/LeavnCore/Sources/LeavnCore/LeavnCore.swift:4:15: note: 'LeavnConfiguration' previously declared here
public struct LeavnConfiguration: Sendable {
              ^
/Users/wsig/GitHub Builds/LeavnOfficial/Core/LeavnCore/Sources/LeavnCore/LeavnCore.swift:4:15: note: 'LeavnConfiguration' previously declared here
public struct LeavnConfiguration: Sendable {
              ^
/Users/wsig/GitHub Builds/LeavnOfficial/Core/LeavnCore/Sources/LeavnCore/Configuration.swift:90:23: error: static property 'default' is not concurrency-safe because non-'Sendable' type 'FeatureFlags' may have shared mutable state
    public static let `default` = FeatureFlags()
                      ^
/Users/wsig/GitHub Builds/LeavnOfficial/Core/LeavnCore/Sources/LeavnCore/Configuration.swift:63:15: note: consider making struct 'FeatureFlags' conform to the 'Sendable' protocol
public struct FeatureFlags {
              ^
                           : Sendable
/Users/wsig/GitHub Builds/LeavnOfficial/Core/LeavnCore/Sources/LeavnCore/Configuration.swift:90:23: note: add '@MainActor' to make static property 'default' part of global actor 'MainActor'
    public static let `default` = FeatureFlags()
                      ^
    @MainActor 
/Users/wsig/GitHub Builds/LeavnOfficial/Core/LeavnCore/Sources/LeavnCore/Configuration.swift:90:23: note: disable concurrency-safety checks if accesses are protected by an external synchronization mechanism
    public static let `default` = FeatureFlags()
                      ^
    nonisolated(unsafe) 
/Users/wsig/GitHub Builds/LeavnOfficial/Core/LeavnCore/Sources/LeavnCore/Configuration.swift:94:18: error: 'LeavnConfiguration' is ambiguous for type lookup in this context
public extension LeavnConfiguration {
                 ^~~~~~~~~~~~~~~~~~
/Users/wsig/GitHub Builds/LeavnOfficial/Core/LeavnCore/Sources/LeavnCore/Configuration.swift:4:15: note: found this candidate
public struct LeavnConfiguration {
              ^
/Users/wsig/GitHub Builds/LeavnOfficial/Core/LeavnCore/Sources/LeavnCore/LeavnCore.swift:4:15: note: found this candidate
public struct LeavnConfiguration: Sendable {
              ^
/Users/wsig/GitHub Builds/LeavnOfficial/Core/LeavnCore/Sources/LeavnCore/Configuration.swift:138:16: error: invalid redeclaration of 'default'
    static let `default` = CacheConfiguration(
               ^
/Users/wsig/GitHub Builds/LeavnOfficial/Core/LeavnCore/Sources/LeavnCore/LeavnCore.swift:70:23: note: 'default' previously declared here
    public static let `default` = CacheConfiguration(
                      ^
/Users/wsig/GitHub Builds/LeavnOfficial/Core/LeavnCore/Sources/LeavnCore/LeavnCore.swift:70:23: note: 'default' previously declared here
    public static let `default` = CacheConfiguration(
                      ^
/Users/wsig/GitHub Builds/LeavnOfficial/Core/LeavnCore/Sources/LeavnCore/LeavnCore.swift:86:41: error: 'LeavnConfiguration' is ambiguous for type lookup in this context
    func initialize(with configuration: LeavnConfiguration) async throws
                                        ^~~~~~~~~~~~~~~~~~
/Users/wsig/GitHub Builds/LeavnOfficial/Core/LeavnCore/Sources/LeavnCore/Configuration.swift:4:15: note: found this candidate
public struct LeavnConfiguration {
              ^
/Users/wsig/GitHub Builds/LeavnOfficial/Core/LeavnCore/Sources/LeavnCore/LeavnCore.swift:4:15: note: found this candidate
public struct LeavnConfiguration: Sendable {
              ^
/Users/wsig/GitHub Builds/LeavnOfficial/Core/LeavnCore/Sources/LeavnCore/LeavnCore.swift:146:15: error: invalid redeclaration of 'User'
public struct User: Codable, Identifiable {
              ^
/Users/wsig/GitHub Builds/LeavnOfficial/Core/LeavnCore/Sources/LeavnCore/ServiceProtocols.swift:180:15: note: 'User' previously declared here
public struct User: Codable, Identifiable {
              ^
/Users/wsig/GitHub Builds/LeavnOfficial/Core/LeavnCore/Sources/LeavnCore/ServiceProtocols.swift:180:15: note: 'User' previously declared here
public struct User: Codable, Identifiable {
              ^
/Users/wsig/GitHub Builds/LeavnOfficial/Core/LeavnCore/Sources/LeavnCore/LibraryTypes.swift:189:27: error: 'DateRange' is ambiguous for type lookup in this context
    public let dateRange: DateRange?
                          ^~~~~~~~~
/Users/wsig/GitHub Builds/LeavnOfficial/Core/LeavnCore/Sources/LeavnCore/CommonTypes.swift:4:15: note: found this candidate
public struct DateRange: Codable {
              ^
/Users/wsig/GitHub Builds/LeavnOfficial/Core/LeavnCore/Sources/LeavnCore/ServiceProtocols.swift:280:15: note: found this candidate
public struct DateRange {
              ^
/Users/wsig/GitHub Builds/LeavnOfficial/Core/LeavnCore/Sources/LeavnCore/LibraryTypes.swift:201:20: error: 'DateRange' is ambiguous for type lookup in this context
        dateRange: DateRange? = nil,
                   ^~~~~~~~~
/Users/wsig/GitHub Builds/LeavnOfficial/Core/LeavnCore/Sources/LeavnCore/CommonTypes.swift:4:15: note: found this candidate
public struct DateRange: Codable {
              ^
/Users/wsig/GitHub Builds/LeavnOfficial/Core/LeavnCore/Sources/LeavnCore/ServiceProtocols.swift:280:15: note: found this candidate
public struct DateRange {
              ^
/Users/wsig/GitHub Builds/LeavnOfficial/Core/LeavnCore/Sources/LeavnCore/ServiceProtocols.swift:126:40: error: cannot find type 'AppSettings' in scope
    func getSettings() async throws -> AppSettings
                                       ^~~~~~~~~~~
/Users/wsig/GitHub Builds/LeavnOfficial/Core/LeavnCore/Sources/LeavnCore/ServiceProtocols.swift:127:37: error: cannot find type 'AppSettings' in scope
    func updateSettings(_ settings: AppSettings) async throws
                                    ^~~~~~~~~~~
/Users/wsig/GitHub Builds/LeavnOfficial/Core/LeavnCore/Sources/LeavnCore/ServiceProtocols.swift:132:58: error: cannot find type 'SettingsChangeEvent' in scope
    func getSettingsHistory(limit: Int) async throws -> [SettingsChangeEvent]
                                                         ^~~~~~~~~~~~~~~~~~~
/Users/wsig/GitHub Builds/LeavnOfficial/Core/LeavnCore/Sources/LeavnCore/ServiceProtocols.swift:133:53: error: cannot find type 'SettingsBackup' in scope
    func createBackup(name: String) async throws -> SettingsBackup
                                                    ^~~~~~~~~~~~~~
/Users/wsig/GitHub Builds/LeavnOfficial/Core/LeavnCore/Sources/LeavnCore/ServiceProtocols.swift:134:40: error: cannot find type 'SettingsBackup' in scope
    func getBackups() async throws -> [SettingsBackup]
                                       ^~~~~~~~~~~~~~
/Users/wsig/GitHub Builds/LeavnOfficial/Core/LeavnCore/Sources/LeavnCore/ServiceProtocols.swift:135:34: error: cannot find type 'SettingsBackup' in scope
    func restoreBackup(_ backup: SettingsBackup) async throws
                                 ^~~~~~~~~~~~~~
/Users/wsig/GitHub Builds/LeavnOfficial/Core/LeavnCore/Sources/LeavnCore/ServiceProtocols.swift:151:43: error: cannot find type 'LifeSituation' in scope
    func getSituations() async throws -> [LifeSituation]
                                          ^~~~~~~~~~~~~
/Users/wsig/GitHub Builds/LeavnOfficial/Core/LeavnCore/Sources/LeavnCore/ServiceProtocols.swift:152:51: error: cannot find type 'LifeSituation' in scope
    func getSituation(id: String) async throws -> LifeSituation?
                                                  ^~~~~~~~~~~~~

SwiftCompile normal arm64 Compiling\ AsyncChannel.swift /Users/wsig/GitHub\ Builds/LeavnOfficial/Core/LeavnCore/Sources/LeavnCore/AsyncChannel.swift (in target 'LeavnCore' from project 'LeavnCore')
Failed frontend command:
/Applications/Xcode-beta.app/Contents/Developer/Toolchains/XcodeDefault.xctoolchain/usr/bin/swift-frontend -frontend -c /Users/wsig/GitHub\ Builds/LeavnOfficial/Core/LeavnCore/Sources/LeavnCore/AnyCodable.swift -primary-file /Users/wsig/GitHub\ Builds/LeavnOfficial/Core/LeavnCore/Sources/LeavnCore/AsyncChannel.swift /Users/wsig/GitHub\ Builds/LeavnOfficial/Core/LeavnCore/Sources/LeavnCore/AuthenticationTypes.swift /Users/wsig/GitHub\ Builds/LeavnOfficial/Core/LeavnCore/Sources/LeavnCore/CommonTypes.swift /Users/wsig/GitHub\ Builds/LeavnOfficial/Core/LeavnCore/Sources/LeavnCore/Configuration.swift /Users/wsig/GitHub\ Builds/LeavnOfficial/Core/LeavnCore/Sources/LeavnCore/Coordinator.swift /Users/wsig/GitHub\ Builds/LeavnOfficial/Core/LeavnCore/Sources/LeavnCore/LeavnCore.swift /Users/wsig/GitHub\ Builds/LeavnOfficial/Core/LeavnCore/Sources/LeavnCore/LibraryTypes.swift /Users/wsig/GitHub\ Builds/LeavnOfficial/Core/LeavnCore/Sources/LeavnCore/ServiceProtocols.swift /Users/wsig/GitHub\ Builds/LeavnOfficial/Core/LeavnCore/Sources/LeavnCore/ViewModelProtocol.swift -emit-dependencies-path /Users/wsig/Library/Developer/Xcode/DerivedData/Leavn-gxbozqiuohwlcfgridtxzqzwunnz/Build/Intermediates.noindex/LeavnCore.build/Debug-iphonesimulator/LeavnCore.build/Objects-normal/arm64/AsyncChannel.d -emit-const-values-path /Users/wsig/Library/Developer/Xcode/DerivedData/Leavn-gxbozqiuohwlcfgridtxzqzwunnz/Build/Intermediates.noindex/LeavnCore.build/Debug-iphonesimulator/LeavnCore.build/Objects-normal/arm64/AsyncChannel.swiftconstvalues -emit-reference-dependencies-path /Users/wsig/Library/Developer/Xcode/DerivedData/Leavn-gxbozqiuohwlcfgridtxzqzwunnz/Build/Intermediates.noindex/LeavnCore.build/Debug-iphonesimulator/LeavnCore.build/Objects-normal/arm64/AsyncChannel.swiftdeps -serialize-diagnostics-path /Users/wsig/Library/Developer/Xcode/DerivedData/Leavn-gxbozqiuohwlcfgridtxzqzwunnz/Build/Intermediates.noindex/LeavnCore.build/Debug-iphonesimulator/LeavnCore.build/Objects-normal/arm64/AsyncChannel.dia -target arm64-apple-ios18.0-simulator -load-resolved-plugin /Applications/Xcode-beta.app/Contents/Developer/Platforms/iPhoneOS.platform/Developer/usr/lib/swift/host/plugins/libFoundationMacros.dylib\#/Applications/Xcode-beta.app/Contents/Developer/Platforms/iPhoneOS.platform/Developer/usr/bin/swift-plugin-server\#FoundationMacros -load-resolved-plugin /Applications/Xcode-beta.app/Contents/Developer/Platforms/iPhoneOS.platform/Developer/usr/lib/swift/host/plugins/libObservationMacros.dylib\#/Applications/Xcode-beta.app/Contents/Developer/Platforms/iPhoneOS.platform/Developer/usr/bin/swift-plugin-server\#ObservationMacros -load-resolved-plugin /Applications/Xcode-beta.app/Contents/Developer/Platforms/iPhoneOS.platform/Developer/usr/lib/swift/host/plugins/libPreviewsMacros.dylib\#/Applications/Xcode-beta.app/Contents/Developer/Platforms/iPhoneOS.platform/Developer/usr/bin/swift-plugin-server\#PreviewsMacros -load-resolved-plugin /Applications/Xcode-beta.app/Contents/Developer/Platforms/iPhoneOS.platform/Developer/usr/lib/swift/host/plugins/libSwiftMacros.dylib\#/Applications/Xcode-beta.app/Contents/Developer/Platforms/iPhoneOS.platform/Developer/usr/bin/swift-plugin-server\#SwiftMacros -load-resolved-plugin /Applications/Xcode-beta.app/Contents/Developer/Platforms/iPhoneOS.platform/Developer/usr/lib/swift/host/plugins/libSwiftUIMacros.dylib\#/Applications/Xcode-beta.app/Contents/Developer/Platforms/iPhoneOS.platform/Developer/usr/bin/swift-plugin-server\#SwiftUIMacros -disable-implicit-swift-modules -Xcc -fno-implicit-modules -Xcc -fno-implicit-module-maps -explicit-swift-module-map-file /Users/wsig/Library/Developer/Xcode/DerivedData/Leavn-gxbozqiuohwlcfgridtxzqzwunnz/Build/Intermediates.noindex/LeavnCore.build/Debug-iphonesimulator/LeavnCore.build/Objects-normal/arm64/LeavnCore-dependencies-1.json -Xllvm -aarch64-use-tbi -enable-objc-interop -sdk /Applications/Xcode-beta.app/Contents/Developer/Platforms/iPhoneSimulator.platform/Developer/SDKs/iPhoneSimulator26.0.sdk -I /Users/wsig/Library/Developer/Xcode/DerivedData/Leavn-gxbozqiuohwlcfgridtxzqzwunnz/Build/Products/Debug-iphonesimulator -Isystem /Applications/Xcode-beta.app/Contents/Developer/Platforms/iPhoneSimulator.platform/Developer/usr/lib -F /Users/wsig/Library/Developer/Xcode/DerivedData/Leavn-gxbozqiuohwlcfgridtxzqzwunnz/Build/Products/Debug-iphonesimulator -F /Applications/Xcode-beta.app/Contents/Developer/Platforms/iPhoneSimulator.platform/Developer/Library/Frameworks -F /Applications/Xcode-beta.app/Contents/Developer/Platforms/iPhoneSimulator.platform/Developer/SDKs/iPhoneSimulator26.0.sdk/Developer/Library/Frameworks -no-color-diagnostics -Xcc -fno-color-diagnostics -enable-testing -g -debug-info-format\=dwarf -dwarf-version\=5 -module-cache-path /Users/wsig/Library/Developer/Xcode/DerivedData/Leavn-gxbozqiuohwlcfgridtxzqzwunnz/Build/Intermediates.noindex/SwiftExplicitPrecompiledModules -profile-generate -profile-coverage-mapping -swift-version 6 -enforce-exclusivity\=checked -Onone -D SWIFT_PACKAGE -D DEBUG -D SWIFT_MODULE_RESOURCE_BUNDLE_UNAVAILABLE -D Xcode -serialize-debugging-options -const-gather-protocols-file /Users/wsig/Library/Developer/Xcode/DerivedData/Leavn-gxbozqiuohwlcfgridtxzqzwunnz/Build/Intermediates.noindex/LeavnCore.build/Debug-iphonesimulator/LeavnCore.build/Objects-normal/arm64/LeavnCore_const_extract_protocols.json -enable-experimental-feature DebugDescriptionMacro -empty-abi-descriptor -validate-clang-modules-once -clang-build-session-file /Users/wsig/Library/Developer/Xcode/DerivedData/ModuleCache.noindex/Session.modulevalidation -Xcc -working-directory -Xcc /Users/wsig/GitHub\ Builds/LeavnOfficial/Leavn.xcodeproj -enable-anonymous-context-mangled-names -file-compilation-dir /Users/wsig/GitHub\ Builds/LeavnOfficial/Leavn.xcodeproj -Xcc -D_LIBCPP_HARDENING_MODE\=_LIBCPP_HARDENING_MODE_DEBUG -Xcc -ivfsstatcache -Xcc /Users/wsig/Library/Developer/Xcode/DerivedData/SDKStatCaches.noindex/iphonesimulator26.0-23A5287e-fc862078e33f881139a9d2f83bd1a9d0.sdkstatcache -Xcc -I/Users/wsig/Library/Developer/Xcode/DerivedData/Leavn-gxbozqiuohwlcfgridtxzqzwunnz/Build/Intermediates.noindex/LeavnCore.build/Debug-iphonesimulator/LeavnCore.build/swift-overrides.hmap -Xcc -I/Users/wsig/Library/Developer/Xcode/DerivedData/Leavn-gxbozqiuohwlcfgridtxzqzwunnz/Build/Products/Debug-iphonesimulator/include -Xcc -I/Users/wsig/Library/Developer/Xcode/DerivedData/Leavn-gxbozqiuohwlcfgridtxzqzwunnz/Build/Intermediates.noindex/LeavnCore.build/Debug-iphonesimulator/LeavnCore.build/DerivedSources-normal/arm64 -Xcc -I/Users/wsig/Library/Developer/Xcode/DerivedData/Leavn-gxbozqiuohwlcfgridtxzqzwunnz/Build/Intermediates.noindex/LeavnCore.build/Debug-iphonesimulator/LeavnCore.build/DerivedSources/arm64 -Xcc -I/Users/wsig/Library/Developer/Xcode/DerivedData/Leavn-gxbozqiuohwlcfgridtxzqzwunnz/Build/Intermediates.noindex/LeavnCore.build/Debug-iphonesimulator/LeavnCore.build/DerivedSources -Xcc -DSWIFT_PACKAGE -Xcc -DDEBUG\=1 -no-auto-bridging-header-chaining -module-name LeavnCore -package-name leavncore -frontend-parseable-output -disable-clang-spi -target-sdk-version 26.0 -target-sdk-name iphonesimulator26.0 -clang-target arm64-apple-ios26.0-simulator -o /Users/wsig/Library/Developer/Xcode/DerivedData/Leavn-gxbozqiuohwlcfgridtxzqzwunnz/Build/Intermediates.noindex/LeavnCore.build/Debug-iphonesimulator/LeavnCore.build/Objects-normal/arm64/AsyncChannel.o -index-unit-output-path /LeavnCore.build/Debug-iphonesimulator/LeavnCore.build/Objects-normal/arm64/AsyncChannel.o -index-store-path /Users/wsig/Library/Developer/Xcode/DerivedData/Leavn-gxbozqiuohwlcfgridtxzqzwunnz/Index.noindex/DataStore -index-system-modules

SwiftCompile normal arm64 /Users/wsig/GitHub\ Builds/LeavnOfficial/Core/LeavnCore/Sources/LeavnCore/AsyncChannel.swift (in target 'LeavnCore' from project 'LeavnCore')
    cd /Users/wsig/GitHub\ Builds/LeavnOfficial/Leavn.xcodeproj
    
/Users/wsig/GitHub Builds/LeavnOfficial/Core/LeavnCore/Sources/LeavnCore/AsyncChannel.swift:18:22: error: sending 'value' risks causing data races
        continuation.yield(value)
        ~~~~~~~~~~~~~^~~~~~~~~~~~
/Users/wsig/GitHub Builds/LeavnOfficial/Core/LeavnCore/Sources/LeavnCore/AsyncChannel.swift:18:22: note: task-isolated 'value' is passed as a 'sending' parameter; Uses in callee may race with later task-isolated uses
        continuation.yield(value)
                     ^

SwiftDriver\ Compilation\ Requirements LeavnCore normal arm64 com.apple.xcode.tools.swift.compiler (in target 'LeavnCore' from project 'LeavnCore')
    cd /Users/wsig/GitHub\ Builds/LeavnOfficial/Leavn.xcodeproj
    builtin-Swift-Compilation-Requirements -- /Applications/Xcode-beta.app/Contents/Developer/Toolchains/XcodeDefault.xctoolchain/usr/bin/swiftc -module-name LeavnCore -Onone -enforce-exclusivity\=checked @/Users/wsig/Library/Developer/Xcode/DerivedData/Leavn-gxbozqiuohwlcfgridtxzqzwunnz/Build/Intermediates.noindex/LeavnCore.build/Debug-iphonesimulator/LeavnCore.build/Objects-normal/arm64/LeavnCore.SwiftFileList -DSWIFT_PACKAGE -DDEBUG -DSWIFT_MODULE_RESOURCE_BUNDLE_UNAVAILABLE -DXcode -plugin-path /Applications/Xcode-beta.app/Contents/Developer/Toolchains/XcodeDefault.xctoolchain/usr/lib/swift/host/plugins/testing -enable-experimental-feature DebugDescriptionMacro -sdk /Applications/Xcode-beta.app/Contents/Developer/Platforms/iPhoneSimulator.platform/Developer/SDKs/iPhoneSimulator26.0.sdk -target arm64-apple-ios18.0-simulator -g -module-cache-path /Users/wsig/Library/Developer/Xcode/DerivedData/ModuleCache.noindex -Xfrontend -serialize-debugging-options -profile-coverage-mapping -profile-generate -enable-testing -index-store-path /Users/wsig/Library/Developer/Xcode/DerivedData/Leavn-gxbozqiuohwlcfgridtxzqzwunnz/Index.noindex/DataStore -Xcc -D_LIBCPP_HARDENING_MODE\=_LIBCPP_HARDENING_MODE_DEBUG -swift-version 6 -I /Users/wsig/Library/Developer/Xcode/DerivedData/Leavn-gxbozqiuohwlcfgridtxzqzwunnz/Build/Products/Debug-iphonesimulator -Isystem /Applications/Xcode-beta.app/Contents/Developer/Platforms/iPhoneSimulator.platform/Developer/usr/lib -F /Users/wsig/Library/Developer/Xcode/DerivedData/Leavn-gxbozqiuohwlcfgridtxzqzwunnz/Build/Products/Debug-iphonesimulator -F /Applications/Xcode-beta.app/Contents/Developer/Platforms/iPhoneSimulator.platform/Developer/Library/Frameworks -F /Applications/Xcode-beta.app/Contents/Developer/Platforms/iPhoneSimulator.platform/Developer/SDKs/iPhoneSimulator26.0.sdk/Developer/Library/Frameworks -c -j12 -enable-batch-mode -incremental -Xcc -ivfsstatcache -Xcc /Users/wsig/Library/Developer/Xcode/DerivedData/SDKStatCaches.noindex/iphonesimulator26.0-23A5287e-fc862078e33f881139a9d2f83bd1a9d0.sdkstatcache -output-file-map /Users/wsig/Library/Developer/Xcode/DerivedData/Leavn-gxbozqiuohwlcfgridtxzqzwunnz/Build/Intermediates.noindex/LeavnCore.build/Debug-iphonesimulator/LeavnCore.build/Objects-normal/arm64/LeavnCore-OutputFileMap.json -use-frontend-parseable-output -save-temps -no-color-diagnostics -explicit-module-build -module-cache-path /Users/wsig/Library/Developer/Xcode/DerivedData/Leavn-gxbozqiuohwlcfgridtxzqzwunnz/Build/Intermediates.noindex/SwiftExplicitPrecompiledModules -clang-scanner-module-cache-path /Users/wsig/Library/Developer/Xcode/DerivedData/ModuleCache.noindex -sdk-module-cache-path /Users/wsig/Library/Developer/Xcode/DerivedData/ModuleCache.noindex -serialize-diagnostics -emit-dependencies -emit-module -emit-module-path /Users/wsig/Library/Developer/Xcode/DerivedData/Leavn-gxbozqiuohwlcfgridtxzqzwunnz/Build/Intermediates.noindex/LeavnCore.build/Debug-iphonesimulator/LeavnCore.build/Objects-normal/arm64/LeavnCore.swiftmodule -validate-clang-modules-once -clang-build-session-file /Users/wsig/Library/Developer/Xcode/DerivedData/ModuleCache.noindex/Session.modulevalidation -package-name leavncore -Xcc -I/Users/wsig/Library/Developer/Xcode/DerivedData/Leavn-gxbozqiuohwlcfgridtxzqzwunnz/Build/Intermediates.noindex/LeavnCore.build/Debug-iphonesimulator/LeavnCore.build/swift-overrides.hmap -emit-const-values -Xfrontend -const-gather-protocols-file -Xfrontend /Users/wsig/Library/Developer/Xcode/DerivedData/Leavn-gxbozqiuohwlcfgridtxzqzwunnz/Build/Intermediates.noindex/LeavnCore.build/Debug-iphonesimulator/LeavnCore.build/Objects-normal/arm64/LeavnCore_const_extract_protocols.json -Xcc -I/Users/wsig/Library/Developer/Xcode/DerivedData/Leavn-gxbozqiuohwlcfgridtxzqzwunnz/Build/Products/Debug-iphonesimulator/include -Xcc -I/Users/wsig/Library/Developer/Xcode/DerivedData/Leavn-gxbozqiuohwlcfgridtxzqzwunnz/Build/Intermediates.noindex/LeavnCore.build/Debug-iphonesimulator/LeavnCore.build/DerivedSources-normal/arm64 -Xcc -I/Users/wsig/Library/Developer/Xcode/DerivedData/Leavn-gxbozqiuohwlcfgridtxzqzwunnz/Build/Intermediates.noindex/LeavnCore.build/Debug-iphonesimulator/LeavnCore.build/DerivedSources/arm64 -Xcc -I/Users/wsig/Library/Developer/Xcode/DerivedData/Leavn-gxbozqiuohwlcfgridtxzqzwunnz/Build/Intermediates.noindex/LeavnCore.build/Debug-iphonesimulator/LeavnCore.build/DerivedSources -Xcc -DSWIFT_PACKAGE -Xcc -DDEBUG\=1 -emit-objc-header -emit-objc-header-path /Users/wsig/Library/Developer/Xcode/DerivedData/Leavn-gxbozqiuohwlcfgridtxzqzwunnz/Build/Intermediates.noindex/LeavnCore.build/Debug-iphonesimulator/LeavnCore.build/Objects-normal/arm64/LeavnCore-Swift.h -working-directory /Users/wsig/GitHub\ Builds/LeavnOfficial/Leavn.xcodeproj -experimental-emit-module-separately -disable-cmo

Copy /Users/wsig/Library/Developer/Xcode/DerivedData/Leavn-gxbozqiuohwlcfgridtxzqzwunnz/Build/Products/Debug-iphonesimulator/LeavnCore.swiftmodule/arm64-apple-ios-simulator.swiftmodule /Users/wsig/Library/Developer/Xcode/DerivedData/Leavn-gxbozqiuohwlcfgridtxzqzwunnz/Build/Intermediates.noindex/LeavnCore.build/Debug-iphonesimulator/LeavnCore.build/Objects-normal/arm64/LeavnCore.swiftmodule (in target 'LeavnCore' from project 'LeavnCore')
    cd /Users/wsig/GitHub\ Builds/LeavnOfficial/Core/LeavnCore
    builtin-copy -exclude .DS_Store -exclude CVS -exclude .svn -exclude .git -exclude .hg -resolve-src-symlinks -rename /Users/wsig/Library/Developer/Xcode/DerivedData/Leavn-gxbozqiuohwlcfgridtxzqzwunnz/Build/Intermediates.noindex/LeavnCore.build/Debug-iphonesimulator/LeavnCore.build/Objects-normal/arm64/LeavnCore.swiftmodule /Users/wsig/Library/Developer/Xcode/DerivedData/Leavn-gxbozqiuohwlcfgridtxzqzwunnz/Build/Products/Debug-iphonesimulator/LeavnCore.swiftmodule/arm64-apple-ios-simulator.swiftmodule
error: lstat(/Users/wsig/Library/Developer/Xcode/DerivedData/Leavn-gxbozqiuohwlcfgridtxzqzwunnz/Build/Intermediates.noindex/LeavnCore.build/Debug-iphonesimulator/LeavnCore.build/Objects-normal/arm64/LeavnCore.swiftmodule): No such file or directory (2) (in target 'LeavnCore' from project 'LeavnCore')

Copy /Users/wsig/Library/Developer/Xcode/DerivedData/Leavn-gxbozqiuohwlcfgridtxzqzwunnz/Build/Products/Debug-iphonesimulator/LeavnCore.swiftmodule/arm64-apple-ios-simulator.swiftdoc /Users/wsig/Library/Developer/Xcode/DerivedData/Leavn-gxbozqiuohwlcfgridtxzqzwunnz/Build/Intermediates.noindex/LeavnCore.build/Debug-iphonesimulator/LeavnCore.build/Objects-normal/arm64/LeavnCore.swiftdoc (in target 'LeavnCore' from project 'LeavnCore')
    cd /Users/wsig/GitHub\ Builds/LeavnOfficial/Core/LeavnCore
    builtin-copy -exclude .DS_Store -exclude CVS -exclude .svn -exclude .git -exclude .hg -resolve-src-symlinks -rename /Users/wsig/Library/Developer/Xcode/DerivedData/Leavn-gxbozqiuohwlcfgridtxzqzwunnz/Build/Intermediates.noindex/LeavnCore.build/Debug-iphonesimulator/LeavnCore.build/Objects-normal/arm64/LeavnCore.swiftdoc /Users/wsig/Library/Developer/Xcode/DerivedData/Leavn-gxbozqiuohwlcfgridtxzqzwunnz/Build/Products/Debug-iphonesimulator/LeavnCore.swiftmodule/arm64-apple-ios-simulator.swiftdoc
error: lstat(/Users/wsig/Library/Developer/Xcode/DerivedData/Leavn-gxbozqiuohwlcfgridtxzqzwunnz/Build/Intermediates.noindex/LeavnCore.build/Debug-iphonesimulator/LeavnCore.build/Objects-normal/arm64/LeavnCore.swiftdoc): No such file or directory (2) (in target 'LeavnCore' from project 'LeavnCore')

Copy /Users/wsig/Library/Developer/Xcode/DerivedData/Leavn-gxbozqiuohwlcfgridtxzqzwunnz/Build/Products/Debug-iphonesimulator/LeavnCore.swiftmodule/arm64-apple-ios-simulator.abi.json /Users/wsig/Library/Developer/Xcode/DerivedData/Leavn-gxbozqiuohwlcfgridtxzqzwunnz/Build/Intermediates.noindex/LeavnCore.build/Debug-iphonesimulator/LeavnCore.build/Objects-normal/arm64/LeavnCore.abi.json (in target 'LeavnCore' from project 'LeavnCore')
    cd /Users/wsig/GitHub\ Builds/LeavnOfficial/Core/LeavnCore
    builtin-copy -exclude .DS_Store -exclude CVS -exclude .svn -exclude .git -exclude .hg -resolve-src-symlinks -rename /Users/wsig/Library/Developer/Xcode/DerivedData/Leavn-gxbozqiuohwlcfgridtxzqzwunnz/Build/Intermediates.noindex/LeavnCore.build/Debug-iphonesimulator/LeavnCore.build/Objects-normal/arm64/LeavnCore.abi.json /Users/wsig/Library/Developer/Xcode/DerivedData/Leavn-gxbozqiuohwlcfgridtxzqzwunnz/Build/Products/Debug-iphonesimulator/LeavnCore.swiftmodule/arm64-apple-ios-simulator.abi.json
error: lstat(/Users/wsig/Library/Developer/Xcode/DerivedData/Leavn-gxbozqiuohwlcfgridtxzqzwunnz/Build/Intermediates.noindex/LeavnCore.build/Debug-iphonesimulator/LeavnCore.build/Objects-normal/arm64/LeavnCore.abi.json): No such file or directory (2) (in target 'LeavnCore' from project 'LeavnCore')

Copy /Users/wsig/Library/Developer/Xcode/DerivedData/Leavn-gxbozqiuohwlcfgridtxzqzwunnz/Build/Products/Debug-iphonesimulator/LeavnCore.swiftmodule/Project/arm64-apple-ios-simulator.swiftsourceinfo /Users/wsig/Library/Developer/Xcode/DerivedData/Leavn-gxbozqiuohwlcfgridtxzqzwunnz/Build/Intermediates.noindex/LeavnCore.build/Debug-iphonesimulator/LeavnCore.build/Objects-normal/arm64/LeavnCore.swiftsourceinfo (in target 'LeavnCore' from project 'LeavnCore')
    cd /Users/wsig/GitHub\ Builds/LeavnOfficial/Core/LeavnCore
    builtin-copy -exclude .DS_Store -exclude CVS -exclude .svn -exclude .git -exclude .hg -resolve-src-symlinks -rename /Users/wsig/Library/Developer/Xcode/DerivedData/Leavn-gxbozqiuohwlcfgridtxzqzwunnz/Build/Intermediates.noindex/LeavnCore.build/Debug-iphonesimulator/LeavnCore.build/Objects-normal/arm64/LeavnCore.swiftsourceinfo /Users/wsig/Library/Developer/Xcode/DerivedData/Leavn-gxbozqiuohwlcfgridtxzqzwunnz/Build/Products/Debug-iphonesimulator/LeavnCore.swiftmodule/Project/arm64-apple-ios-simulator.swiftsourceinfo
error: lstat(/Users/wsig/Library/Developer/Xcode/DerivedData/Leavn-gxbozqiuohwlcfgridtxzqzwunnz/Build/Intermediates.noindex/LeavnCore.build/Debug-iphonesimulator/LeavnCore.build/Objects-normal/arm64/LeavnCore.swiftsourceinfo): No such file or directory (2) (in target 'LeavnCore' from project 'LeavnCore')

SwiftDriver DesignSystem normal arm64 com.apple.xcode.tools.swift.compiler (in target 'DesignSystem' from project 'LeavnCore')
    cd /Users/wsig/GitHub\ Builds/LeavnOfficial/Leavn.xcodeproj
    builtin-SwiftDriver -- /Applications/Xcode-beta.app/Contents/Developer/Toolchains/XcodeDefault.xctoolchain/usr/bin/swiftc -module-name DesignSystem -Onone -enforce-exclusivity\=checked @/Users/wsig/Library/Developer/Xcode/DerivedData/Leavn-gxbozqiuohwlcfgridtxzqzwunnz/Build/Intermediates.noindex/LeavnCore.build/Debug-iphonesimulator/DesignSystem.build/Objects-normal/arm64/DesignSystem.SwiftFileList -DSWIFT_PACKAGE -DDEBUG -DSWIFT_MODULE_RESOURCE_BUNDLE_UNAVAILABLE -DXcode -plugin-path /Applications/Xcode-beta.app/Contents/Developer/Toolchains/XcodeDefault.xctoolchain/usr/lib/swift/host/plugins/testing -enable-experimental-feature DebugDescriptionMacro -sdk /Applications/Xcode-beta.app/Contents/Developer/Platforms/iPhoneSimulator.platform/Developer/SDKs/iPhoneSimulator26.0.sdk -target arm64-apple-ios18.0-simulator -g -module-cache-path /Users/wsig/Library/Developer/Xcode/DerivedData/ModuleCache.noindex -Xfrontend -serialize-debugging-options -profile-coverage-mapping -profile-generate -enable-testing -index-store-path /Users/wsig/Library/Developer/Xcode/DerivedData/Leavn-gxbozqiuohwlcfgridtxzqzwunnz/Index.noindex/DataStore -Xcc -D_LIBCPP_HARDENING_MODE\=_LIBCPP_HARDENING_MODE_DEBUG -swift-version 6 -I /Users/wsig/Library/Developer/Xcode/DerivedData/Leavn-gxbozqiuohwlcfgridtxzqzwunnz/Build/Products/Debug-iphonesimulator -Isystem /Applications/Xcode-beta.app/Contents/Developer/Platforms/iPhoneSimulator.platform/Developer/usr/lib -F /Users/wsig/Library/Developer/Xcode/DerivedData/Leavn-gxbozqiuohwlcfgridtxzqzwunnz/Build/Products/Debug-iphonesimulator/PackageFrameworks -F /Users/wsig/Library/Developer/Xcode/DerivedData/Leavn-gxbozqiuohwlcfgridtxzqzwunnz/Build/Products/Debug-iphonesimulator -F /Applications/Xcode-beta.app/Contents/Developer/Platforms/iPhoneSimulator.platform/Developer/Library/Frameworks -F /Applications/Xcode-beta.app/Contents/Developer/Platforms/iPhoneSimulator.platform/Developer/SDKs/iPhoneSimulator26.0.sdk/Developer/Library/Frameworks -c -j12 -enable-batch-mode -incremental -Xcc -ivfsstatcache -Xcc /Users/wsig/Library/Developer/Xcode/DerivedData/SDKStatCaches.noindex/iphonesimulator26.0-23A5287e-fc862078e33f881139a9d2f83bd1a9d0.sdkstatcache -output-file-map /Users/wsig/Library/Developer/Xcode/DerivedData/Leavn-gxbozqiuohwlcfgridtxzqzwunnz/Build/Intermediates.noindex/LeavnCore.build/Debug-iphonesimulator/DesignSystem.build/Objects-normal/arm64/DesignSystem-OutputFileMap.json -use-frontend-parseable-output -save-temps -no-color-diagnostics -explicit-module-build -module-cache-path /Users/wsig/Library/Developer/Xcode/DerivedData/Leavn-gxbozqiuohwlcfgridtxzqzwunnz/Build/Intermediates.noindex/SwiftExplicitPrecompiledModules -clang-scanner-module-cache-path /Users/wsig/Library/Developer/Xcode/DerivedData/ModuleCache.noindex -sdk-module-cache-path /Users/wsig/Library/Developer/Xcode/DerivedData/ModuleCache.noindex -serialize-diagnostics -emit-dependencies -emit-module -emit-module-path /Users/wsig/Library/Developer/Xcode/DerivedData/Leavn-gxbozqiuohwlcfgridtxzqzwunnz/Build/Intermediates.noindex/LeavnCore.build/Debug-iphonesimulator/DesignSystem.build/Objects-normal/arm64/DesignSystem.swiftmodule -validate-clang-modules-once -clang-build-session-file /Users/wsig/Library/Developer/Xcode/DerivedData/ModuleCache.noindex/Session.modulevalidation -package-name leavncore -Xcc -I/Users/wsig/Library/Developer/Xcode/DerivedData/Leavn-gxbozqiuohwlcfgridtxzqzwunnz/Build/Intermediates.noindex/LeavnCore.build/Debug-iphonesimulator/DesignSystem.build/swift-overrides.hmap -emit-const-values -Xfrontend -const-gather-protocols-file -Xfrontend /Users/wsig/Library/Developer/Xcode/DerivedData/Leavn-gxbozqiuohwlcfgridtxzqzwunnz/Build/Intermediates.noindex/LeavnCore.build/Debug-iphonesimulator/DesignSystem.build/Objects-normal/arm64/DesignSystem_const_extract_protocols.json -Xcc -I/Users/wsig/Library/Developer/Xcode/DerivedData/Leavn-gxbozqiuohwlcfgridtxzqzwunnz/Build/Products/Debug-iphonesimulator/include -Xcc -I/Users/wsig/Library/Developer/Xcode/DerivedData/Leavn-gxbozqiuohwlcfgridtxzqzwunnz/Build/Intermediates.noindex/LeavnCore.build/Debug-iphonesimulator/DesignSystem.build/DerivedSources-normal/arm64 -Xcc -I/Users/wsig/Library/Developer/Xcode/DerivedData/Leavn-gxbozqiuohwlcfgridtxzqzwunnz/Build/Intermediates.noindex/LeavnCore.build/Debug-iphonesimulator/DesignSystem.build/DerivedSources/arm64 -Xcc -I/Users/wsig/Library/Developer/Xcode/DerivedData/Leavn-gxbozqiuohwlcfgridtxzqzwunnz/Build/Intermediates.noindex/LeavnCore.build/Debug-iphonesimulator/DesignSystem.build/DerivedSources -Xcc -DSWIFT_PACKAGE -Xcc -DDEBUG\=1 -emit-objc-header -emit-objc-header-path /Users/wsig/Library/Developer/Xcode/DerivedData/Leavn-gxbozqiuohwlcfgridtxzqzwunnz/Build/Intermediates.noindex/LeavnCore.build/Debug-iphonesimulator/DesignSystem.build/Objects-normal/arm64/DesignSystem-Swift.h -working-directory /Users/wsig/GitHub\ Builds/LeavnOfficial/Leavn.xcodeproj -experimental-emit-module-separately -disable-cmo
/Users/wsig/GitHub Builds/LeavnOfficial/Core/LeavnCore/Sources/DesignSystem/Components/LeavnButton.swift:2:8: error: Unable to find module dependency: 'LeavnCore'
import LeavnCore
       ^ (in target 'DesignSystem' from project 'LeavnCore')
/Users/wsig/GitHub Builds/LeavnOfficial/Core/LeavnCore/Sources/DesignSystem/Components/LeavnButton.swift:2:8: note: A dependency of main module 'DesignSystem'
import LeavnCore
       ^ (in target 'DesignSystem' from project 'LeavnCore')
/Users/wsig/GitHub Builds/LeavnOfficial/Core/LeavnCore/Sources/DesignSystem/DesignSystem.swift:3:8: note: Also imported here
import LeavnCore
       ^ (in target 'DesignSystem' from project 'LeavnCore')

SwiftDriver NetworkingKit normal arm64 com.apple.xcode.tools.swift.compiler (in target 'NetworkingKit' from project 'LeavnCore')
    cd /Users/wsig/GitHub\ Builds/LeavnOfficial/Leavn.xcodeproj
    builtin-SwiftDriver -- /Applications/Xcode-beta.app/Contents/Developer/Toolchains/XcodeDefault.xctoolchain/usr/bin/swiftc -module-name NetworkingKit -Onone -enforce-exclusivity\=checked @/Users/wsig/Library/Developer/Xcode/DerivedData/Leavn-gxbozqiuohwlcfgridtxzqzwunnz/Build/Intermediates.noindex/LeavnCore.build/Debug-iphonesimulator/NetworkingKit.build/Objects-normal/arm64/NetworkingKit.SwiftFileList -DSWIFT_PACKAGE -DDEBUG -DSWIFT_MODULE_RESOURCE_BUNDLE_UNAVAILABLE -DXcode -plugin-path /Applications/Xcode-beta.app/Contents/Developer/Toolchains/XcodeDefault.xctoolchain/usr/lib/swift/host/plugins/testing -enable-experimental-feature DebugDescriptionMacro -sdk /Applications/Xcode-beta.app/Contents/Developer/Platforms/iPhoneSimulator.platform/Developer/SDKs/iPhoneSimulator26.0.sdk -target arm64-apple-ios18.0-simulator -g -module-cache-path /Users/wsig/Library/Developer/Xcode/DerivedData/ModuleCache.noindex -Xfrontend -serialize-debugging-options -profile-coverage-mapping -profile-generate -enable-testing -index-store-path /Users/wsig/Library/Developer/Xcode/DerivedData/Leavn-gxbozqiuohwlcfgridtxzqzwunnz/Index.noindex/DataStore -Xcc -D_LIBCPP_HARDENING_MODE\=_LIBCPP_HARDENING_MODE_DEBUG -swift-version 6 -I /Users/wsig/Library/Developer/Xcode/DerivedData/Leavn-gxbozqiuohwlcfgridtxzqzwunnz/Build/Products/Debug-iphonesimulator -Isystem /Applications/Xcode-beta.app/Contents/Developer/Platforms/iPhoneSimulator.platform/Developer/usr/lib -F /Users/wsig/Library/Developer/Xcode/DerivedData/Leavn-gxbozqiuohwlcfgridtxzqzwunnz/Build/Products/Debug-iphonesimulator/PackageFrameworks -F /Users/wsig/Library/Developer/Xcode/DerivedData/Leavn-gxbozqiuohwlcfgridtxzqzwunnz/Build/Products/Debug-iphonesimulator/PackageFrameworks -F /Users/wsig/Library/Developer/Xcode/DerivedData/Leavn-gxbozqiuohwlcfgridtxzqzwunnz/Build/Products/Debug-iphonesimulator -F /Applications/Xcode-beta.app/Contents/Developer/Platforms/iPhoneSimulator.platform/Developer/Library/Frameworks -F /Applications/Xcode-beta.app/Contents/Developer/Platforms/iPhoneSimulator.platform/Developer/SDKs/iPhoneSimulator26.0.sdk/Developer/Library/Frameworks -c -j12 -enable-batch-mode -incremental -Xcc -ivfsstatcache -Xcc /Users/wsig/Library/Developer/Xcode/DerivedData/SDKStatCaches.noindex/iphonesimulator26.0-23A5287e-fc862078e33f881139a9d2f83bd1a9d0.sdkstatcache -output-file-map /Users/wsig/Library/Developer/Xcode/DerivedData/Leavn-gxbozqiuohwlcfgridtxzqzwunnz/Build/Intermediates.noindex/LeavnCore.build/Debug-iphonesimulator/NetworkingKit.build/Objects-normal/arm64/NetworkingKit-OutputFileMap.json -use-frontend-parseable-output -save-temps -no-color-diagnostics -explicit-module-build -module-cache-path /Users/wsig/Library/Developer/Xcode/DerivedData/Leavn-gxbozqiuohwlcfgridtxzqzwunnz/Build/Intermediates.noindex/SwiftExplicitPrecompiledModules -clang-scanner-module-cache-path /Users/wsig/Library/Developer/Xcode/DerivedData/ModuleCache.noindex -sdk-module-cache-path /Users/wsig/Library/Developer/Xcode/DerivedData/ModuleCache.noindex -serialize-diagnostics -emit-dependencies -emit-module -emit-module-path /Users/wsig/Library/Developer/Xcode/DerivedData/Leavn-gxbozqiuohwlcfgridtxzqzwunnz/Build/Intermediates.noindex/LeavnCore.build/Debug-iphonesimulator/NetworkingKit.build/Objects-normal/arm64/NetworkingKit.swiftmodule -validate-clang-modules-once -clang-build-session-file /Users/wsig/Library/Developer/Xcode/DerivedData/ModuleCache.noindex/Session.modulevalidation -package-name leavncore -Xcc -I/Users/wsig/Library/Developer/Xcode/DerivedData/Leavn-gxbozqiuohwlcfgridtxzqzwunnz/Build/Intermediates.noindex/LeavnCore.build/Debug-iphonesimulator/NetworkingKit.build/swift-overrides.hmap -emit-const-values -Xfrontend -const-gather-protocols-file -Xfrontend /Users/wsig/Library/Developer/Xcode/DerivedData/Leavn-gxbozqiuohwlcfgridtxzqzwunnz/Build/Intermediates.noindex/LeavnCore.build/Debug-iphonesimulator/NetworkingKit.build/Objects-normal/arm64/NetworkingKit_const_extract_protocols.json -Xcc -I/Users/wsig/Library/Developer/Xcode/DerivedData/Leavn-gxbozqiuohwlcfgridtxzqzwunnz/Build/Products/Debug-iphonesimulator/include -Xcc -I/Users/wsig/Library/Developer/Xcode/DerivedData/Leavn-gxbozqiuohwlcfgridtxzqzwunnz/Build/Intermediates.noindex/LeavnCore.build/Debug-iphonesimulator/NetworkingKit.build/DerivedSources-normal/arm64 -Xcc -I/Users/wsig/Library/Developer/Xcode/DerivedData/Leavn-gxbozqiuohwlcfgridtxzqzwunnz/Build/Intermediates.noindex/LeavnCore.build/Debug-iphonesimulator/NetworkingKit.build/DerivedSources/arm64 -Xcc -I/Users/wsig/Library/Developer/Xcode/DerivedData/Leavn-gxbozqiuohwlcfgridtxzqzwunnz/Build/Intermediates.noindex/LeavnCore.build/Debug-iphonesimulator/NetworkingKit.build/DerivedSources -Xcc -DSWIFT_PACKAGE -Xcc -DDEBUG\=1 -emit-objc-header -emit-objc-header-path /Users/wsig/Library/Developer/Xcode/DerivedData/Leavn-gxbozqiuohwlcfgridtxzqzwunnz/Build/Intermediates.noindex/LeavnCore.build/Debug-iphonesimulator/NetworkingKit.build/Objects-normal/arm64/NetworkingKit-Swift.h -working-directory /Users/wsig/GitHub\ Builds/LeavnOfficial/Leavn.xcodeproj -experimental-emit-module-separately -disable-cmo
/Users/wsig/GitHub Builds/LeavnOfficial/Core/LeavnCore/Sources/NetworkingKit/NetworkingKit.swift:3:8: error: Unable to find module dependency: 'LeavnCore'
import LeavnCore
       ^ (in target 'NetworkingKit' from project 'LeavnCore')
/Users/wsig/GitHub Builds/LeavnOfficial/Core/LeavnCore/Sources/NetworkingKit/NetworkingKit.swift:3:8: note: A dependency of main module 'NetworkingKit'
import LeavnCore
       ^ (in target 'NetworkingKit' from project 'LeavnCore')

SwiftDriver PersistenceKit normal arm64 com.apple.xcode.tools.swift.compiler (in target 'PersistenceKit' from project 'LeavnCore')
    cd /Users/wsig/GitHub\ Builds/LeavnOfficial/Leavn.xcodeproj
    builtin-SwiftDriver -- /Applications/Xcode-beta.app/Contents/Developer/Toolchains/XcodeDefault.xctoolchain/usr/bin/swiftc -module-name PersistenceKit -Onone -enforce-exclusivity\=checked @/Users/wsig/Library/Developer/Xcode/DerivedData/Leavn-gxbozqiuohwlcfgridtxzqzwunnz/Build/Intermediates.noindex/LeavnCore.build/Debug-iphonesimulator/PersistenceKit.build/Objects-normal/arm64/PersistenceKit.SwiftFileList -DSWIFT_PACKAGE -DDEBUG -DSWIFT_MODULE_RESOURCE_BUNDLE_UNAVAILABLE -DXcode -plugin-path /Applications/Xcode-beta.app/Contents/Developer/Toolchains/XcodeDefault.xctoolchain/usr/lib/swift/host/plugins/testing -enable-experimental-feature DebugDescriptionMacro -sdk /Applications/Xcode-beta.app/Contents/Developer/Platforms/iPhoneSimulator.platform/Developer/SDKs/iPhoneSimulator26.0.sdk -target arm64-apple-ios18.0-simulator -g -module-cache-path /Users/wsig/Library/Developer/Xcode/DerivedData/ModuleCache.noindex -Xfrontend -serialize-debugging-options -profile-coverage-mapping -profile-generate -enable-testing -index-store-path /Users/wsig/Library/Developer/Xcode/DerivedData/Leavn-gxbozqiuohwlcfgridtxzqzwunnz/Index.noindex/DataStore -Xcc -D_LIBCPP_HARDENING_MODE\=_LIBCPP_HARDENING_MODE_DEBUG -swift-version 6 -I /Users/wsig/Library/Developer/Xcode/DerivedData/Leavn-gxbozqiuohwlcfgridtxzqzwunnz/Build/Products/Debug-iphonesimulator -Isystem /Applications/Xcode-beta.app/Contents/Developer/Platforms/iPhoneSimulator.platform/Developer/usr/lib -F /Users/wsig/Library/Developer/Xcode/DerivedData/Leavn-gxbozqiuohwlcfgridtxzqzwunnz/Build/Products/Debug-iphonesimulator/PackageFrameworks -F /Users/wsig/Library/Developer/Xcode/DerivedData/Leavn-gxbozqiuohwlcfgridtxzqzwunnz/Build/Products/Debug-iphonesimulator/PackageFrameworks -F /Users/wsig/Library/Developer/Xcode/DerivedData/Leavn-gxbozqiuohwlcfgridtxzqzwunnz/Build/Products/Debug-iphonesimulator -F /Applications/Xcode-beta.app/Contents/Developer/Platforms/iPhoneSimulator.platform/Developer/Library/Frameworks -F /Applications/Xcode-beta.app/Contents/Developer/Platforms/iPhoneSimulator.platform/Developer/SDKs/iPhoneSimulator26.0.sdk/Developer/Library/Frameworks -c -j12 -enable-batch-mode -incremental -Xcc -ivfsstatcache -Xcc /Users/wsig/Library/Developer/Xcode/DerivedData/SDKStatCaches.noindex/iphonesimulator26.0-23A5287e-fc862078e33f881139a9d2f83bd1a9d0.sdkstatcache -output-file-map /Users/wsig/Library/Developer/Xcode/DerivedData/Leavn-gxbozqiuohwlcfgridtxzqzwunnz/Build/Intermediates.noindex/LeavnCore.build/Debug-iphonesimulator/PersistenceKit.build/Objects-normal/arm64/PersistenceKit-OutputFileMap.json -use-frontend-parseable-output -save-temps -no-color-diagnostics -explicit-module-build -module-cache-path /Users/wsig/Library/Developer/Xcode/DerivedData/Leavn-gxbozqiuohwlcfgridtxzqzwunnz/Build/Intermediates.noindex/SwiftExplicitPrecompiledModules -clang-scanner-module-cache-path /Users/wsig/Library/Developer/Xcode/DerivedData/ModuleCache.noindex -sdk-module-cache-path /Users/wsig/Library/Developer/Xcode/DerivedData/ModuleCache.noindex -serialize-diagnostics -emit-dependencies -emit-module -emit-module-path /Users/wsig/Library/Developer/Xcode/DerivedData/Leavn-gxbozqiuohwlcfgridtxzqzwunnz/Build/Intermediates.noindex/LeavnCore.build/Debug-iphonesimulator/PersistenceKit.build/Objects-normal/arm64/PersistenceKit.swiftmodule -validate-clang-modules-once -clang-build-session-file /Users/wsig/Library/Developer/Xcode/DerivedData/ModuleCache.noindex/Session.modulevalidation -package-name leavncore -Xcc -I/Users/wsig/Library/Developer/Xcode/DerivedData/Leavn-gxbozqiuohwlcfgridtxzqzwunnz/Build/Intermediates.noindex/LeavnCore.build/Debug-iphonesimulator/PersistenceKit.build/swift-overrides.hmap -emit-const-values -Xfrontend -const-gather-protocols-file -Xfrontend /Users/wsig/Library/Developer/Xcode/DerivedData/Leavn-gxbozqiuohwlcfgridtxzqzwunnz/Build/Intermediates.noindex/LeavnCore.build/Debug-iphonesimulator/PersistenceKit.build/Objects-normal/arm64/PersistenceKit_const_extract_protocols.json -Xcc -I/Users/wsig/Library/Developer/Xcode/DerivedData/Leavn-gxbozqiuohwlcfgridtxzqzwunnz/Build/Products/Debug-iphonesimulator/include -Xcc -I/Users/wsig/Library/Developer/Xcode/DerivedData/Leavn-gxbozqiuohwlcfgridtxzqzwunnz/Build/Intermediates.noindex/LeavnCore.build/Debug-iphonesimulator/PersistenceKit.build/DerivedSources-normal/arm64 -Xcc -I/Users/wsig/Library/Developer/Xcode/DerivedData/Leavn-gxbozqiuohwlcfgridtxzqzwunnz/Build/Intermediates.noindex/LeavnCore.build/Debug-iphonesimulator/PersistenceKit.build/DerivedSources/arm64 -Xcc -I/Users/wsig/Library/Developer/Xcode/DerivedData/Leavn-gxbozqiuohwlcfgridtxzqzwunnz/Build/Intermediates.noindex/LeavnCore.build/Debug-iphonesimulator/PersistenceKit.build/DerivedSources -Xcc -DSWIFT_PACKAGE -Xcc -DDEBUG\=1 -emit-objc-header -emit-objc-header-path /Users/wsig/Library/Developer/Xcode/DerivedData/Leavn-gxbozqiuohwlcfgridtxzqzwunnz/Build/Intermediates.noindex/LeavnCore.build/Debug-iphonesimulator/PersistenceKit.build/Objects-normal/arm64/PersistenceKit-Swift.h -working-directory /Users/wsig/GitHub\ Builds/LeavnOfficial/Leavn.xcodeproj -experimental-emit-module-separately -disable-cmo
/Users/wsig/GitHub Builds/LeavnOfficial/Core/LeavnCore/Sources/PersistenceKit/PersistenceKit.swift:3:8: error: Unable to find module dependency: 'LeavnCore'
import LeavnCore
       ^ (in target 'PersistenceKit' from project 'LeavnCore')
/Users/wsig/GitHub Builds/LeavnOfficial/Core/LeavnCore/Sources/PersistenceKit/PersistenceKit.swift:3:8: note: A dependency of main module 'PersistenceKit'
import LeavnCore
       ^ (in target 'PersistenceKit' from project 'LeavnCore')

SwiftDriver AnalyticsKit normal arm64 com.apple.xcode.tools.swift.compiler (in target 'AnalyticsKit' from project 'LeavnCore')
    cd /Users/wsig/GitHub\ Builds/LeavnOfficial/Leavn.xcodeproj
    builtin-SwiftDriver -- /Applications/Xcode-beta.app/Contents/Developer/Toolchains/XcodeDefault.xctoolchain/usr/bin/swiftc -module-name AnalyticsKit -Onone -enforce-exclusivity\=checked @/Users/wsig/Library/Developer/Xcode/DerivedData/Leavn-gxbozqiuohwlcfgridtxzqzwunnz/Build/Intermediates.noindex/LeavnCore.build/Debug-iphonesimulator/AnalyticsKit.build/Objects-normal/arm64/AnalyticsKit.SwiftFileList -DSWIFT_PACKAGE -DDEBUG -DSWIFT_MODULE_RESOURCE_BUNDLE_UNAVAILABLE -DXcode -plugin-path /Applications/Xcode-beta.app/Contents/Developer/Toolchains/XcodeDefault.xctoolchain/usr/lib/swift/host/plugins/testing -enable-experimental-feature DebugDescriptionMacro -sdk /Applications/Xcode-beta.app/Contents/Developer/Platforms/iPhoneSimulator.platform/Developer/SDKs/iPhoneSimulator26.0.sdk -target arm64-apple-ios18.0-simulator -g -module-cache-path /Users/wsig/Library/Developer/Xcode/DerivedData/ModuleCache.noindex -Xfrontend -serialize-debugging-options -profile-coverage-mapping -profile-generate -enable-testing -index-store-path /Users/wsig/Library/Developer/Xcode/DerivedData/Leavn-gxbozqiuohwlcfgridtxzqzwunnz/Index.noindex/DataStore -Xcc -D_LIBCPP_HARDENING_MODE\=_LIBCPP_HARDENING_MODE_DEBUG -swift-version 6 -I /Users/wsig/Library/Developer/Xcode/DerivedData/Leavn-gxbozqiuohwlcfgridtxzqzwunnz/Build/Products/Debug-iphonesimulator -Isystem /Applications/Xcode-beta.app/Contents/Developer/Platforms/iPhoneSimulator.platform/Developer/usr/lib -F /Users/wsig/Library/Developer/Xcode/DerivedData/Leavn-gxbozqiuohwlcfgridtxzqzwunnz/Build/Products/Debug-iphonesimulator/PackageFrameworks -F /Users/wsig/Library/Developer/Xcode/DerivedData/Leavn-gxbozqiuohwlcfgridtxzqzwunnz/Build/Products/Debug-iphonesimulator -F /Applications/Xcode-beta.app/Contents/Developer/Platforms/iPhoneSimulator.platform/Developer/Library/Frameworks -F /Applications/Xcode-beta.app/Contents/Developer/Platforms/iPhoneSimulator.platform/Developer/SDKs/iPhoneSimulator26.0.sdk/Developer/Library/Frameworks -parse-as-library -c -j12 -enable-batch-mode -incremental -Xcc -ivfsstatcache -Xcc /Users/wsig/Library/Developer/Xcode/DerivedData/SDKStatCaches.noindex/iphonesimulator26.0-23A5287e-fc862078e33f881139a9d2f83bd1a9d0.sdkstatcache -output-file-map /Users/wsig/Library/Developer/Xcode/DerivedData/Leavn-gxbozqiuohwlcfgridtxzqzwunnz/Build/Intermediates.noindex/LeavnCore.build/Debug-iphonesimulator/AnalyticsKit.build/Objects-normal/arm64/AnalyticsKit-OutputFileMap.json -use-frontend-parseable-output -save-temps -no-color-diagnostics -explicit-module-build -module-cache-path /Users/wsig/Library/Developer/Xcode/DerivedData/Leavn-gxbozqiuohwlcfgridtxzqzwunnz/Build/Intermediates.noindex/SwiftExplicitPrecompiledModules -clang-scanner-module-cache-path /Users/wsig/Library/Developer/Xcode/DerivedData/ModuleCache.noindex -sdk-module-cache-path /Users/wsig/Library/Developer/Xcode/DerivedData/ModuleCache.noindex -serialize-diagnostics -emit-dependencies -emit-module -emit-module-path /Users/wsig/Library/Developer/Xcode/DerivedData/Leavn-gxbozqiuohwlcfgridtxzqzwunnz/Build/Intermediates.noindex/LeavnCore.build/Debug-iphonesimulator/AnalyticsKit.build/Objects-normal/arm64/AnalyticsKit.swiftmodule -validate-clang-modules-once -clang-build-session-file /Users/wsig/Library/Developer/Xcode/DerivedData/ModuleCache.noindex/Session.modulevalidation -package-name leavncore -Xcc -I/Users/wsig/Library/Developer/Xcode/DerivedData/Leavn-gxbozqiuohwlcfgridtxzqzwunnz/Build/Intermediates.noindex/LeavnCore.build/Debug-iphonesimulator/AnalyticsKit.build/swift-overrides.hmap -emit-const-values -Xfrontend -const-gather-protocols-file -Xfrontend /Users/wsig/Library/Developer/Xcode/DerivedData/Leavn-gxbozqiuohwlcfgridtxzqzwunnz/Build/Intermediates.noindex/LeavnCore.build/Debug-iphonesimulator/AnalyticsKit.build/Objects-normal/arm64/AnalyticsKit_const_extract_protocols.json -Xcc -I/Users/wsig/Library/Developer/Xcode/DerivedData/Leavn-gxbozqiuohwlcfgridtxzqzwunnz/Build/Products/Debug-iphonesimulator/include -Xcc -I/Users/wsig/Library/Developer/Xcode/DerivedData/Leavn-gxbozqiuohwlcfgridtxzqzwunnz/Build/Intermediates.noindex/LeavnCore.build/Debug-iphonesimulator/AnalyticsKit.build/DerivedSources-normal/arm64 -Xcc -I/Users/wsig/Library/Developer/Xcode/DerivedData/Leavn-gxbozqiuohwlcfgridtxzqzwunnz/Build/Intermediates.noindex/LeavnCore.build/Debug-iphonesimulator/AnalyticsKit.build/DerivedSources/arm64 -Xcc -I/Users/wsig/Library/Developer/Xcode/DerivedData/Leavn-gxbozqiuohwlcfgridtxzqzwunnz/Build/Intermediates.noindex/LeavnCore.build/Debug-iphonesimulator/AnalyticsKit.build/DerivedSources -Xcc -DSWIFT_PACKAGE -Xcc -DDEBUG\=1 -emit-objc-header -emit-objc-header-path /Users/wsig/Library/Developer/Xcode/DerivedData/Leavn-gxbozqiuohwlcfgridtxzqzwunnz/Build/Intermediates.noindex/LeavnCore.build/Debug-iphonesimulator/AnalyticsKit.build/Objects-normal/arm64/AnalyticsKit-Swift.h -working-directory /Users/wsig/GitHub\ Builds/LeavnOfficial/Leavn.xcodeproj -experimental-emit-module-separately -disable-cmo
/Users/wsig/GitHub Builds/LeavnOfficial/Core/LeavnCore/Sources/AnalyticsKit/AnalyticsKit.swift:2:8: error: Unable to find module dependency: 'LeavnCore'
import LeavnCore
       ^ (in target 'AnalyticsKit' from project 'LeavnCore')
/Users/wsig/GitHub Builds/LeavnOfficial/Core/LeavnCore/Sources/AnalyticsKit/AnalyticsKit.swift:2:8: note: A dependency of main module 'AnalyticsKit'
import LeavnCore
       ^ (in target 'AnalyticsKit' from project 'LeavnCore')

SwiftDriver\ Compilation NetworkingKit normal arm64 com.apple.xcode.tools.swift.compiler (in target 'NetworkingKit' from project 'LeavnCore')
    cd /Users/wsig/GitHub\ Builds/LeavnOfficial/Leavn.xcodeproj
    builtin-Swift-Compilation -- /Applications/Xcode-beta.app/Contents/Developer/Toolchains/XcodeDefault.xctoolchain/usr/bin/swiftc -module-name NetworkingKit -Onone -enforce-exclusivity\=checked @/Users/wsig/Library/Developer/Xcode/DerivedData/Leavn-gxbozqiuohwlcfgridtxzqzwunnz/Build/Intermediates.noindex/LeavnCore.build/Debug-iphonesimulator/NetworkingKit.build/Objects-normal/arm64/NetworkingKit.SwiftFileList -DSWIFT_PACKAGE -DDEBUG -DSWIFT_MODULE_RESOURCE_BUNDLE_UNAVAILABLE -DXcode -plugin-path /Applications/Xcode-beta.app/Contents/Developer/Toolchains/XcodeDefault.xctoolchain/usr/lib/swift/host/plugins/testing -enable-experimental-feature DebugDescriptionMacro -sdk /Applications/Xcode-beta.app/Contents/Developer/Platforms/iPhoneSimulator.platform/Developer/SDKs/iPhoneSimulator26.0.sdk -target arm64-apple-ios18.0-simulator -g -module-cache-path /Users/wsig/Library/Developer/Xcode/DerivedData/ModuleCache.noindex -Xfrontend -serialize-debugging-options -profile-coverage-mapping -profile-generate -enable-testing -index-store-path /Users/wsig/Library/Developer/Xcode/DerivedData/Leavn-gxbozqiuohwlcfgridtxzqzwunnz/Index.noindex/DataStore -Xcc -D_LIBCPP_HARDENING_MODE\=_LIBCPP_HARDENING_MODE_DEBUG -swift-version 6 -I /Users/wsig/Library/Developer/Xcode/DerivedData/Leavn-gxbozqiuohwlcfgridtxzqzwunnz/Build/Products/Debug-iphonesimulator -Isystem /Applications/Xcode-beta.app/Contents/Developer/Platforms/iPhoneSimulator.platform/Developer/usr/lib -F /Users/wsig/Library/Developer/Xcode/DerivedData/Leavn-gxbozqiuohwlcfgridtxzqzwunnz/Build/Products/Debug-iphonesimulator/PackageFrameworks -F /Users/wsig/Library/Developer/Xcode/DerivedData/Leavn-gxbozqiuohwlcfgridtxzqzwunnz/Build/Products/Debug-iphonesimulator/PackageFrameworks -F /Users/wsig/Library/Developer/Xcode/DerivedData/Leavn-gxbozqiuohwlcfgridtxzqzwunnz/Build/Products/Debug-iphonesimulator -F /Applications/Xcode-beta.app/Contents/Developer/Platforms/iPhoneSimulator.platform/Developer/Library/Frameworks -F /Applications/Xcode-beta.app/Contents/Developer/Platforms/iPhoneSimulator.platform/Developer/SDKs/iPhoneSimulator26.0.sdk/Developer/Library/Frameworks -c -j12 -enable-batch-mode -incremental -Xcc -ivfsstatcache -Xcc /Users/wsig/Library/Developer/Xcode/DerivedData/SDKStatCaches.noindex/iphonesimulator26.0-23A5287e-fc862078e33f881139a9d2f83bd1a9d0.sdkstatcache -output-file-map /Users/wsig/Library/Developer/Xcode/DerivedData/Leavn-gxbozqiuohwlcfgridtxzqzwunnz/Build/Intermediates.noindex/LeavnCore.build/Debug-iphonesimulator/NetworkingKit.build/Objects-normal/arm64/NetworkingKit-OutputFileMap.json -use-frontend-parseable-output -save-temps -no-color-diagnostics -explicit-module-build -module-cache-path /Users/wsig/Library/Developer/Xcode/DerivedData/Leavn-gxbozqiuohwlcfgridtxzqzwunnz/Build/Intermediates.noindex/SwiftExplicitPrecompiledModules -clang-scanner-module-cache-path /Users/wsig/Library/Developer/Xcode/DerivedData/ModuleCache.noindex -sdk-module-cache-path /Users/wsig/Library/Developer/Xcode/DerivedData/ModuleCache.noindex -serialize-diagnostics -emit-dependencies -emit-module -emit-module-path /Users/wsig/Library/Developer/Xcode/DerivedData/Leavn-gxbozqiuohwlcfgridtxzqzwunnz/Build/Intermediates.noindex/LeavnCore.build/Debug-iphonesimulator/NetworkingKit.build/Objects-normal/arm64/NetworkingKit.swiftmodule -validate-clang-modules-once -clang-build-session-file /Users/wsig/Library/Developer/Xcode/DerivedData/ModuleCache.noindex/Session.modulevalidation -package-name leavncore -Xcc -I/Users/wsig/Library/Developer/Xcode/DerivedData/Leavn-gxbozqiuohwlcfgridtxzqzwunnz/Build/Intermediates.noindex/LeavnCore.build/Debug-iphonesimulator/NetworkingKit.build/swift-overrides.hmap -emit-const-values -Xfrontend -const-gather-protocols-file -Xfrontend /Users/wsig/Library/Developer/Xcode/DerivedData/Leavn-gxbozqiuohwlcfgridtxzqzwunnz/Build/Intermediates.noindex/LeavnCore.build/Debug-iphonesimulator/NetworkingKit.build/Objects-normal/arm64/NetworkingKit_const_extract_protocols.json -Xcc -I/Users/wsig/Library/Developer/Xcode/DerivedData/Leavn-gxbozqiuohwlcfgridtxzqzwunnz/Build/Products/Debug-iphonesimulator/include -Xcc -I/Users/wsig/Library/Developer/Xcode/DerivedData/Leavn-gxbozqiuohwlcfgridtxzqzwunnz/Build/Intermediates.noindex/LeavnCore.build/Debug-iphonesimulator/NetworkingKit.build/DerivedSources-normal/arm64 -Xcc -I/Users/wsig/Library/Developer/Xcode/DerivedData/Leavn-gxbozqiuohwlcfgridtxzqzwunnz/Build/Intermediates.noindex/LeavnCore.build/Debug-iphonesimulator/NetworkingKit.build/DerivedSources/arm64 -Xcc -I/Users/wsig/Library/Developer/Xcode/DerivedData/Leavn-gxbozqiuohwlcfgridtxzqzwunnz/Build/Intermediates.noindex/LeavnCore.build/Debug-iphonesimulator/NetworkingKit.build/DerivedSources -Xcc -DSWIFT_PACKAGE -Xcc -DDEBUG\=1 -emit-objc-header -emit-objc-header-path /Users/wsig/Library/Developer/Xcode/DerivedData/Leavn-gxbozqiuohwlcfgridtxzqzwunnz/Build/Intermediates.noindex/LeavnCore.build/Debug-iphonesimulator/NetworkingKit.build/Objects-normal/arm64/NetworkingKit-Swift.h -working-directory /Users/wsig/GitHub\ Builds/LeavnOfficial/Leavn.xcodeproj -experimental-emit-module-separately -disable-cmo

SwiftDriver\ Compilation\ Requirements AnalyticsKit normal arm64 com.apple.xcode.tools.swift.compiler (in target 'AnalyticsKit' from project 'LeavnCore')
    cd /Users/wsig/GitHub\ Builds/LeavnOfficial/Leavn.xcodeproj
    builtin-Swift-Compilation-Requirements -- /Applications/Xcode-beta.app/Contents/Developer/Toolchains/XcodeDefault.xctoolchain/usr/bin/swiftc -module-name AnalyticsKit -Onone -enforce-exclusivity\=checked @/Users/wsig/Library/Developer/Xcode/DerivedData/Leavn-gxbozqiuohwlcfgridtxzqzwunnz/Build/Intermediates.noindex/LeavnCore.build/Debug-iphonesimulator/AnalyticsKit.build/Objects-normal/arm64/AnalyticsKit.SwiftFileList -DSWIFT_PACKAGE -DDEBUG -DSWIFT_MODULE_RESOURCE_BUNDLE_UNAVAILABLE -DXcode -plugin-path /Applications/Xcode-beta.app/Contents/Developer/Toolchains/XcodeDefault.xctoolchain/usr/lib/swift/host/plugins/testing -enable-experimental-feature DebugDescriptionMacro -sdk /Applications/Xcode-beta.app/Contents/Developer/Platforms/iPhoneSimulator.platform/Developer/SDKs/iPhoneSimulator26.0.sdk -target arm64-apple-ios18.0-simulator -g -module-cache-path /Users/wsig/Library/Developer/Xcode/DerivedData/ModuleCache.noindex -Xfrontend -serialize-debugging-options -profile-coverage-mapping -profile-generate -enable-testing -index-store-path /Users/wsig/Library/Developer/Xcode/DerivedData/Leavn-gxbozqiuohwlcfgridtxzqzwunnz/Index.noindex/DataStore -Xcc -D_LIBCPP_HARDENING_MODE\=_LIBCPP_HARDENING_MODE_DEBUG -swift-version 6 -I /Users/wsig/Library/Developer/Xcode/DerivedData/Leavn-gxbozqiuohwlcfgridtxzqzwunnz/Build/Products/Debug-iphonesimulator -Isystem /Applications/Xcode-beta.app/Contents/Developer/Platforms/iPhoneSimulator.platform/Developer/usr/lib -F /Users/wsig/Library/Developer/Xcode/DerivedData/Leavn-gxbozqiuohwlcfgridtxzqzwunnz/Build/Products/Debug-iphonesimulator/PackageFrameworks -F /Users/wsig/Library/Developer/Xcode/DerivedData/Leavn-gxbozqiuohwlcfgridtxzqzwunnz/Build/Products/Debug-iphonesimulator -F /Applications/Xcode-beta.app/Contents/Developer/Platforms/iPhoneSimulator.platform/Developer/Library/Frameworks -F /Applications/Xcode-beta.app/Contents/Developer/Platforms/iPhoneSimulator.platform/Developer/SDKs/iPhoneSimulator26.0.sdk/Developer/Library/Frameworks -parse-as-library -c -j12 -enable-batch-mode -incremental -Xcc -ivfsstatcache -Xcc /Users/wsig/Library/Developer/Xcode/DerivedData/SDKStatCaches.noindex/iphonesimulator26.0-23A5287e-fc862078e33f881139a9d2f83bd1a9d0.sdkstatcache -output-file-map /Users/wsig/Library/Developer/Xcode/DerivedData/Leavn-gxbozqiuohwlcfgridtxzqzwunnz/Build/Intermediates.noindex/LeavnCore.build/Debug-iphonesimulator/AnalyticsKit.build/Objects-normal/arm64/AnalyticsKit-OutputFileMap.json -use-frontend-parseable-output -save-temps -no-color-diagnostics -explicit-module-build -module-cache-path /Users/wsig/Library/Developer/Xcode/DerivedData/Leavn-gxbozqiuohwlcfgridtxzqzwunnz/Build/Intermediates.noindex/SwiftExplicitPrecompiledModules -clang-scanner-module-cache-path /Users/wsig/Library/Developer/Xcode/DerivedData/ModuleCache.noindex -sdk-module-cache-path /Users/wsig/Library/Developer/Xcode/DerivedData/ModuleCache.noindex -serialize-diagnostics -emit-dependencies -emit-module -emit-module-path /Users/wsig/Library/Developer/Xcode/DerivedData/Leavn-gxbozqiuohwlcfgridtxzqzwunnz/Build/Intermediates.noindex/LeavnCore.build/Debug-iphonesimulator/AnalyticsKit.build/Objects-normal/arm64/AnalyticsKit.swiftmodule -validate-clang-modules-once -clang-build-session-file /Users/wsig/Library/Developer/Xcode/DerivedData/ModuleCache.noindex/Session.modulevalidation -package-name leavncore -Xcc -I/Users/wsig/Library/Developer/Xcode/DerivedData/Leavn-gxbozqiuohwlcfgridtxzqzwunnz/Build/Intermediates.noindex/LeavnCore.build/Debug-iphonesimulator/AnalyticsKit.build/swift-overrides.hmap -emit-const-values -Xfrontend -const-gather-protocols-file -Xfrontend /Users/wsig/Library/Developer/Xcode/DerivedData/Leavn-gxbozqiuohwlcfgridtxzqzwunnz/Build/Intermediates.noindex/LeavnCore.build/Debug-iphonesimulator/AnalyticsKit.build/Objects-normal/arm64/AnalyticsKit_const_extract_protocols.json -Xcc -I/Users/wsig/Library/Developer/Xcode/DerivedData/Leavn-gxbozqiuohwlcfgridtxzqzwunnz/Build/Products/Debug-iphonesimulator/include -Xcc -I/Users/wsig/Library/Developer/Xcode/DerivedData/Leavn-gxbozqiuohwlcfgridtxzqzwunnz/Build/Intermediates.noindex/LeavnCore.build/Debug-iphonesimulator/AnalyticsKit.build/DerivedSources-normal/arm64 -Xcc -I/Users/wsig/Library/Developer/Xcode/DerivedData/Leavn-gxbozqiuohwlcfgridtxzqzwunnz/Build/Intermediates.noindex/LeavnCore.build/Debug-iphonesimulator/AnalyticsKit.build/DerivedSources/arm64 -Xcc -I/Users/wsig/Library/Developer/Xcode/DerivedData/Leavn-gxbozqiuohwlcfgridtxzqzwunnz/Build/Intermediates.noindex/LeavnCore.build/Debug-iphonesimulator/AnalyticsKit.build/DerivedSources -Xcc -DSWIFT_PACKAGE -Xcc -DDEBUG\=1 -emit-objc-header -emit-objc-header-path /Users/wsig/Library/Developer/Xcode/DerivedData/Leavn-gxbozqiuohwlcfgridtxzqzwunnz/Build/Intermediates.noindex/LeavnCore.build/Debug-iphonesimulator/AnalyticsKit.build/Objects-normal/arm64/AnalyticsKit-Swift.h -working-directory /Users/wsig/GitHub\ Builds/LeavnOfficial/Leavn.xcodeproj -experimental-emit-module-separately -disable-cmo

SwiftDriver\ Compilation\ Requirements NetworkingKit normal arm64 com.apple.xcode.tools.swift.compiler (in target 'NetworkingKit' from project 'LeavnCore')
    cd /Users/wsig/GitHub\ Builds/LeavnOfficial/Leavn.xcodeproj
    builtin-Swift-Compilation-Requirements -- /Applications/Xcode-beta.app/Contents/Developer/Toolchains/XcodeDefault.xctoolchain/usr/bin/swiftc -module-name NetworkingKit -Onone -enforce-exclusivity\=checked @/Users/wsig/Library/Developer/Xcode/DerivedData/Leavn-gxbozqiuohwlcfgridtxzqzwunnz/Build/Intermediates.noindex/LeavnCore.build/Debug-iphonesimulator/NetworkingKit.build/Objects-normal/arm64/NetworkingKit.SwiftFileList -DSWIFT_PACKAGE -DDEBUG -DSWIFT_MODULE_RESOURCE_BUNDLE_UNAVAILABLE -DXcode -plugin-path /Applications/Xcode-beta.app/Contents/Developer/Toolchains/XcodeDefault.xctoolchain/usr/lib/swift/host/plugins/testing -enable-experimental-feature DebugDescriptionMacro -sdk /Applications/Xcode-beta.app/Contents/Developer/Platforms/iPhoneSimulator.platform/Developer/SDKs/iPhoneSimulator26.0.sdk -target arm64-apple-ios18.0-simulator -g -module-cache-path /Users/wsig/Library/Developer/Xcode/DerivedData/ModuleCache.noindex -Xfrontend -serialize-debugging-options -profile-coverage-mapping -profile-generate -enable-testing -index-store-path /Users/wsig/Library/Developer/Xcode/DerivedData/Leavn-gxbozqiuohwlcfgridtxzqzwunnz/Index.noindex/DataStore -Xcc -D_LIBCPP_HARDENING_MODE\=_LIBCPP_HARDENING_MODE_DEBUG -swift-version 6 -I /Users/wsig/Library/Developer/Xcode/DerivedData/Leavn-gxbozqiuohwlcfgridtxzqzwunnz/Build/Products/Debug-iphonesimulator -Isystem /Applications/Xcode-beta.app/Contents/Developer/Platforms/iPhoneSimulator.platform/Developer/usr/lib -F /Users/wsig/Library/Developer/Xcode/DerivedData/Leavn-gxbozqiuohwlcfgridtxzqzwunnz/Build/Products/Debug-iphonesimulator/PackageFrameworks -F /Users/wsig/Library/Developer/Xcode/DerivedData/Leavn-gxbozqiuohwlcfgridtxzqzwunnz/Build/Products/Debug-iphonesimulator/PackageFrameworks -F /Users/wsig/Library/Developer/Xcode/DerivedData/Leavn-gxbozqiuohwlcfgridtxzqzwunnz/Build/Products/Debug-iphonesimulator -F /Applications/Xcode-beta.app/Contents/Developer/Platforms/iPhoneSimulator.platform/Developer/Library/Frameworks -F /Applications/Xcode-beta.app/Contents/Developer/Platforms/iPhoneSimulator.platform/Developer/SDKs/iPhoneSimulator26.0.sdk/Developer/Library/Frameworks -c -j12 -enable-batch-mode -incremental -Xcc -ivfsstatcache -Xcc /Users/wsig/Library/Developer/Xcode/DerivedData/SDKStatCaches.noindex/iphonesimulator26.0-23A5287e-fc862078e33f881139a9d2f83bd1a9d0.sdkstatcache -output-file-map /Users/wsig/Library/Developer/Xcode/DerivedData/Leavn-gxbozqiuohwlcfgridtxzqzwunnz/Build/Intermediates.noindex/LeavnCore.build/Debug-iphonesimulator/NetworkingKit.build/Objects-normal/arm64/NetworkingKit-OutputFileMap.json -use-frontend-parseable-output -save-temps -no-color-diagnostics -explicit-module-build -module-cache-path /Users/wsig/Library/Developer/Xcode/DerivedData/Leavn-gxbozqiuohwlcfgridtxzqzwunnz/Build/Intermediates.noindex/SwiftExplicitPrecompiledModules -clang-scanner-module-cache-path /Users/wsig/Library/Developer/Xcode/DerivedData/ModuleCache.noindex -sdk-module-cache-path /Users/wsig/Library/Developer/Xcode/DerivedData/ModuleCache.noindex -serialize-diagnostics -emit-dependencies -emit-module -emit-module-path /Users/wsig/Library/Developer/Xcode/DerivedData/Leavn-gxbozqiuohwlcfgridtxzqzwunnz/Build/Intermediates.noindex/LeavnCore.build/Debug-iphonesimulator/NetworkingKit.build/Objects-normal/arm64/NetworkingKit.swiftmodule -validate-clang-modules-once -clang-build-session-file /Users/wsig/Library/Developer/Xcode/DerivedData/ModuleCache.noindex/Session.modulevalidation -package-name leavncore -Xcc -I/Users/wsig/Library/Developer/Xcode/DerivedData/Leavn-gxbozqiuohwlcfgridtxzqzwunnz/Build/Intermediates.noindex/LeavnCore.build/Debug-iphonesimulator/NetworkingKit.build/swift-overrides.hmap -emit-const-values -Xfrontend -const-gather-protocols-file -Xfrontend /Users/wsig/Library/Developer/Xcode/DerivedData/Leavn-gxbozqiuohwlcfgridtxzqzwunnz/Build/Intermediates.noindex/LeavnCore.build/Debug-iphonesimulator/NetworkingKit.build/Objects-normal/arm64/NetworkingKit_const_extract_protocols.json -Xcc -I/Users/wsig/Library/Developer/Xcode/DerivedData/Leavn-gxbozqiuohwlcfgridtxzqzwunnz/Build/Products/Debug-iphonesimulator/include -Xcc -I/Users/wsig/Library/Developer/Xcode/DerivedData/Leavn-gxbozqiuohwlcfgridtxzqzwunnz/Build/Intermediates.noindex/LeavnCore.build/Debug-iphonesimulator/NetworkingKit.build/DerivedSources-normal/arm64 -Xcc -I/Users/wsig/Library/Developer/Xcode/DerivedData/Leavn-gxbozqiuohwlcfgridtxzqzwunnz/Build/Intermediates.noindex/LeavnCore.build/Debug-iphonesimulator/NetworkingKit.build/DerivedSources/arm64 -Xcc -I/Users/wsig/Library/Developer/Xcode/DerivedData/Leavn-gxbozqiuohwlcfgridtxzqzwunnz/Build/Intermediates.noindex/LeavnCore.build/Debug-iphonesimulator/NetworkingKit.build/DerivedSources -Xcc -DSWIFT_PACKAGE -Xcc -DDEBUG\=1 -emit-objc-header -emit-objc-header-path /Users/wsig/Library/Developer/Xcode/DerivedData/Leavn-gxbozqiuohwlcfgridtxzqzwunnz/Build/Intermediates.noindex/LeavnCore.build/Debug-iphonesimulator/NetworkingKit.build/Objects-normal/arm64/NetworkingKit-Swift.h -working-directory /Users/wsig/GitHub\ Builds/LeavnOfficial/Leavn.xcodeproj -experimental-emit-module-separately -disable-cmo

SwiftDriver\ Compilation AnalyticsKit normal arm64 com.apple.xcode.tools.swift.compiler (in target 'AnalyticsKit' from project 'LeavnCore')
    cd /Users/wsig/GitHub\ Builds/LeavnOfficial/Leavn.xcodeproj
    builtin-Swift-Compilation -- /Applications/Xcode-beta.app/Contents/Developer/Toolchains/XcodeDefault.xctoolchain/usr/bin/swiftc -module-name AnalyticsKit -Onone -enforce-exclusivity\=checked @/Users/wsig/Library/Developer/Xcode/DerivedData/Leavn-gxbozqiuohwlcfgridtxzqzwunnz/Build/Intermediates.noindex/LeavnCore.build/Debug-iphonesimulator/AnalyticsKit.build/Objects-normal/arm64/AnalyticsKit.SwiftFileList -DSWIFT_PACKAGE -DDEBUG -DSWIFT_MODULE_RESOURCE_BUNDLE_UNAVAILABLE -DXcode -plugin-path /Applications/Xcode-beta.app/Contents/Developer/Toolchains/XcodeDefault.xctoolchain/usr/lib/swift/host/plugins/testing -enable-experimental-feature DebugDescriptionMacro -sdk /Applications/Xcode-beta.app/Contents/Developer/Platforms/iPhoneSimulator.platform/Developer/SDKs/iPhoneSimulator26.0.sdk -target arm64-apple-ios18.0-simulator -g -module-cache-path /Users/wsig/Library/Developer/Xcode/DerivedData/ModuleCache.noindex -Xfrontend -serialize-debugging-options -profile-coverage-mapping -profile-generate -enable-testing -index-store-path /Users/wsig/Library/Developer/Xcode/DerivedData/Leavn-gxbozqiuohwlcfgridtxzqzwunnz/Index.noindex/DataStore -Xcc -D_LIBCPP_HARDENING_MODE\=_LIBCPP_HARDENING_MODE_DEBUG -swift-version 6 -I /Users/wsig/Library/Developer/Xcode/DerivedData/Leavn-gxbozqiuohwlcfgridtxzqzwunnz/Build/Products/Debug-iphonesimulator -Isystem /Applications/Xcode-beta.app/Contents/Developer/Platforms/iPhoneSimulator.platform/Developer/usr/lib -F /Users/wsig/Library/Developer/Xcode/DerivedData/Leavn-gxbozqiuohwlcfgridtxzqzwunnz/Build/Products/Debug-iphonesimulator/PackageFrameworks -F /Users/wsig/Library/Developer/Xcode/DerivedData/Leavn-gxbozqiuohwlcfgridtxzqzwunnz/Build/Products/Debug-iphonesimulator -F /Applications/Xcode-beta.app/Contents/Developer/Platforms/iPhoneSimulator.platform/Developer/Library/Frameworks -F /Applications/Xcode-beta.app/Contents/Developer/Platforms/iPhoneSimulator.platform/Developer/SDKs/iPhoneSimulator26.0.sdk/Developer/Library/Frameworks -parse-as-library -c -j12 -enable-batch-mode -incremental -Xcc -ivfsstatcache -Xcc /Users/wsig/Library/Developer/Xcode/DerivedData/SDKStatCaches.noindex/iphonesimulator26.0-23A5287e-fc862078e33f881139a9d2f83bd1a9d0.sdkstatcache -output-file-map /Users/wsig/Library/Developer/Xcode/DerivedData/Leavn-gxbozqiuohwlcfgridtxzqzwunnz/Build/Intermediates.noindex/LeavnCore.build/Debug-iphonesimulator/AnalyticsKit.build/Objects-normal/arm64/AnalyticsKit-OutputFileMap.json -use-frontend-parseable-output -save-temps -no-color-diagnostics -explicit-module-build -module-cache-path /Users/wsig/Library/Developer/Xcode/DerivedData/Leavn-gxbozqiuohwlcfgridtxzqzwunnz/Build/Intermediates.noindex/SwiftExplicitPrecompiledModules -clang-scanner-module-cache-path /Users/wsig/Library/Developer/Xcode/DerivedData/ModuleCache.noindex -sdk-module-cache-path /Users/wsig/Library/Developer/Xcode/DerivedData/ModuleCache.noindex -serialize-diagnostics -emit-dependencies -emit-module -emit-module-path /Users/wsig/Library/Developer/Xcode/DerivedData/Leavn-gxbozqiuohwlcfgridtxzqzwunnz/Build/Intermediates.noindex/LeavnCore.build/Debug-iphonesimulator/AnalyticsKit.build/Objects-normal/arm64/AnalyticsKit.swiftmodule -validate-clang-modules-once -clang-build-session-file /Users/wsig/Library/Developer/Xcode/DerivedData/ModuleCache.noindex/Session.modulevalidation -package-name leavncore -Xcc -I/Users/wsig/Library/Developer/Xcode/DerivedData/Leavn-gxbozqiuohwlcfgridtxzqzwunnz/Build/Intermediates.noindex/LeavnCore.build/Debug-iphonesimulator/AnalyticsKit.build/swift-overrides.hmap -emit-const-values -Xfrontend -const-gather-protocols-file -Xfrontend /Users/wsig/Library/Developer/Xcode/DerivedData/Leavn-gxbozqiuohwlcfgridtxzqzwunnz/Build/Intermediates.noindex/LeavnCore.build/Debug-iphonesimulator/AnalyticsKit.build/Objects-normal/arm64/AnalyticsKit_const_extract_protocols.json -Xcc -I/Users/wsig/Library/Developer/Xcode/DerivedData/Leavn-gxbozqiuohwlcfgridtxzqzwunnz/Build/Products/Debug-iphonesimulator/include -Xcc -I/Users/wsig/Library/Developer/Xcode/DerivedData/Leavn-gxbozqiuohwlcfgridtxzqzwunnz/Build/Intermediates.noindex/LeavnCore.build/Debug-iphonesimulator/AnalyticsKit.build/DerivedSources-normal/arm64 -Xcc -I/Users/wsig/Library/Developer/Xcode/DerivedData/Leavn-gxbozqiuohwlcfgridtxzqzwunnz/Build/Intermediates.noindex/LeavnCore.build/Debug-iphonesimulator/AnalyticsKit.build/DerivedSources/arm64 -Xcc -I/Users/wsig/Library/Developer/Xcode/DerivedData/Leavn-gxbozqiuohwlcfgridtxzqzwunnz/Build/Intermediates.noindex/LeavnCore.build/Debug-iphonesimulator/AnalyticsKit.build/DerivedSources -Xcc -DSWIFT_PACKAGE -Xcc -DDEBUG\=1 -emit-objc-header -emit-objc-header-path /Users/wsig/Library/Developer/Xcode/DerivedData/Leavn-gxbozqiuohwlcfgridtxzqzwunnz/Build/Intermediates.noindex/LeavnCore.build/Debug-iphonesimulator/AnalyticsKit.build/Objects-normal/arm64/AnalyticsKit-Swift.h -working-directory /Users/wsig/GitHub\ Builds/LeavnOfficial/Leavn.xcodeproj -experimental-emit-module-separately -disable-cmo

Copy /Users/wsig/Library/Developer/Xcode/DerivedData/Leavn-gxbozqiuohwlcfgridtxzqzwunnz/Build/Products/Debug-iphonesimulator/NetworkingKit.swiftmodule/arm64-apple-ios-simulator.swiftmodule /Users/wsig/Library/Developer/Xcode/DerivedData/Leavn-gxbozqiuohwlcfgridtxzqzwunnz/Build/Intermediates.noindex/LeavnCore.build/Debug-iphonesimulator/NetworkingKit.build/Objects-normal/arm64/NetworkingKit.swiftmodule (in target 'NetworkingKit' from project 'LeavnCore')
    cd /Users/wsig/GitHub\ Builds/LeavnOfficial/Core/LeavnCore
    builtin-copy -exclude .DS_Store -exclude CVS -exclude .svn -exclude .git -exclude .hg -resolve-src-symlinks -rename /Users/wsig/Library/Developer/Xcode/DerivedData/Leavn-gxbozqiuohwlcfgridtxzqzwunnz/Build/Intermediates.noindex/LeavnCore.build/Debug-iphonesimulator/NetworkingKit.build/Objects-normal/arm64/NetworkingKit.swiftmodule /Users/wsig/Library/Developer/Xcode/DerivedData/Leavn-gxbozqiuohwlcfgridtxzqzwunnz/Build/Products/Debug-iphonesimulator/NetworkingKit.swiftmodule/arm64-apple-ios-simulator.swiftmodule
error: lstat(/Users/wsig/Library/Developer/Xcode/DerivedData/Leavn-gxbozqiuohwlcfgridtxzqzwunnz/Build/Intermediates.noindex/LeavnCore.build/Debug-iphonesimulator/NetworkingKit.build/Objects-normal/arm64/NetworkingKit.swiftmodule): No such file or directory (2) (in target 'NetworkingKit' from project 'LeavnCore')

Copy /Users/wsig/Library/Developer/Xcode/DerivedData/Leavn-gxbozqiuohwlcfgridtxzqzwunnz/Build/Products/Debug-iphonesimulator/NetworkingKit.swiftmodule/arm64-apple-ios-simulator.abi.json /Users/wsig/Library/Developer/Xcode/DerivedData/Leavn-gxbozqiuohwlcfgridtxzqzwunnz/Build/Intermediates.noindex/LeavnCore.build/Debug-iphonesimulator/NetworkingKit.build/Objects-normal/arm64/NetworkingKit.abi.json (in target 'NetworkingKit' from project 'LeavnCore')
    cd /Users/wsig/GitHub\ Builds/LeavnOfficial/Core/LeavnCore
    builtin-copy -exclude .DS_Store -exclude CVS -exclude .svn -exclude .git -exclude .hg -resolve-src-symlinks -rename /Users/wsig/Library/Developer/Xcode/DerivedData/Leavn-gxbozqiuohwlcfgridtxzqzwunnz/Build/Intermediates.noindex/LeavnCore.build/Debug-iphonesimulator/NetworkingKit.build/Objects-normal/arm64/NetworkingKit.abi.json /Users/wsig/Library/Developer/Xcode/DerivedData/Leavn-gxbozqiuohwlcfgridtxzqzwunnz/Build/Products/Debug-iphonesimulator/NetworkingKit.swiftmodule/arm64-apple-ios-simulator.abi.json
error: lstat(/Users/wsig/Library/Developer/Xcode/DerivedData/Leavn-gxbozqiuohwlcfgridtxzqzwunnz/Build/Intermediates.noindex/LeavnCore.build/Debug-iphonesimulator/NetworkingKit.build/Objects-normal/arm64/NetworkingKit.abi.json): No such file or directory (2) (in target 'NetworkingKit' from project 'LeavnCore')

Copy /Users/wsig/Library/Developer/Xcode/DerivedData/Leavn-gxbozqiuohwlcfgridtxzqzwunnz/Build/Products/Debug-iphonesimulator/NetworkingKit.swiftmodule/Project/arm64-apple-ios-simulator.swiftsourceinfo /Users/wsig/Library/Developer/Xcode/DerivedData/Leavn-gxbozqiuohwlcfgridtxzqzwunnz/Build/Intermediates.noindex/LeavnCore.build/Debug-iphonesimulator/NetworkingKit.build/Objects-normal/arm64/NetworkingKit.swiftsourceinfo (in target 'NetworkingKit' from project 'LeavnCore')
    cd /Users/wsig/GitHub\ Builds/LeavnOfficial/Core/LeavnCore
    builtin-copy -exclude .DS_Store -exclude CVS -exclude .svn -exclude .git -exclude .hg -resolve-src-symlinks -rename /Users/wsig/Library/Developer/Xcode/DerivedData/Leavn-gxbozqiuohwlcfgridtxzqzwunnz/Build/Intermediates.noindex/LeavnCore.build/Debug-iphonesimulator/NetworkingKit.build/Objects-normal/arm64/NetworkingKit.swiftsourceinfo /Users/wsig/Library/Developer/Xcode/DerivedData/Leavn-gxbozqiuohwlcfgridtxzqzwunnz/Build/Products/Debug-iphonesimulator/NetworkingKit.swiftmodule/Project/arm64-apple-ios-simulator.swiftsourceinfo
error: lstat(/Users/wsig/Library/Developer/Xcode/DerivedData/Leavn-gxbozqiuohwlcfgridtxzqzwunnz/Build/Intermediates.noindex/LeavnCore.build/Debug-iphonesimulator/NetworkingKit.build/Objects-normal/arm64/NetworkingKit.swiftsourceinfo): No such file or directory (2) (in target 'NetworkingKit' from project 'LeavnCore')

Copy /Users/wsig/Library/Developer/Xcode/DerivedData/Leavn-gxbozqiuohwlcfgridtxzqzwunnz/Build/Products/Debug-iphonesimulator/NetworkingKit.swiftmodule/arm64-apple-ios-simulator.swiftdoc /Users/wsig/Library/Developer/Xcode/DerivedData/Leavn-gxbozqiuohwlcfgridtxzqzwunnz/Build/Intermediates.noindex/LeavnCore.build/Debug-iphonesimulator/NetworkingKit.build/Objects-normal/arm64/NetworkingKit.swiftdoc (in target 'NetworkingKit' from project 'LeavnCore')
    cd /Users/wsig/GitHub\ Builds/LeavnOfficial/Core/LeavnCore
    builtin-copy -exclude .DS_Store -exclude CVS -exclude .svn -exclude .git -exclude .hg -resolve-src-symlinks -rename /Users/wsig/Library/Developer/Xcode/DerivedData/Leavn-gxbozqiuohwlcfgridtxzqzwunnz/Build/Intermediates.noindex/LeavnCore.build/Debug-iphonesimulator/NetworkingKit.build/Objects-normal/arm64/NetworkingKit.swiftdoc /Users/wsig/Library/Developer/Xcode/DerivedData/Leavn-gxbozqiuohwlcfgridtxzqzwunnz/Build/Products/Debug-iphonesimulator/NetworkingKit.swiftmodule/arm64-apple-ios-simulator.swiftdoc
error: lstat(/Users/wsig/Library/Developer/Xcode/DerivedData/Leavn-gxbozqiuohwlcfgridtxzqzwunnz/Build/Intermediates.noindex/LeavnCore.build/Debug-iphonesimulator/NetworkingKit.build/Objects-normal/arm64/NetworkingKit.swiftdoc): No such file or directory (2) (in target 'NetworkingKit' from project 'LeavnCore')

Copy /Users/wsig/Library/Developer/Xcode/DerivedData/Leavn-gxbozqiuohwlcfgridtxzqzwunnz/Build/Products/Debug-iphonesimulator/AnalyticsKit.swiftmodule/arm64-apple-ios-simulator.swiftdoc /Users/wsig/Library/Developer/Xcode/DerivedData/Leavn-gxbozqiuohwlcfgridtxzqzwunnz/Build/Intermediates.noindex/LeavnCore.build/Debug-iphonesimulator/AnalyticsKit.build/Objects-normal/arm64/AnalyticsKit.swiftdoc (in target 'AnalyticsKit' from project 'LeavnCore')
    cd /Users/wsig/GitHub\ Builds/LeavnOfficial/Core/LeavnCore
    builtin-copy -exclude .DS_Store -exclude CVS -exclude .svn -exclude .git -exclude .hg -resolve-src-symlinks -rename /Users/wsig/Library/Developer/Xcode/DerivedData/Leavn-gxbozqiuohwlcfgridtxzqzwunnz/Build/Intermediates.noindex/LeavnCore.build/Debug-iphonesimulator/AnalyticsKit.build/Objects-normal/arm64/AnalyticsKit.swiftdoc /Users/wsig/Library/Developer/Xcode/DerivedData/Leavn-gxbozqiuohwlcfgridtxzqzwunnz/Build/Products/Debug-iphonesimulator/AnalyticsKit.swiftmodule/arm64-apple-ios-simulator.swiftdoc
error: lstat(/Users/wsig/Library/Developer/Xcode/DerivedData/Leavn-gxbozqiuohwlcfgridtxzqzwunnz/Build/Intermediates.noindex/LeavnCore.build/Debug-iphonesimulator/AnalyticsKit.build/Objects-normal/arm64/AnalyticsKit.swiftdoc): No such file or directory (2) (in target 'AnalyticsKit' from project 'LeavnCore')

Copy /Users/wsig/Library/Developer/Xcode/DerivedData/Leavn-gxbozqiuohwlcfgridtxzqzwunnz/Build/Products/Debug-iphonesimulator/AnalyticsKit.swiftmodule/arm64-apple-ios-simulator.swiftmodule /Users/wsig/Library/Developer/Xcode/DerivedData/Leavn-gxbozqiuohwlcfgridtxzqzwunnz/Build/Intermediates.noindex/LeavnCore.build/Debug-iphonesimulator/AnalyticsKit.build/Objects-normal/arm64/AnalyticsKit.swiftmodule (in target 'AnalyticsKit' from project 'LeavnCore')
    cd /Users/wsig/GitHub\ Builds/LeavnOfficial/Core/LeavnCore
    builtin-copy -exclude .DS_Store -exclude CVS -exclude .svn -exclude .git -exclude .hg -resolve-src-symlinks -rename /Users/wsig/Library/Developer/Xcode/DerivedData/Leavn-gxbozqiuohwlcfgridtxzqzwunnz/Build/Intermediates.noindex/LeavnCore.build/Debug-iphonesimulator/AnalyticsKit.build/Objects-normal/arm64/AnalyticsKit.swiftmodule /Users/wsig/Library/Developer/Xcode/DerivedData/Leavn-gxbozqiuohwlcfgridtxzqzwunnz/Build/Products/Debug-iphonesimulator/AnalyticsKit.swiftmodule/arm64-apple-ios-simulator.swiftmodule
error: lstat(/Users/wsig/Library/Developer/Xcode/DerivedData/Leavn-gxbozqiuohwlcfgridtxzqzwunnz/Build/Intermediates.noindex/LeavnCore.build/Debug-iphonesimulator/AnalyticsKit.build/Objects-normal/arm64/AnalyticsKit.swiftmodule): No such file or directory (2) (in target 'AnalyticsKit' from project 'LeavnCore')

Copy /Users/wsig/Library/Developer/Xcode/DerivedData/Leavn-gxbozqiuohwlcfgridtxzqzwunnz/Build/Products/Debug-iphonesimulator/AnalyticsKit.swiftmodule/arm64-apple-ios-simulator.abi.json /Users/wsig/Library/Developer/Xcode/DerivedData/Leavn-gxbozqiuohwlcfgridtxzqzwunnz/Build/Intermediates.noindex/LeavnCore.build/Debug-iphonesimulator/AnalyticsKit.build/Objects-normal/arm64/AnalyticsKit.abi.json (in target 'AnalyticsKit' from project 'LeavnCore')
    cd /Users/wsig/GitHub\ Builds/LeavnOfficial/Core/LeavnCore
    builtin-copy -exclude .DS_Store -exclude CVS -exclude .svn -exclude .git -exclude .hg -resolve-src-symlinks -rename /Users/wsig/Library/Developer/Xcode/DerivedData/Leavn-gxbozqiuohwlcfgridtxzqzwunnz/Build/Intermediates.noindex/LeavnCore.build/Debug-iphonesimulator/AnalyticsKit.build/Objects-normal/arm64/AnalyticsKit.abi.json /Users/wsig/Library/Developer/Xcode/DerivedData/Leavn-gxbozqiuohwlcfgridtxzqzwunnz/Build/Products/Debug-iphonesimulator/AnalyticsKit.swiftmodule/arm64-apple-ios-simulator.abi.json
error: lstat(/Users/wsig/Library/Developer/Xcode/DerivedData/Leavn-gxbozqiuohwlcfgridtxzqzwunnz/Build/Intermediates.noindex/LeavnCore.build/Debug-iphonesimulator/AnalyticsKit.build/Objects-normal/arm64/AnalyticsKit.abi.json): No such file or directory (2) (in target 'AnalyticsKit' from project 'LeavnCore')

Copy /Users/wsig/Library/Developer/Xcode/DerivedData/Leavn-gxbozqiuohwlcfgridtxzqzwunnz/Build/Products/Debug-iphonesimulator/AnalyticsKit.swiftmodule/Project/arm64-apple-ios-simulator.swiftsourceinfo /Users/wsig/Library/Developer/Xcode/DerivedData/Leavn-gxbozqiuohwlcfgridtxzqzwunnz/Build/Intermediates.noindex/LeavnCore.build/Debug-iphonesimulator/AnalyticsKit.build/Objects-normal/arm64/AnalyticsKit.swiftsourceinfo (in target 'AnalyticsKit' from project 'LeavnCore')
    cd /Users/wsig/GitHub\ Builds/LeavnOfficial/Core/LeavnCore
    builtin-copy -exclude .DS_Store -exclude CVS -exclude .svn -exclude .git -exclude .hg -resolve-src-symlinks -rename /Users/wsig/Library/Developer/Xcode/DerivedData/Leavn-gxbozqiuohwlcfgridtxzqzwunnz/Build/Intermediates.noindex/LeavnCore.build/Debug-iphonesimulator/AnalyticsKit.build/Objects-normal/arm64/AnalyticsKit.swiftsourceinfo /Users/wsig/Library/Developer/Xcode/DerivedData/Leavn-gxbozqiuohwlcfgridtxzqzwunnz/Build/Products/Debug-iphonesimulator/AnalyticsKit.swiftmodule/Project/arm64-apple-ios-simulator.swiftsourceinfo
error: lstat(/Users/wsig/Library/Developer/Xcode/DerivedData/Leavn-gxbozqiuohwlcfgridtxzqzwunnz/Build/Intermediates.noindex/LeavnCore.build/Debug-iphonesimulator/AnalyticsKit.build/Objects-normal/arm64/AnalyticsKit.swiftsourceinfo): No such file or directory (2) (in target 'AnalyticsKit' from project 'LeavnCore')

SwiftDriver\ Compilation\ Requirements PersistenceKit normal arm64 com.apple.xcode.tools.swift.compiler (in target 'PersistenceKit' from project 'LeavnCore')
    cd /Users/wsig/GitHub\ Builds/LeavnOfficial/Leavn.xcodeproj
    builtin-Swift-Compilation-Requirements -- /Applications/Xcode-beta.app/Contents/Developer/Toolchains/XcodeDefault.xctoolchain/usr/bin/swiftc -module-name PersistenceKit -Onone -enforce-exclusivity\=checked @/Users/wsig/Library/Developer/Xcode/DerivedData/Leavn-gxbozqiuohwlcfgridtxzqzwunnz/Build/Intermediates.noindex/LeavnCore.build/Debug-iphonesimulator/PersistenceKit.build/Objects-normal/arm64/PersistenceKit.SwiftFileList -DSWIFT_PACKAGE -DDEBUG -DSWIFT_MODULE_RESOURCE_BUNDLE_UNAVAILABLE -DXcode -plugin-path /Applications/Xcode-beta.app/Contents/Developer/Toolchains/XcodeDefault.xctoolchain/usr/lib/swift/host/plugins/testing -enable-experimental-feature DebugDescriptionMacro -sdk /Applications/Xcode-beta.app/Contents/Developer/Platforms/iPhoneSimulator.platform/Developer/SDKs/iPhoneSimulator26.0.sdk -target arm64-apple-ios18.0-simulator -g -module-cache-path /Users/wsig/Library/Developer/Xcode/DerivedData/ModuleCache.noindex -Xfrontend -serialize-debugging-options -profile-coverage-mapping -profile-generate -enable-testing -index-store-path /Users/wsig/Library/Developer/Xcode/DerivedData/Leavn-gxbozqiuohwlcfgridtxzqzwunnz/Index.noindex/DataStore -Xcc -D_LIBCPP_HARDENING_MODE\=_LIBCPP_HARDENING_MODE_DEBUG -swift-version 6 -I /Users/wsig/Library/Developer/Xcode/DerivedData/Leavn-gxbozqiuohwlcfgridtxzqzwunnz/Build/Products/Debug-iphonesimulator -Isystem /Applications/Xcode-beta.app/Contents/Developer/Platforms/iPhoneSimulator.platform/Developer/usr/lib -F /Users/wsig/Library/Developer/Xcode/DerivedData/Leavn-gxbozqiuohwlcfgridtxzqzwunnz/Build/Products/Debug-iphonesimulator/PackageFrameworks -F /Users/wsig/Library/Developer/Xcode/DerivedData/Leavn-gxbozqiuohwlcfgridtxzqzwunnz/Build/Products/Debug-iphonesimulator/PackageFrameworks -F /Users/wsig/Library/Developer/Xcode/DerivedData/Leavn-gxbozqiuohwlcfgridtxzqzwunnz/Build/Products/Debug-iphonesimulator -F /Applications/Xcode-beta.app/Contents/Developer/Platforms/iPhoneSimulator.platform/Developer/Library/Frameworks -F /Applications/Xcode-beta.app/Contents/Developer/Platforms/iPhoneSimulator.platform/Developer/SDKs/iPhoneSimulator26.0.sdk/Developer/Library/Frameworks -c -j12 -enable-batch-mode -incremental -Xcc -ivfsstatcache -Xcc /Users/wsig/Library/Developer/Xcode/DerivedData/SDKStatCaches.noindex/iphonesimulator26.0-23A5287e-fc862078e33f881139a9d2f83bd1a9d0.sdkstatcache -output-file-map /Users/wsig/Library/Developer/Xcode/DerivedData/Leavn-gxbozqiuohwlcfgridtxzqzwunnz/Build/Intermediates.noindex/LeavnCore.build/Debug-iphonesimulator/PersistenceKit.build/Objects-normal/arm64/PersistenceKit-OutputFileMap.json -use-frontend-parseable-output -save-temps -no-color-diagnostics -explicit-module-build -module-cache-path /Users/wsig/Library/Developer/Xcode/DerivedData/Leavn-gxbozqiuohwlcfgridtxzqzwunnz/Build/Intermediates.noindex/SwiftExplicitPrecompiledModules -clang-scanner-module-cache-path /Users/wsig/Library/Developer/Xcode/DerivedData/ModuleCache.noindex -sdk-module-cache-path /Users/wsig/Library/Developer/Xcode/DerivedData/ModuleCache.noindex -serialize-diagnostics -emit-dependencies -emit-module -emit-module-path /Users/wsig/Library/Developer/Xcode/DerivedData/Leavn-gxbozqiuohwlcfgridtxzqzwunnz/Build/Intermediates.noindex/LeavnCore.build/Debug-iphonesimulator/PersistenceKit.build/Objects-normal/arm64/PersistenceKit.swiftmodule -validate-clang-modules-once -clang-build-session-file /Users/wsig/Library/Developer/Xcode/DerivedData/ModuleCache.noindex/Session.modulevalidation -package-name leavncore -Xcc -I/Users/wsig/Library/Developer/Xcode/DerivedData/Leavn-gxbozqiuohwlcfgridtxzqzwunnz/Build/Intermediates.noindex/LeavnCore.build/Debug-iphonesimulator/PersistenceKit.build/swift-overrides.hmap -emit-const-values -Xfrontend -const-gather-protocols-file -Xfrontend /Users/wsig/Library/Developer/Xcode/DerivedData/Leavn-gxbozqiuohwlcfgridtxzqzwunnz/Build/Intermediates.noindex/LeavnCore.build/Debug-iphonesimulator/PersistenceKit.build/Objects-normal/arm64/PersistenceKit_const_extract_protocols.json -Xcc -I/Users/wsig/Library/Developer/Xcode/DerivedData/Leavn-gxbozqiuohwlcfgridtxzqzwunnz/Build/Products/Debug-iphonesimulator/include -Xcc -I/Users/wsig/Library/Developer/Xcode/DerivedData/Leavn-gxbozqiuohwlcfgridtxzqzwunnz/Build/Intermediates.noindex/LeavnCore.build/Debug-iphonesimulator/PersistenceKit.build/DerivedSources-normal/arm64 -Xcc -I/Users/wsig/Library/Developer/Xcode/DerivedData/Leavn-gxbozqiuohwlcfgridtxzqzwunnz/Build/Intermediates.noindex/LeavnCore.build/Debug-iphonesimulator/PersistenceKit.build/DerivedSources/arm64 -Xcc -I/Users/wsig/Library/Developer/Xcode/DerivedData/Leavn-gxbozqiuohwlcfgridtxzqzwunnz/Build/Intermediates.noindex/LeavnCore.build/Debug-iphonesimulator/PersistenceKit.build/DerivedSources -Xcc -DSWIFT_PACKAGE -Xcc -DDEBUG\=1 -emit-objc-header -emit-objc-header-path /Users/wsig/Library/Developer/Xcode/DerivedData/Leavn-gxbozqiuohwlcfgridtxzqzwunnz/Build/Intermediates.noindex/LeavnCore.build/Debug-iphonesimulator/PersistenceKit.build/Objects-normal/arm64/PersistenceKit-Swift.h -working-directory /Users/wsig/GitHub\ Builds/LeavnOfficial/Leavn.xcodeproj -experimental-emit-module-separately -disable-cmo

SwiftDriver\ Compilation PersistenceKit normal arm64 com.apple.xcode.tools.swift.compiler (in target 'PersistenceKit' from project 'LeavnCore')
    cd /Users/wsig/GitHub\ Builds/LeavnOfficial/Leavn.xcodeproj
    builtin-Swift-Compilation -- /Applications/Xcode-beta.app/Contents/Developer/Toolchains/XcodeDefault.xctoolchain/usr/bin/swiftc -module-name PersistenceKit -Onone -enforce-exclusivity\=checked @/Users/wsig/Library/Developer/Xcode/DerivedData/Leavn-gxbozqiuohwlcfgridtxzqzwunnz/Build/Intermediates.noindex/LeavnCore.build/Debug-iphonesimulator/PersistenceKit.build/Objects-normal/arm64/PersistenceKit.SwiftFileList -DSWIFT_PACKAGE -DDEBUG -DSWIFT_MODULE_RESOURCE_BUNDLE_UNAVAILABLE -DXcode -plugin-path /Applications/Xcode-beta.app/Contents/Developer/Toolchains/XcodeDefault.xctoolchain/usr/lib/swift/host/plugins/testing -enable-experimental-feature DebugDescriptionMacro -sdk /Applications/Xcode-beta.app/Contents/Developer/Platforms/iPhoneSimulator.platform/Developer/SDKs/iPhoneSimulator26.0.sdk -target arm64-apple-ios18.0-simulator -g -module-cache-path /Users/wsig/Library/Developer/Xcode/DerivedData/ModuleCache.noindex -Xfrontend -serialize-debugging-options -profile-coverage-mapping -profile-generate -enable-testing -index-store-path /Users/wsig/Library/Developer/Xcode/DerivedData/Leavn-gxbozqiuohwlcfgridtxzqzwunnz/Index.noindex/DataStore -Xcc -D_LIBCPP_HARDENING_MODE\=_LIBCPP_HARDENING_MODE_DEBUG -swift-version 6 -I /Users/wsig/Library/Developer/Xcode/DerivedData/Leavn-gxbozqiuohwlcfgridtxzqzwunnz/Build/Products/Debug-iphonesimulator -Isystem /Applications/Xcode-beta.app/Contents/Developer/Platforms/iPhoneSimulator.platform/Developer/usr/lib -F /Users/wsig/Library/Developer/Xcode/DerivedData/Leavn-gxbozqiuohwlcfgridtxzqzwunnz/Build/Products/Debug-iphonesimulator/PackageFrameworks -F /Users/wsig/Library/Developer/Xcode/DerivedData/Leavn-gxbozqiuohwlcfgridtxzqzwunnz/Build/Products/Debug-iphonesimulator/PackageFrameworks -F /Users/wsig/Library/Developer/Xcode/DerivedData/Leavn-gxbozqiuohwlcfgridtxzqzwunnz/Build/Products/Debug-iphonesimulator -F /Applications/Xcode-beta.app/Contents/Developer/Platforms/iPhoneSimulator.platform/Developer/Library/Frameworks -F /Applications/Xcode-beta.app/Contents/Developer/Platforms/iPhoneSimulator.platform/Developer/SDKs/iPhoneSimulator26.0.sdk/Developer/Library/Frameworks -c -j12 -enable-batch-mode -incremental -Xcc -ivfsstatcache -Xcc /Users/wsig/Library/Developer/Xcode/DerivedData/SDKStatCaches.noindex/iphonesimulator26.0-23A5287e-fc862078e33f881139a9d2f83bd1a9d0.sdkstatcache -output-file-map /Users/wsig/Library/Developer/Xcode/DerivedData/Leavn-gxbozqiuohwlcfgridtxzqzwunnz/Build/Intermediates.noindex/LeavnCore.build/Debug-iphonesimulator/PersistenceKit.build/Objects-normal/arm64/PersistenceKit-OutputFileMap.json -use-frontend-parseable-output -save-temps -no-color-diagnostics -explicit-module-build -module-cache-path /Users/wsig/Library/Developer/Xcode/DerivedData/Leavn-gxbozqiuohwlcfgridtxzqzwunnz/Build/Intermediates.noindex/SwiftExplicitPrecompiledModules -clang-scanner-module-cache-path /Users/wsig/Library/Developer/Xcode/DerivedData/ModuleCache.noindex -sdk-module-cache-path /Users/wsig/Library/Developer/Xcode/DerivedData/ModuleCache.noindex -serialize-diagnostics -emit-dependencies -emit-module -emit-module-path /Users/wsig/Library/Developer/Xcode/DerivedData/Leavn-gxbozqiuohwlcfgridtxzqzwunnz/Build/Intermediates.noindex/LeavnCore.build/Debug-iphonesimulator/PersistenceKit.build/Objects-normal/arm64/PersistenceKit.swiftmodule -validate-clang-modules-once -clang-build-session-file /Users/wsig/Library/Developer/Xcode/DerivedData/ModuleCache.noindex/Session.modulevalidation -package-name leavncore -Xcc -I/Users/wsig/Library/Developer/Xcode/DerivedData/Leavn-gxbozqiuohwlcfgridtxzqzwunnz/Build/Intermediates.noindex/LeavnCore.build/Debug-iphonesimulator/PersistenceKit.build/swift-overrides.hmap -emit-const-values -Xfrontend -const-gather-protocols-file -Xfrontend /Users/wsig/Library/Developer/Xcode/DerivedData/Leavn-gxbozqiuohwlcfgridtxzqzwunnz/Build/Intermediates.noindex/LeavnCore.build/Debug-iphonesimulator/PersistenceKit.build/Objects-normal/arm64/PersistenceKit_const_extract_protocols.json -Xcc -I/Users/wsig/Library/Developer/Xcode/DerivedData/Leavn-gxbozqiuohwlcfgridtxzqzwunnz/Build/Products/Debug-iphonesimulator/include -Xcc -I/Users/wsig/Library/Developer/Xcode/DerivedData/Leavn-gxbozqiuohwlcfgridtxzqzwunnz/Build/Intermediates.noindex/LeavnCore.build/Debug-iphonesimulator/PersistenceKit.build/DerivedSources-normal/arm64 -Xcc -I/Users/wsig/Library/Developer/Xcode/DerivedData/Leavn-gxbozqiuohwlcfgridtxzqzwunnz/Build/Intermediates.noindex/LeavnCore.build/Debug-iphonesimulator/PersistenceKit.build/DerivedSources/arm64 -Xcc -I/Users/wsig/Library/Developer/Xcode/DerivedData/Leavn-gxbozqiuohwlcfgridtxzqzwunnz/Build/Intermediates.noindex/LeavnCore.build/Debug-iphonesimulator/PersistenceKit.build/DerivedSources -Xcc -DSWIFT_PACKAGE -Xcc -DDEBUG\=1 -emit-objc-header -emit-objc-header-path /Users/wsig/Library/Developer/Xcode/DerivedData/Leavn-gxbozqiuohwlcfgridtxzqzwunnz/Build/Intermediates.noindex/LeavnCore.build/Debug-iphonesimulator/PersistenceKit.build/Objects-normal/arm64/PersistenceKit-Swift.h -working-directory /Users/wsig/GitHub\ Builds/LeavnOfficial/Leavn.xcodeproj -experimental-emit-module-separately -disable-cmo

Copy /Users/wsig/Library/Developer/Xcode/DerivedData/Leavn-gxbozqiuohwlcfgridtxzqzwunnz/Build/Products/Debug-iphonesimulator/PersistenceKit.swiftmodule/arm64-apple-ios-simulator.swiftmodule /Users/wsig/Library/Developer/Xcode/DerivedData/Leavn-gxbozqiuohwlcfgridtxzqzwunnz/Build/Intermediates.noindex/LeavnCore.build/Debug-iphonesimulator/PersistenceKit.build/Objects-normal/arm64/PersistenceKit.swiftmodule (in target 'PersistenceKit' from project 'LeavnCore')
    cd /Users/wsig/GitHub\ Builds/LeavnOfficial/Core/LeavnCore
    builtin-copy -exclude .DS_Store -exclude CVS -exclude .svn -exclude .git -exclude .hg -resolve-src-symlinks -rename /Users/wsig/Library/Developer/Xcode/DerivedData/Leavn-gxbozqiuohwlcfgridtxzqzwunnz/Build/Intermediates.noindex/LeavnCore.build/Debug-iphonesimulator/PersistenceKit.build/Objects-normal/arm64/PersistenceKit.swiftmodule /Users/wsig/Library/Developer/Xcode/DerivedData/Leavn-gxbozqiuohwlcfgridtxzqzwunnz/Build/Products/Debug-iphonesimulator/PersistenceKit.swiftmodule/arm64-apple-ios-simulator.swiftmodule
error: lstat(/Users/wsig/Library/Developer/Xcode/DerivedData/Leavn-gxbozqiuohwlcfgridtxzqzwunnz/Build/Intermediates.noindex/LeavnCore.build/Debug-iphonesimulator/PersistenceKit.build/Objects-normal/arm64/PersistenceKit.swiftmodule): No such file or directory (2) (in target 'PersistenceKit' from project 'LeavnCore')

Copy /Users/wsig/Library/Developer/Xcode/DerivedData/Leavn-gxbozqiuohwlcfgridtxzqzwunnz/Build/Products/Debug-iphonesimulator/PersistenceKit.swiftmodule/arm64-apple-ios-simulator.swiftdoc /Users/wsig/Library/Developer/Xcode/DerivedData/Leavn-gxbozqiuohwlcfgridtxzqzwunnz/Build/Intermediates.noindex/LeavnCore.build/Debug-iphonesimulator/PersistenceKit.build/Objects-normal/arm64/PersistenceKit.swiftdoc (in target 'PersistenceKit' from project 'LeavnCore')
    cd /Users/wsig/GitHub\ Builds/LeavnOfficial/Core/LeavnCore
    builtin-copy -exclude .DS_Store -exclude CVS -exclude .svn -exclude .git -exclude .hg -resolve-src-symlinks -rename /Users/wsig/Library/Developer/Xcode/DerivedData/Leavn-gxbozqiuohwlcfgridtxzqzwunnz/Build/Intermediates.noindex/LeavnCore.build/Debug-iphonesimulator/PersistenceKit.build/Objects-normal/arm64/PersistenceKit.swiftdoc /Users/wsig/Library/Developer/Xcode/DerivedData/Leavn-gxbozqiuohwlcfgridtxzqzwunnz/Build/Products/Debug-iphonesimulator/PersistenceKit.swiftmodule/arm64-apple-ios-simulator.swiftdoc
error: lstat(/Users/wsig/Library/Developer/Xcode/DerivedData/Leavn-gxbozqiuohwlcfgridtxzqzwunnz/Build/Intermediates.noindex/LeavnCore.build/Debug-iphonesimulator/PersistenceKit.build/Objects-normal/arm64/PersistenceKit.swiftdoc): No such file or directory (2) (in target 'PersistenceKit' from project 'LeavnCore')

Copy /Users/wsig/Library/Developer/Xcode/DerivedData/Leavn-gxbozqiuohwlcfgridtxzqzwunnz/Build/Products/Debug-iphonesimulator/PersistenceKit.swiftmodule/arm64-apple-ios-simulator.abi.json /Users/wsig/Library/Developer/Xcode/DerivedData/Leavn-gxbozqiuohwlcfgridtxzqzwunnz/Build/Intermediates.noindex/LeavnCore.build/Debug-iphonesimulator/PersistenceKit.build/Objects-normal/arm64/PersistenceKit.abi.json (in target 'PersistenceKit' from project 'LeavnCore')
    cd /Users/wsig/GitHub\ Builds/LeavnOfficial/Core/LeavnCore
    builtin-copy -exclude .DS_Store -exclude CVS -exclude .svn -exclude .git -exclude .hg -resolve-src-symlinks -rename /Users/wsig/Library/Developer/Xcode/DerivedData/Leavn-gxbozqiuohwlcfgridtxzqzwunnz/Build/Intermediates.noindex/LeavnCore.build/Debug-iphonesimulator/PersistenceKit.build/Objects-normal/arm64/PersistenceKit.abi.json /Users/wsig/Library/Developer/Xcode/DerivedData/Leavn-gxbozqiuohwlcfgridtxzqzwunnz/Build/Products/Debug-iphonesimulator/PersistenceKit.swiftmodule/arm64-apple-ios-simulator.abi.json
error: lstat(/Users/wsig/Library/Developer/Xcode/DerivedData/Leavn-gxbozqiuohwlcfgridtxzqzwunnz/Build/Intermediates.noindex/LeavnCore.build/Debug-iphonesimulator/PersistenceKit.build/Objects-normal/arm64/PersistenceKit.abi.json): No such file or directory (2) (in target 'PersistenceKit' from project 'LeavnCore')

Copy /Users/wsig/Library/Developer/Xcode/DerivedData/Leavn-gxbozqiuohwlcfgridtxzqzwunnz/Build/Products/Debug-iphonesimulator/PersistenceKit.swiftmodule/Project/arm64-apple-ios-simulator.swiftsourceinfo /Users/wsig/Library/Developer/Xcode/DerivedData/Leavn-gxbozqiuohwlcfgridtxzqzwunnz/Build/Intermediates.noindex/LeavnCore.build/Debug-iphonesimulator/PersistenceKit.build/Objects-normal/arm64/PersistenceKit.swiftsourceinfo (in target 'PersistenceKit' from project 'LeavnCore')
    cd /Users/wsig/GitHub\ Builds/LeavnOfficial/Core/LeavnCore
    builtin-copy -exclude .DS_Store -exclude CVS -exclude .svn -exclude .git -exclude .hg -resolve-src-symlinks -rename /Users/wsig/Library/Developer/Xcode/DerivedData/Leavn-gxbozqiuohwlcfgridtxzqzwunnz/Build/Intermediates.noindex/LeavnCore.build/Debug-iphonesimulator/PersistenceKit.build/Objects-normal/arm64/PersistenceKit.swiftsourceinfo /Users/wsig/Library/Developer/Xcode/DerivedData/Leavn-gxbozqiuohwlcfgridtxzqzwunnz/Build/Products/Debug-iphonesimulator/PersistenceKit.swiftmodule/Project/arm64-apple-ios-simulator.swiftsourceinfo
error: lstat(/Users/wsig/Library/Developer/Xcode/DerivedData/Leavn-gxbozqiuohwlcfgridtxzqzwunnz/Build/Intermediates.noindex/LeavnCore.build/Debug-iphonesimulator/PersistenceKit.build/Objects-normal/arm64/PersistenceKit.swiftsourceinfo): No such file or directory (2) (in target 'PersistenceKit' from project 'LeavnCore')

SwiftDriver LeavnServices normal arm64 com.apple.xcode.tools.swift.compiler (in target 'LeavnServices' from project 'LeavnCore')
    cd /Users/wsig/GitHub\ Builds/LeavnOfficial/Leavn.xcodeproj
    builtin-SwiftDriver -- /Applications/Xcode-beta.app/Contents/Developer/Toolchains/XcodeDefault.xctoolchain/usr/bin/swiftc -module-name LeavnServices -Onone -enforce-exclusivity\=checked @/Users/wsig/Library/Developer/Xcode/DerivedData/Leavn-gxbozqiuohwlcfgridtxzqzwunnz/Build/Intermediates.noindex/LeavnCore.build/Debug-iphonesimulator/LeavnServices.build/Objects-normal/arm64/LeavnServices.SwiftFileList -DSWIFT_PACKAGE -DDEBUG -DSWIFT_MODULE_RESOURCE_BUNDLE_AVAILABLE -DXcode -plugin-path /Applications/Xcode-beta.app/Contents/Developer/Toolchains/XcodeDefault.xctoolchain/usr/lib/swift/host/plugins/testing -enable-experimental-feature DebugDescriptionMacro -sdk /Applications/Xcode-beta.app/Contents/Developer/Platforms/iPhoneSimulator.platform/Developer/SDKs/iPhoneSimulator26.0.sdk -target arm64-apple-ios18.0-simulator -g -module-cache-path /Users/wsig/Library/Developer/Xcode/DerivedData/ModuleCache.noindex -Xfrontend -serialize-debugging-options -profile-coverage-mapping -profile-generate -enable-testing -index-store-path /Users/wsig/Library/Developer/Xcode/DerivedData/Leavn-gxbozqiuohwlcfgridtxzqzwunnz/Index.noindex/DataStore -Xcc -D_LIBCPP_HARDENING_MODE\=_LIBCPP_HARDENING_MODE_DEBUG -swift-version 6 -I /Users/wsig/Library/Developer/Xcode/DerivedData/Leavn-gxbozqiuohwlcfgridtxzqzwunnz/Build/Products/Debug-iphonesimulator -Isystem /Applications/Xcode-beta.app/Contents/Developer/Platforms/iPhoneSimulator.platform/Developer/usr/lib -F /Users/wsig/Library/Developer/Xcode/DerivedData/Leavn-gxbozqiuohwlcfgridtxzqzwunnz/Build/Products/Debug-iphonesimulator/PackageFrameworks -F /Users/wsig/Library/Developer/Xcode/DerivedData/Leavn-gxbozqiuohwlcfgridtxzqzwunnz/Build/Products/Debug-iphonesimulator/PackageFrameworks -F /Users/wsig/Library/Developer/Xcode/DerivedData/Leavn-gxbozqiuohwlcfgridtxzqzwunnz/Build/Products/Debug-iphonesimulator/PackageFrameworks -F /Users/wsig/Library/Developer/Xcode/DerivedData/Leavn-gxbozqiuohwlcfgridtxzqzwunnz/Build/Products/Debug-iphonesimulator/PackageFrameworks -F /Users/wsig/Library/Developer/Xcode/DerivedData/Leavn-gxbozqiuohwlcfgridtxzqzwunnz/Build/Products/Debug-iphonesimulator/PackageFrameworks -F /Users/wsig/Library/Developer/Xcode/DerivedData/Leavn-gxbozqiuohwlcfgridtxzqzwunnz/Build/Products/Debug-iphonesimulator/PackageFrameworks -F /Users/wsig/Library/Developer/Xcode/DerivedData/Leavn-gxbozqiuohwlcfgridtxzqzwunnz/Build/Products/Debug-iphonesimulator/PackageFrameworks -F /Users/wsig/Library/Developer/Xcode/DerivedData/Leavn-gxbozqiuohwlcfgridtxzqzwunnz/Build/Products/Debug-iphonesimulator -F /Applications/Xcode-beta.app/Contents/Developer/Platforms/iPhoneSimulator.platform/Developer/Library/Frameworks -F /Applications/Xcode-beta.app/Contents/Developer/Platforms/iPhoneSimulator.platform/Developer/SDKs/iPhoneSimulator26.0.sdk/Developer/Library/Frameworks -c -j12 -enable-batch-mode -incremental -Xcc -ivfsstatcache -Xcc /Users/wsig/Library/Developer/Xcode/DerivedData/SDKStatCaches.noindex/iphonesimulator26.0-23A5287e-fc862078e33f881139a9d2f83bd1a9d0.sdkstatcache -output-file-map /Users/wsig/Library/Developer/Xcode/DerivedData/Leavn-gxbozqiuohwlcfgridtxzqzwunnz/Build/Intermediates.noindex/LeavnCore.build/Debug-iphonesimulator/LeavnServices.build/Objects-normal/arm64/LeavnServices-OutputFileMap.json -use-frontend-parseable-output -save-temps -no-color-diagnostics -explicit-module-build -module-cache-path /Users/wsig/Library/Developer/Xcode/DerivedData/Leavn-gxbozqiuohwlcfgridtxzqzwunnz/Build/Intermediates.noindex/SwiftExplicitPrecompiledModules -clang-scanner-module-cache-path /Users/wsig/Library/Developer/Xcode/DerivedData/ModuleCache.noindex -sdk-module-cache-path /Users/wsig/Library/Developer/Xcode/DerivedData/ModuleCache.noindex -serialize-diagnostics -emit-dependencies -emit-module -emit-module-path /Users/wsig/Library/Developer/Xcode/DerivedData/Leavn-gxbozqiuohwlcfgridtxzqzwunnz/Build/Intermediates.noindex/LeavnCore.build/Debug-iphonesimulator/LeavnServices.build/Objects-normal/arm64/LeavnServices.swiftmodule -validate-clang-modules-once -clang-build-session-file /Users/wsig/Library/Developer/Xcode/DerivedData/ModuleCache.noindex/Session.modulevalidation -package-name leavncore -Xcc -I/Users/wsig/Library/Developer/Xcode/DerivedData/Leavn-gxbozqiuohwlcfgridtxzqzwunnz/Build/Intermediates.noindex/LeavnCore.build/Debug-iphonesimulator/LeavnServices.build/swift-overrides.hmap -emit-const-values -Xfrontend -const-gather-protocols-file -Xfrontend /Users/wsig/Library/Developer/Xcode/DerivedData/Leavn-gxbozqiuohwlcfgridtxzqzwunnz/Build/Intermediates.noindex/LeavnCore.build/Debug-iphonesimulator/LeavnServices.build/Objects-normal/arm64/LeavnServices_const_extract_protocols.json -Xcc -I/Users/wsig/Library/Developer/Xcode/DerivedData/Leavn-gxbozqiuohwlcfgridtxzqzwunnz/Build/Products/Debug-iphonesimulator/include -Xcc -I/Users/wsig/Library/Developer/Xcode/DerivedData/Leavn-gxbozqiuohwlcfgridtxzqzwunnz/Build/Intermediates.noindex/LeavnCore.build/Debug-iphonesimulator/LeavnServices.build/DerivedSources-normal/arm64 -Xcc -I/Users/wsig/Library/Developer/Xcode/DerivedData/Leavn-gxbozqiuohwlcfgridtxzqzwunnz/Build/Intermediates.noindex/LeavnCore.build/Debug-iphonesimulator/LeavnServices.build/DerivedSources/arm64 -Xcc -I/Users/wsig/Library/Developer/Xcode/DerivedData/Leavn-gxbozqiuohwlcfgridtxzqzwunnz/Build/Intermediates.noindex/LeavnCore.build/Debug-iphonesimulator/LeavnServices.build/DerivedSources -Xcc -DSWIFT_PACKAGE -Xcc -DDEBUG\=1 -emit-objc-header -emit-objc-header-path /Users/wsig/Library/Developer/Xcode/DerivedData/Leavn-gxbozqiuohwlcfgridtxzqzwunnz/Build/Intermediates.noindex/LeavnCore.build/Debug-iphonesimulator/LeavnServices.build/Objects-normal/arm64/LeavnServices-Swift.h -working-directory /Users/wsig/GitHub\ Builds/LeavnOfficial/Leavn.xcodeproj -experimental-emit-module-separately -disable-cmo
/Users/wsig/GitHub Builds/LeavnOfficial/Core/LeavnCore/Sources/LeavnServices/DIContainer.swift:3:8: error: Unable to find module dependency: 'LeavnCore'
import LeavnCore
       ^ (in target 'LeavnServices' from project 'LeavnCore')
/Users/wsig/GitHub Builds/LeavnOfficial/Core/LeavnCore/Sources/LeavnServices/DIContainer.swift:3:8: note: A dependency of main module 'LeavnServices'
import LeavnCore
       ^ (in target 'LeavnServices' from project 'LeavnCore')
/Users/wsig/GitHub Builds/LeavnOfficial/Core/LeavnCore/Sources/LeavnServices/Mocks/MockServices.swift:3:8: note: Also imported here
import LeavnCore
       ^ (in target 'LeavnServices' from project 'LeavnCore')
/Users/wsig/GitHub Builds/LeavnOfficial/Core/LeavnCore/Sources/LeavnServices/Services/AudioPlayerViewModel.swift:3:8: note: Also imported here
import LeavnCore
       ^ (in target 'LeavnServices' from project 'LeavnCore')
/Users/wsig/GitHub Builds/LeavnOfficial/Core/LeavnCore/Sources/LeavnServices/Services/AudioService.swift:4:8: note: Also imported here
import LeavnCore
       ^ (in target 'LeavnServices' from project 'LeavnCore')
/Users/wsig/GitHub Builds/LeavnOfficial/Core/LeavnCore/Sources/LeavnServices/Services/AuthenticationService.swift:2:8: note: Also imported here
import LeavnCore
       ^ (in target 'LeavnServices' from project 'LeavnCore')
/Users/wsig/GitHub Builds/LeavnOfficial/Core/LeavnCore/Sources/LeavnServices/Services/BibleCacheManager.swift:3:8: note: Also imported here
import LeavnCore
       ^ (in target 'LeavnServices' from project 'LeavnCore')
/Users/wsig/GitHub Builds/LeavnOfficial/Core/LeavnCore/Sources/LeavnServices/Services/BibleService.swift:2:8: note: Also imported here
import LeavnCore
       ^ (in target 'LeavnServices' from project 'LeavnCore')
/Users/wsig/GitHub Builds/LeavnOfficial/Core/LeavnCore/Sources/LeavnServices/Services/BibleServiceConfiguration.swift:3:8: note: Also imported here
import LeavnCore
       ^ (in target 'LeavnServices' from project 'LeavnCore')
/Users/wsig/GitHub Builds/LeavnOfficial/Core/LeavnCore/Sources/LeavnServices/Services/ElevenLabsService.swift:3:8: note: Also imported here
import LeavnCore
       ^ (in target 'LeavnServices' from project 'LeavnCore')
/Users/wsig/GitHub Builds/LeavnOfficial/Core/LeavnCore/Sources/LeavnServices/Services/VerseNarrationService.swift:3:8: note: Also imported here
import LeavnCore
       ^ (in target 'LeavnServices' from project 'LeavnCore')
/Users/wsig/GitHub Builds/LeavnOfficial/Core/LeavnCore/Sources/LeavnServices/Services/VoiceConfigurationService.swift:3:8: note: Also imported here
import LeavnCore
       ^ (in target 'LeavnServices' from project 'LeavnCore')
/Users/wsig/GitHub Builds/LeavnOfficial/Core/LeavnCore/Sources/LeavnServices/DIContainer.swift:4:8: error: Unable to find module dependency: 'PersistenceKit'
import PersistenceKit
       ^ (in target 'LeavnServices' from project 'LeavnCore')
/Users/wsig/GitHub Builds/LeavnOfficial/Core/LeavnCore/Sources/LeavnServices/DIContainer.swift:4:8: note: A dependency of main module 'LeavnServices'
import PersistenceKit
       ^ (in target 'LeavnServices' from project 'LeavnCore')
/Users/wsig/GitHub Builds/LeavnOfficial/Core/LeavnCore/Sources/LeavnServices/Services/AuthenticationService.swift:4:8: note: Also imported here
import PersistenceKit
       ^ (in target 'LeavnServices' from project 'LeavnCore')
/Users/wsig/GitHub Builds/LeavnOfficial/Core/LeavnCore/Sources/LeavnServices/Services/AuthenticationService.swift:3:8: error: Unable to find module dependency: 'NetworkingKit'
import NetworkingKit
       ^ (in target 'LeavnServices' from project 'LeavnCore')
/Users/wsig/GitHub Builds/LeavnOfficial/Core/LeavnCore/Sources/LeavnServices/Services/AuthenticationService.swift:3:8: note: A dependency of main module 'LeavnServices'
import NetworkingKit
       ^ (in target 'LeavnServices' from project 'LeavnCore')
/Users/wsig/GitHub Builds/LeavnOfficial/Core/LeavnCore/Sources/LeavnServices/Services/BibleService.swift:3:8: note: Also imported here
import NetworkingKit
       ^ (in target 'LeavnServices' from project 'LeavnCore')
/Users/wsig/GitHub Builds/LeavnOfficial/Core/LeavnCore/Sources/LeavnServices/Services/ElevenLabsService.swift:4:8: note: Also imported here
import NetworkingKit
       ^ (in target 'LeavnServices' from project 'LeavnCore')
/Users/wsig/GitHub Builds/LeavnOfficial/Core/LeavnCore/Sources/LeavnServices/Services/HapticManager.swift:3:8: error: Unable to find module dependency: 'LeavnSettings'
import LeavnSettings
       ^ (in target 'LeavnServices' from project 'LeavnCore')
/Users/wsig/GitHub Builds/LeavnOfficial/Core/LeavnCore/Sources/LeavnServices/Services/HapticManager.swift:3:8: note: A dependency of main module 'LeavnServices'
import LeavnSettings
       ^ (in target 'LeavnServices' from project 'LeavnCore')

SwiftDriver\ Compilation\ Requirements DesignSystem normal arm64 com.apple.xcode.tools.swift.compiler (in target 'DesignSystem' from project 'LeavnCore')
    cd /Users/wsig/GitHub\ Builds/LeavnOfficial/Leavn.xcodeproj
    builtin-Swift-Compilation-Requirements -- /Applications/Xcode-beta.app/Contents/Developer/Toolchains/XcodeDefault.xctoolchain/usr/bin/swiftc -module-name DesignSystem -Onone -enforce-exclusivity\=checked @/Users/wsig/Library/Developer/Xcode/DerivedData/Leavn-gxbozqiuohwlcfgridtxzqzwunnz/Build/Intermediates.noindex/LeavnCore.build/Debug-iphonesimulator/DesignSystem.build/Objects-normal/arm64/DesignSystem.SwiftFileList -DSWIFT_PACKAGE -DDEBUG -DSWIFT_MODULE_RESOURCE_BUNDLE_UNAVAILABLE -DXcode -plugin-path /Applications/Xcode-beta.app/Contents/Developer/Toolchains/XcodeDefault.xctoolchain/usr/lib/swift/host/plugins/testing -enable-experimental-feature DebugDescriptionMacro -sdk /Applications/Xcode-beta.app/Contents/Developer/Platforms/iPhoneSimulator.platform/Developer/SDKs/iPhoneSimulator26.0.sdk -target arm64-apple-ios18.0-simulator -g -module-cache-path /Users/wsig/Library/Developer/Xcode/DerivedData/ModuleCache.noindex -Xfrontend -serialize-debugging-options -profile-coverage-mapping -profile-generate -enable-testing -index-store-path /Users/wsig/Library/Developer/Xcode/DerivedData/Leavn-gxbozqiuohwlcfgridtxzqzwunnz/Index.noindex/DataStore -Xcc -D_LIBCPP_HARDENING_MODE\=_LIBCPP_HARDENING_MODE_DEBUG -swift-version 6 -I /Users/wsig/Library/Developer/Xcode/DerivedData/Leavn-gxbozqiuohwlcfgridtxzqzwunnz/Build/Products/Debug-iphonesimulator -Isystem /Applications/Xcode-beta.app/Contents/Developer/Platforms/iPhoneSimulator.platform/Developer/usr/lib -F /Users/wsig/Library/Developer/Xcode/DerivedData/Leavn-gxbozqiuohwlcfgridtxzqzwunnz/Build/Products/Debug-iphonesimulator/PackageFrameworks -F /Users/wsig/Library/Developer/Xcode/DerivedData/Leavn-gxbozqiuohwlcfgridtxzqzwunnz/Build/Products/Debug-iphonesimulator -F /Applications/Xcode-beta.app/Contents/Developer/Platforms/iPhoneSimulator.platform/Developer/Library/Frameworks -F /Applications/Xcode-beta.app/Contents/Developer/Platforms/iPhoneSimulator.platform/Developer/SDKs/iPhoneSimulator26.0.sdk/Developer/Library/Frameworks -c -j12 -enable-batch-mode -incremental -Xcc -ivfsstatcache -Xcc /Users/wsig/Library/Developer/Xcode/DerivedData/SDKStatCaches.noindex/iphonesimulator26.0-23A5287e-fc862078e33f881139a9d2f83bd1a9d0.sdkstatcache -output-file-map /Users/wsig/Library/Developer/Xcode/DerivedData/Leavn-gxbozqiuohwlcfgridtxzqzwunnz/Build/Intermediates.noindex/LeavnCore.build/Debug-iphonesimulator/DesignSystem.build/Objects-normal/arm64/DesignSystem-OutputFileMap.json -use-frontend-parseable-output -save-temps -no-color-diagnostics -explicit-module-build -module-cache-path /Users/wsig/Library/Developer/Xcode/DerivedData/Leavn-gxbozqiuohwlcfgridtxzqzwunnz/Build/Intermediates.noindex/SwiftExplicitPrecompiledModules -clang-scanner-module-cache-path /Users/wsig/Library/Developer/Xcode/DerivedData/ModuleCache.noindex -sdk-module-cache-path /Users/wsig/Library/Developer/Xcode/DerivedData/ModuleCache.noindex -serialize-diagnostics -emit-dependencies -emit-module -emit-module-path /Users/wsig/Library/Developer/Xcode/DerivedData/Leavn-gxbozqiuohwlcfgridtxzqzwunnz/Build/Intermediates.noindex/LeavnCore.build/Debug-iphonesimulator/DesignSystem.build/Objects-normal/arm64/DesignSystem.swiftmodule -validate-clang-modules-once -clang-build-session-file /Users/wsig/Library/Developer/Xcode/DerivedData/ModuleCache.noindex/Session.modulevalidation -package-name leavncore -Xcc -I/Users/wsig/Library/Developer/Xcode/DerivedData/Leavn-gxbozqiuohwlcfgridtxzqzwunnz/Build/Intermediates.noindex/LeavnCore.build/Debug-iphonesimulator/DesignSystem.build/swift-overrides.hmap -emit-const-values -Xfrontend -const-gather-protocols-file -Xfrontend /Users/wsig/Library/Developer/Xcode/DerivedData/Leavn-gxbozqiuohwlcfgridtxzqzwunnz/Build/Intermediates.noindex/LeavnCore.build/Debug-iphonesimulator/DesignSystem.build/Objects-normal/arm64/DesignSystem_const_extract_protocols.json -Xcc -I/Users/wsig/Library/Developer/Xcode/DerivedData/Leavn-gxbozqiuohwlcfgridtxzqzwunnz/Build/Products/Debug-iphonesimulator/include -Xcc -I/Users/wsig/Library/Developer/Xcode/DerivedData/Leavn-gxbozqiuohwlcfgridtxzqzwunnz/Build/Intermediates.noindex/LeavnCore.build/Debug-iphonesimulator/DesignSystem.build/DerivedSources-normal/arm64 -Xcc -I/Users/wsig/Library/Developer/Xcode/DerivedData/Leavn-gxbozqiuohwlcfgridtxzqzwunnz/Build/Intermediates.noindex/LeavnCore.build/Debug-iphonesimulator/DesignSystem.build/DerivedSources/arm64 -Xcc -I/Users/wsig/Library/Developer/Xcode/DerivedData/Leavn-gxbozqiuohwlcfgridtxzqzwunnz/Build/Intermediates.noindex/LeavnCore.build/Debug-iphonesimulator/DesignSystem.build/DerivedSources -Xcc -DSWIFT_PACKAGE -Xcc -DDEBUG\=1 -emit-objc-header -emit-objc-header-path /Users/wsig/Library/Developer/Xcode/DerivedData/Leavn-gxbozqiuohwlcfgridtxzqzwunnz/Build/Intermediates.noindex/LeavnCore.build/Debug-iphonesimulator/DesignSystem.build/Objects-normal/arm64/DesignSystem-Swift.h -working-directory /Users/wsig/GitHub\ Builds/LeavnOfficial/Leavn.xcodeproj -experimental-emit-module-separately -disable-cmo

SwiftDriver\ Compilation DesignSystem normal arm64 com.apple.xcode.tools.swift.compiler (in target 'DesignSystem' from project 'LeavnCore')
    cd /Users/wsig/GitHub\ Builds/LeavnOfficial/Leavn.xcodeproj
    builtin-Swift-Compilation -- /Applications/Xcode-beta.app/Contents/Developer/Toolchains/XcodeDefault.xctoolchain/usr/bin/swiftc -module-name DesignSystem -Onone -enforce-exclusivity\=checked @/Users/wsig/Library/Developer/Xcode/DerivedData/Leavn-gxbozqiuohwlcfgridtxzqzwunnz/Build/Intermediates.noindex/LeavnCore.build/Debug-iphonesimulator/DesignSystem.build/Objects-normal/arm64/DesignSystem.SwiftFileList -DSWIFT_PACKAGE -DDEBUG -DSWIFT_MODULE_RESOURCE_BUNDLE_UNAVAILABLE -DXcode -plugin-path /Applications/Xcode-beta.app/Contents/Developer/Toolchains/XcodeDefault.xctoolchain/usr/lib/swift/host/plugins/testing -enable-experimental-feature DebugDescriptionMacro -sdk /Applications/Xcode-beta.app/Contents/Developer/Platforms/iPhoneSimulator.platform/Developer/SDKs/iPhoneSimulator26.0.sdk -target arm64-apple-ios18.0-simulator -g -module-cache-path /Users/wsig/Library/Developer/Xcode/DerivedData/ModuleCache.noindex -Xfrontend -serialize-debugging-options -profile-coverage-mapping -profile-generate -enable-testing -index-store-path /Users/wsig/Library/Developer/Xcode/DerivedData/Leavn-gxbozqiuohwlcfgridtxzqzwunnz/Index.noindex/DataStore -Xcc -D_LIBCPP_HARDENING_MODE\=_LIBCPP_HARDENING_MODE_DEBUG -swift-version 6 -I /Users/wsig/Library/Developer/Xcode/DerivedData/Leavn-gxbozqiuohwlcfgridtxzqzwunnz/Build/Products/Debug-iphonesimulator -Isystem /Applications/Xcode-beta.app/Contents/Developer/Platforms/iPhoneSimulator.platform/Developer/usr/lib -F /Users/wsig/Library/Developer/Xcode/DerivedData/Leavn-gxbozqiuohwlcfgridtxzqzwunnz/Build/Products/Debug-iphonesimulator/PackageFrameworks -F /Users/wsig/Library/Developer/Xcode/DerivedData/Leavn-gxbozqiuohwlcfgridtxzqzwunnz/Build/Products/Debug-iphonesimulator -F /Applications/Xcode-beta.app/Contents/Developer/Platforms/iPhoneSimulator.platform/Developer/Library/Frameworks -F /Applications/Xcode-beta.app/Contents/Developer/Platforms/iPhoneSimulator.platform/Developer/SDKs/iPhoneSimulator26.0.sdk/Developer/Library/Frameworks -c -j12 -enable-batch-mode -incremental -Xcc -ivfsstatcache -Xcc /Users/wsig/Library/Developer/Xcode/DerivedData/SDKStatCaches.noindex/iphonesimulator26.0-23A5287e-fc862078e33f881139a9d2f83bd1a9d0.sdkstatcache -output-file-map /Users/wsig/Library/Developer/Xcode/DerivedData/Leavn-gxbozqiuohwlcfgridtxzqzwunnz/Build/Intermediates.noindex/LeavnCore.build/Debug-iphonesimulator/DesignSystem.build/Objects-normal/arm64/DesignSystem-OutputFileMap.json -use-frontend-parseable-output -save-temps -no-color-diagnostics -explicit-module-build -module-cache-path /Users/wsig/Library/Developer/Xcode/DerivedData/Leavn-gxbozqiuohwlcfgridtxzqzwunnz/Build/Intermediates.noindex/SwiftExplicitPrecompiledModules -clang-scanner-module-cache-path /Users/wsig/Library/Developer/Xcode/DerivedData/ModuleCache.noindex -sdk-module-cache-path /Users/wsig/Library/Developer/Xcode/DerivedData/ModuleCache.noindex -serialize-diagnostics -emit-dependencies -emit-module -emit-module-path /Users/wsig/Library/Developer/Xcode/DerivedData/Leavn-gxbozqiuohwlcfgridtxzqzwunnz/Build/Intermediates.noindex/LeavnCore.build/Debug-iphonesimulator/DesignSystem.build/Objects-normal/arm64/DesignSystem.swiftmodule -validate-clang-modules-once -clang-build-session-file /Users/wsig/Library/Developer/Xcode/DerivedData/ModuleCache.noindex/Session.modulevalidation -package-name leavncore -Xcc -I/Users/wsig/Library/Developer/Xcode/DerivedData/Leavn-gxbozqiuohwlcfgridtxzqzwunnz/Build/Intermediates.noindex/LeavnCore.build/Debug-iphonesimulator/DesignSystem.build/swift-overrides.hmap -emit-const-values -Xfrontend -const-gather-protocols-file -Xfrontend /Users/wsig/Library/Developer/Xcode/DerivedData/Leavn-gxbozqiuohwlcfgridtxzqzwunnz/Build/Intermediates.noindex/LeavnCore.build/Debug-iphonesimulator/DesignSystem.build/Objects-normal/arm64/DesignSystem_const_extract_protocols.json -Xcc -I/Users/wsig/Library/Developer/Xcode/DerivedData/Leavn-gxbozqiuohwlcfgridtxzqzwunnz/Build/Products/Debug-iphonesimulator/include -Xcc -I/Users/wsig/Library/Developer/Xcode/DerivedData/Leavn-gxbozqiuohwlcfgridtxzqzwunnz/Build/Intermediates.noindex/LeavnCore.build/Debug-iphonesimulator/DesignSystem.build/DerivedSources-normal/arm64 -Xcc -I/Users/wsig/Library/Developer/Xcode/DerivedData/Leavn-gxbozqiuohwlcfgridtxzqzwunnz/Build/Intermediates.noindex/LeavnCore.build/Debug-iphonesimulator/DesignSystem.build/DerivedSources/arm64 -Xcc -I/Users/wsig/Library/Developer/Xcode/DerivedData/Leavn-gxbozqiuohwlcfgridtxzqzwunnz/Build/Intermediates.noindex/LeavnCore.build/Debug-iphonesimulator/DesignSystem.build/DerivedSources -Xcc -DSWIFT_PACKAGE -Xcc -DDEBUG\=1 -emit-objc-header -emit-objc-header-path /Users/wsig/Library/Developer/Xcode/DerivedData/Leavn-gxbozqiuohwlcfgridtxzqzwunnz/Build/Intermediates.noindex/LeavnCore.build/Debug-iphonesimulator/DesignSystem.build/Objects-normal/arm64/DesignSystem-Swift.h -working-directory /Users/wsig/GitHub\ Builds/LeavnOfficial/Leavn.xcodeproj -experimental-emit-module-separately -disable-cmo

Copy /Users/wsig/Library/Developer/Xcode/DerivedData/Leavn-gxbozqiuohwlcfgridtxzqzwunnz/Build/Products/Debug-iphonesimulator/DesignSystem.swiftmodule/Project/arm64-apple-ios-simulator.swiftsourceinfo /Users/wsig/Library/Developer/Xcode/DerivedData/Leavn-gxbozqiuohwlcfgridtxzqzwunnz/Build/Intermediates.noindex/LeavnCore.build/Debug-iphonesimulator/DesignSystem.build/Objects-normal/arm64/DesignSystem.swiftsourceinfo (in target 'DesignSystem' from project 'LeavnCore')
    cd /Users/wsig/GitHub\ Builds/LeavnOfficial/Core/LeavnCore
    builtin-copy -exclude .DS_Store -exclude CVS -exclude .svn -exclude .git -exclude .hg -resolve-src-symlinks -rename /Users/wsig/Library/Developer/Xcode/DerivedData/Leavn-gxbozqiuohwlcfgridtxzqzwunnz/Build/Intermediates.noindex/LeavnCore.build/Debug-iphonesimulator/DesignSystem.build/Objects-normal/arm64/DesignSystem.swiftsourceinfo /Users/wsig/Library/Developer/Xcode/DerivedData/Leavn-gxbozqiuohwlcfgridtxzqzwunnz/Build/Products/Debug-iphonesimulator/DesignSystem.swiftmodule/Project/arm64-apple-ios-simulator.swiftsourceinfo
error: lstat(/Users/wsig/Library/Developer/Xcode/DerivedData/Leavn-gxbozqiuohwlcfgridtxzqzwunnz/Build/Intermediates.noindex/LeavnCore.build/Debug-iphonesimulator/DesignSystem.build/Objects-normal/arm64/DesignSystem.swiftsourceinfo): No such file or directory (2) (in target 'DesignSystem' from project 'LeavnCore')

Copy /Users/wsig/Library/Developer/Xcode/DerivedData/Leavn-gxbozqiuohwlcfgridtxzqzwunnz/Build/Products/Debug-iphonesimulator/DesignSystem.swiftmodule/arm64-apple-ios-simulator.swiftdoc /Users/wsig/Library/Developer/Xcode/DerivedData/Leavn-gxbozqiuohwlcfgridtxzqzwunnz/Build/Intermediates.noindex/LeavnCore.build/Debug-iphonesimulator/DesignSystem.build/Objects-normal/arm64/DesignSystem.swiftdoc (in target 'DesignSystem' from project 'LeavnCore')
    cd /Users/wsig/GitHub\ Builds/LeavnOfficial/Core/LeavnCore
    builtin-copy -exclude .DS_Store -exclude CVS -exclude .svn -exclude .git -exclude .hg -resolve-src-symlinks -rename /Users/wsig/Library/Developer/Xcode/DerivedData/Leavn-gxbozqiuohwlcfgridtxzqzwunnz/Build/Intermediates.noindex/LeavnCore.build/Debug-iphonesimulator/DesignSystem.build/Objects-normal/arm64/DesignSystem.swiftdoc /Users/wsig/Library/Developer/Xcode/DerivedData/Leavn-gxbozqiuohwlcfgridtxzqzwunnz/Build/Products/Debug-iphonesimulator/DesignSystem.swiftmodule/arm64-apple-ios-simulator.swiftdoc
error: lstat(/Users/wsig/Library/Developer/Xcode/DerivedData/Leavn-gxbozqiuohwlcfgridtxzqzwunnz/Build/Intermediates.noindex/LeavnCore.build/Debug-iphonesimulator/DesignSystem.build/Objects-normal/arm64/DesignSystem.swiftdoc): No such file or directory (2) (in target 'DesignSystem' from project 'LeavnCore')

Copy /Users/wsig/Library/Developer/Xcode/DerivedData/Leavn-gxbozqiuohwlcfgridtxzqzwunnz/Build/Products/Debug-iphonesimulator/DesignSystem.swiftmodule/arm64-apple-ios-simulator.abi.json /Users/wsig/Library/Developer/Xcode/DerivedData/Leavn-gxbozqiuohwlcfgridtxzqzwunnz/Build/Intermediates.noindex/LeavnCore.build/Debug-iphonesimulator/DesignSystem.build/Objects-normal/arm64/DesignSystem.abi.json (in target 'DesignSystem' from project 'LeavnCore')
    cd /Users/wsig/GitHub\ Builds/LeavnOfficial/Core/LeavnCore
    builtin-copy -exclude .DS_Store -exclude CVS -exclude .svn -exclude .git -exclude .hg -resolve-src-symlinks -rename /Users/wsig/Library/Developer/Xcode/DerivedData/Leavn-gxbozqiuohwlcfgridtxzqzwunnz/Build/Intermediates.noindex/LeavnCore.build/Debug-iphonesimulator/DesignSystem.build/Objects-normal/arm64/DesignSystem.abi.json /Users/wsig/Library/Developer/Xcode/DerivedData/Leavn-gxbozqiuohwlcfgridtxzqzwunnz/Build/Products/Debug-iphonesimulator/DesignSystem.swiftmodule/arm64-apple-ios-simulator.abi.json
error: lstat(/Users/wsig/Library/Developer/Xcode/DerivedData/Leavn-gxbozqiuohwlcfgridtxzqzwunnz/Build/Intermediates.noindex/LeavnCore.build/Debug-iphonesimulator/DesignSystem.build/Objects-normal/arm64/DesignSystem.abi.json): No such file or directory (2) (in target 'DesignSystem' from project 'LeavnCore')

Copy /Users/wsig/Library/Developer/Xcode/DerivedData/Leavn-gxbozqiuohwlcfgridtxzqzwunnz/Build/Products/Debug-iphonesimulator/DesignSystem.swiftmodule/arm64-apple-ios-simulator.swiftmodule /Users/wsig/Library/Developer/Xcode/DerivedData/Leavn-gxbozqiuohwlcfgridtxzqzwunnz/Build/Intermediates.noindex/LeavnCore.build/Debug-iphonesimulator/DesignSystem.build/Objects-normal/arm64/DesignSystem.swiftmodule (in target 'DesignSystem' from project 'LeavnCore')
    cd /Users/wsig/GitHub\ Builds/LeavnOfficial/Core/LeavnCore
    builtin-copy -exclude .DS_Store -exclude CVS -exclude .svn -exclude .git -exclude .hg -resolve-src-symlinks -rename /Users/wsig/Library/Developer/Xcode/DerivedData/Leavn-gxbozqiuohwlcfgridtxzqzwunnz/Build/Intermediates.noindex/LeavnCore.build/Debug-iphonesimulator/DesignSystem.build/Objects-normal/arm64/DesignSystem.swiftmodule /Users/wsig/Library/Developer/Xcode/DerivedData/Leavn-gxbozqiuohwlcfgridtxzqzwunnz/Build/Products/Debug-iphonesimulator/DesignSystem.swiftmodule/arm64-apple-ios-simulator.swiftmodule
error: lstat(/Users/wsig/Library/Developer/Xcode/DerivedData/Leavn-gxbozqiuohwlcfgridtxzqzwunnz/Build/Intermediates.noindex/LeavnCore.build/Debug-iphonesimulator/DesignSystem.build/Objects-normal/arm64/DesignSystem.swiftmodule): No such file or directory (2) (in target 'DesignSystem' from project 'LeavnCore')

SwiftDriver\ Compilation LeavnCore normal arm64 com.apple.xcode.tools.swift.compiler (in target 'LeavnCore' from project 'LeavnCore')
    cd /Users/wsig/GitHub\ Builds/LeavnOfficial/Leavn.xcodeproj
    builtin-Swift-Compilation -- /Applications/Xcode-beta.app/Contents/Developer/Toolchains/XcodeDefault.xctoolchain/usr/bin/swiftc -module-name LeavnCore -Onone -enforce-exclusivity\=checked @/Users/wsig/Library/Developer/Xcode/DerivedData/Leavn-gxbozqiuohwlcfgridtxzqzwunnz/Build/Intermediates.noindex/LeavnCore.build/Debug-iphonesimulator/LeavnCore.build/Objects-normal/arm64/LeavnCore.SwiftFileList -DSWIFT_PACKAGE -DDEBUG -DSWIFT_MODULE_RESOURCE_BUNDLE_UNAVAILABLE -DXcode -plugin-path /Applications/Xcode-beta.app/Contents/Developer/Toolchains/XcodeDefault.xctoolchain/usr/lib/swift/host/plugins/testing -enable-experimental-feature DebugDescriptionMacro -sdk /Applications/Xcode-beta.app/Contents/Developer/Platforms/iPhoneSimulator.platform/Developer/SDKs/iPhoneSimulator26.0.sdk -target arm64-apple-ios18.0-simulator -g -module-cache-path /Users/wsig/Library/Developer/Xcode/DerivedData/ModuleCache.noindex -Xfrontend -serialize-debugging-options -profile-coverage-mapping -profile-generate -enable-testing -index-store-path /Users/wsig/Library/Developer/Xcode/DerivedData/Leavn-gxbozqiuohwlcfgridtxzqzwunnz/Index.noindex/DataStore -Xcc -D_LIBCPP_HARDENING_MODE\=_LIBCPP_HARDENING_MODE_DEBUG -swift-version 6 -I /Users/wsig/Library/Developer/Xcode/DerivedData/Leavn-gxbozqiuohwlcfgridtxzqzwunnz/Build/Products/Debug-iphonesimulator -Isystem /Applications/Xcode-beta.app/Contents/Developer/Platforms/iPhoneSimulator.platform/Developer/usr/lib -F /Users/wsig/Library/Developer/Xcode/DerivedData/Leavn-gxbozqiuohwlcfgridtxzqzwunnz/Build/Products/Debug-iphonesimulator -F /Applications/Xcode-beta.app/Contents/Developer/Platforms/iPhoneSimulator.platform/Developer/Library/Frameworks -F /Applications/Xcode-beta.app/Contents/Developer/Platforms/iPhoneSimulator.platform/Developer/SDKs/iPhoneSimulator26.0.sdk/Developer/Library/Frameworks -c -j12 -enable-batch-mode -incremental -Xcc -ivfsstatcache -Xcc /Users/wsig/Library/Developer/Xcode/DerivedData/SDKStatCaches.noindex/iphonesimulator26.0-23A5287e-fc862078e33f881139a9d2f83bd1a9d0.sdkstatcache -output-file-map /Users/wsig/Library/Developer/Xcode/DerivedData/Leavn-gxbozqiuohwlcfgridtxzqzwunnz/Build/Intermediates.noindex/LeavnCore.build/Debug-iphonesimulator/LeavnCore.build/Objects-normal/arm64/LeavnCore-OutputFileMap.json -use-frontend-parseable-output -save-temps -no-color-diagnostics -explicit-module-build -module-cache-path /Users/wsig/Library/Developer/Xcode/DerivedData/Leavn-gxbozqiuohwlcfgridtxzqzwunnz/Build/Intermediates.noindex/SwiftExplicitPrecompiledModules -clang-scanner-module-cache-path /Users/wsig/Library/Developer/Xcode/DerivedData/ModuleCache.noindex -sdk-module-cache-path /Users/wsig/Library/Developer/Xcode/DerivedData/ModuleCache.noindex -serialize-diagnostics -emit-dependencies -emit-module -emit-module-path /Users/wsig/Library/Developer/Xcode/DerivedData/Leavn-gxbozqiuohwlcfgridtxzqzwunnz/Build/Intermediates.noindex/LeavnCore.build/Debug-iphonesimulator/LeavnCore.build/Objects-normal/arm64/LeavnCore.swiftmodule -validate-clang-modules-once -clang-build-session-file /Users/wsig/Library/Developer/Xcode/DerivedData/ModuleCache.noindex/Session.modulevalidation -package-name leavncore -Xcc -I/Users/wsig/Library/Developer/Xcode/DerivedData/Leavn-gxbozqiuohwlcfgridtxzqzwunnz/Build/Intermediates.noindex/LeavnCore.build/Debug-iphonesimulator/LeavnCore.build/swift-overrides.hmap -emit-const-values -Xfrontend -const-gather-protocols-file -Xfrontend /Users/wsig/Library/Developer/Xcode/DerivedData/Leavn-gxbozqiuohwlcfgridtxzqzwunnz/Build/Intermediates.noindex/LeavnCore.build/Debug-iphonesimulator/LeavnCore.build/Objects-normal/arm64/LeavnCore_const_extract_protocols.json -Xcc -I/Users/wsig/Library/Developer/Xcode/DerivedData/Leavn-gxbozqiuohwlcfgridtxzqzwunnz/Build/Products/Debug-iphonesimulator/include -Xcc -I/Users/wsig/Library/Developer/Xcode/DerivedData/Leavn-gxbozqiuohwlcfgridtxzqzwunnz/Build/Intermediates.noindex/LeavnCore.build/Debug-iphonesimulator/LeavnCore.build/DerivedSources-normal/arm64 -Xcc -I/Users/wsig/Library/Developer/Xcode/DerivedData/Leavn-gxbozqiuohwlcfgridtxzqzwunnz/Build/Intermediates.noindex/LeavnCore.build/Debug-iphonesimulator/LeavnCore.build/DerivedSources/arm64 -Xcc -I/Users/wsig/Library/Developer/Xcode/DerivedData/Leavn-gxbozqiuohwlcfgridtxzqzwunnz/Build/Intermediates.noindex/LeavnCore.build/Debug-iphonesimulator/LeavnCore.build/DerivedSources -Xcc -DSWIFT_PACKAGE -Xcc -DDEBUG\=1 -emit-objc-header -emit-objc-header-path /Users/wsig/Library/Developer/Xcode/DerivedData/Leavn-gxbozqiuohwlcfgridtxzqzwunnz/Build/Intermediates.noindex/LeavnCore.build/Debug-iphonesimulator/LeavnCore.build/Objects-normal/arm64/LeavnCore-Swift.h -working-directory /Users/wsig/GitHub\ Builds/LeavnOfficial/Leavn.xcodeproj -experimental-emit-module-separately -disable-cmo

SwiftDriver\ Compilation\ Requirements LeavnServices normal arm64 com.apple.xcode.tools.swift.compiler (in target 'LeavnServices' from project 'LeavnCore')
    cd /Users/wsig/GitHub\ Builds/LeavnOfficial/Leavn.xcodeproj
    builtin-Swift-Compilation-Requirements -- /Applications/Xcode-beta.app/Contents/Developer/Toolchains/XcodeDefault.xctoolchain/usr/bin/swiftc -module-name LeavnServices -Onone -enforce-exclusivity\=checked @/Users/wsig/Library/Developer/Xcode/DerivedData/Leavn-gxbozqiuohwlcfgridtxzqzwunnz/Build/Intermediates.noindex/LeavnCore.build/Debug-iphonesimulator/LeavnServices.build/Objects-normal/arm64/LeavnServices.SwiftFileList -DSWIFT_PACKAGE -DDEBUG -DSWIFT_MODULE_RESOURCE_BUNDLE_AVAILABLE -DXcode -plugin-path /Applications/Xcode-beta.app/Contents/Developer/Toolchains/XcodeDefault.xctoolchain/usr/lib/swift/host/plugins/testing -enable-experimental-feature DebugDescriptionMacro -sdk /Applications/Xcode-beta.app/Contents/Developer/Platforms/iPhoneSimulator.platform/Developer/SDKs/iPhoneSimulator26.0.sdk -target arm64-apple-ios18.0-simulator -g -module-cache-path /Users/wsig/Library/Developer/Xcode/DerivedData/ModuleCache.noindex -Xfrontend -serialize-debugging-options -profile-coverage-mapping -profile-generate -enable-testing -index-store-path /Users/wsig/Library/Developer/Xcode/DerivedData/Leavn-gxbozqiuohwlcfgridtxzqzwunnz/Index.noindex/DataStore -Xcc -D_LIBCPP_HARDENING_MODE\=_LIBCPP_HARDENING_MODE_DEBUG -swift-version 6 -I /Users/wsig/Library/Developer/Xcode/DerivedData/Leavn-gxbozqiuohwlcfgridtxzqzwunnz/Build/Products/Debug-iphonesimulator -Isystem /Applications/Xcode-beta.app/Contents/Developer/Platforms/iPhoneSimulator.platform/Developer/usr/lib -F /Users/wsig/Library/Developer/Xcode/DerivedData/Leavn-gxbozqiuohwlcfgridtxzqzwunnz/Build/Products/Debug-iphonesimulator/PackageFrameworks -F /Users/wsig/Library/Developer/Xcode/DerivedData/Leavn-gxbozqiuohwlcfgridtxzqzwunnz/Build/Products/Debug-iphonesimulator/PackageFrameworks -F /Users/wsig/Library/Developer/Xcode/DerivedData/Leavn-gxbozqiuohwlcfgridtxzqzwunnz/Build/Products/Debug-iphonesimulator/PackageFrameworks -F /Users/wsig/Library/Developer/Xcode/DerivedData/Leavn-gxbozqiuohwlcfgridtxzqzwunnz/Build/Products/Debug-iphonesimulator/PackageFrameworks -F /Users/wsig/Library/Developer/Xcode/DerivedData/Leavn-gxbozqiuohwlcfgridtxzqzwunnz/Build/Products/Debug-iphonesimulator/PackageFrameworks -F /Users/wsig/Library/Developer/Xcode/DerivedData/Leavn-gxbozqiuohwlcfgridtxzqzwunnz/Build/Products/Debug-iphonesimulator/PackageFrameworks -F /Users/wsig/Library/Developer/Xcode/DerivedData/Leavn-gxbozqiuohwlcfgridtxzqzwunnz/Build/Products/Debug-iphonesimulator/PackageFrameworks -F /Users/wsig/Library/Developer/Xcode/DerivedData/Leavn-gxbozqiuohwlcfgridtxzqzwunnz/Build/Products/Debug-iphonesimulator -F /Applications/Xcode-beta.app/Contents/Developer/Platforms/iPhoneSimulator.platform/Developer/Library/Frameworks -F /Applications/Xcode-beta.app/Contents/Developer/Platforms/iPhoneSimulator.platform/Developer/SDKs/iPhoneSimulator26.0.sdk/Developer/Library/Frameworks -c -j12 -enable-batch-mode -incremental -Xcc -ivfsstatcache -Xcc /Users/wsig/Library/Developer/Xcode/DerivedData/SDKStatCaches.noindex/iphonesimulator26.0-23A5287e-fc862078e33f881139a9d2f83bd1a9d0.sdkstatcache -output-file-map /Users/wsig/Library/Developer/Xcode/DerivedData/Leavn-gxbozqiuohwlcfgridtxzqzwunnz/Build/Intermediates.noindex/LeavnCore.build/Debug-iphonesimulator/LeavnServices.build/Objects-normal/arm64/LeavnServices-OutputFileMap.json -use-frontend-parseable-output -save-temps -no-color-diagnostics -explicit-module-build -module-cache-path /Users/wsig/Library/Developer/Xcode/DerivedData/Leavn-gxbozqiuohwlcfgridtxzqzwunnz/Build/Intermediates.noindex/SwiftExplicitPrecompiledModules -clang-scanner-module-cache-path /Users/wsig/Library/Developer/Xcode/DerivedData/ModuleCache.noindex -sdk-module-cache-path /Users/wsig/Library/Developer/Xcode/DerivedData/ModuleCache.noindex -serialize-diagnostics -emit-dependencies -emit-module -emit-module-path /Users/wsig/Library/Developer/Xcode/DerivedData/Leavn-gxbozqiuohwlcfgridtxzqzwunnz/Build/Intermediates.noindex/LeavnCore.build/Debug-iphonesimulator/LeavnServices.build/Objects-normal/arm64/LeavnServices.swiftmodule -validate-clang-modules-once -clang-build-session-file /Users/wsig/Library/Developer/Xcode/DerivedData/ModuleCache.noindex/Session.modulevalidation -package-name leavncore -Xcc -I/Users/wsig/Library/Developer/Xcode/DerivedData/Leavn-gxbozqiuohwlcfgridtxzqzwunnz/Build/Intermediates.noindex/LeavnCore.build/Debug-iphonesimulator/LeavnServices.build/swift-overrides.hmap -emit-const-values -Xfrontend -const-gather-protocols-file -Xfrontend /Users/wsig/Library/Developer/Xcode/DerivedData/Leavn-gxbozqiuohwlcfgridtxzqzwunnz/Build/Intermediates.noindex/LeavnCore.build/Debug-iphonesimulator/LeavnServices.build/Objects-normal/arm64/LeavnServices_const_extract_protocols.json -Xcc -I/Users/wsig/Library/Developer/Xcode/DerivedData/Leavn-gxbozqiuohwlcfgridtxzqzwunnz/Build/Products/Debug-iphonesimulator/include -Xcc -I/Users/wsig/Library/Developer/Xcode/DerivedData/Leavn-gxbozqiuohwlcfgridtxzqzwunnz/Build/Intermediates.noindex/LeavnCore.build/Debug-iphonesimulator/LeavnServices.build/DerivedSources-normal/arm64 -Xcc -I/Users/wsig/Library/Developer/Xcode/DerivedData/Leavn-gxbozqiuohwlcfgridtxzqzwunnz/Build/Intermediates.noindex/LeavnCore.build/Debug-iphonesimulator/LeavnServices.build/DerivedSources/arm64 -Xcc -I/Users/wsig/Library/Developer/Xcode/DerivedData/Leavn-gxbozqiuohwlcfgridtxzqzwunnz/Build/Intermediates.noindex/LeavnCore.build/Debug-iphonesimulator/LeavnServices.build/DerivedSources -Xcc -DSWIFT_PACKAGE -Xcc -DDEBUG\=1 -emit-objc-header -emit-objc-header-path /Users/wsig/Library/Developer/Xcode/DerivedData/Leavn-gxbozqiuohwlcfgridtxzqzwunnz/Build/Intermediates.noindex/LeavnCore.build/Debug-iphonesimulator/LeavnServices.build/Objects-normal/arm64/LeavnServices-Swift.h -working-directory /Users/wsig/GitHub\ Builds/LeavnOfficial/Leavn.xcodeproj -experimental-emit-module-separately -disable-cmo

SwiftDriver\ Compilation LeavnServices normal arm64 com.apple.xcode.tools.swift.compiler (in target 'LeavnServices' from project 'LeavnCore')
    cd /Users/wsig/GitHub\ Builds/LeavnOfficial/Leavn.xcodeproj
    builtin-Swift-Compilation -- /Applications/Xcode-beta.app/Contents/Developer/Toolchains/XcodeDefault.xctoolchain/usr/bin/swiftc -module-name LeavnServices -Onone -enforce-exclusivity\=checked @/Users/wsig/Library/Developer/Xcode/DerivedData/Leavn-gxbozqiuohwlcfgridtxzqzwunnz/Build/Intermediates.noindex/LeavnCore.build/Debug-iphonesimulator/LeavnServices.build/Objects-normal/arm64/LeavnServices.SwiftFileList -DSWIFT_PACKAGE -DDEBUG -DSWIFT_MODULE_RESOURCE_BUNDLE_AVAILABLE -DXcode -plugin-path /Applications/Xcode-beta.app/Contents/Developer/Toolchains/XcodeDefault.xctoolchain/usr/lib/swift/host/plugins/testing -enable-experimental-feature DebugDescriptionMacro -sdk /Applications/Xcode-beta.app/Contents/Developer/Platforms/iPhoneSimulator.platform/Developer/SDKs/iPhoneSimulator26.0.sdk -target arm64-apple-ios18.0-simulator -g -module-cache-path /Users/wsig/Library/Developer/Xcode/DerivedData/ModuleCache.noindex -Xfrontend -serialize-debugging-options -profile-coverage-mapping -profile-generate -enable-testing -index-store-path /Users/wsig/Library/Developer/Xcode/DerivedData/Leavn-gxbozqiuohwlcfgridtxzqzwunnz/Index.noindex/DataStore -Xcc -D_LIBCPP_HARDENING_MODE\=_LIBCPP_HARDENING_MODE_DEBUG -swift-version 6 -I /Users/wsig/Library/Developer/Xcode/DerivedData/Leavn-gxbozqiuohwlcfgridtxzqzwunnz/Build/Products/Debug-iphonesimulator -Isystem /Applications/Xcode-beta.app/Contents/Developer/Platforms/iPhoneSimulator.platform/Developer/usr/lib -F /Users/wsig/Library/Developer/Xcode/DerivedData/Leavn-gxbozqiuohwlcfgridtxzqzwunnz/Build/Products/Debug-iphonesimulator/PackageFrameworks -F /Users/wsig/Library/Developer/Xcode/DerivedData/Leavn-gxbozqiuohwlcfgridtxzqzwunnz/Build/Products/Debug-iphonesimulator/PackageFrameworks -F /Users/wsig/Library/Developer/Xcode/DerivedData/Leavn-gxbozqiuohwlcfgridtxzqzwunnz/Build/Products/Debug-iphonesimulator/PackageFrameworks -F /Users/wsig/Library/Developer/Xcode/DerivedData/Leavn-gxbozqiuohwlcfgridtxzqzwunnz/Build/Products/Debug-iphonesimulator/PackageFrameworks -F /Users/wsig/Library/Developer/Xcode/DerivedData/Leavn-gxbozqiuohwlcfgridtxzqzwunnz/Build/Products/Debug-iphonesimulator/PackageFrameworks -F /Users/wsig/Library/Developer/Xcode/DerivedData/Leavn-gxbozqiuohwlcfgridtxzqzwunnz/Build/Products/Debug-iphonesimulator/PackageFrameworks -F /Users/wsig/Library/Developer/Xcode/DerivedData/Leavn-gxbozqiuohwlcfgridtxzqzwunnz/Build/Products/Debug-iphonesimulator/PackageFrameworks -F /Users/wsig/Library/Developer/Xcode/DerivedData/Leavn-gxbozqiuohwlcfgridtxzqzwunnz/Build/Products/Debug-iphonesimulator -F /Applications/Xcode-beta.app/Contents/Developer/Platforms/iPhoneSimulator.platform/Developer/Library/Frameworks -F /Applications/Xcode-beta.app/Contents/Developer/Platforms/iPhoneSimulator.platform/Developer/SDKs/iPhoneSimulator26.0.sdk/Developer/Library/Frameworks -c -j12 -enable-batch-mode -incremental -Xcc -ivfsstatcache -Xcc /Users/wsig/Library/Developer/Xcode/DerivedData/SDKStatCaches.noindex/iphonesimulator26.0-23A5287e-fc862078e33f881139a9d2f83bd1a9d0.sdkstatcache -output-file-map /Users/wsig/Library/Developer/Xcode/DerivedData/Leavn-gxbozqiuohwlcfgridtxzqzwunnz/Build/Intermediates.noindex/LeavnCore.build/Debug-iphonesimulator/LeavnServices.build/Objects-normal/arm64/LeavnServices-OutputFileMap.json -use-frontend-parseable-output -save-temps -no-color-diagnostics -explicit-module-build -module-cache-path /Users/wsig/Library/Developer/Xcode/DerivedData/Leavn-gxbozqiuohwlcfgridtxzqzwunnz/Build/Intermediates.noindex/SwiftExplicitPrecompiledModules -clang-scanner-module-cache-path /Users/wsig/Library/Developer/Xcode/DerivedData/ModuleCache.noindex -sdk-module-cache-path /Users/wsig/Library/Developer/Xcode/DerivedData/ModuleCache.noindex -serialize-diagnostics -emit-dependencies -emit-module -emit-module-path /Users/wsig/Library/Developer/Xcode/DerivedData/Leavn-gxbozqiuohwlcfgridtxzqzwunnz/Build/Intermediates.noindex/LeavnCore.build/Debug-iphonesimulator/LeavnServices.build/Objects-normal/arm64/LeavnServices.swiftmodule -validate-clang-modules-once -clang-build-session-file /Users/wsig/Library/Developer/Xcode/DerivedData/ModuleCache.noindex/Session.modulevalidation -package-name leavncore -Xcc -I/Users/wsig/Library/Developer/Xcode/DerivedData/Leavn-gxbozqiuohwlcfgridtxzqzwunnz/Build/Intermediates.noindex/LeavnCore.build/Debug-iphonesimulator/LeavnServices.build/swift-overrides.hmap -emit-const-values -Xfrontend -const-gather-protocols-file -Xfrontend /Users/wsig/Library/Developer/Xcode/DerivedData/Leavn-gxbozqiuohwlcfgridtxzqzwunnz/Build/Intermediates.noindex/LeavnCore.build/Debug-iphonesimulator/LeavnServices.build/Objects-normal/arm64/LeavnServices_const_extract_protocols.json -Xcc -I/Users/wsig/Library/Developer/Xcode/DerivedData/Leavn-gxbozqiuohwlcfgridtxzqzwunnz/Build/Products/Debug-iphonesimulator/include -Xcc -I/Users/wsig/Library/Developer/Xcode/DerivedData/Leavn-gxbozqiuohwlcfgridtxzqzwunnz/Build/Intermediates.noindex/LeavnCore.build/Debug-iphonesimulator/LeavnServices.build/DerivedSources-normal/arm64 -Xcc -I/Users/wsig/Library/Developer/Xcode/DerivedData/Leavn-gxbozqiuohwlcfgridtxzqzwunnz/Build/Intermediates.noindex/LeavnCore.build/Debug-iphonesimulator/LeavnServices.build/DerivedSources/arm64 -Xcc -I/Users/wsig/Library/Developer/Xcode/DerivedData/Leavn-gxbozqiuohwlcfgridtxzqzwunnz/Build/Intermediates.noindex/LeavnCore.build/Debug-iphonesimulator/LeavnServices.build/DerivedSources -Xcc -DSWIFT_PACKAGE -Xcc -DDEBUG\=1 -emit-objc-header -emit-objc-header-path /Users/wsig/Library/Developer/Xcode/DerivedData/Leavn-gxbozqiuohwlcfgridtxzqzwunnz/Build/Intermediates.noindex/LeavnCore.build/Debug-iphonesimulator/LeavnServices.build/Objects-normal/arm64/LeavnServices-Swift.h -working-directory /Users/wsig/GitHub\ Builds/LeavnOfficial/Leavn.xcodeproj -experimental-emit-module-separately -disable-cmo

Copy /Users/wsig/Library/Developer/Xcode/DerivedData/Leavn-gxbozqiuohwlcfgridtxzqzwunnz/Build/Products/Debug-iphonesimulator/LeavnServices.swiftmodule/arm64-apple-ios-simulator.swiftdoc /Users/wsig/Library/Developer/Xcode/DerivedData/Leavn-gxbozqiuohwlcfgridtxzqzwunnz/Build/Intermediates.noindex/LeavnCore.build/Debug-iphonesimulator/LeavnServices.build/Objects-normal/arm64/LeavnServices.swiftdoc (in target 'LeavnServices' from project 'LeavnCore')
    cd /Users/wsig/GitHub\ Builds/LeavnOfficial/Core/LeavnCore
    builtin-copy -exclude .DS_Store -exclude CVS -exclude .svn -exclude .git -exclude .hg -resolve-src-symlinks -rename /Users/wsig/Library/Developer/Xcode/DerivedData/Leavn-gxbozqiuohwlcfgridtxzqzwunnz/Build/Intermediates.noindex/LeavnCore.build/Debug-iphonesimulator/LeavnServices.build/Objects-normal/arm64/LeavnServices.swiftdoc /Users/wsig/Library/Developer/Xcode/DerivedData/Leavn-gxbozqiuohwlcfgridtxzqzwunnz/Build/Products/Debug-iphonesimulator/LeavnServices.swiftmodule/arm64-apple-ios-simulator.swiftdoc
error: lstat(/Users/wsig/Library/Developer/Xcode/DerivedData/Leavn-gxbozqiuohwlcfgridtxzqzwunnz/Build/Intermediates.noindex/LeavnCore.build/Debug-iphonesimulator/LeavnServices.build/Objects-normal/arm64/LeavnServices.swiftdoc): No such file or directory (2) (in target 'LeavnServices' from project 'LeavnCore')

Copy /Users/wsig/Library/Developer/Xcode/DerivedData/Leavn-gxbozqiuohwlcfgridtxzqzwunnz/Build/Products/Debug-iphonesimulator/LeavnServices.swiftmodule/arm64-apple-ios-simulator.swiftmodule /Users/wsig/Library/Developer/Xcode/DerivedData/Leavn-gxbozqiuohwlcfgridtxzqzwunnz/Build/Intermediates.noindex/LeavnCore.build/Debug-iphonesimulator/LeavnServices.build/Objects-normal/arm64/LeavnServices.swiftmodule (in target 'LeavnServices' from project 'LeavnCore')
    cd /Users/wsig/GitHub\ Builds/LeavnOfficial/Core/LeavnCore
    builtin-copy -exclude .DS_Store -exclude CVS -exclude .svn -exclude .git -exclude .hg -resolve-src-symlinks -rename /Users/wsig/Library/Developer/Xcode/DerivedData/Leavn-gxbozqiuohwlcfgridtxzqzwunnz/Build/Intermediates.noindex/LeavnCore.build/Debug-iphonesimulator/LeavnServices.build/Objects-normal/arm64/LeavnServices.swiftmodule /Users/wsig/Library/Developer/Xcode/DerivedData/Leavn-gxbozqiuohwlcfgridtxzqzwunnz/Build/Products/Debug-iphonesimulator/LeavnServices.swiftmodule/arm64-apple-ios-simulator.swiftmodule
error: lstat(/Users/wsig/Library/Developer/Xcode/DerivedData/Leavn-gxbozqiuohwlcfgridtxzqzwunnz/Build/Intermediates.noindex/LeavnCore.build/Debug-iphonesimulator/LeavnServices.build/Objects-normal/arm64/LeavnServices.swiftmodule): No such file or directory (2) (in target 'LeavnServices' from project 'LeavnCore')

Copy /Users/wsig/Library/Developer/Xcode/DerivedData/Leavn-gxbozqiuohwlcfgridtxzqzwunnz/Build/Products/Debug-iphonesimulator/LeavnServices.swiftmodule/Project/arm64-apple-ios-simulator.swiftsourceinfo /Users/wsig/Library/Developer/Xcode/DerivedData/Leavn-gxbozqiuohwlcfgridtxzqzwunnz/Build/Intermediates.noindex/LeavnCore.build/Debug-iphonesimulator/LeavnServices.build/Objects-normal/arm64/LeavnServices.swiftsourceinfo (in target 'LeavnServices' from project 'LeavnCore')
    cd /Users/wsig/GitHub\ Builds/LeavnOfficial/Core/LeavnCore
    builtin-copy -exclude .DS_Store -exclude CVS -exclude .svn -exclude .git -exclude .hg -resolve-src-symlinks -rename /Users/wsig/Library/Developer/Xcode/DerivedData/Leavn-gxbozqiuohwlcfgridtxzqzwunnz/Build/Intermediates.noindex/LeavnCore.build/Debug-iphonesimulator/LeavnServices.build/Objects-normal/arm64/LeavnServices.swiftsourceinfo /Users/wsig/Library/Developer/Xcode/DerivedData/Leavn-gxbozqiuohwlcfgridtxzqzwunnz/Build/Products/Debug-iphonesimulator/LeavnServices.swiftmodule/Project/arm64-apple-ios-simulator.swiftsourceinfo
error: lstat(/Users/wsig/Library/Developer/Xcode/DerivedData/Leavn-gxbozqiuohwlcfgridtxzqzwunnz/Build/Intermediates.noindex/LeavnCore.build/Debug-iphonesimulator/LeavnServices.build/Objects-normal/arm64/LeavnServices.swiftsourceinfo): No such file or directory (2) (in target 'LeavnServices' from project 'LeavnCore')

Copy /Users/wsig/Library/Developer/Xcode/DerivedData/Leavn-gxbozqiuohwlcfgridtxzqzwunnz/Build/Products/Debug-iphonesimulator/LeavnServices.swiftmodule/arm64-apple-ios-simulator.abi.json /Users/wsig/Library/Developer/Xcode/DerivedData/Leavn-gxbozqiuohwlcfgridtxzqzwunnz/Build/Intermediates.noindex/LeavnCore.build/Debug-iphonesimulator/LeavnServices.build/Objects-normal/arm64/LeavnServices.abi.json (in target 'LeavnServices' from project 'LeavnCore')
    cd /Users/wsig/GitHub\ Builds/LeavnOfficial/Core/LeavnCore
    builtin-copy -exclude .DS_Store -exclude CVS -exclude .svn -exclude .git -exclude .hg -resolve-src-symlinks -rename /Users/wsig/Library/Developer/Xcode/DerivedData/Leavn-gxbozqiuohwlcfgridtxzqzwunnz/Build/Intermediates.noindex/LeavnCore.build/Debug-iphonesimulator/LeavnServices.build/Objects-normal/arm64/LeavnServices.abi.json /Users/wsig/Library/Developer/Xcode/DerivedData/Leavn-gxbozqiuohwlcfgridtxzqzwunnz/Build/Products/Debug-iphonesimulator/LeavnServices.swiftmodule/arm64-apple-ios-simulator.abi.json
error: lstat(/Users/wsig/Library/Developer/Xcode/DerivedData/Leavn-gxbozqiuohwlcfgridtxzqzwunnz/Build/Intermediates.noindex/LeavnCore.build/Debug-iphonesimulator/LeavnServices.build/Objects-normal/arm64/LeavnServices.abi.json): No such file or directory (2) (in target 'LeavnServices' from project 'LeavnCore')

SwiftDriver LeavnSearch normal arm64 com.apple.xcode.tools.swift.compiler (in target 'LeavnSearch' from project 'LeavnModules')
    cd /Users/wsig/GitHub\ Builds/LeavnOfficial/Leavn.xcodeproj
    builtin-SwiftDriver -- /Applications/Xcode-beta.app/Contents/Developer/Toolchains/XcodeDefault.xctoolchain/usr/bin/swiftc -module-name LeavnSearch -Onone -enforce-exclusivity\=checked @/Users/wsig/Library/Developer/Xcode/DerivedData/Leavn-gxbozqiuohwlcfgridtxzqzwunnz/Build/Intermediates.noindex/LeavnModules.build/Debug-iphonesimulator/LeavnSearch.build/Objects-normal/arm64/LeavnSearch.SwiftFileList -DSWIFT_PACKAGE -DDEBUG -DSWIFT_MODULE_RESOURCE_BUNDLE_UNAVAILABLE -DXcode -plugin-path /Applications/Xcode-beta.app/Contents/Developer/Toolchains/XcodeDefault.xctoolchain/usr/lib/swift/host/plugins/testing -enable-experimental-feature DebugDescriptionMacro -sdk /Applications/Xcode-beta.app/Contents/Developer/Platforms/iPhoneSimulator.platform/Developer/SDKs/iPhoneSimulator26.0.sdk -target arm64-apple-ios18.0-simulator -g -module-cache-path /Users/wsig/Library/Developer/Xcode/DerivedData/ModuleCache.noindex -Xfrontend -serialize-debugging-options -profile-coverage-mapping -profile-generate -enable-testing -index-store-path /Users/wsig/Library/Developer/Xcode/DerivedData/Leavn-gxbozqiuohwlcfgridtxzqzwunnz/Index.noindex/DataStore -Xcc -D_LIBCPP_HARDENING_MODE\=_LIBCPP_HARDENING_MODE_DEBUG -swift-version 6 -I /Users/wsig/Library/Developer/Xcode/DerivedData/Leavn-gxbozqiuohwlcfgridtxzqzwunnz/Build/Products/Debug-iphonesimulator -Isystem /Applications/Xcode-beta.app/Contents/Developer/Platforms/iPhoneSimulator.platform/Developer/usr/lib -F /Users/wsig/Library/Developer/Xcode/DerivedData/Leavn-gxbozqiuohwlcfgridtxzqzwunnz/Build/Products/Debug-iphonesimulator/PackageFrameworks -F /Users/wsig/Library/Developer/Xcode/DerivedData/Leavn-gxbozqiuohwlcfgridtxzqzwunnz/Build/Products/Debug-iphonesimulator/PackageFrameworks -F /Users/wsig/Library/Developer/Xcode/DerivedData/Leavn-gxbozqiuohwlcfgridtxzqzwunnz/Build/Products/Debug-iphonesimulator/PackageFrameworks -F /Users/wsig/Library/Developer/Xcode/DerivedData/Leavn-gxbozqiuohwlcfgridtxzqzwunnz/Build/Products/Debug-iphonesimulator/PackageFrameworks -F /Users/wsig/Library/Developer/Xcode/DerivedData/Leavn-gxbozqiuohwlcfgridtxzqzwunnz/Build/Products/Debug-iphonesimulator/PackageFrameworks -F /Users/wsig/Library/Developer/Xcode/DerivedData/Leavn-gxbozqiuohwlcfgridtxzqzwunnz/Build/Products/Debug-iphonesimulator/PackageFrameworks -F /Users/wsig/Library/Developer/Xcode/DerivedData/Leavn-gxbozqiuohwlcfgridtxzqzwunnz/Build/Products/Debug-iphonesimulator/PackageFrameworks -F /Users/wsig/Library/Developer/Xcode/DerivedData/Leavn-gxbozqiuohwlcfgridtxzqzwunnz/Build/Products/Debug-iphonesimulator/PackageFrameworks -F /Users/wsig/Library/Developer/Xcode/DerivedData/Leavn-gxbozqiuohwlcfgridtxzqzwunnz/Build/Products/Debug-iphonesimulator/PackageFrameworks -F /Users/wsig/Library/Developer/Xcode/DerivedData/Leavn-gxbozqiuohwlcfgridtxzqzwunnz/Build/Products/Debug-iphonesimulator/PackageFrameworks -F /Users/wsig/Library/Developer/Xcode/DerivedData/Leavn-gxbozqiuohwlcfgridtxzqzwunnz/Build/Products/Debug-iphonesimulator/PackageFrameworks -F /Users/wsig/Library/Developer/Xcode/DerivedData/Leavn-gxbozqiuohwlcfgridtxzqzwunnz/Build/Products/Debug-iphonesimulator/PackageFrameworks -F /Users/wsig/Library/Developer/Xcode/DerivedData/Leavn-gxbozqiuohwlcfgridtxzqzwunnz/Build/Products/Debug-iphonesimulator/PackageFrameworks -F /Users/wsig/Library/Developer/Xcode/DerivedData/Leavn-gxbozqiuohwlcfgridtxzqzwunnz/Build/Products/Debug-iphonesimulator -F /Applications/Xcode-beta.app/Contents/Developer/Platforms/iPhoneSimulator.platform/Developer/Library/Frameworks -F /Applications/Xcode-beta.app/Contents/Developer/Platforms/iPhoneSimulator.platform/Developer/SDKs/iPhoneSimulator26.0.sdk/Developer/Library/Frameworks -c -j12 -enable-batch-mode -incremental -Xcc -ivfsstatcache -Xcc /Users/wsig/Library/Developer/Xcode/DerivedData/SDKStatCaches.noindex/iphonesimulator26.0-23A5287e-fc862078e33f881139a9d2f83bd1a9d0.sdkstatcache -output-file-map /Users/wsig/Library/Developer/Xcode/DerivedData/Leavn-gxbozqiuohwlcfgridtxzqzwunnz/Build/Intermediates.noindex/LeavnModules.build/Debug-iphonesimulator/LeavnSearch.build/Objects-normal/arm64/LeavnSearch-OutputFileMap.json -use-frontend-parseable-output -save-temps -no-color-diagnostics -explicit-module-build -module-cache-path /Users/wsig/Library/Developer/Xcode/DerivedData/Leavn-gxbozqiuohwlcfgridtxzqzwunnz/Build/Intermediates.noindex/SwiftExplicitPrecompiledModules -clang-scanner-module-cache-path /Users/wsig/Library/Developer/Xcode/DerivedData/ModuleCache.noindex -sdk-module-cache-path /Users/wsig/Library/Developer/Xcode/DerivedData/ModuleCache.noindex -serialize-diagnostics -emit-dependencies -emit-module -emit-module-path /Users/wsig/Library/Developer/Xcode/DerivedData/Leavn-gxbozqiuohwlcfgridtxzqzwunnz/Build/Intermediates.noindex/LeavnModules.build/Debug-iphonesimulator/LeavnSearch.build/Objects-normal/arm64/LeavnSearch.swiftmodule -validate-clang-modules-once -clang-build-session-file /Users/wsig/Library/Developer/Xcode/DerivedData/ModuleCache.noindex/Session.modulevalidation -package-name leavnmodules -Xcc -I/Users/wsig/Library/Developer/Xcode/DerivedData/Leavn-gxbozqiuohwlcfgridtxzqzwunnz/Build/Intermediates.noindex/LeavnModules.build/Debug-iphonesimulator/LeavnSearch.build/swift-overrides.hmap -emit-const-values -Xfrontend -const-gather-protocols-file -Xfrontend /Users/wsig/Library/Developer/Xcode/DerivedData/Leavn-gxbozqiuohwlcfgridtxzqzwunnz/Build/Intermediates.noindex/LeavnModules.build/Debug-iphonesimulator/LeavnSearch.build/Objects-normal/arm64/LeavnSearch_const_extract_protocols.json -Xcc -I/Users/wsig/Library/Developer/Xcode/DerivedData/Leavn-gxbozqiuohwlcfgridtxzqzwunnz/Build/Products/Debug-iphonesimulator/include -Xcc -I/Users/wsig/Library/Developer/Xcode/DerivedData/Leavn-gxbozqiuohwlcfgridtxzqzwunnz/Build/Intermediates.noindex/LeavnModules.build/Debug-iphonesimulator/LeavnSearch.build/DerivedSources-normal/arm64 -Xcc -I/Users/wsig/Library/Developer/Xcode/DerivedData/Leavn-gxbozqiuohwlcfgridtxzqzwunnz/Build/Intermediates.noindex/LeavnModules.build/Debug-iphonesimulator/LeavnSearch.build/DerivedSources/arm64 -Xcc -I/Users/wsig/Library/Developer/Xcode/DerivedData/Leavn-gxbozqiuohwlcfgridtxzqzwunnz/Build/Intermediates.noindex/LeavnModules.build/Debug-iphonesimulator/LeavnSearch.build/DerivedSources -Xcc -DSWIFT_PACKAGE -Xcc -DDEBUG\=1 -emit-objc-header -emit-objc-header-path /Users/wsig/Library/Developer/Xcode/DerivedData/Leavn-gxbozqiuohwlcfgridtxzqzwunnz/Build/Intermediates.noindex/LeavnModules.build/Debug-iphonesimulator/LeavnSearch.build/Objects-normal/arm64/LeavnSearch-Swift.h -working-directory /Users/wsig/GitHub\ Builds/LeavnOfficial/Leavn.xcodeproj -experimental-emit-module-separately -disable-cmo
/Users/wsig/GitHub Builds/LeavnOfficial/Core/LeavnModules/Sources/LeavnSearch/Data/Repositories/DefaultSearchRepository.swift:2:8: error: Unable to find module dependency: 'LeavnCore'
import LeavnCore
       ^ (in target 'LeavnSearch' from project 'LeavnModules')
/Users/wsig/GitHub Builds/LeavnOfficial/Core/LeavnModules/Sources/LeavnSearch/Data/Repositories/DefaultSearchRepository.swift:2:8: note: A dependency of main module 'LeavnSearch'
import LeavnCore
       ^ (in target 'LeavnSearch' from project 'LeavnModules')
/Users/wsig/GitHub Builds/LeavnOfficial/Core/LeavnModules/Sources/LeavnSearch/Domain/Models/SearchModels.swift:2:8: note: Also imported here
import LeavnCore
       ^ (in target 'LeavnSearch' from project 'LeavnModules')
/Users/wsig/GitHub Builds/LeavnOfficial/Core/LeavnModules/Sources/LeavnSearch/Domain/Repositories/SearchRepository.swift:2:8: note: Also imported here
import LeavnCore
       ^ (in target 'LeavnSearch' from project 'LeavnModules')
/Users/wsig/GitHub Builds/LeavnOfficial/Core/LeavnModules/Sources/LeavnSearch/Domain/UseCases/SearchContentUseCase.swift:2:8: note: Also imported here
import LeavnCore
       ^ (in target 'LeavnSearch' from project 'LeavnModules')
/Users/wsig/GitHub Builds/LeavnOfficial/Core/LeavnModules/Sources/LeavnSearch/Presentation/ViewModels/SearchViewModel.swift:4:8: note: Also imported here
import LeavnCore
       ^ (in target 'LeavnSearch' from project 'LeavnModules')
/Users/wsig/GitHub Builds/LeavnOfficial/Core/LeavnModules/Sources/LeavnSearch/SearchView.swift:2:8: note: Also imported here
import LeavnCore
       ^ (in target 'LeavnSearch' from project 'LeavnModules')
/Users/wsig/GitHub Builds/LeavnOfficial/Core/LeavnModules/Sources/LeavnSearch/Data/Repositories/DefaultSearchRepository.swift:3:8: error: Unable to find module dependency: 'NetworkingKit'
import NetworkingKit
       ^ (in target 'LeavnSearch' from project 'LeavnModules')
/Users/wsig/GitHub Builds/LeavnOfficial/Core/LeavnModules/Sources/LeavnSearch/Data/Repositories/DefaultSearchRepository.swift:3:8: note: A dependency of main module 'LeavnSearch'
import NetworkingKit
       ^ (in target 'LeavnSearch' from project 'LeavnModules')
/Users/wsig/GitHub Builds/LeavnOfficial/Core/LeavnModules/Sources/LeavnSearch/Data/Repositories/DefaultSearchRepository.swift:4:8: error: Unable to find module dependency: 'PersistenceKit'
import PersistenceKit
       ^ (in target 'LeavnSearch' from project 'LeavnModules')
/Users/wsig/GitHub Builds/LeavnOfficial/Core/LeavnModules/Sources/LeavnSearch/Data/Repositories/DefaultSearchRepository.swift:4:8: note: A dependency of main module 'LeavnSearch'
import PersistenceKit
       ^ (in target 'LeavnSearch' from project 'LeavnModules')
/Users/wsig/GitHub Builds/LeavnOfficial/Core/LeavnModules/Sources/LeavnSearch/Presentation/ViewModels/SearchViewModel.swift:5:8: error: Unable to find module dependency: 'LeavnServices'
import LeavnServices
       ^ (in target 'LeavnSearch' from project 'LeavnModules')
/Users/wsig/GitHub Builds/LeavnOfficial/Core/LeavnModules/Sources/LeavnSearch/Presentation/ViewModels/SearchViewModel.swift:5:8: note: A dependency of main module 'LeavnSearch'
import LeavnServices
       ^ (in target 'LeavnSearch' from project 'LeavnModules')
/Users/wsig/GitHub Builds/LeavnOfficial/Core/LeavnModules/Sources/LeavnSearch/SearchView.swift:3:8: error: Unable to find module dependency: 'DesignSystem'
import DesignSystem
       ^ (in target 'LeavnSearch' from project 'LeavnModules')
/Users/wsig/GitHub Builds/LeavnOfficial/Core/LeavnModules/Sources/LeavnSearch/SearchView.swift:3:8: note: A dependency of main module 'LeavnSearch'
import DesignSystem
       ^ (in target 'LeavnSearch' from project 'LeavnModules')

SwiftDriver LeavnBible normal arm64 com.apple.xcode.tools.swift.compiler (in target 'LeavnBible' from project 'LeavnModules')
    cd /Users/wsig/GitHub\ Builds/LeavnOfficial/Leavn.xcodeproj
    builtin-SwiftDriver -- /Applications/Xcode-beta.app/Contents/Developer/Toolchains/XcodeDefault.xctoolchain/usr/bin/swiftc -module-name LeavnBible -Onone -enforce-exclusivity\=checked @/Users/wsig/Library/Developer/Xcode/DerivedData/Leavn-gxbozqiuohwlcfgridtxzqzwunnz/Build/Intermediates.noindex/LeavnModules.build/Debug-iphonesimulator/LeavnBible.build/Objects-normal/arm64/LeavnBible.SwiftFileList -DSWIFT_PACKAGE -DDEBUG -DSWIFT_MODULE_RESOURCE_BUNDLE_UNAVAILABLE -Xcc -fmodule-map-file\=/Users/wsig/Library/Developer/Xcode/DerivedData/Leavn-gxbozqiuohwlcfgridtxzqzwunnz/Build/Intermediates.noindex/GeneratedModuleMaps-iphonesimulator/s2geometry.modulemap -Xcc -fmodule-map-file\=/Users/wsig/Library/Developer/Xcode/DerivedData/Leavn-gxbozqiuohwlcfgridtxzqzwunnz/Build/Intermediates.noindex/GeneratedModuleMaps-iphonesimulator/Bid.modulemap -Xcc -fmodule-map-file\=/Users/wsig/Library/Developer/Xcode/DerivedData/Leavn-gxbozqiuohwlcfgridtxzqzwunnz/Build/Intermediates.noindex/GeneratedModuleMaps-iphonesimulator/RealmCoreResources.modulemap -DXcode -plugin-path /Applications/Xcode-beta.app/Contents/Developer/Toolchains/XcodeDefault.xctoolchain/usr/lib/swift/host/plugins/testing -enable-experimental-feature DebugDescriptionMacro -sdk /Applications/Xcode-beta.app/Contents/Developer/Platforms/iPhoneSimulator.platform/Developer/SDKs/iPhoneSimulator26.0.sdk -target arm64-apple-ios18.0-simulator -g -module-cache-path /Users/wsig/Library/Developer/Xcode/DerivedData/ModuleCache.noindex -Xfrontend -serialize-debugging-options -profile-coverage-mapping -profile-generate -enable-testing -index-store-path /Users/wsig/Library/Developer/Xcode/DerivedData/Leavn-gxbozqiuohwlcfgridtxzqzwunnz/Index.noindex/DataStore -Xcc -D_LIBCPP_HARDENING_MODE\=_LIBCPP_HARDENING_MODE_DEBUG -swift-version 6 -I /Users/wsig/Library/Developer/Xcode/DerivedData/Leavn-gxbozqiuohwlcfgridtxzqzwunnz/Build/Products/Debug-iphonesimulator -Isystem /Applications/Xcode-beta.app/Contents/Developer/Platforms/iPhoneSimulator.platform/Developer/usr/lib -F /Users/wsig/Library/Developer/Xcode/DerivedData/Leavn-gxbozqiuohwlcfgridtxzqzwunnz/Build/Products/Debug-iphonesimulator/PackageFrameworks -F /Users/wsig/Library/Developer/Xcode/DerivedData/Leavn-gxbozqiuohwlcfgridtxzqzwunnz/Build/Products/Debug-iphonesimulator/PackageFrameworks -F /Users/wsig/Library/Developer/Xcode/DerivedData/Leavn-gxbozqiuohwlcfgridtxzqzwunnz/Build/Products/Debug-iphonesimulator/PackageFrameworks -F /Users/wsig/Library/Developer/Xcode/DerivedData/Leavn-gxbozqiuohwlcfgridtxzqzwunnz/Build/Products/Debug-iphonesimulator/PackageFrameworks -F /Users/wsig/Library/Developer/Xcode/DerivedData/Leavn-gxbozqiuohwlcfgridtxzqzwunnz/Build/Products/Debug-iphonesimulator/PackageFrameworks -F /Users/wsig/Library/Developer/Xcode/DerivedData/Leavn-gxbozqiuohwlcfgridtxzqzwunnz/Build/Products/Debug-iphonesimulator/PackageFrameworks -F /Users/wsig/Library/Developer/Xcode/DerivedData/Leavn-gxbozqiuohwlcfgridtxzqzwunnz/Build/Products/Debug-iphonesimulator/PackageFrameworks -F /Users/wsig/Library/Developer/Xcode/DerivedData/Leavn-gxbozqiuohwlcfgridtxzqzwunnz/Build/Products/Debug-iphonesimulator/PackageFrameworks -F /Users/wsig/Library/Developer/Xcode/DerivedData/Leavn-gxbozqiuohwlcfgridtxzqzwunnz/Build/Products/Debug-iphonesimulator/PackageFrameworks -F /Users/wsig/Library/Developer/Xcode/DerivedData/Leavn-gxbozqiuohwlcfgridtxzqzwunnz/Build/Products/Debug-iphonesimulator/PackageFrameworks -F /Users/wsig/Library/Developer/Xcode/DerivedData/Leavn-gxbozqiuohwlcfgridtxzqzwunnz/Build/Products/Debug-iphonesimulator/PackageFrameworks -F /Users/wsig/Library/Developer/Xcode/DerivedData/Leavn-gxbozqiuohwlcfgridtxzqzwunnz/Build/Products/Debug-iphonesimulator/PackageFrameworks -F /Users/wsig/Library/Developer/Xcode/DerivedData/Leavn-gxbozqiuohwlcfgridtxzqzwunnz/Build/Products/Debug-iphonesimulator/PackageFrameworks -F /Users/wsig/Library/Developer/Xcode/DerivedData/Leavn-gxbozqiuohwlcfgridtxzqzwunnz/Build/Products/Debug-iphonesimulator/PackageFrameworks -F /Users/wsig/Library/Developer/Xcode/DerivedData/Leavn-gxbozqiuohwlcfgridtxzqzwunnz/Build/Products/Debug-iphonesimulator/PackageFrameworks -F /Users/wsig/Library/Developer/Xcode/DerivedData/Leavn-gxbozqiuohwlcfgridtxzqzwunnz/Build/Products/Debug-iphonesimulator/PackageFrameworks -F /Users/wsig/Library/Developer/Xcode/DerivedData/Leavn-gxbozqiuohwlcfgridtxzqzwunnz/Build/Products/Debug-iphonesimulator/PackageFrameworks -F /Users/wsig/Library/Developer/Xcode/DerivedData/Leavn-gxbozqiuohwlcfgridtxzqzwunnz/Build/Products/Debug-iphonesimulator/PackageFrameworks -F /Users/wsig/Library/Developer/Xcode/DerivedData/Leavn-gxbozqiuohwlcfgridtxzqzwunnz/Build/Products/Debug-iphonesimulator/PackageFrameworks -F /Users/wsig/Library/Developer/Xcode/DerivedData/Leavn-gxbozqiuohwlcfgridtxzqzwunnz/Build/Products/Debug-iphonesimulator -F /Applications/Xcode-beta.app/Contents/Developer/Platforms/iPhoneSimulator.platform/Developer/Library/Frameworks -F /Applications/Xcode-beta.app/Contents/Developer/Platforms/iPhoneSimulator.platform/Developer/SDKs/iPhoneSimulator26.0.sdk/Developer/Library/Frameworks -c -j12 -enable-batch-mode -incremental -Xcc -ivfsstatcache -Xcc /Users/wsig/Library/Developer/Xcode/DerivedData/SDKStatCaches.noindex/iphonesimulator26.0-23A5287e-fc862078e33f881139a9d2f83bd1a9d0.sdkstatcache -output-file-map /Users/wsig/Library/Developer/Xcode/DerivedData/Leavn-gxbozqiuohwlcfgridtxzqzwunnz/Build/Intermediates.noindex/LeavnModules.build/Debug-iphonesimulator/LeavnBible.build/Objects-normal/arm64/LeavnBible-OutputFileMap.json -use-frontend-parseable-output -save-temps -no-color-diagnostics -explicit-module-build -module-cache-path /Users/wsig/Library/Developer/Xcode/DerivedData/Leavn-gxbozqiuohwlcfgridtxzqzwunnz/Build/Intermediates.noindex/SwiftExplicitPrecompiledModules -clang-scanner-module-cache-path /Users/wsig/Library/Developer/Xcode/DerivedData/ModuleCache.noindex -sdk-module-cache-path /Users/wsig/Library/Developer/Xcode/DerivedData/ModuleCache.noindex -serialize-diagnostics -emit-dependencies -emit-module -emit-module-path /Users/wsig/Library/Developer/Xcode/DerivedData/Leavn-gxbozqiuohwlcfgridtxzqzwunnz/Build/Intermediates.noindex/LeavnModules.build/Debug-iphonesimulator/LeavnBible.build/Objects-normal/arm64/LeavnBible.swiftmodule -validate-clang-modules-once -clang-build-session-file /Users/wsig/Library/Developer/Xcode/DerivedData/ModuleCache.noindex/Session.modulevalidation -package-name leavnmodules -Xcc -I/Users/wsig/Library/Developer/Xcode/DerivedData/Leavn-gxbozqiuohwlcfgridtxzqzwunnz/Build/Intermediates.noindex/LeavnModules.build/Debug-iphonesimulator/LeavnBible.build/swift-overrides.hmap -emit-const-values -Xfrontend -const-gather-protocols-file -Xfrontend /Users/wsig/Library/Developer/Xcode/DerivedData/Leavn-gxbozqiuohwlcfgridtxzqzwunnz/Build/Intermediates.noindex/LeavnModules.build/Debug-iphonesimulator/LeavnBible.build/Objects-normal/arm64/LeavnBible_const_extract_protocols.json -Xcc -I/Users/wsig/Library/Developer/Xcode/DerivedData/Leavn-gxbozqiuohwlcfgridtxzqzwunnz/SourcePackages/checkouts/realm-core/src -Xcc -I/Users/wsig/Library/Developer/Xcode/DerivedData/Leavn-gxbozqiuohwlcfgridtxzqzwunnz/SourcePackages/checkouts/realm-core/src/external/s2 -Xcc -I/Users/wsig/Library/Developer/Xcode/DerivedData/Leavn-gxbozqiuohwlcfgridtxzqzwunnz/SourcePackages/checkouts/realm-core/src/external/IntelRDFPMathLib20U2/LIBRARY/src -Xcc -I/Users/wsig/Library/Developer/Xcode/DerivedData/Leavn-gxbozqiuohwlcfgridtxzqzwunnz/SourcePackages/checkouts/realm-core/src/spm -Xcc -I/Users/wsig/Library/Developer/Xcode/DerivedData/Leavn-gxbozqiuohwlcfgridtxzqzwunnz/SourcePackages/checkouts/realm-swift/include -Xcc -I/Users/wsig/Library/Developer/Xcode/DerivedData/Leavn-gxbozqiuohwlcfgridtxzqzwunnz/Build/Products/Debug-iphonesimulator/include -Xcc -I/Users/wsig/Library/Developer/Xcode/DerivedData/Leavn-gxbozqiuohwlcfgridtxzqzwunnz/Build/Intermediates.noindex/LeavnModules.build/Debug-iphonesimulator/LeavnBible.build/DerivedSources-normal/arm64 -Xcc -I/Users/wsig/Library/Developer/Xcode/DerivedData/Leavn-gxbozqiuohwlcfgridtxzqzwunnz/Build/Intermediates.noindex/LeavnModules.build/Debug-iphonesimulator/LeavnBible.build/DerivedSources/arm64 -Xcc -I/Users/wsig/Library/Developer/Xcode/DerivedData/Leavn-gxbozqiuohwlcfgridtxzqzwunnz/Build/Intermediates.noindex/LeavnModules.build/Debug-iphonesimulator/LeavnBible.build/DerivedSources -Xcc -DSWIFT_PACKAGE -Xcc -DDEBUG\=1 -emit-objc-header -emit-objc-header-path /Users/wsig/Library/Developer/Xcode/DerivedData/Leavn-gxbozqiuohwlcfgridtxzqzwunnz/Build/Intermediates.noindex/LeavnModules.build/Debug-iphonesimulator/LeavnBible.build/Objects-normal/arm64/LeavnBible-Swift.h -working-directory /Users/wsig/GitHub\ Builds/LeavnOfficial/Leavn.xcodeproj -experimental-emit-module-separately -disable-cmo
/Users/wsig/GitHub Builds/LeavnOfficial/Core/LeavnModules/Sources/LeavnBible/BibleView.swift:2:8: error: Unable to find module dependency: 'LeavnCore'
import LeavnCore
       ^ (in target 'LeavnBible' from project 'LeavnModules')
/Users/wsig/GitHub Builds/LeavnOfficial/Core/LeavnModules/Sources/LeavnBible/BibleView.swift:2:8: note: A dependency of main module 'LeavnBible'
import LeavnCore
       ^ (in target 'LeavnBible' from project 'LeavnModules')
/Users/wsig/GitHub Builds/LeavnOfficial/Core/LeavnModules/Sources/LeavnBible/Domain/Repositories/BibleRepository.swift:2:8: note: Also imported here
import LeavnCore
       ^ (in target 'LeavnBible' from project 'LeavnModules')
/Users/wsig/GitHub Builds/LeavnOfficial/Core/LeavnModules/Sources/LeavnBible/Domain/UseCases/FetchVerseUseCase.swift:2:8: note: Also imported here
import LeavnCore
       ^ (in target 'LeavnBible' from project 'LeavnModules')
/Users/wsig/GitHub Builds/LeavnOfficial/Core/LeavnModules/Sources/LeavnBible/Domain/UseCases/SearchBibleUseCase.swift:2:8: note: Also imported here
import LeavnCore
       ^ (in target 'LeavnBible' from project 'LeavnModules')
/Users/wsig/GitHub Builds/LeavnOfficial/Core/LeavnModules/Sources/LeavnBible/Presentation/ViewModels/BibleViewModel.swift:4:8: note: Also imported here
import LeavnCore
       ^ (in target 'LeavnBible' from project 'LeavnModules')
/Users/wsig/GitHub Builds/LeavnOfficial/Core/LeavnModules/Sources/LeavnBible/BibleView.swift:3:8: error: Unable to find module dependency: 'DesignSystem'
import DesignSystem
       ^ (in target 'LeavnBible' from project 'LeavnModules')
/Users/wsig/GitHub Builds/LeavnOfficial/Core/LeavnModules/Sources/LeavnBible/BibleView.swift:3:8: note: A dependency of main module 'LeavnBible'
import DesignSystem
       ^ (in target 'LeavnBible' from project 'LeavnModules')
/Users/wsig/GitHub Builds/LeavnOfficial/Core/LeavnModules/Sources/LeavnBible/BibleView.swift:4:8: error: Unable to find module dependency: 'LeavnServices'
import LeavnServices
       ^ (in target 'LeavnBible' from project 'LeavnModules')
/Users/wsig/GitHub Builds/LeavnOfficial/Core/LeavnModules/Sources/LeavnBible/BibleView.swift:4:8: note: A dependency of main module 'LeavnBible'
import LeavnServices
       ^ (in target 'LeavnBible' from project 'LeavnModules')
/Users/wsig/GitHub Builds/LeavnOfficial/Core/LeavnModules/Sources/LeavnBible/Domain/Repositories/BibleRepository.swift:3:8: note: Also imported here
import LeavnServices
       ^ (in target 'LeavnBible' from project 'LeavnModules')
/Users/wsig/GitHub Builds/LeavnOfficial/Core/LeavnModules/Sources/LeavnBible/Domain/UseCases/FetchVerseUseCase.swift:3:8: note: Also imported here
import LeavnServices
       ^ (in target 'LeavnBible' from project 'LeavnModules')
/Users/wsig/GitHub Builds/LeavnOfficial/Core/LeavnModules/Sources/LeavnBible/Domain/UseCases/SearchBibleUseCase.swift:3:8: note: Also imported here
import LeavnServices
       ^ (in target 'LeavnBible' from project 'LeavnModules')
/Users/wsig/GitHub Builds/LeavnOfficial/Core/LeavnModules/Sources/LeavnBible/Presentation/ViewModels/BibleViewModel.swift:5:8: note: Also imported here
import LeavnServices
       ^ (in target 'LeavnBible' from project 'LeavnModules')

SwiftDriver LeavnSettings normal arm64 com.apple.xcode.tools.swift.compiler (in target 'LeavnSettings' from project 'LeavnModules')
    cd /Users/wsig/GitHub\ Builds/LeavnOfficial/Leavn.xcodeproj
    builtin-SwiftDriver -- /Applications/Xcode-beta.app/Contents/Developer/Toolchains/XcodeDefault.xctoolchain/usr/bin/swiftc -module-name LeavnSettings -Onone -enforce-exclusivity\=checked @/Users/wsig/Library/Developer/Xcode/DerivedData/Leavn-gxbozqiuohwlcfgridtxzqzwunnz/Build/Intermediates.noindex/LeavnModules.build/Debug-iphonesimulator/LeavnSettings.build/Objects-normal/arm64/LeavnSettings.SwiftFileList -DSWIFT_PACKAGE -DDEBUG -DSWIFT_MODULE_RESOURCE_BUNDLE_UNAVAILABLE -DXcode -plugin-path /Applications/Xcode-beta.app/Contents/Developer/Toolchains/XcodeDefault.xctoolchain/usr/lib/swift/host/plugins/testing -enable-experimental-feature DebugDescriptionMacro -sdk /Applications/Xcode-beta.app/Contents/Developer/Platforms/iPhoneSimulator.platform/Developer/SDKs/iPhoneSimulator26.0.sdk -target arm64-apple-ios18.0-simulator -g -module-cache-path /Users/wsig/Library/Developer/Xcode/DerivedData/ModuleCache.noindex -Xfrontend -serialize-debugging-options -profile-coverage-mapping -profile-generate -enable-testing -index-store-path /Users/wsig/Library/Developer/Xcode/DerivedData/Leavn-gxbozqiuohwlcfgridtxzqzwunnz/Index.noindex/DataStore -Xcc -D_LIBCPP_HARDENING_MODE\=_LIBCPP_HARDENING_MODE_DEBUG -swift-version 6 -I /Users/wsig/Library/Developer/Xcode/DerivedData/Leavn-gxbozqiuohwlcfgridtxzqzwunnz/Build/Products/Debug-iphonesimulator -Isystem /Applications/Xcode-beta.app/Contents/Developer/Platforms/iPhoneSimulator.platform/Developer/usr/lib -F /Users/wsig/Library/Developer/Xcode/DerivedData/Leavn-gxbozqiuohwlcfgridtxzqzwunnz/Build/Products/Debug-iphonesimulator/PackageFrameworks -F /Users/wsig/Library/Developer/Xcode/DerivedData/Leavn-gxbozqiuohwlcfgridtxzqzwunnz/Build/Products/Debug-iphonesimulator/PackageFrameworks -F /Users/wsig/Library/Developer/Xcode/DerivedData/Leavn-gxbozqiuohwlcfgridtxzqzwunnz/Build/Products/Debug-iphonesimulator/PackageFrameworks -F /Users/wsig/Library/Developer/Xcode/DerivedData/Leavn-gxbozqiuohwlcfgridtxzqzwunnz/Build/Products/Debug-iphonesimulator/PackageFrameworks -F /Users/wsig/Library/Developer/Xcode/DerivedData/Leavn-gxbozqiuohwlcfgridtxzqzwunnz/Build/Products/Debug-iphonesimulator/PackageFrameworks -F /Users/wsig/Library/Developer/Xcode/DerivedData/Leavn-gxbozqiuohwlcfgridtxzqzwunnz/Build/Products/Debug-iphonesimulator/PackageFrameworks -F /Users/wsig/Library/Developer/Xcode/DerivedData/Leavn-gxbozqiuohwlcfgridtxzqzwunnz/Build/Products/Debug-iphonesimulator/PackageFrameworks -F /Users/wsig/Library/Developer/Xcode/DerivedData/Leavn-gxbozqiuohwlcfgridtxzqzwunnz/Build/Products/Debug-iphonesimulator/PackageFrameworks -F /Users/wsig/Library/Developer/Xcode/DerivedData/Leavn-gxbozqiuohwlcfgridtxzqzwunnz/Build/Products/Debug-iphonesimulator/PackageFrameworks -F /Users/wsig/Library/Developer/Xcode/DerivedData/Leavn-gxbozqiuohwlcfgridtxzqzwunnz/Build/Products/Debug-iphonesimulator -F /Applications/Xcode-beta.app/Contents/Developer/Platforms/iPhoneSimulator.platform/Developer/Library/Frameworks -F /Applications/Xcode-beta.app/Contents/Developer/Platforms/iPhoneSimulator.platform/Developer/SDKs/iPhoneSimulator26.0.sdk/Developer/Library/Frameworks -c -j12 -enable-batch-mode -incremental -Xcc -ivfsstatcache -Xcc /Users/wsig/Library/Developer/Xcode/DerivedData/SDKStatCaches.noindex/iphonesimulator26.0-23A5287e-fc862078e33f881139a9d2f83bd1a9d0.sdkstatcache -output-file-map /Users/wsig/Library/Developer/Xcode/DerivedData/Leavn-gxbozqiuohwlcfgridtxzqzwunnz/Build/Intermediates.noindex/LeavnModules.build/Debug-iphonesimulator/LeavnSettings.build/Objects-normal/arm64/LeavnSettings-OutputFileMap.json -use-frontend-parseable-output -save-temps -no-color-diagnostics -explicit-module-build -module-cache-path /Users/wsig/Library/Developer/Xcode/DerivedData/Leavn-gxbozqiuohwlcfgridtxzqzwunnz/Build/Intermediates.noindex/SwiftExplicitPrecompiledModules -clang-scanner-module-cache-path /Users/wsig/Library/Developer/Xcode/DerivedData/ModuleCache.noindex -sdk-module-cache-path /Users/wsig/Library/Developer/Xcode/DerivedData/ModuleCache.noindex -serialize-diagnostics -emit-dependencies -emit-module -emit-module-path /Users/wsig/Library/Developer/Xcode/DerivedData/Leavn-gxbozqiuohwlcfgridtxzqzwunnz/Build/Intermediates.noindex/LeavnModules.build/Debug-iphonesimulator/LeavnSettings.build/Objects-normal/arm64/LeavnSettings.swiftmodule -validate-clang-modules-once -clang-build-session-file /Users/wsig/Library/Developer/Xcode/DerivedData/ModuleCache.noindex/Session.modulevalidation -package-name leavnmodules -Xcc -I/Users/wsig/Library/Developer/Xcode/DerivedData/Leavn-gxbozqiuohwlcfgridtxzqzwunnz/Build/Intermediates.noindex/LeavnModules.build/Debug-iphonesimulator/LeavnSettings.build/swift-overrides.hmap -emit-const-values -Xfrontend -const-gather-protocols-file -Xfrontend /Users/wsig/Library/Developer/Xcode/DerivedData/Leavn-gxbozqiuohwlcfgridtxzqzwunnz/Build/Intermediates.noindex/LeavnModules.build/Debug-iphonesimulator/LeavnSettings.build/Objects-normal/arm64/LeavnSettings_const_extract_protocols.json -Xcc -I/Users/wsig/Library/Developer/Xcode/DerivedData/Leavn-gxbozqiuohwlcfgridtxzqzwunnz/Build/Products/Debug-iphonesimulator/include -Xcc -I/Users/wsig/Library/Developer/Xcode/DerivedData/Leavn-gxbozqiuohwlcfgridtxzqzwunnz/Build/Intermediates.noindex/LeavnModules.build/Debug-iphonesimulator/LeavnSettings.build/DerivedSources-normal/arm64 -Xcc -I/Users/wsig/Library/Developer/Xcode/DerivedData/Leavn-gxbozqiuohwlcfgridtxzqzwunnz/Build/Intermediates.noindex/LeavnModules.build/Debug-iphonesimulator/LeavnSettings.build/DerivedSources/arm64 -Xcc -I/Users/wsig/Library/Developer/Xcode/DerivedData/Leavn-gxbozqiuohwlcfgridtxzqzwunnz/Build/Intermediates.noindex/LeavnModules.build/Debug-iphonesimulator/LeavnSettings.build/DerivedSources -Xcc -DSWIFT_PACKAGE -Xcc -DDEBUG\=1 -emit-objc-header -emit-objc-header-path /Users/wsig/Library/Developer/Xcode/DerivedData/Leavn-gxbozqiuohwlcfgridtxzqzwunnz/Build/Intermediates.noindex/LeavnModules.build/Debug-iphonesimulator/LeavnSettings.build/Objects-normal/arm64/LeavnSettings-Swift.h -working-directory /Users/wsig/GitHub\ Builds/LeavnOfficial/Leavn.xcodeproj -experimental-emit-module-separately -disable-cmo
/Users/wsig/GitHub Builds/LeavnOfficial/Core/LeavnModules/Sources/LeavnSettings/Data/Protocols/SettingsStorageProtocols.swift:2:8: error: Unable to find module dependency: 'LeavnCore'
import LeavnCore
       ^ (in target 'LeavnSettings' from project 'LeavnModules')
/Users/wsig/GitHub Builds/LeavnOfficial/Core/LeavnModules/Sources/LeavnSettings/Data/Protocols/SettingsStorageProtocols.swift:2:8: note: A dependency of main module 'LeavnSettings'
import LeavnCore
       ^ (in target 'LeavnSettings' from project 'LeavnModules')
/Users/wsig/GitHub Builds/LeavnOfficial/Core/LeavnModules/Sources/LeavnSettings/Data/Repositories/DefaultSettingsRepository.swift:2:8: note: Also imported here
import LeavnCore
       ^ (in target 'LeavnSettings' from project 'LeavnModules')
/Users/wsig/GitHub Builds/LeavnOfficial/Core/LeavnModules/Sources/LeavnSettings/Domain/Models/SettingsModels.swift:2:8: note: Also imported here
import LeavnCore
       ^ (in target 'LeavnSettings' from project 'LeavnModules')
/Users/wsig/GitHub Builds/LeavnOfficial/Core/LeavnModules/Sources/LeavnSettings/Domain/Repositories/SettingsRepository.swift:2:8: note: Also imported here
import LeavnCore
       ^ (in target 'LeavnSettings' from project 'LeavnModules')
/Users/wsig/GitHub Builds/LeavnOfficial/Core/LeavnModules/Sources/LeavnSettings/Domain/UseCases/SettingsUseCases.swift:2:8: note: Also imported here
import LeavnCore
       ^ (in target 'LeavnSettings' from project 'LeavnModules')
/Users/wsig/GitHub Builds/LeavnOfficial/Core/LeavnModules/Sources/LeavnSettings/Presentation/ViewModels/SettingsViewModel.swift:2:8: note: Also imported here
import LeavnCore
       ^ (in target 'LeavnSettings' from project 'LeavnModules')

SwiftDriver LeavnLibrary normal arm64 com.apple.xcode.tools.swift.compiler (in target 'LeavnLibrary' from project 'LeavnModules')
    cd /Users/wsig/GitHub\ Builds/LeavnOfficial/Leavn.xcodeproj
    builtin-SwiftDriver -- /Applications/Xcode-beta.app/Contents/Developer/Toolchains/XcodeDefault.xctoolchain/usr/bin/swiftc -module-name LeavnLibrary -Onone -enforce-exclusivity\=checked @/Users/wsig/Library/Developer/Xcode/DerivedData/Leavn-gxbozqiuohwlcfgridtxzqzwunnz/Build/Intermediates.noindex/LeavnModules.build/Debug-iphonesimulator/LeavnLibrary.build/Objects-normal/arm64/LeavnLibrary.SwiftFileList -DSWIFT_PACKAGE -DDEBUG -DSWIFT_MODULE_RESOURCE_BUNDLE_UNAVAILABLE -Xcc -fmodule-map-file\=/Users/wsig/Library/Developer/Xcode/DerivedData/Leavn-gxbozqiuohwlcfgridtxzqzwunnz/Build/Intermediates.noindex/GeneratedModuleMaps-iphonesimulator/s2geometry.modulemap -Xcc -fmodule-map-file\=/Users/wsig/Library/Developer/Xcode/DerivedData/Leavn-gxbozqiuohwlcfgridtxzqzwunnz/Build/Intermediates.noindex/GeneratedModuleMaps-iphonesimulator/Bid.modulemap -Xcc -fmodule-map-file\=/Users/wsig/Library/Developer/Xcode/DerivedData/Leavn-gxbozqiuohwlcfgridtxzqzwunnz/Build/Intermediates.noindex/GeneratedModuleMaps-iphonesimulator/RealmCoreResources.modulemap -DXcode -plugin-path /Applications/Xcode-beta.app/Contents/Developer/Toolchains/XcodeDefault.xctoolchain/usr/lib/swift/host/plugins/testing -enable-experimental-feature DebugDescriptionMacro -sdk /Applications/Xcode-beta.app/Contents/Developer/Platforms/iPhoneSimulator.platform/Developer/SDKs/iPhoneSimulator26.0.sdk -target arm64-apple-ios18.0-simulator -g -module-cache-path /Users/wsig/Library/Developer/Xcode/DerivedData/ModuleCache.noindex -Xfrontend -serialize-debugging-options -profile-coverage-mapping -profile-generate -enable-testing -index-store-path /Users/wsig/Library/Developer/Xcode/DerivedData/Leavn-gxbozqiuohwlcfgridtxzqzwunnz/Index.noindex/DataStore -Xcc -D_LIBCPP_HARDENING_MODE\=_LIBCPP_HARDENING_MODE_DEBUG -swift-version 6 -I /Users/wsig/Library/Developer/Xcode/DerivedData/Leavn-gxbozqiuohwlcfgridtxzqzwunnz/Build/Products/Debug-iphonesimulator -Isystem /Applications/Xcode-beta.app/Contents/Developer/Platforms/iPhoneSimulator.platform/Developer/usr/lib -F /Users/wsig/Library/Developer/Xcode/DerivedData/Leavn-gxbozqiuohwlcfgridtxzqzwunnz/Build/Products/Debug-iphonesimulator/PackageFrameworks -F /Users/wsig/Library/Developer/Xcode/DerivedData/Leavn-gxbozqiuohwlcfgridtxzqzwunnz/Build/Products/Debug-iphonesimulator/PackageFrameworks -F /Users/wsig/Library/Developer/Xcode/DerivedData/Leavn-gxbozqiuohwlcfgridtxzqzwunnz/Build/Products/Debug-iphonesimulator/PackageFrameworks -F /Users/wsig/Library/Developer/Xcode/DerivedData/Leavn-gxbozqiuohwlcfgridtxzqzwunnz/Build/Products/Debug-iphonesimulator/PackageFrameworks -F /Users/wsig/Library/Developer/Xcode/DerivedData/Leavn-gxbozqiuohwlcfgridtxzqzwunnz/Build/Products/Debug-iphonesimulator/PackageFrameworks -F /Users/wsig/Library/Developer/Xcode/DerivedData/Leavn-gxbozqiuohwlcfgridtxzqzwunnz/Build/Products/Debug-iphonesimulator/PackageFrameworks -F /Users/wsig/Library/Developer/Xcode/DerivedData/Leavn-gxbozqiuohwlcfgridtxzqzwunnz/Build/Products/Debug-iphonesimulator/PackageFrameworks -F /Users/wsig/Library/Developer/Xcode/DerivedData/Leavn-gxbozqiuohwlcfgridtxzqzwunnz/Build/Products/Debug-iphonesimulator/PackageFrameworks -F /Users/wsig/Library/Developer/Xcode/DerivedData/Leavn-gxbozqiuohwlcfgridtxzqzwunnz/Build/Products/Debug-iphonesimulator/PackageFrameworks -F /Users/wsig/Library/Developer/Xcode/DerivedData/Leavn-gxbozqiuohwlcfgridtxzqzwunnz/Build/Products/Debug-iphonesimulator/PackageFrameworks -F /Users/wsig/Library/Developer/Xcode/DerivedData/Leavn-gxbozqiuohwlcfgridtxzqzwunnz/Build/Products/Debug-iphonesimulator/PackageFrameworks -F /Users/wsig/Library/Developer/Xcode/DerivedData/Leavn-gxbozqiuohwlcfgridtxzqzwunnz/Build/Products/Debug-iphonesimulator/PackageFrameworks -F /Users/wsig/Library/Developer/Xcode/DerivedData/Leavn-gxbozqiuohwlcfgridtxzqzwunnz/Build/Products/Debug-iphonesimulator/PackageFrameworks -F /Users/wsig/Library/Developer/Xcode/DerivedData/Leavn-gxbozqiuohwlcfgridtxzqzwunnz/Build/Products/Debug-iphonesimulator/PackageFrameworks -F /Users/wsig/Library/Developer/Xcode/DerivedData/Leavn-gxbozqiuohwlcfgridtxzqzwunnz/Build/Products/Debug-iphonesimulator/PackageFrameworks -F /Users/wsig/Library/Developer/Xcode/DerivedData/Leavn-gxbozqiuohwlcfgridtxzqzwunnz/Build/Products/Debug-iphonesimulator -F /Applications/Xcode-beta.app/Contents/Developer/Platforms/iPhoneSimulator.platform/Developer/Library/Frameworks -F /Applications/Xcode-beta.app/Contents/Developer/Platforms/iPhoneSimulator.platform/Developer/SDKs/iPhoneSimulator26.0.sdk/Developer/Library/Frameworks -c -j12 -enable-batch-mode -incremental -Xcc -ivfsstatcache -Xcc /Users/wsig/Library/Developer/Xcode/DerivedData/SDKStatCaches.noindex/iphonesimulator26.0-23A5287e-fc862078e33f881139a9d2f83bd1a9d0.sdkstatcache -output-file-map /Users/wsig/Library/Developer/Xcode/DerivedData/Leavn-gxbozqiuohwlcfgridtxzqzwunnz/Build/Intermediates.noindex/LeavnModules.build/Debug-iphonesimulator/LeavnLibrary.build/Objects-normal/arm64/LeavnLibrary-OutputFileMap.json -use-frontend-parseable-output -save-temps -no-color-diagnostics -explicit-module-build -module-cache-path /Users/wsig/Library/Developer/Xcode/DerivedData/Leavn-gxbozqiuohwlcfgridtxzqzwunnz/Build/Intermediates.noindex/SwiftExplicitPrecompiledModules -clang-scanner-module-cache-path /Users/wsig/Library/Developer/Xcode/DerivedData/ModuleCache.noindex -sdk-module-cache-path /Users/wsig/Library/Developer/Xcode/DerivedData/ModuleCache.noindex -serialize-diagnostics -emit-dependencies -emit-module -emit-module-path /Users/wsig/Library/Developer/Xcode/DerivedData/Leavn-gxbozqiuohwlcfgridtxzqzwunnz/Build/Intermediates.noindex/LeavnModules.build/Debug-iphonesimulator/LeavnLibrary.build/Objects-normal/arm64/LeavnLibrary.swiftmodule -validate-clang-modules-once -clang-build-session-file /Users/wsig/Library/Developer/Xcode/DerivedData/ModuleCache.noindex/Session.modulevalidation -package-name leavnmodules -Xcc -I/Users/wsig/Library/Developer/Xcode/DerivedData/Leavn-gxbozqiuohwlcfgridtxzqzwunnz/Build/Intermediates.noindex/LeavnModules.build/Debug-iphonesimulator/LeavnLibrary.build/swift-overrides.hmap -emit-const-values -Xfrontend -const-gather-protocols-file -Xfrontend /Users/wsig/Library/Developer/Xcode/DerivedData/Leavn-gxbozqiuohwlcfgridtxzqzwunnz/Build/Intermediates.noindex/LeavnModules.build/Debug-iphonesimulator/LeavnLibrary.build/Objects-normal/arm64/LeavnLibrary_const_extract_protocols.json -Xcc -I/Users/wsig/Library/Developer/Xcode/DerivedData/Leavn-gxbozqiuohwlcfgridtxzqzwunnz/SourcePackages/checkouts/realm-core/src -Xcc -I/Users/wsig/Library/Developer/Xcode/DerivedData/Leavn-gxbozqiuohwlcfgridtxzqzwunnz/SourcePackages/checkouts/realm-core/src/external/s2 -Xcc -I/Users/wsig/Library/Developer/Xcode/DerivedData/Leavn-gxbozqiuohwlcfgridtxzqzwunnz/SourcePackages/checkouts/realm-core/src/external/IntelRDFPMathLib20U2/LIBRARY/src -Xcc -I/Users/wsig/Library/Developer/Xcode/DerivedData/Leavn-gxbozqiuohwlcfgridtxzqzwunnz/SourcePackages/checkouts/realm-core/src/spm -Xcc -I/Users/wsig/Library/Developer/Xcode/DerivedData/Leavn-gxbozqiuohwlcfgridtxzqzwunnz/SourcePackages/checkouts/realm-swift/include -Xcc -I/Users/wsig/Library/Developer/Xcode/DerivedData/Leavn-gxbozqiuohwlcfgridtxzqzwunnz/Build/Products/Debug-iphonesimulator/include -Xcc -I/Users/wsig/Library/Developer/Xcode/DerivedData/Leavn-gxbozqiuohwlcfgridtxzqzwunnz/Build/Intermediates.noindex/LeavnModules.build/Debug-iphonesimulator/LeavnLibrary.build/DerivedSources-normal/arm64 -Xcc -I/Users/wsig/Library/Developer/Xcode/DerivedData/Leavn-gxbozqiuohwlcfgridtxzqzwunnz/Build/Intermediates.noindex/LeavnModules.build/Debug-iphonesimulator/LeavnLibrary.build/DerivedSources/arm64 -Xcc -I/Users/wsig/Library/Developer/Xcode/DerivedData/Leavn-gxbozqiuohwlcfgridtxzqzwunnz/Build/Intermediates.noindex/LeavnModules.build/Debug-iphonesimulator/LeavnLibrary.build/DerivedSources -Xcc -DSWIFT_PACKAGE -Xcc -DDEBUG\=1 -emit-objc-header -emit-objc-header-path /Users/wsig/Library/Developer/Xcode/DerivedData/Leavn-gxbozqiuohwlcfgridtxzqzwunnz/Build/Intermediates.noindex/LeavnModules.build/Debug-iphonesimulator/LeavnLibrary.build/Objects-normal/arm64/LeavnLibrary-Swift.h -working-directory /Users/wsig/GitHub\ Builds/LeavnOfficial/Leavn.xcodeproj -experimental-emit-module-separately -disable-cmo
/Users/wsig/GitHub Builds/LeavnOfficial/Core/LeavnModules/Sources/LeavnLibrary/Data/DataSources/LibraryAPIClient.swift:2:8: error: Unable to find module dependency: 'NetworkingKit'
import NetworkingKit
       ^ (in target 'LeavnLibrary' from project 'LeavnModules')
/Users/wsig/GitHub Builds/LeavnOfficial/Core/LeavnModules/Sources/LeavnLibrary/Data/DataSources/LibraryAPIClient.swift:2:8: note: A dependency of main module 'LeavnLibrary'
import NetworkingKit
       ^ (in target 'LeavnLibrary' from project 'LeavnModules')
/Users/wsig/GitHub Builds/LeavnOfficial/Core/LeavnModules/Sources/LeavnLibrary/Data/Repositories/DefaultLibraryRepository.swift:3:8: note: Also imported here
import NetworkingKit
       ^ (in target 'LeavnLibrary' from project 'LeavnModules')
/Users/wsig/GitHub Builds/LeavnOfficial/Core/LeavnModules/Sources/LeavnLibrary/Data/DataSources/LibraryAPIClient.swift:3:8: error: Unable to find module dependency: 'LeavnCore'
import LeavnCore
       ^ (in target 'LeavnLibrary' from project 'LeavnModules')
/Users/wsig/GitHub Builds/LeavnOfficial/Core/LeavnModules/Sources/LeavnLibrary/Data/DataSources/LibraryAPIClient.swift:3:8: note: A dependency of main module 'LeavnLibrary'
import LeavnCore
       ^ (in target 'LeavnLibrary' from project 'LeavnModules')
/Users/wsig/GitHub Builds/LeavnOfficial/Core/LeavnModules/Sources/LeavnLibrary/Data/Repositories/DefaultLibraryRepository.swift:2:8: note: Also imported here
import LeavnCore
       ^ (in target 'LeavnLibrary' from project 'LeavnModules')
/Users/wsig/GitHub Builds/LeavnOfficial/Core/LeavnModules/Sources/LeavnLibrary/Domain/Models/LibraryModels.swift:2:8: note: Also imported here
import LeavnCore
       ^ (in target 'LeavnLibrary' from project 'LeavnModules')
/Users/wsig/GitHub Builds/LeavnOfficial/Core/LeavnModules/Sources/LeavnLibrary/Domain/Repositories/LibraryRepository.swift:2:8: note: Also imported here
import LeavnCore
       ^ (in target 'LeavnLibrary' from project 'LeavnModules')
/Users/wsig/GitHub Builds/LeavnOfficial/Core/LeavnModules/Sources/LeavnLibrary/Domain/UseCases/LibraryUseCases.swift:2:8: note: Also imported here
import LeavnCore
       ^ (in target 'LeavnLibrary' from project 'LeavnModules')
/Users/wsig/GitHub Builds/LeavnOfficial/Core/LeavnModules/Sources/LeavnLibrary/Presentation/ViewModels/LibraryViewModel.swift:4:8: note: Also imported here
import LeavnCore
       ^ (in target 'LeavnLibrary' from project 'LeavnModules')
/Users/wsig/GitHub Builds/LeavnOfficial/Core/LeavnModules/Sources/LeavnLibrary/Data/Repositories/DefaultLibraryRepository.swift:4:8: error: Unable to find module dependency: 'PersistenceKit'
import PersistenceKit
       ^ (in target 'LeavnLibrary' from project 'LeavnModules')
/Users/wsig/GitHub Builds/LeavnOfficial/Core/LeavnModules/Sources/LeavnLibrary/Data/Repositories/DefaultLibraryRepository.swift:4:8: note: A dependency of main module 'LeavnLibrary'
import PersistenceKit
       ^ (in target 'LeavnLibrary' from project 'LeavnModules')

SwiftDriver AuthenticationModule normal arm64 com.apple.xcode.tools.swift.compiler (in target 'AuthenticationModule' from project 'LeavnModules')
    cd /Users/wsig/GitHub\ Builds/LeavnOfficial/Leavn.xcodeproj
    builtin-SwiftDriver -- /Applications/Xcode-beta.app/Contents/Developer/Toolchains/XcodeDefault.xctoolchain/usr/bin/swiftc -module-name AuthenticationModule -Onone -enforce-exclusivity\=checked @/Users/wsig/Library/Developer/Xcode/DerivedData/Leavn-gxbozqiuohwlcfgridtxzqzwunnz/Build/Intermediates.noindex/LeavnModules.build/Debug-iphonesimulator/AuthenticationModule.build/Objects-normal/arm64/AuthenticationModule.SwiftFileList -DSWIFT_PACKAGE -DDEBUG -DSWIFT_MODULE_RESOURCE_BUNDLE_UNAVAILABLE -DXcode -plugin-path /Applications/Xcode-beta.app/Contents/Developer/Toolchains/XcodeDefault.xctoolchain/usr/lib/swift/host/plugins/testing -enable-experimental-feature DebugDescriptionMacro -sdk /Applications/Xcode-beta.app/Contents/Developer/Platforms/iPhoneSimulator.platform/Developer/SDKs/iPhoneSimulator26.0.sdk -target arm64-apple-ios18.0-simulator -g -module-cache-path /Users/wsig/Library/Developer/Xcode/DerivedData/ModuleCache.noindex -Xfrontend -serialize-debugging-options -profile-coverage-mapping -profile-generate -enable-testing -index-store-path /Users/wsig/Library/Developer/Xcode/DerivedData/Leavn-gxbozqiuohwlcfgridtxzqzwunnz/Index.noindex/DataStore -Xcc -D_LIBCPP_HARDENING_MODE\=_LIBCPP_HARDENING_MODE_DEBUG -swift-version 6 -I /Users/wsig/Library/Developer/Xcode/DerivedData/Leavn-gxbozqiuohwlcfgridtxzqzwunnz/Build/Products/Debug-iphonesimulator -Isystem /Applications/Xcode-beta.app/Contents/Developer/Platforms/iPhoneSimulator.platform/Developer/usr/lib -F /Users/wsig/Library/Developer/Xcode/DerivedData/Leavn-gxbozqiuohwlcfgridtxzqzwunnz/Build/Products/Debug-iphonesimulator/PackageFrameworks -F /Users/wsig/Library/Developer/Xcode/DerivedData/Leavn-gxbozqiuohwlcfgridtxzqzwunnz/Build/Products/Debug-iphonesimulator/PackageFrameworks -F /Users/wsig/Library/Developer/Xcode/DerivedData/Leavn-gxbozqiuohwlcfgridtxzqzwunnz/Build/Products/Debug-iphonesimulator/PackageFrameworks -F /Users/wsig/Library/Developer/Xcode/DerivedData/Leavn-gxbozqiuohwlcfgridtxzqzwunnz/Build/Products/Debug-iphonesimulator/PackageFrameworks -F /Users/wsig/Library/Developer/Xcode/DerivedData/Leavn-gxbozqiuohwlcfgridtxzqzwunnz/Build/Products/Debug-iphonesimulator/PackageFrameworks -F /Users/wsig/Library/Developer/Xcode/DerivedData/Leavn-gxbozqiuohwlcfgridtxzqzwunnz/Build/Products/Debug-iphonesimulator/PackageFrameworks -F /Users/wsig/Library/Developer/Xcode/DerivedData/Leavn-gxbozqiuohwlcfgridtxzqzwunnz/Build/Products/Debug-iphonesimulator/PackageFrameworks -F /Users/wsig/Library/Developer/Xcode/DerivedData/Leavn-gxbozqiuohwlcfgridtxzqzwunnz/Build/Products/Debug-iphonesimulator/PackageFrameworks -F /Users/wsig/Library/Developer/Xcode/DerivedData/Leavn-gxbozqiuohwlcfgridtxzqzwunnz/Build/Products/Debug-iphonesimulator/PackageFrameworks -F /Users/wsig/Library/Developer/Xcode/DerivedData/Leavn-gxbozqiuohwlcfgridtxzqzwunnz/Build/Products/Debug-iphonesimulator -F /Applications/Xcode-beta.app/Contents/Developer/Platforms/iPhoneSimulator.platform/Developer/Library/Frameworks -F /Applications/Xcode-beta.app/Contents/Developer/Platforms/iPhoneSimulator.platform/Developer/SDKs/iPhoneSimulator26.0.sdk/Developer/Library/Frameworks -c -j12 -enable-batch-mode -incremental -Xcc -ivfsstatcache -Xcc /Users/wsig/Library/Developer/Xcode/DerivedData/SDKStatCaches.noindex/iphonesimulator26.0-23A5287e-fc862078e33f881139a9d2f83bd1a9d0.sdkstatcache -output-file-map /Users/wsig/Library/Developer/Xcode/DerivedData/Leavn-gxbozqiuohwlcfgridtxzqzwunnz/Build/Intermediates.noindex/LeavnModules.build/Debug-iphonesimulator/AuthenticationModule.build/Objects-normal/arm64/AuthenticationModule-OutputFileMap.json -use-frontend-parseable-output -save-temps -no-color-diagnostics -explicit-module-build -module-cache-path /Users/wsig/Library/Developer/Xcode/DerivedData/Leavn-gxbozqiuohwlcfgridtxzqzwunnz/Build/Intermediates.noindex/SwiftExplicitPrecompiledModules -clang-scanner-module-cache-path /Users/wsig/Library/Developer/Xcode/DerivedData/ModuleCache.noindex -sdk-module-cache-path /Users/wsig/Library/Developer/Xcode/DerivedData/ModuleCache.noindex -serialize-diagnostics -emit-dependencies -emit-module -emit-module-path /Users/wsig/Library/Developer/Xcode/DerivedData/Leavn-gxbozqiuohwlcfgridtxzqzwunnz/Build/Intermediates.noindex/LeavnModules.build/Debug-iphonesimulator/AuthenticationModule.build/Objects-normal/arm64/AuthenticationModule.swiftmodule -validate-clang-modules-once -clang-build-session-file /Users/wsig/Library/Developer/Xcode/DerivedData/ModuleCache.noindex/Session.modulevalidation -package-name leavnmodules -Xcc -I/Users/wsig/Library/Developer/Xcode/DerivedData/Leavn-gxbozqiuohwlcfgridtxzqzwunnz/Build/Intermediates.noindex/LeavnModules.build/Debug-iphonesimulator/AuthenticationModule.build/swift-overrides.hmap -emit-const-values -Xfrontend -const-gather-protocols-file -Xfrontend /Users/wsig/Library/Developer/Xcode/DerivedData/Leavn-gxbozqiuohwlcfgridtxzqzwunnz/Build/Intermediates.noindex/LeavnModules.build/Debug-iphonesimulator/AuthenticationModule.build/Objects-normal/arm64/AuthenticationModule_const_extract_protocols.json -Xcc -I/Users/wsig/Library/Developer/Xcode/DerivedData/Leavn-gxbozqiuohwlcfgridtxzqzwunnz/Build/Products/Debug-iphonesimulator/include -Xcc -I/Users/wsig/Library/Developer/Xcode/DerivedData/Leavn-gxbozqiuohwlcfgridtxzqzwunnz/Build/Intermediates.noindex/LeavnModules.build/Debug-iphonesimulator/AuthenticationModule.build/DerivedSources-normal/arm64 -Xcc -I/Users/wsig/Library/Developer/Xcode/DerivedData/Leavn-gxbozqiuohwlcfgridtxzqzwunnz/Build/Intermediates.noindex/LeavnModules.build/Debug-iphonesimulator/AuthenticationModule.build/DerivedSources/arm64 -Xcc -I/Users/wsig/Library/Developer/Xcode/DerivedData/Leavn-gxbozqiuohwlcfgridtxzqzwunnz/Build/Intermediates.noindex/LeavnModules.build/Debug-iphonesimulator/AuthenticationModule.build/DerivedSources -Xcc -DSWIFT_PACKAGE -Xcc -DDEBUG\=1 -emit-objc-header -emit-objc-header-path /Users/wsig/Library/Developer/Xcode/DerivedData/Leavn-gxbozqiuohwlcfgridtxzqzwunnz/Build/Intermediates.noindex/LeavnModules.build/Debug-iphonesimulator/AuthenticationModule.build/Objects-normal/arm64/AuthenticationModule-Swift.h -working-directory /Users/wsig/GitHub\ Builds/LeavnOfficial/Leavn.xcodeproj -experimental-emit-module-separately -disable-cmo
/Users/wsig/GitHub Builds/LeavnOfficial/Core/LeavnModules/Sources/AuthenticationModule/Data/DataSources/AuthAPIClient.swift:2:8: error: Unable to find module dependency: 'NetworkingKit'
import NetworkingKit
       ^ (in target 'AuthenticationModule' from project 'LeavnModules')
/Users/wsig/GitHub Builds/LeavnOfficial/Core/LeavnModules/Sources/AuthenticationModule/Data/DataSources/AuthAPIClient.swift:2:8: note: A dependency of main module 'AuthenticationModule'
import NetworkingKit
       ^ (in target 'AuthenticationModule' from project 'LeavnModules')
/Users/wsig/GitHub Builds/LeavnOfficial/Core/LeavnModules/Sources/AuthenticationModule/Data/Repositories/DefaultAuthRepository.swift:3:8: note: Also imported here
import NetworkingKit
       ^ (in target 'AuthenticationModule' from project 'LeavnModules')
/Users/wsig/GitHub Builds/LeavnOfficial/Core/LeavnModules/Sources/AuthenticationModule/Data/DataSources/AuthAPIClient.swift:3:8: error: Unable to find module dependency: 'LeavnCore'
import LeavnCore
       ^ (in target 'AuthenticationModule' from project 'LeavnModules')
/Users/wsig/GitHub Builds/LeavnOfficial/Core/LeavnModules/Sources/AuthenticationModule/Data/DataSources/AuthAPIClient.swift:3:8: note: A dependency of main module 'AuthenticationModule'
import LeavnCore
       ^ (in target 'AuthenticationModule' from project 'LeavnModules')
/Users/wsig/GitHub Builds/LeavnOfficial/Core/LeavnModules/Sources/AuthenticationModule/Data/Repositories/DefaultAuthRepository.swift:2:8: note: Also imported here
import LeavnCore
       ^ (in target 'AuthenticationModule' from project 'LeavnModules')
/Users/wsig/GitHub Builds/LeavnOfficial/Core/LeavnModules/Sources/AuthenticationModule/Domain/Models/AuthenticationModels.swift:2:8: note: Also imported here
import LeavnCore
       ^ (in target 'AuthenticationModule' from project 'LeavnModules')
/Users/wsig/GitHub Builds/LeavnOfficial/Core/LeavnModules/Sources/AuthenticationModule/Domain/Repositories/AuthRepository.swift:2:8: note: Also imported here
import LeavnCore
       ^ (in target 'AuthenticationModule' from project 'LeavnModules')
/Users/wsig/GitHub Builds/LeavnOfficial/Core/LeavnModules/Sources/AuthenticationModule/Domain/UseCases/SignInUseCase.swift:2:8: note: Also imported here
import LeavnCore
       ^ (in target 'AuthenticationModule' from project 'LeavnModules')
/Users/wsig/GitHub Builds/LeavnOfficial/Core/LeavnModules/Sources/AuthenticationModule/Domain/UseCases/SignUpUseCase.swift:2:8: note: Also imported here
import LeavnCore
       ^ (in target 'AuthenticationModule' from project 'LeavnModules')
/Users/wsig/GitHub Builds/LeavnOfficial/Core/LeavnModules/Sources/AuthenticationModule/Presentation/ViewModels/AuthViewModel.swift:4:8: note: Also imported here
import LeavnCore
       ^ (in target 'AuthenticationModule' from project 'LeavnModules')
/Users/wsig/GitHub Builds/LeavnOfficial/Core/LeavnModules/Sources/AuthenticationModule/Presentation/Views/Components/AuthFormField.swift:2:8: note: Also imported here
import LeavnCore
       ^ (in target 'AuthenticationModule' from project 'LeavnModules')
/Users/wsig/GitHub Builds/LeavnOfficial/Core/LeavnModules/Sources/AuthenticationModule/Presentation/Views/SignInView.swift:2:8: note: Also imported here
import LeavnCore
       ^ (in target 'AuthenticationModule' from project 'LeavnModules')
/Users/wsig/GitHub Builds/LeavnOfficial/Core/LeavnModules/Sources/AuthenticationModule/Data/Repositories/DefaultAuthRepository.swift:4:8: error: Unable to find module dependency: 'PersistenceKit'
import PersistenceKit
       ^ (in target 'AuthenticationModule' from project 'LeavnModules')
/Users/wsig/GitHub Builds/LeavnOfficial/Core/LeavnModules/Sources/AuthenticationModule/Data/Repositories/DefaultAuthRepository.swift:4:8: note: A dependency of main module 'AuthenticationModule'
import PersistenceKit
       ^ (in target 'AuthenticationModule' from project 'LeavnModules')
/Users/wsig/GitHub Builds/LeavnOfficial/Core/LeavnModules/Sources/AuthenticationModule/Presentation/Views/Components/AuthFormField.swift:3:8: error: Unable to find module dependency: 'DesignSystem'
import DesignSystem
       ^ (in target 'AuthenticationModule' from project 'LeavnModules')
/Users/wsig/GitHub Builds/LeavnOfficial/Core/LeavnModules/Sources/AuthenticationModule/Presentation/Views/Components/AuthFormField.swift:3:8: note: A dependency of main module 'AuthenticationModule'
import DesignSystem
       ^ (in target 'AuthenticationModule' from project 'LeavnModules')
/Users/wsig/GitHub Builds/LeavnOfficial/Core/LeavnModules/Sources/AuthenticationModule/Presentation/Views/SignInView.swift:3:8: note: Also imported here
import DesignSystem
       ^ (in target 'AuthenticationModule' from project 'LeavnModules')

SwiftDriver\ Compilation\ Requirements LeavnSettings normal arm64 com.apple.xcode.tools.swift.compiler (in target 'LeavnSettings' from project 'LeavnModules')
    cd /Users/wsig/GitHub\ Builds/LeavnOfficial/Leavn.xcodeproj
    builtin-Swift-Compilation-Requirements -- /Applications/Xcode-beta.app/Contents/Developer/Toolchains/XcodeDefault.xctoolchain/usr/bin/swiftc -module-name LeavnSettings -Onone -enforce-exclusivity\=checked @/Users/wsig/Library/Developer/Xcode/DerivedData/Leavn-gxbozqiuohwlcfgridtxzqzwunnz/Build/Intermediates.noindex/LeavnModules.build/Debug-iphonesimulator/LeavnSettings.build/Objects-normal/arm64/LeavnSettings.SwiftFileList -DSWIFT_PACKAGE -DDEBUG -DSWIFT_MODULE_RESOURCE_BUNDLE_UNAVAILABLE -DXcode -plugin-path /Applications/Xcode-beta.app/Contents/Developer/Toolchains/XcodeDefault.xctoolchain/usr/lib/swift/host/plugins/testing -enable-experimental-feature DebugDescriptionMacro -sdk /Applications/Xcode-beta.app/Contents/Developer/Platforms/iPhoneSimulator.platform/Developer/SDKs/iPhoneSimulator26.0.sdk -target arm64-apple-ios18.0-simulator -g -module-cache-path /Users/wsig/Library/Developer/Xcode/DerivedData/ModuleCache.noindex -Xfrontend -serialize-debugging-options -profile-coverage-mapping -profile-generate -enable-testing -index-store-path /Users/wsig/Library/Developer/Xcode/DerivedData/Leavn-gxbozqiuohwlcfgridtxzqzwunnz/Index.noindex/DataStore -Xcc -D_LIBCPP_HARDENING_MODE\=_LIBCPP_HARDENING_MODE_DEBUG -swift-version 6 -I /Users/wsig/Library/Developer/Xcode/DerivedData/Leavn-gxbozqiuohwlcfgridtxzqzwunnz/Build/Products/Debug-iphonesimulator -Isystem /Applications/Xcode-beta.app/Contents/Developer/Platforms/iPhoneSimulator.platform/Developer/usr/lib -F /Users/wsig/Library/Developer/Xcode/DerivedData/Leavn-gxbozqiuohwlcfgridtxzqzwunnz/Build/Products/Debug-iphonesimulator/PackageFrameworks -F /Users/wsig/Library/Developer/Xcode/DerivedData/Leavn-gxbozqiuohwlcfgridtxzqzwunnz/Build/Products/Debug-iphonesimulator/PackageFrameworks -F /Users/wsig/Library/Developer/Xcode/DerivedData/Leavn-gxbozqiuohwlcfgridtxzqzwunnz/Build/Products/Debug-iphonesimulator/PackageFrameworks -F /Users/wsig/Library/Developer/Xcode/DerivedData/Leavn-gxbozqiuohwlcfgridtxzqzwunnz/Build/Products/Debug-iphonesimulator/PackageFrameworks -F /Users/wsig/Library/Developer/Xcode/DerivedData/Leavn-gxbozqiuohwlcfgridtxzqzwunnz/Build/Products/Debug-iphonesimulator/PackageFrameworks -F /Users/wsig/Library/Developer/Xcode/DerivedData/Leavn-gxbozqiuohwlcfgridtxzqzwunnz/Build/Products/Debug-iphonesimulator/PackageFrameworks -F /Users/wsig/Library/Developer/Xcode/DerivedData/Leavn-gxbozqiuohwlcfgridtxzqzwunnz/Build/Products/Debug-iphonesimulator/PackageFrameworks -F /Users/wsig/Library/Developer/Xcode/DerivedData/Leavn-gxbozqiuohwlcfgridtxzqzwunnz/Build/Products/Debug-iphonesimulator/PackageFrameworks -F /Users/wsig/Library/Developer/Xcode/DerivedData/Leavn-gxbozqiuohwlcfgridtxzqzwunnz/Build/Products/Debug-iphonesimulator/PackageFrameworks -F /Users/wsig/Library/Developer/Xcode/DerivedData/Leavn-gxbozqiuohwlcfgridtxzqzwunnz/Build/Products/Debug-iphonesimulator -F /Applications/Xcode-beta.app/Contents/Developer/Platforms/iPhoneSimulator.platform/Developer/Library/Frameworks -F /Applications/Xcode-beta.app/Contents/Developer/Platforms/iPhoneSimulator.platform/Developer/SDKs/iPhoneSimulator26.0.sdk/Developer/Library/Frameworks -c -j12 -enable-batch-mode -incremental -Xcc -ivfsstatcache -Xcc /Users/wsig/Library/Developer/Xcode/DerivedData/SDKStatCaches.noindex/iphonesimulator26.0-23A5287e-fc862078e33f881139a9d2f83bd1a9d0.sdkstatcache -output-file-map /Users/wsig/Library/Developer/Xcode/DerivedData/Leavn-gxbozqiuohwlcfgridtxzqzwunnz/Build/Intermediates.noindex/LeavnModules.build/Debug-iphonesimulator/LeavnSettings.build/Objects-normal/arm64/LeavnSettings-OutputFileMap.json -use-frontend-parseable-output -save-temps -no-color-diagnostics -explicit-module-build -module-cache-path /Users/wsig/Library/Developer/Xcode/DerivedData/Leavn-gxbozqiuohwlcfgridtxzqzwunnz/Build/Intermediates.noindex/SwiftExplicitPrecompiledModules -clang-scanner-module-cache-path /Users/wsig/Library/Developer/Xcode/DerivedData/ModuleCache.noindex -sdk-module-cache-path /Users/wsig/Library/Developer/Xcode/DerivedData/ModuleCache.noindex -serialize-diagnostics -emit-dependencies -emit-module -emit-module-path /Users/wsig/Library/Developer/Xcode/DerivedData/Leavn-gxbozqiuohwlcfgridtxzqzwunnz/Build/Intermediates.noindex/LeavnModules.build/Debug-iphonesimulator/LeavnSettings.build/Objects-normal/arm64/LeavnSettings.swiftmodule -validate-clang-modules-once -clang-build-session-file /Users/wsig/Library/Developer/Xcode/DerivedData/ModuleCache.noindex/Session.modulevalidation -package-name leavnmodules -Xcc -I/Users/wsig/Library/Developer/Xcode/DerivedData/Leavn-gxbozqiuohwlcfgridtxzqzwunnz/Build/Intermediates.noindex/LeavnModules.build/Debug-iphonesimulator/LeavnSettings.build/swift-overrides.hmap -emit-const-values -Xfrontend -const-gather-protocols-file -Xfrontend /Users/wsig/Library/Developer/Xcode/DerivedData/Leavn-gxbozqiuohwlcfgridtxzqzwunnz/Build/Intermediates.noindex/LeavnModules.build/Debug-iphonesimulator/LeavnSettings.build/Objects-normal/arm64/LeavnSettings_const_extract_protocols.json -Xcc -I/Users/wsig/Library/Developer/Xcode/DerivedData/Leavn-gxbozqiuohwlcfgridtxzqzwunnz/Build/Products/Debug-iphonesimulator/include -Xcc -I/Users/wsig/Library/Developer/Xcode/DerivedData/Leavn-gxbozqiuohwlcfgridtxzqzwunnz/Build/Intermediates.noindex/LeavnModules.build/Debug-iphonesimulator/LeavnSettings.build/DerivedSources-normal/arm64 -Xcc -I/Users/wsig/Library/Developer/Xcode/DerivedData/Leavn-gxbozqiuohwlcfgridtxzqzwunnz/Build/Intermediates.noindex/LeavnModules.build/Debug-iphonesimulator/LeavnSettings.build/DerivedSources/arm64 -Xcc -I/Users/wsig/Library/Developer/Xcode/DerivedData/Leavn-gxbozqiuohwlcfgridtxzqzwunnz/Build/Intermediates.noindex/LeavnModules.build/Debug-iphonesimulator/LeavnSettings.build/DerivedSources -Xcc -DSWIFT_PACKAGE -Xcc -DDEBUG\=1 -emit-objc-header -emit-objc-header-path /Users/wsig/Library/Developer/Xcode/DerivedData/Leavn-gxbozqiuohwlcfgridtxzqzwunnz/Build/Intermediates.noindex/LeavnModules.build/Debug-iphonesimulator/LeavnSettings.build/Objects-normal/arm64/LeavnSettings-Swift.h -working-directory /Users/wsig/GitHub\ Builds/LeavnOfficial/Leavn.xcodeproj -experimental-emit-module-separately -disable-cmo

SwiftDriver\ Compilation LeavnSettings normal arm64 com.apple.xcode.tools.swift.compiler (in target 'LeavnSettings' from project 'LeavnModules')
    cd /Users/wsig/GitHub\ Builds/LeavnOfficial/Leavn.xcodeproj
    builtin-Swift-Compilation -- /Applications/Xcode-beta.app/Contents/Developer/Toolchains/XcodeDefault.xctoolchain/usr/bin/swiftc -module-name LeavnSettings -Onone -enforce-exclusivity\=checked @/Users/wsig/Library/Developer/Xcode/DerivedData/Leavn-gxbozqiuohwlcfgridtxzqzwunnz/Build/Intermediates.noindex/LeavnModules.build/Debug-iphonesimulator/LeavnSettings.build/Objects-normal/arm64/LeavnSettings.SwiftFileList -DSWIFT_PACKAGE -DDEBUG -DSWIFT_MODULE_RESOURCE_BUNDLE_UNAVAILABLE -DXcode -plugin-path /Applications/Xcode-beta.app/Contents/Developer/Toolchains/XcodeDefault.xctoolchain/usr/lib/swift/host/plugins/testing -enable-experimental-feature DebugDescriptionMacro -sdk /Applications/Xcode-beta.app/Contents/Developer/Platforms/iPhoneSimulator.platform/Developer/SDKs/iPhoneSimulator26.0.sdk -target arm64-apple-ios18.0-simulator -g -module-cache-path /Users/wsig/Library/Developer/Xcode/DerivedData/ModuleCache.noindex -Xfrontend -serialize-debugging-options -profile-coverage-mapping -profile-generate -enable-testing -index-store-path /Users/wsig/Library/Developer/Xcode/DerivedData/Leavn-gxbozqiuohwlcfgridtxzqzwunnz/Index.noindex/DataStore -Xcc -D_LIBCPP_HARDENING_MODE\=_LIBCPP_HARDENING_MODE_DEBUG -swift-version 6 -I /Users/wsig/Library/Developer/Xcode/DerivedData/Leavn-gxbozqiuohwlcfgridtxzqzwunnz/Build/Products/Debug-iphonesimulator -Isystem /Applications/Xcode-beta.app/Contents/Developer/Platforms/iPhoneSimulator.platform/Developer/usr/lib -F /Users/wsig/Library/Developer/Xcode/DerivedData/Leavn-gxbozqiuohwlcfgridtxzqzwunnz/Build/Products/Debug-iphonesimulator/PackageFrameworks -F /Users/wsig/Library/Developer/Xcode/DerivedData/Leavn-gxbozqiuohwlcfgridtxzqzwunnz/Build/Products/Debug-iphonesimulator/PackageFrameworks -F /Users/wsig/Library/Developer/Xcode/DerivedData/Leavn-gxbozqiuohwlcfgridtxzqzwunnz/Build/Products/Debug-iphonesimulator/PackageFrameworks -F /Users/wsig/Library/Developer/Xcode/DerivedData/Leavn-gxbozqiuohwlcfgridtxzqzwunnz/Build/Products/Debug-iphonesimulator/PackageFrameworks -F /Users/wsig/Library/Developer/Xcode/DerivedData/Leavn-gxbozqiuohwlcfgridtxzqzwunnz/Build/Products/Debug-iphonesimulator/PackageFrameworks -F /Users/wsig/Library/Developer/Xcode/DerivedData/Leavn-gxbozqiuohwlcfgridtxzqzwunnz/Build/Products/Debug-iphonesimulator/PackageFrameworks -F /Users/wsig/Library/Developer/Xcode/DerivedData/Leavn-gxbozqiuohwlcfgridtxzqzwunnz/Build/Products/Debug-iphonesimulator/PackageFrameworks -F /Users/wsig/Library/Developer/Xcode/DerivedData/Leavn-gxbozqiuohwlcfgridtxzqzwunnz/Build/Products/Debug-iphonesimulator/PackageFrameworks -F /Users/wsig/Library/Developer/Xcode/DerivedData/Leavn-gxbozqiuohwlcfgridtxzqzwunnz/Build/Products/Debug-iphonesimulator/PackageFrameworks -F /Users/wsig/Library/Developer/Xcode/DerivedData/Leavn-gxbozqiuohwlcfgridtxzqzwunnz/Build/Products/Debug-iphonesimulator -F /Applications/Xcode-beta.app/Contents/Developer/Platforms/iPhoneSimulator.platform/Developer/Library/Frameworks -F /Applications/Xcode-beta.app/Contents/Developer/Platforms/iPhoneSimulator.platform/Developer/SDKs/iPhoneSimulator26.0.sdk/Developer/Library/Frameworks -c -j12 -enable-batch-mode -incremental -Xcc -ivfsstatcache -Xcc /Users/wsig/Library/Developer/Xcode/DerivedData/SDKStatCaches.noindex/iphonesimulator26.0-23A5287e-fc862078e33f881139a9d2f83bd1a9d0.sdkstatcache -output-file-map /Users/wsig/Library/Developer/Xcode/DerivedData/Leavn-gxbozqiuohwlcfgridtxzqzwunnz/Build/Intermediates.noindex/LeavnModules.build/Debug-iphonesimulator/LeavnSettings.build/Objects-normal/arm64/LeavnSettings-OutputFileMap.json -use-frontend-parseable-output -save-temps -no-color-diagnostics -explicit-module-build -module-cache-path /Users/wsig/Library/Developer/Xcode/DerivedData/Leavn-gxbozqiuohwlcfgridtxzqzwunnz/Build/Intermediates.noindex/SwiftExplicitPrecompiledModules -clang-scanner-module-cache-path /Users/wsig/Library/Developer/Xcode/DerivedData/ModuleCache.noindex -sdk-module-cache-path /Users/wsig/Library/Developer/Xcode/DerivedData/ModuleCache.noindex -serialize-diagnostics -emit-dependencies -emit-module -emit-module-path /Users/wsig/Library/Developer/Xcode/DerivedData/Leavn-gxbozqiuohwlcfgridtxzqzwunnz/Build/Intermediates.noindex/LeavnModules.build/Debug-iphonesimulator/LeavnSettings.build/Objects-normal/arm64/LeavnSettings.swiftmodule -validate-clang-modules-once -clang-build-session-file /Users/wsig/Library/Developer/Xcode/DerivedData/ModuleCache.noindex/Session.modulevalidation -package-name leavnmodules -Xcc -I/Users/wsig/Library/Developer/Xcode/DerivedData/Leavn-gxbozqiuohwlcfgridtxzqzwunnz/Build/Intermediates.noindex/LeavnModules.build/Debug-iphonesimulator/LeavnSettings.build/swift-overrides.hmap -emit-const-values -Xfrontend -const-gather-protocols-file -Xfrontend /Users/wsig/Library/Developer/Xcode/DerivedData/Leavn-gxbozqiuohwlcfgridtxzqzwunnz/Build/Intermediates.noindex/LeavnModules.build/Debug-iphonesimulator/LeavnSettings.build/Objects-normal/arm64/LeavnSettings_const_extract_protocols.json -Xcc -I/Users/wsig/Library/Developer/Xcode/DerivedData/Leavn-gxbozqiuohwlcfgridtxzqzwunnz/Build/Products/Debug-iphonesimulator/include -Xcc -I/Users/wsig/Library/Developer/Xcode/DerivedData/Leavn-gxbozqiuohwlcfgridtxzqzwunnz/Build/Intermediates.noindex/LeavnModules.build/Debug-iphonesimulator/LeavnSettings.build/DerivedSources-normal/arm64 -Xcc -I/Users/wsig/Library/Developer/Xcode/DerivedData/Leavn-gxbozqiuohwlcfgridtxzqzwunnz/Build/Intermediates.noindex/LeavnModules.build/Debug-iphonesimulator/LeavnSettings.build/DerivedSources/arm64 -Xcc -I/Users/wsig/Library/Developer/Xcode/DerivedData/Leavn-gxbozqiuohwlcfgridtxzqzwunnz/Build/Intermediates.noindex/LeavnModules.build/Debug-iphonesimulator/LeavnSettings.build/DerivedSources -Xcc -DSWIFT_PACKAGE -Xcc -DDEBUG\=1 -emit-objc-header -emit-objc-header-path /Users/wsig/Library/Developer/Xcode/DerivedData/Leavn-gxbozqiuohwlcfgridtxzqzwunnz/Build/Intermediates.noindex/LeavnModules.build/Debug-iphonesimulator/LeavnSettings.build/Objects-normal/arm64/LeavnSettings-Swift.h -working-directory /Users/wsig/GitHub\ Builds/LeavnOfficial/Leavn.xcodeproj -experimental-emit-module-separately -disable-cmo

Copy /Users/wsig/Library/Developer/Xcode/DerivedData/Leavn-gxbozqiuohwlcfgridtxzqzwunnz/Build/Products/Debug-iphonesimulator/LeavnSettings.swiftmodule/arm64-apple-ios-simulator.swiftmodule /Users/wsig/Library/Developer/Xcode/DerivedData/Leavn-gxbozqiuohwlcfgridtxzqzwunnz/Build/Intermediates.noindex/LeavnModules.build/Debug-iphonesimulator/LeavnSettings.build/Objects-normal/arm64/LeavnSettings.swiftmodule (in target 'LeavnSettings' from project 'LeavnModules')
    cd /Users/wsig/GitHub\ Builds/LeavnOfficial/Core/LeavnModules
    builtin-copy -exclude .DS_Store -exclude CVS -exclude .svn -exclude .git -exclude .hg -resolve-src-symlinks -rename /Users/wsig/Library/Developer/Xcode/DerivedData/Leavn-gxbozqiuohwlcfgridtxzqzwunnz/Build/Intermediates.noindex/LeavnModules.build/Debug-iphonesimulator/LeavnSettings.build/Objects-normal/arm64/LeavnSettings.swiftmodule /Users/wsig/Library/Developer/Xcode/DerivedData/Leavn-gxbozqiuohwlcfgridtxzqzwunnz/Build/Products/Debug-iphonesimulator/LeavnSettings.swiftmodule/arm64-apple-ios-simulator.swiftmodule
error: lstat(/Users/wsig/Library/Developer/Xcode/DerivedData/Leavn-gxbozqiuohwlcfgridtxzqzwunnz/Build/Intermediates.noindex/LeavnModules.build/Debug-iphonesimulator/LeavnSettings.build/Objects-normal/arm64/LeavnSettings.swiftmodule): No such file or directory (2) (in target 'LeavnSettings' from project 'LeavnModules')

Copy /Users/wsig/Library/Developer/Xcode/DerivedData/Leavn-gxbozqiuohwlcfgridtxzqzwunnz/Build/Products/Debug-iphonesimulator/LeavnSettings.swiftmodule/arm64-apple-ios-simulator.swiftdoc /Users/wsig/Library/Developer/Xcode/DerivedData/Leavn-gxbozqiuohwlcfgridtxzqzwunnz/Build/Intermediates.noindex/LeavnModules.build/Debug-iphonesimulator/LeavnSettings.build/Objects-normal/arm64/LeavnSettings.swiftdoc (in target 'LeavnSettings' from project 'LeavnModules')
    cd /Users/wsig/GitHub\ Builds/LeavnOfficial/Core/LeavnModules
    builtin-copy -exclude .DS_Store -exclude CVS -exclude .svn -exclude .git -exclude .hg -resolve-src-symlinks -rename /Users/wsig/Library/Developer/Xcode/DerivedData/Leavn-gxbozqiuohwlcfgridtxzqzwunnz/Build/Intermediates.noindex/LeavnModules.build/Debug-iphonesimulator/LeavnSettings.build/Objects-normal/arm64/LeavnSettings.swiftdoc /Users/wsig/Library/Developer/Xcode/DerivedData/Leavn-gxbozqiuohwlcfgridtxzqzwunnz/Build/Products/Debug-iphonesimulator/LeavnSettings.swiftmodule/arm64-apple-ios-simulator.swiftdoc
error: lstat(/Users/wsig/Library/Developer/Xcode/DerivedData/Leavn-gxbozqiuohwlcfgridtxzqzwunnz/Build/Intermediates.noindex/LeavnModules.build/Debug-iphonesimulator/LeavnSettings.build/Objects-normal/arm64/LeavnSettings.swiftdoc): No such file or directory (2) (in target 'LeavnSettings' from project 'LeavnModules')

Copy /Users/wsig/Library/Developer/Xcode/DerivedData/Leavn-gxbozqiuohwlcfgridtxzqzwunnz/Build/Products/Debug-iphonesimulator/LeavnSettings.swiftmodule/arm64-apple-ios-simulator.abi.json /Users/wsig/Library/Developer/Xcode/DerivedData/Leavn-gxbozqiuohwlcfgridtxzqzwunnz/Build/Intermediates.noindex/LeavnModules.build/Debug-iphonesimulator/LeavnSettings.build/Objects-normal/arm64/LeavnSettings.abi.json (in target 'LeavnSettings' from project 'LeavnModules')
    cd /Users/wsig/GitHub\ Builds/LeavnOfficial/Core/LeavnModules
    builtin-copy -exclude .DS_Store -exclude CVS -exclude .svn -exclude .git -exclude .hg -resolve-src-symlinks -rename /Users/wsig/Library/Developer/Xcode/DerivedData/Leavn-gxbozqiuohwlcfgridtxzqzwunnz/Build/Intermediates.noindex/LeavnModules.build/Debug-iphonesimulator/LeavnSettings.build/Objects-normal/arm64/LeavnSettings.abi.json /Users/wsig/Library/Developer/Xcode/DerivedData/Leavn-gxbozqiuohwlcfgridtxzqzwunnz/Build/Products/Debug-iphonesimulator/LeavnSettings.swiftmodule/arm64-apple-ios-simulator.abi.json
error: lstat(/Users/wsig/Library/Developer/Xcode/DerivedData/Leavn-gxbozqiuohwlcfgridtxzqzwunnz/Build/Intermediates.noindex/LeavnModules.build/Debug-iphonesimulator/LeavnSettings.build/Objects-normal/arm64/LeavnSettings.abi.json): No such file or directory (2) (in target 'LeavnSettings' from project 'LeavnModules')

Copy /Users/wsig/Library/Developer/Xcode/DerivedData/Leavn-gxbozqiuohwlcfgridtxzqzwunnz/Build/Products/Debug-iphonesimulator/LeavnSettings.swiftmodule/Project/arm64-apple-ios-simulator.swiftsourceinfo /Users/wsig/Library/Developer/Xcode/DerivedData/Leavn-gxbozqiuohwlcfgridtxzqzwunnz/Build/Intermediates.noindex/LeavnModules.build/Debug-iphonesimulator/LeavnSettings.build/Objects-normal/arm64/LeavnSettings.swiftsourceinfo (in target 'LeavnSettings' from project 'LeavnModules')
    cd /Users/wsig/GitHub\ Builds/LeavnOfficial/Core/LeavnModules
    builtin-copy -exclude .DS_Store -exclude CVS -exclude .svn -exclude .git -exclude .hg -resolve-src-symlinks -rename /Users/wsig/Library/Developer/Xcode/DerivedData/Leavn-gxbozqiuohwlcfgridtxzqzwunnz/Build/Intermediates.noindex/LeavnModules.build/Debug-iphonesimulator/LeavnSettings.build/Objects-normal/arm64/LeavnSettings.swiftsourceinfo /Users/wsig/Library/Developer/Xcode/DerivedData/Leavn-gxbozqiuohwlcfgridtxzqzwunnz/Build/Products/Debug-iphonesimulator/LeavnSettings.swiftmodule/Project/arm64-apple-ios-simulator.swiftsourceinfo
error: lstat(/Users/wsig/Library/Developer/Xcode/DerivedData/Leavn-gxbozqiuohwlcfgridtxzqzwunnz/Build/Intermediates.noindex/LeavnModules.build/Debug-iphonesimulator/LeavnSettings.build/Objects-normal/arm64/LeavnSettings.swiftsourceinfo): No such file or directory (2) (in target 'LeavnSettings' from project 'LeavnModules')

SwiftDriver\ Compilation\ Requirements LeavnSearch normal arm64 com.apple.xcode.tools.swift.compiler (in target 'LeavnSearch' from project 'LeavnModules')
    cd /Users/wsig/GitHub\ Builds/LeavnOfficial/Leavn.xcodeproj
    builtin-Swift-Compilation-Requirements -- /Applications/Xcode-beta.app/Contents/Developer/Toolchains/XcodeDefault.xctoolchain/usr/bin/swiftc -module-name LeavnSearch -Onone -enforce-exclusivity\=checked @/Users/wsig/Library/Developer/Xcode/DerivedData/Leavn-gxbozqiuohwlcfgridtxzqzwunnz/Build/Intermediates.noindex/LeavnModules.build/Debug-iphonesimulator/LeavnSearch.build/Objects-normal/arm64/LeavnSearch.SwiftFileList -DSWIFT_PACKAGE -DDEBUG -DSWIFT_MODULE_RESOURCE_BUNDLE_UNAVAILABLE -DXcode -plugin-path /Applications/Xcode-beta.app/Contents/Developer/Toolchains/XcodeDefault.xctoolchain/usr/lib/swift/host/plugins/testing -enable-experimental-feature DebugDescriptionMacro -sdk /Applications/Xcode-beta.app/Contents/Developer/Platforms/iPhoneSimulator.platform/Developer/SDKs/iPhoneSimulator26.0.sdk -target arm64-apple-ios18.0-simulator -g -module-cache-path /Users/wsig/Library/Developer/Xcode/DerivedData/ModuleCache.noindex -Xfrontend -serialize-debugging-options -profile-coverage-mapping -profile-generate -enable-testing -index-store-path /Users/wsig/Library/Developer/Xcode/DerivedData/Leavn-gxbozqiuohwlcfgridtxzqzwunnz/Index.noindex/DataStore -Xcc -D_LIBCPP_HARDENING_MODE\=_LIBCPP_HARDENING_MODE_DEBUG -swift-version 6 -I /Users/wsig/Library/Developer/Xcode/DerivedData/Leavn-gxbozqiuohwlcfgridtxzqzwunnz/Build/Products/Debug-iphonesimulator -Isystem /Applications/Xcode-beta.app/Contents/Developer/Platforms/iPhoneSimulator.platform/Developer/usr/lib -F /Users/wsig/Library/Developer/Xcode/DerivedData/Leavn-gxbozqiuohwlcfgridtxzqzwunnz/Build/Products/Debug-iphonesimulator/PackageFrameworks -F /Users/wsig/Library/Developer/Xcode/DerivedData/Leavn-gxbozqiuohwlcfgridtxzqzwunnz/Build/Products/Debug-iphonesimulator/PackageFrameworks -F /Users/wsig/Library/Developer/Xcode/DerivedData/Leavn-gxbozqiuohwlcfgridtxzqzwunnz/Build/Products/Debug-iphonesimulator/PackageFrameworks -F /Users/wsig/Library/Developer/Xcode/DerivedData/Leavn-gxbozqiuohwlcfgridtxzqzwunnz/Build/Products/Debug-iphonesimulator/PackageFrameworks -F /Users/wsig/Library/Developer/Xcode/DerivedData/Leavn-gxbozqiuohwlcfgridtxzqzwunnz/Build/Products/Debug-iphonesimulator/PackageFrameworks -F /Users/wsig/Library/Developer/Xcode/DerivedData/Leavn-gxbozqiuohwlcfgridtxzqzwunnz/Build/Products/Debug-iphonesimulator/PackageFrameworks -F /Users/wsig/Library/Developer/Xcode/DerivedData/Leavn-gxbozqiuohwlcfgridtxzqzwunnz/Build/Products/Debug-iphonesimulator/PackageFrameworks -F /Users/wsig/Library/Developer/Xcode/DerivedData/Leavn-gxbozqiuohwlcfgridtxzqzwunnz/Build/Products/Debug-iphonesimulator/PackageFrameworks -F /Users/wsig/Library/Developer/Xcode/DerivedData/Leavn-gxbozqiuohwlcfgridtxzqzwunnz/Build/Products/Debug-iphonesimulator/PackageFrameworks -F /Users/wsig/Library/Developer/Xcode/DerivedData/Leavn-gxbozqiuohwlcfgridtxzqzwunnz/Build/Products/Debug-iphonesimulator/PackageFrameworks -F /Users/wsig/Library/Developer/Xcode/DerivedData/Leavn-gxbozqiuohwlcfgridtxzqzwunnz/Build/Products/Debug-iphonesimulator/PackageFrameworks -F /Users/wsig/Library/Developer/Xcode/DerivedData/Leavn-gxbozqiuohwlcfgridtxzqzwunnz/Build/Products/Debug-iphonesimulator/PackageFrameworks -F /Users/wsig/Library/Developer/Xcode/DerivedData/Leavn-gxbozqiuohwlcfgridtxzqzwunnz/Build/Products/Debug-iphonesimulator/PackageFrameworks -F /Users/wsig/Library/Developer/Xcode/DerivedData/Leavn-gxbozqiuohwlcfgridtxzqzwunnz/Build/Products/Debug-iphonesimulator -F /Applications/Xcode-beta.app/Contents/Developer/Platforms/iPhoneSimulator.platform/Developer/Library/Frameworks -F /Applications/Xcode-beta.app/Contents/Developer/Platforms/iPhoneSimulator.platform/Developer/SDKs/iPhoneSimulator26.0.sdk/Developer/Library/Frameworks -c -j12 -enable-batch-mode -incremental -Xcc -ivfsstatcache -Xcc /Users/wsig/Library/Developer/Xcode/DerivedData/SDKStatCaches.noindex/iphonesimulator26.0-23A5287e-fc862078e33f881139a9d2f83bd1a9d0.sdkstatcache -output-file-map /Users/wsig/Library/Developer/Xcode/DerivedData/Leavn-gxbozqiuohwlcfgridtxzqzwunnz/Build/Intermediates.noindex/LeavnModules.build/Debug-iphonesimulator/LeavnSearch.build/Objects-normal/arm64/LeavnSearch-OutputFileMap.json -use-frontend-parseable-output -save-temps -no-color-diagnostics -explicit-module-build -module-cache-path /Users/wsig/Library/Developer/Xcode/DerivedData/Leavn-gxbozqiuohwlcfgridtxzqzwunnz/Build/Intermediates.noindex/SwiftExplicitPrecompiledModules -clang-scanner-module-cache-path /Users/wsig/Library/Developer/Xcode/DerivedData/ModuleCache.noindex -sdk-module-cache-path /Users/wsig/Library/Developer/Xcode/DerivedData/ModuleCache.noindex -serialize-diagnostics -emit-dependencies -emit-module -emit-module-path /Users/wsig/Library/Developer/Xcode/DerivedData/Leavn-gxbozqiuohwlcfgridtxzqzwunnz/Build/Intermediates.noindex/LeavnModules.build/Debug-iphonesimulator/LeavnSearch.build/Objects-normal/arm64/LeavnSearch.swiftmodule -validate-clang-modules-once -clang-build-session-file /Users/wsig/Library/Developer/Xcode/DerivedData/ModuleCache.noindex/Session.modulevalidation -package-name leavnmodules -Xcc -I/Users/wsig/Library/Developer/Xcode/DerivedData/Leavn-gxbozqiuohwlcfgridtxzqzwunnz/Build/Intermediates.noindex/LeavnModules.build/Debug-iphonesimulator/LeavnSearch.build/swift-overrides.hmap -emit-const-values -Xfrontend -const-gather-protocols-file -Xfrontend /Users/wsig/Library/Developer/Xcode/DerivedData/Leavn-gxbozqiuohwlcfgridtxzqzwunnz/Build/Intermediates.noindex/LeavnModules.build/Debug-iphonesimulator/LeavnSearch.build/Objects-normal/arm64/LeavnSearch_const_extract_protocols.json -Xcc -I/Users/wsig/Library/Developer/Xcode/DerivedData/Leavn-gxbozqiuohwlcfgridtxzqzwunnz/Build/Products/Debug-iphonesimulator/include -Xcc -I/Users/wsig/Library/Developer/Xcode/DerivedData/Leavn-gxbozqiuohwlcfgridtxzqzwunnz/Build/Intermediates.noindex/LeavnModules.build/Debug-iphonesimulator/LeavnSearch.build/DerivedSources-normal/arm64 -Xcc -I/Users/wsig/Library/Developer/Xcode/DerivedData/Leavn-gxbozqiuohwlcfgridtxzqzwunnz/Build/Intermediates.noindex/LeavnModules.build/Debug-iphonesimulator/LeavnSearch.build/DerivedSources/arm64 -Xcc -I/Users/wsig/Library/Developer/Xcode/DerivedData/Leavn-gxbozqiuohwlcfgridtxzqzwunnz/Build/Intermediates.noindex/LeavnModules.build/Debug-iphonesimulator/LeavnSearch.build/DerivedSources -Xcc -DSWIFT_PACKAGE -Xcc -DDEBUG\=1 -emit-objc-header -emit-objc-header-path /Users/wsig/Library/Developer/Xcode/DerivedData/Leavn-gxbozqiuohwlcfgridtxzqzwunnz/Build/Intermediates.noindex/LeavnModules.build/Debug-iphonesimulator/LeavnSearch.build/Objects-normal/arm64/LeavnSearch-Swift.h -working-directory /Users/wsig/GitHub\ Builds/LeavnOfficial/Leavn.xcodeproj -experimental-emit-module-separately -disable-cmo

SwiftDriver\ Compilation LeavnSearch normal arm64 com.apple.xcode.tools.swift.compiler (in target 'LeavnSearch' from project 'LeavnModules')
    cd /Users/wsig/GitHub\ Builds/LeavnOfficial/Leavn.xcodeproj
    builtin-Swift-Compilation -- /Applications/Xcode-beta.app/Contents/Developer/Toolchains/XcodeDefault.xctoolchain/usr/bin/swiftc -module-name LeavnSearch -Onone -enforce-exclusivity\=checked @/Users/wsig/Library/Developer/Xcode/DerivedData/Leavn-gxbozqiuohwlcfgridtxzqzwunnz/Build/Intermediates.noindex/LeavnModules.build/Debug-iphonesimulator/LeavnSearch.build/Objects-normal/arm64/LeavnSearch.SwiftFileList -DSWIFT_PACKAGE -DDEBUG -DSWIFT_MODULE_RESOURCE_BUNDLE_UNAVAILABLE -DXcode -plugin-path /Applications/Xcode-beta.app/Contents/Developer/Toolchains/XcodeDefault.xctoolchain/usr/lib/swift/host/plugins/testing -enable-experimental-feature DebugDescriptionMacro -sdk /Applications/Xcode-beta.app/Contents/Developer/Platforms/iPhoneSimulator.platform/Developer/SDKs/iPhoneSimulator26.0.sdk -target arm64-apple-ios18.0-simulator -g -module-cache-path /Users/wsig/Library/Developer/Xcode/DerivedData/ModuleCache.noindex -Xfrontend -serialize-debugging-options -profile-coverage-mapping -profile-generate -enable-testing -index-store-path /Users/wsig/Library/Developer/Xcode/DerivedData/Leavn-gxbozqiuohwlcfgridtxzqzwunnz/Index.noindex/DataStore -Xcc -D_LIBCPP_HARDENING_MODE\=_LIBCPP_HARDENING_MODE_DEBUG -swift-version 6 -I /Users/wsig/Library/Developer/Xcode/DerivedData/Leavn-gxbozqiuohwlcfgridtxzqzwunnz/Build/Products/Debug-iphonesimulator -Isystem /Applications/Xcode-beta.app/Contents/Developer/Platforms/iPhoneSimulator.platform/Developer/usr/lib -F /Users/wsig/Library/Developer/Xcode/DerivedData/Leavn-gxbozqiuohwlcfgridtxzqzwunnz/Build/Products/Debug-iphonesimulator/PackageFrameworks -F /Users/wsig/Library/Developer/Xcode/DerivedData/Leavn-gxbozqiuohwlcfgridtxzqzwunnz/Build/Products/Debug-iphonesimulator/PackageFrameworks -F /Users/wsig/Library/Developer/Xcode/DerivedData/Leavn-gxbozqiuohwlcfgridtxzqzwunnz/Build/Products/Debug-iphonesimulator/PackageFrameworks -F /Users/wsig/Library/Developer/Xcode/DerivedData/Leavn-gxbozqiuohwlcfgridtxzqzwunnz/Build/Products/Debug-iphonesimulator/PackageFrameworks -F /Users/wsig/Library/Developer/Xcode/DerivedData/Leavn-gxbozqiuohwlcfgridtxzqzwunnz/Build/Products/Debug-iphonesimulator/PackageFrameworks -F /Users/wsig/Library/Developer/Xcode/DerivedData/Leavn-gxbozqiuohwlcfgridtxzqzwunnz/Build/Products/Debug-iphonesimulator/PackageFrameworks -F /Users/wsig/Library/Developer/Xcode/DerivedData/Leavn-gxbozqiuohwlcfgridtxzqzwunnz/Build/Products/Debug-iphonesimulator/PackageFrameworks -F /Users/wsig/Library/Developer/Xcode/DerivedData/Leavn-gxbozqiuohwlcfgridtxzqzwunnz/Build/Products/Debug-iphonesimulator/PackageFrameworks -F /Users/wsig/Library/Developer/Xcode/DerivedData/Leavn-gxbozqiuohwlcfgridtxzqzwunnz/Build/Products/Debug-iphonesimulator/PackageFrameworks -F /Users/wsig/Library/Developer/Xcode/DerivedData/Leavn-gxbozqiuohwlcfgridtxzqzwunnz/Build/Products/Debug-iphonesimulator/PackageFrameworks -F /Users/wsig/Library/Developer/Xcode/DerivedData/Leavn-gxbozqiuohwlcfgridtxzqzwunnz/Build/Products/Debug-iphonesimulator/PackageFrameworks -F /Users/wsig/Library/Developer/Xcode/DerivedData/Leavn-gxbozqiuohwlcfgridtxzqzwunnz/Build/Products/Debug-iphonesimulator/PackageFrameworks -F /Users/wsig/Library/Developer/Xcode/DerivedData/Leavn-gxbozqiuohwlcfgridtxzqzwunnz/Build/Products/Debug-iphonesimulator/PackageFrameworks -F /Users/wsig/Library/Developer/Xcode/DerivedData/Leavn-gxbozqiuohwlcfgridtxzqzwunnz/Build/Products/Debug-iphonesimulator -F /Applications/Xcode-beta.app/Contents/Developer/Platforms/iPhoneSimulator.platform/Developer/Library/Frameworks -F /Applications/Xcode-beta.app/Contents/Developer/Platforms/iPhoneSimulator.platform/Developer/SDKs/iPhoneSimulator26.0.sdk/Developer/Library/Frameworks -c -j12 -enable-batch-mode -incremental -Xcc -ivfsstatcache -Xcc /Users/wsig/Library/Developer/Xcode/DerivedData/SDKStatCaches.noindex/iphonesimulator26.0-23A5287e-fc862078e33f881139a9d2f83bd1a9d0.sdkstatcache -output-file-map /Users/wsig/Library/Developer/Xcode/DerivedData/Leavn-gxbozqiuohwlcfgridtxzqzwunnz/Build/Intermediates.noindex/LeavnModules.build/Debug-iphonesimulator/LeavnSearch.build/Objects-normal/arm64/LeavnSearch-OutputFileMap.json -use-frontend-parseable-output -save-temps -no-color-diagnostics -explicit-module-build -module-cache-path /Users/wsig/Library/Developer/Xcode/DerivedData/Leavn-gxbozqiuohwlcfgridtxzqzwunnz/Build/Intermediates.noindex/SwiftExplicitPrecompiledModules -clang-scanner-module-cache-path /Users/wsig/Library/Developer/Xcode/DerivedData/ModuleCache.noindex -sdk-module-cache-path /Users/wsig/Library/Developer/Xcode/DerivedData/ModuleCache.noindex -serialize-diagnostics -emit-dependencies -emit-module -emit-module-path /Users/wsig/Library/Developer/Xcode/DerivedData/Leavn-gxbozqiuohwlcfgridtxzqzwunnz/Build/Intermediates.noindex/LeavnModules.build/Debug-iphonesimulator/LeavnSearch.build/Objects-normal/arm64/LeavnSearch.swiftmodule -validate-clang-modules-once -clang-build-session-file /Users/wsig/Library/Developer/Xcode/DerivedData/ModuleCache.noindex/Session.modulevalidation -package-name leavnmodules -Xcc -I/Users/wsig/Library/Developer/Xcode/DerivedData/Leavn-gxbozqiuohwlcfgridtxzqzwunnz/Build/Intermediates.noindex/LeavnModules.build/Debug-iphonesimulator/LeavnSearch.build/swift-overrides.hmap -emit-const-values -Xfrontend -const-gather-protocols-file -Xfrontend /Users/wsig/Library/Developer/Xcode/DerivedData/Leavn-gxbozqiuohwlcfgridtxzqzwunnz/Build/Intermediates.noindex/LeavnModules.build/Debug-iphonesimulator/LeavnSearch.build/Objects-normal/arm64/LeavnSearch_const_extract_protocols.json -Xcc -I/Users/wsig/Library/Developer/Xcode/DerivedData/Leavn-gxbozqiuohwlcfgridtxzqzwunnz/Build/Products/Debug-iphonesimulator/include -Xcc -I/Users/wsig/Library/Developer/Xcode/DerivedData/Leavn-gxbozqiuohwlcfgridtxzqzwunnz/Build/Intermediates.noindex/LeavnModules.build/Debug-iphonesimulator/LeavnSearch.build/DerivedSources-normal/arm64 -Xcc -I/Users/wsig/Library/Developer/Xcode/DerivedData/Leavn-gxbozqiuohwlcfgridtxzqzwunnz/Build/Intermediates.noindex/LeavnModules.build/Debug-iphonesimulator/LeavnSearch.build/DerivedSources/arm64 -Xcc -I/Users/wsig/Library/Developer/Xcode/DerivedData/Leavn-gxbozqiuohwlcfgridtxzqzwunnz/Build/Intermediates.noindex/LeavnModules.build/Debug-iphonesimulator/LeavnSearch.build/DerivedSources -Xcc -DSWIFT_PACKAGE -Xcc -DDEBUG\=1 -emit-objc-header -emit-objc-header-path /Users/wsig/Library/Developer/Xcode/DerivedData/Leavn-gxbozqiuohwlcfgridtxzqzwunnz/Build/Intermediates.noindex/LeavnModules.build/Debug-iphonesimulator/LeavnSearch.build/Objects-normal/arm64/LeavnSearch-Swift.h -working-directory /Users/wsig/GitHub\ Builds/LeavnOfficial/Leavn.xcodeproj -experimental-emit-module-separately -disable-cmo

Copy /Users/wsig/Library/Developer/Xcode/DerivedData/Leavn-gxbozqiuohwlcfgridtxzqzwunnz/Build/Products/Debug-iphonesimulator/LeavnSearch.swiftmodule/arm64-apple-ios-simulator.swiftmodule /Users/wsig/Library/Developer/Xcode/DerivedData/Leavn-gxbozqiuohwlcfgridtxzqzwunnz/Build/Intermediates.noindex/LeavnModules.build/Debug-iphonesimulator/LeavnSearch.build/Objects-normal/arm64/LeavnSearch.swiftmodule (in target 'LeavnSearch' from project 'LeavnModules')
    cd /Users/wsig/GitHub\ Builds/LeavnOfficial/Core/LeavnModules
    builtin-copy -exclude .DS_Store -exclude CVS -exclude .svn -exclude .git -exclude .hg -resolve-src-symlinks -rename /Users/wsig/Library/Developer/Xcode/DerivedData/Leavn-gxbozqiuohwlcfgridtxzqzwunnz/Build/Intermediates.noindex/LeavnModules.build/Debug-iphonesimulator/LeavnSearch.build/Objects-normal/arm64/LeavnSearch.swiftmodule /Users/wsig/Library/Developer/Xcode/DerivedData/Leavn-gxbozqiuohwlcfgridtxzqzwunnz/Build/Products/Debug-iphonesimulator/LeavnSearch.swiftmodule/arm64-apple-ios-simulator.swiftmodule
error: lstat(/Users/wsig/Library/Developer/Xcode/DerivedData/Leavn-gxbozqiuohwlcfgridtxzqzwunnz/Build/Intermediates.noindex/LeavnModules.build/Debug-iphonesimulator/LeavnSearch.build/Objects-normal/arm64/LeavnSearch.swiftmodule): No such file or directory (2) (in target 'LeavnSearch' from project 'LeavnModules')

Copy /Users/wsig/Library/Developer/Xcode/DerivedData/Leavn-gxbozqiuohwlcfgridtxzqzwunnz/Build/Products/Debug-iphonesimulator/LeavnSearch.swiftmodule/arm64-apple-ios-simulator.swiftdoc /Users/wsig/Library/Developer/Xcode/DerivedData/Leavn-gxbozqiuohwlcfgridtxzqzwunnz/Build/Intermediates.noindex/LeavnModules.build/Debug-iphonesimulator/LeavnSearch.build/Objects-normal/arm64/LeavnSearch.swiftdoc (in target 'LeavnSearch' from project 'LeavnModules')
    cd /Users/wsig/GitHub\ Builds/LeavnOfficial/Core/LeavnModules
    builtin-copy -exclude .DS_Store -exclude CVS -exclude .svn -exclude .git -exclude .hg -resolve-src-symlinks -rename /Users/wsig/Library/Developer/Xcode/DerivedData/Leavn-gxbozqiuohwlcfgridtxzqzwunnz/Build/Intermediates.noindex/LeavnModules.build/Debug-iphonesimulator/LeavnSearch.build/Objects-normal/arm64/LeavnSearch.swiftdoc /Users/wsig/Library/Developer/Xcode/DerivedData/Leavn-gxbozqiuohwlcfgridtxzqzwunnz/Build/Products/Debug-iphonesimulator/LeavnSearch.swiftmodule/arm64-apple-ios-simulator.swiftdoc
error: lstat(/Users/wsig/Library/Developer/Xcode/DerivedData/Leavn-gxbozqiuohwlcfgridtxzqzwunnz/Build/Intermediates.noindex/LeavnModules.build/Debug-iphonesimulator/LeavnSearch.build/Objects-normal/arm64/LeavnSearch.swiftdoc): No such file or directory (2) (in target 'LeavnSearch' from project 'LeavnModules')

Copy /Users/wsig/Library/Developer/Xcode/DerivedData/Leavn-gxbozqiuohwlcfgridtxzqzwunnz/Build/Products/Debug-iphonesimulator/LeavnSearch.swiftmodule/Project/arm64-apple-ios-simulator.swiftsourceinfo /Users/wsig/Library/Developer/Xcode/DerivedData/Leavn-gxbozqiuohwlcfgridtxzqzwunnz/Build/Intermediates.noindex/LeavnModules.build/Debug-iphonesimulator/LeavnSearch.build/Objects-normal/arm64/LeavnSearch.swiftsourceinfo (in target 'LeavnSearch' from project 'LeavnModules')
    cd /Users/wsig/GitHub\ Builds/LeavnOfficial/Core/LeavnModules
    builtin-copy -exclude .DS_Store -exclude CVS -exclude .svn -exclude .git -exclude .hg -resolve-src-symlinks -rename /Users/wsig/Library/Developer/Xcode/DerivedData/Leavn-gxbozqiuohwlcfgridtxzqzwunnz/Build/Intermediates.noindex/LeavnModules.build/Debug-iphonesimulator/LeavnSearch.build/Objects-normal/arm64/LeavnSearch.swiftsourceinfo /Users/wsig/Library/Developer/Xcode/DerivedData/Leavn-gxbozqiuohwlcfgridtxzqzwunnz/Build/Products/Debug-iphonesimulator/LeavnSearch.swiftmodule/Project/arm64-apple-ios-simulator.swiftsourceinfo
error: lstat(/Users/wsig/Library/Developer/Xcode/DerivedData/Leavn-gxbozqiuohwlcfgridtxzqzwunnz/Build/Intermediates.noindex/LeavnModules.build/Debug-iphonesimulator/LeavnSearch.build/Objects-normal/arm64/LeavnSearch.swiftsourceinfo): No such file or directory (2) (in target 'LeavnSearch' from project 'LeavnModules')

Copy /Users/wsig/Library/Developer/Xcode/DerivedData/Leavn-gxbozqiuohwlcfgridtxzqzwunnz/Build/Products/Debug-iphonesimulator/LeavnSearch.swiftmodule/arm64-apple-ios-simulator.abi.json /Users/wsig/Library/Developer/Xcode/DerivedData/Leavn-gxbozqiuohwlcfgridtxzqzwunnz/Build/Intermediates.noindex/LeavnModules.build/Debug-iphonesimulator/LeavnSearch.build/Objects-normal/arm64/LeavnSearch.abi.json (in target 'LeavnSearch' from project 'LeavnModules')
    cd /Users/wsig/GitHub\ Builds/LeavnOfficial/Core/LeavnModules
    builtin-copy -exclude .DS_Store -exclude CVS -exclude .svn -exclude .git -exclude .hg -resolve-src-symlinks -rename /Users/wsig/Library/Developer/Xcode/DerivedData/Leavn-gxbozqiuohwlcfgridtxzqzwunnz/Build/Intermediates.noindex/LeavnModules.build/Debug-iphonesimulator/LeavnSearch.build/Objects-normal/arm64/LeavnSearch.abi.json /Users/wsig/Library/Developer/Xcode/DerivedData/Leavn-gxbozqiuohwlcfgridtxzqzwunnz/Build/Products/Debug-iphonesimulator/LeavnSearch.swiftmodule/arm64-apple-ios-simulator.abi.json
error: lstat(/Users/wsig/Library/Developer/Xcode/DerivedData/Leavn-gxbozqiuohwlcfgridtxzqzwunnz/Build/Intermediates.noindex/LeavnModules.build/Debug-iphonesimulator/LeavnSearch.build/Objects-normal/arm64/LeavnSearch.abi.json): No such file or directory (2) (in target 'LeavnSearch' from project 'LeavnModules')

SwiftDriver\ Compilation\ Requirements LeavnBible normal arm64 com.apple.xcode.tools.swift.compiler (in target 'LeavnBible' from project 'LeavnModules')
    cd /Users/wsig/GitHub\ Builds/LeavnOfficial/Leavn.xcodeproj
    builtin-Swift-Compilation-Requirements -- /Applications/Xcode-beta.app/Contents/Developer/Toolchains/XcodeDefault.xctoolchain/usr/bin/swiftc -module-name LeavnBible -Onone -enforce-exclusivity\=checked @/Users/wsig/Library/Developer/Xcode/DerivedData/Leavn-gxbozqiuohwlcfgridtxzqzwunnz/Build/Intermediates.noindex/LeavnModules.build/Debug-iphonesimulator/LeavnBible.build/Objects-normal/arm64/LeavnBible.SwiftFileList -DSWIFT_PACKAGE -DDEBUG -DSWIFT_MODULE_RESOURCE_BUNDLE_UNAVAILABLE -Xcc -fmodule-map-file\=/Users/wsig/Library/Developer/Xcode/DerivedData/Leavn-gxbozqiuohwlcfgridtxzqzwunnz/Build/Intermediates.noindex/GeneratedModuleMaps-iphonesimulator/s2geometry.modulemap -Xcc -fmodule-map-file\=/Users/wsig/Library/Developer/Xcode/DerivedData/Leavn-gxbozqiuohwlcfgridtxzqzwunnz/Build/Intermediates.noindex/GeneratedModuleMaps-iphonesimulator/Bid.modulemap -Xcc -fmodule-map-file\=/Users/wsig/Library/Developer/Xcode/DerivedData/Leavn-gxbozqiuohwlcfgridtxzqzwunnz/Build/Intermediates.noindex/GeneratedModuleMaps-iphonesimulator/RealmCoreResources.modulemap -DXcode -plugin-path /Applications/Xcode-beta.app/Contents/Developer/Toolchains/XcodeDefault.xctoolchain/usr/lib/swift/host/plugins/testing -enable-experimental-feature DebugDescriptionMacro -sdk /Applications/Xcode-beta.app/Contents/Developer/Platforms/iPhoneSimulator.platform/Developer/SDKs/iPhoneSimulator26.0.sdk -target arm64-apple-ios18.0-simulator -g -module-cache-path /Users/wsig/Library/Developer/Xcode/DerivedData/ModuleCache.noindex -Xfrontend -serialize-debugging-options -profile-coverage-mapping -profile-generate -enable-testing -index-store-path /Users/wsig/Library/Developer/Xcode/DerivedData/Leavn-gxbozqiuohwlcfgridtxzqzwunnz/Index.noindex/DataStore -Xcc -D_LIBCPP_HARDENING_MODE\=_LIBCPP_HARDENING_MODE_DEBUG -swift-version 6 -I /Users/wsig/Library/Developer/Xcode/DerivedData/Leavn-gxbozqiuohwlcfgridtxzqzwunnz/Build/Products/Debug-iphonesimulator -Isystem /Applications/Xcode-beta.app/Contents/Developer/Platforms/iPhoneSimulator.platform/Developer/usr/lib -F /Users/wsig/Library/Developer/Xcode/DerivedData/Leavn-gxbozqiuohwlcfgridtxzqzwunnz/Build/Products/Debug-iphonesimulator/PackageFrameworks -F /Users/wsig/Library/Developer/Xcode/DerivedData/Leavn-gxbozqiuohwlcfgridtxzqzwunnz/Build/Products/Debug-iphonesimulator/PackageFrameworks -F /Users/wsig/Library/Developer/Xcode/DerivedData/Leavn-gxbozqiuohwlcfgridtxzqzwunnz/Build/Products/Debug-iphonesimulator/PackageFrameworks -F /Users/wsig/Library/Developer/Xcode/DerivedData/Leavn-gxbozqiuohwlcfgridtxzqzwunnz/Build/Products/Debug-iphonesimulator/PackageFrameworks -F /Users/wsig/Library/Developer/Xcode/DerivedData/Leavn-gxbozqiuohwlcfgridtxzqzwunnz/Build/Products/Debug-iphonesimulator/PackageFrameworks -F /Users/wsig/Library/Developer/Xcode/DerivedData/Leavn-gxbozqiuohwlcfgridtxzqzwunnz/Build/Products/Debug-iphonesimulator/PackageFrameworks -F /Users/wsig/Library/Developer/Xcode/DerivedData/Leavn-gxbozqiuohwlcfgridtxzqzwunnz/Build/Products/Debug-iphonesimulator/PackageFrameworks -F /Users/wsig/Library/Developer/Xcode/DerivedData/Leavn-gxbozqiuohwlcfgridtxzqzwunnz/Build/Products/Debug-iphonesimulator/PackageFrameworks -F /Users/wsig/Library/Developer/Xcode/DerivedData/Leavn-gxbozqiuohwlcfgridtxzqzwunnz/Build/Products/Debug-iphonesimulator/PackageFrameworks -F /Users/wsig/Library/Developer/Xcode/DerivedData/Leavn-gxbozqiuohwlcfgridtxzqzwunnz/Build/Products/Debug-iphonesimulator/PackageFrameworks -F /Users/wsig/Library/Developer/Xcode/DerivedData/Leavn-gxbozqiuohwlcfgridtxzqzwunnz/Build/Products/Debug-iphonesimulator/PackageFrameworks -F /Users/wsig/Library/Developer/Xcode/DerivedData/Leavn-gxbozqiuohwlcfgridtxzqzwunnz/Build/Products/Debug-iphonesimulator/PackageFrameworks -F /Users/wsig/Library/Developer/Xcode/DerivedData/Leavn-gxbozqiuohwlcfgridtxzqzwunnz/Build/Products/Debug-iphonesimulator/PackageFrameworks -F /Users/wsig/Library/Developer/Xcode/DerivedData/Leavn-gxbozqiuohwlcfgridtxzqzwunnz/Build/Products/Debug-iphonesimulator/PackageFrameworks -F /Users/wsig/Library/Developer/Xcode/DerivedData/Leavn-gxbozqiuohwlcfgridtxzqzwunnz/Build/Products/Debug-iphonesimulator/PackageFrameworks -F /Users/wsig/Library/Developer/Xcode/DerivedData/Leavn-gxbozqiuohwlcfgridtxzqzwunnz/Build/Products/Debug-iphonesimulator/PackageFrameworks -F /Users/wsig/Library/Developer/Xcode/DerivedData/Leavn-gxbozqiuohwlcfgridtxzqzwunnz/Build/Products/Debug-iphonesimulator/PackageFrameworks -F /Users/wsig/Library/Developer/Xcode/DerivedData/Leavn-gxbozqiuohwlcfgridtxzqzwunnz/Build/Products/Debug-iphonesimulator/PackageFrameworks -F /Users/wsig/Library/Developer/Xcode/DerivedData/Leavn-gxbozqiuohwlcfgridtxzqzwunnz/Build/Products/Debug-iphonesimulator/PackageFrameworks -F /Users/wsig/Library/Developer/Xcode/DerivedData/Leavn-gxbozqiuohwlcfgridtxzqzwunnz/Build/Products/Debug-iphonesimulator -F /Applications/Xcode-beta.app/Contents/Developer/Platforms/iPhoneSimulator.platform/Developer/Library/Frameworks -F /Applications/Xcode-beta.app/Contents/Developer/Platforms/iPhoneSimulator.platform/Developer/SDKs/iPhoneSimulator26.0.sdk/Developer/Library/Frameworks -c -j12 -enable-batch-mode -incremental -Xcc -ivfsstatcache -Xcc /Users/wsig/Library/Developer/Xcode/DerivedData/SDKStatCaches.noindex/iphonesimulator26.0-23A5287e-fc862078e33f881139a9d2f83bd1a9d0.sdkstatcache -output-file-map /Users/wsig/Library/Developer/Xcode/DerivedData/Leavn-gxbozqiuohwlcfgridtxzqzwunnz/Build/Intermediates.noindex/LeavnModules.build/Debug-iphonesimulator/LeavnBible.build/Objects-normal/arm64/LeavnBible-OutputFileMap.json -use-frontend-parseable-output -save-temps -no-color-diagnostics -explicit-module-build -module-cache-path /Users/wsig/Library/Developer/Xcode/DerivedData/Leavn-gxbozqiuohwlcfgridtxzqzwunnz/Build/Intermediates.noindex/SwiftExplicitPrecompiledModules -clang-scanner-module-cache-path /Users/wsig/Library/Developer/Xcode/DerivedData/ModuleCache.noindex -sdk-module-cache-path /Users/wsig/Library/Developer/Xcode/DerivedData/ModuleCache.noindex -serialize-diagnostics -emit-dependencies -emit-module -emit-module-path /Users/wsig/Library/Developer/Xcode/DerivedData/Leavn-gxbozqiuohwlcfgridtxzqzwunnz/Build/Intermediates.noindex/LeavnModules.build/Debug-iphonesimulator/LeavnBible.build/Objects-normal/arm64/LeavnBible.swiftmodule -validate-clang-modules-once -clang-build-session-file /Users/wsig/Library/Developer/Xcode/DerivedData/ModuleCache.noindex/Session.modulevalidation -package-name leavnmodules -Xcc -I/Users/wsig/Library/Developer/Xcode/DerivedData/Leavn-gxbozqiuohwlcfgridtxzqzwunnz/Build/Intermediates.noindex/LeavnModules.build/Debug-iphonesimulator/LeavnBible.build/swift-overrides.hmap -emit-const-values -Xfrontend -const-gather-protocols-file -Xfrontend /Users/wsig/Library/Developer/Xcode/DerivedData/Leavn-gxbozqiuohwlcfgridtxzqzwunnz/Build/Intermediates.noindex/LeavnModules.build/Debug-iphonesimulator/LeavnBible.build/Objects-normal/arm64/LeavnBible_const_extract_protocols.json -Xcc -I/Users/wsig/Library/Developer/Xcode/DerivedData/Leavn-gxbozqiuohwlcfgridtxzqzwunnz/SourcePackages/checkouts/realm-core/src -Xcc -I/Users/wsig/Library/Developer/Xcode/DerivedData/Leavn-gxbozqiuohwlcfgridtxzqzwunnz/SourcePackages/checkouts/realm-core/src/external/s2 -Xcc -I/Users/wsig/Library/Developer/Xcode/DerivedData/Leavn-gxbozqiuohwlcfgridtxzqzwunnz/SourcePackages/checkouts/realm-core/src/external/IntelRDFPMathLib20U2/LIBRARY/src -Xcc -I/Users/wsig/Library/Developer/Xcode/DerivedData/Leavn-gxbozqiuohwlcfgridtxzqzwunnz/SourcePackages/checkouts/realm-core/src/spm -Xcc -I/Users/wsig/Library/Developer/Xcode/DerivedData/Leavn-gxbozqiuohwlcfgridtxzqzwunnz/SourcePackages/checkouts/realm-swift/include -Xcc -I/Users/wsig/Library/Developer/Xcode/DerivedData/Leavn-gxbozqiuohwlcfgridtxzqzwunnz/Build/Products/Debug-iphonesimulator/include -Xcc -I/Users/wsig/Library/Developer/Xcode/DerivedData/Leavn-gxbozqiuohwlcfgridtxzqzwunnz/Build/Intermediates.noindex/LeavnModules.build/Debug-iphonesimulator/LeavnBible.build/DerivedSources-normal/arm64 -Xcc -I/Users/wsig/Library/Developer/Xcode/DerivedData/Leavn-gxbozqiuohwlcfgridtxzqzwunnz/Build/Intermediates.noindex/LeavnModules.build/Debug-iphonesimulator/LeavnBible.build/DerivedSources/arm64 -Xcc -I/Users/wsig/Library/Developer/Xcode/DerivedData/Leavn-gxbozqiuohwlcfgridtxzqzwunnz/Build/Intermediates.noindex/LeavnModules.build/Debug-iphonesimulator/LeavnBible.build/DerivedSources -Xcc -DSWIFT_PACKAGE -Xcc -DDEBUG\=1 -emit-objc-header -emit-objc-header-path /Users/wsig/Library/Developer/Xcode/DerivedData/Leavn-gxbozqiuohwlcfgridtxzqzwunnz/Build/Intermediates.noindex/LeavnModules.build/Debug-iphonesimulator/LeavnBible.build/Objects-normal/arm64/LeavnBible-Swift.h -working-directory /Users/wsig/GitHub\ Builds/LeavnOfficial/Leavn.xcodeproj -experimental-emit-module-separately -disable-cmo

SwiftDriver\ Compilation LeavnBible normal arm64 com.apple.xcode.tools.swift.compiler (in target 'LeavnBible' from project 'LeavnModules')
    cd /Users/wsig/GitHub\ Builds/LeavnOfficial/Leavn.xcodeproj
    builtin-Swift-Compilation -- /Applications/Xcode-beta.app/Contents/Developer/Toolchains/XcodeDefault.xctoolchain/usr/bin/swiftc -module-name LeavnBible -Onone -enforce-exclusivity\=checked @/Users/wsig/Library/Developer/Xcode/DerivedData/Leavn-gxbozqiuohwlcfgridtxzqzwunnz/Build/Intermediates.noindex/LeavnModules.build/Debug-iphonesimulator/LeavnBible.build/Objects-normal/arm64/LeavnBible.SwiftFileList -DSWIFT_PACKAGE -DDEBUG -DSWIFT_MODULE_RESOURCE_BUNDLE_UNAVAILABLE -Xcc -fmodule-map-file\=/Users/wsig/Library/Developer/Xcode/DerivedData/Leavn-gxbozqiuohwlcfgridtxzqzwunnz/Build/Intermediates.noindex/GeneratedModuleMaps-iphonesimulator/s2geometry.modulemap -Xcc -fmodule-map-file\=/Users/wsig/Library/Developer/Xcode/DerivedData/Leavn-gxbozqiuohwlcfgridtxzqzwunnz/Build/Intermediates.noindex/GeneratedModuleMaps-iphonesimulator/Bid.modulemap -Xcc -fmodule-map-file\=/Users/wsig/Library/Developer/Xcode/DerivedData/Leavn-gxbozqiuohwlcfgridtxzqzwunnz/Build/Intermediates.noindex/GeneratedModuleMaps-iphonesimulator/RealmCoreResources.modulemap -DXcode -plugin-path /Applications/Xcode-beta.app/Contents/Developer/Toolchains/XcodeDefault.xctoolchain/usr/lib/swift/host/plugins/testing -enable-experimental-feature DebugDescriptionMacro -sdk /Applications/Xcode-beta.app/Contents/Developer/Platforms/iPhoneSimulator.platform/Developer/SDKs/iPhoneSimulator26.0.sdk -target arm64-apple-ios18.0-simulator -g -module-cache-path /Users/wsig/Library/Developer/Xcode/DerivedData/ModuleCache.noindex -Xfrontend -serialize-debugging-options -profile-coverage-mapping -profile-generate -enable-testing -index-store-path /Users/wsig/Library/Developer/Xcode/DerivedData/Leavn-gxbozqiuohwlcfgridtxzqzwunnz/Index.noindex/DataStore -Xcc -D_LIBCPP_HARDENING_MODE\=_LIBCPP_HARDENING_MODE_DEBUG -swift-version 6 -I /Users/wsig/Library/Developer/Xcode/DerivedData/Leavn-gxbozqiuohwlcfgridtxzqzwunnz/Build/Products/Debug-iphonesimulator -Isystem /Applications/Xcode-beta.app/Contents/Developer/Platforms/iPhoneSimulator.platform/Developer/usr/lib -F /Users/wsig/Library/Developer/Xcode/DerivedData/Leavn-gxbozqiuohwlcfgridtxzqzwunnz/Build/Products/Debug-iphonesimulator/PackageFrameworks -F /Users/wsig/Library/Developer/Xcode/DerivedData/Leavn-gxbozqiuohwlcfgridtxzqzwunnz/Build/Products/Debug-iphonesimulator/PackageFrameworks -F /Users/wsig/Library/Developer/Xcode/DerivedData/Leavn-gxbozqiuohwlcfgridtxzqzwunnz/Build/Products/Debug-iphonesimulator/PackageFrameworks -F /Users/wsig/Library/Developer/Xcode/DerivedData/Leavn-gxbozqiuohwlcfgridtxzqzwunnz/Build/Products/Debug-iphonesimulator/PackageFrameworks -F /Users/wsig/Library/Developer/Xcode/DerivedData/Leavn-gxbozqiuohwlcfgridtxzqzwunnz/Build/Products/Debug-iphonesimulator/PackageFrameworks -F /Users/wsig/Library/Developer/Xcode/DerivedData/Leavn-gxbozqiuohwlcfgridtxzqzwunnz/Build/Products/Debug-iphonesimulator/PackageFrameworks -F /Users/wsig/Library/Developer/Xcode/DerivedData/Leavn-gxbozqiuohwlcfgridtxzqzwunnz/Build/Products/Debug-iphonesimulator/PackageFrameworks -F /Users/wsig/Library/Developer/Xcode/DerivedData/Leavn-gxbozqiuohwlcfgridtxzqzwunnz/Build/Products/Debug-iphonesimulator/PackageFrameworks -F /Users/wsig/Library/Developer/Xcode/DerivedData/Leavn-gxbozqiuohwlcfgridtxzqzwunnz/Build/Products/Debug-iphonesimulator/PackageFrameworks -F /Users/wsig/Library/Developer/Xcode/DerivedData/Leavn-gxbozqiuohwlcfgridtxzqzwunnz/Build/Products/Debug-iphonesimulator/PackageFrameworks -F /Users/wsig/Library/Developer/Xcode/DerivedData/Leavn-gxbozqiuohwlcfgridtxzqzwunnz/Build/Products/Debug-iphonesimulator/PackageFrameworks -F /Users/wsig/Library/Developer/Xcode/DerivedData/Leavn-gxbozqiuohwlcfgridtxzqzwunnz/Build/Products/Debug-iphonesimulator/PackageFrameworks -F /Users/wsig/Library/Developer/Xcode/DerivedData/Leavn-gxbozqiuohwlcfgridtxzqzwunnz/Build/Products/Debug-iphonesimulator/PackageFrameworks -F /Users/wsig/Library/Developer/Xcode/DerivedData/Leavn-gxbozqiuohwlcfgridtxzqzwunnz/Build/Products/Debug-iphonesimulator/PackageFrameworks -F /Users/wsig/Library/Developer/Xcode/DerivedData/Leavn-gxbozqiuohwlcfgridtxzqzwunnz/Build/Products/Debug-iphonesimulator/PackageFrameworks -F /Users/wsig/Library/Developer/Xcode/DerivedData/Leavn-gxbozqiuohwlcfgridtxzqzwunnz/Build/Products/Debug-iphonesimulator/PackageFrameworks -F /Users/wsig/Library/Developer/Xcode/DerivedData/Leavn-gxbozqiuohwlcfgridtxzqzwunnz/Build/Products/Debug-iphonesimulator/PackageFrameworks -F /Users/wsig/Library/Developer/Xcode/DerivedData/Leavn-gxbozqiuohwlcfgridtxzqzwunnz/Build/Products/Debug-iphonesimulator/PackageFrameworks -F /Users/wsig/Library/Developer/Xcode/DerivedData/Leavn-gxbozqiuohwlcfgridtxzqzwunnz/Build/Products/Debug-iphonesimulator/PackageFrameworks -F /Users/wsig/Library/Developer/Xcode/DerivedData/Leavn-gxbozqiuohwlcfgridtxzqzwunnz/Build/Products/Debug-iphonesimulator -F /Applications/Xcode-beta.app/Contents/Developer/Platforms/iPhoneSimulator.platform/Developer/Library/Frameworks -F /Applications/Xcode-beta.app/Contents/Developer/Platforms/iPhoneSimulator.platform/Developer/SDKs/iPhoneSimulator26.0.sdk/Developer/Library/Frameworks -c -j12 -enable-batch-mode -incremental -Xcc -ivfsstatcache -Xcc /Users/wsig/Library/Developer/Xcode/DerivedData/SDKStatCaches.noindex/iphonesimulator26.0-23A5287e-fc862078e33f881139a9d2f83bd1a9d0.sdkstatcache -output-file-map /Users/wsig/Library/Developer/Xcode/DerivedData/Leavn-gxbozqiuohwlcfgridtxzqzwunnz/Build/Intermediates.noindex/LeavnModules.build/Debug-iphonesimulator/LeavnBible.build/Objects-normal/arm64/LeavnBible-OutputFileMap.json -use-frontend-parseable-output -save-temps -no-color-diagnostics -explicit-module-build -module-cache-path /Users/wsig/Library/Developer/Xcode/DerivedData/Leavn-gxbozqiuohwlcfgridtxzqzwunnz/Build/Intermediates.noindex/SwiftExplicitPrecompiledModules -clang-scanner-module-cache-path /Users/wsig/Library/Developer/Xcode/DerivedData/ModuleCache.noindex -sdk-module-cache-path /Users/wsig/Library/Developer/Xcode/DerivedData/ModuleCache.noindex -serialize-diagnostics -emit-dependencies -emit-module -emit-module-path /Users/wsig/Library/Developer/Xcode/DerivedData/Leavn-gxbozqiuohwlcfgridtxzqzwunnz/Build/Intermediates.noindex/LeavnModules.build/Debug-iphonesimulator/LeavnBible.build/Objects-normal/arm64/LeavnBible.swiftmodule -validate-clang-modules-once -clang-build-session-file /Users/wsig/Library/Developer/Xcode/DerivedData/ModuleCache.noindex/Session.modulevalidation -package-name leavnmodules -Xcc -I/Users/wsig/Library/Developer/Xcode/DerivedData/Leavn-gxbozqiuohwlcfgridtxzqzwunnz/Build/Intermediates.noindex/LeavnModules.build/Debug-iphonesimulator/LeavnBible.build/swift-overrides.hmap -emit-const-values -Xfrontend -const-gather-protocols-file -Xfrontend /Users/wsig/Library/Developer/Xcode/DerivedData/Leavn-gxbozqiuohwlcfgridtxzqzwunnz/Build/Intermediates.noindex/LeavnModules.build/Debug-iphonesimulator/LeavnBible.build/Objects-normal/arm64/LeavnBible_const_extract_protocols.json -Xcc -I/Users/wsig/Library/Developer/Xcode/DerivedData/Leavn-gxbozqiuohwlcfgridtxzqzwunnz/SourcePackages/checkouts/realm-core/src -Xcc -I/Users/wsig/Library/Developer/Xcode/DerivedData/Leavn-gxbozqiuohwlcfgridtxzqzwunnz/SourcePackages/checkouts/realm-core/src/external/s2 -Xcc -I/Users/wsig/Library/Developer/Xcode/DerivedData/Leavn-gxbozqiuohwlcfgridtxzqzwunnz/SourcePackages/checkouts/realm-core/src/external/IntelRDFPMathLib20U2/LIBRARY/src -Xcc -I/Users/wsig/Library/Developer/Xcode/DerivedData/Leavn-gxbozqiuohwlcfgridtxzqzwunnz/SourcePackages/checkouts/realm-core/src/spm -Xcc -I/Users/wsig/Library/Developer/Xcode/DerivedData/Leavn-gxbozqiuohwlcfgridtxzqzwunnz/SourcePackages/checkouts/realm-swift/include -Xcc -I/Users/wsig/Library/Developer/Xcode/DerivedData/Leavn-gxbozqiuohwlcfgridtxzqzwunnz/Build/Products/Debug-iphonesimulator/include -Xcc -I/Users/wsig/Library/Developer/Xcode/DerivedData/Leavn-gxbozqiuohwlcfgridtxzqzwunnz/Build/Intermediates.noindex/LeavnModules.build/Debug-iphonesimulator/LeavnBible.build/DerivedSources-normal/arm64 -Xcc -I/Users/wsig/Library/Developer/Xcode/DerivedData/Leavn-gxbozqiuohwlcfgridtxzqzwunnz/Build/Intermediates.noindex/LeavnModules.build/Debug-iphonesimulator/LeavnBible.build/DerivedSources/arm64 -Xcc -I/Users/wsig/Library/Developer/Xcode/DerivedData/Leavn-gxbozqiuohwlcfgridtxzqzwunnz/Build/Intermediates.noindex/LeavnModules.build/Debug-iphonesimulator/LeavnBible.build/DerivedSources -Xcc -DSWIFT_PACKAGE -Xcc -DDEBUG\=1 -emit-objc-header -emit-objc-header-path /Users/wsig/Library/Developer/Xcode/DerivedData/Leavn-gxbozqiuohwlcfgridtxzqzwunnz/Build/Intermediates.noindex/LeavnModules.build/Debug-iphonesimulator/LeavnBible.build/Objects-normal/arm64/LeavnBible-Swift.h -working-directory /Users/wsig/GitHub\ Builds/LeavnOfficial/Leavn.xcodeproj -experimental-emit-module-separately -disable-cmo

SwiftDriver\ Compilation\ Requirements LeavnLibrary normal arm64 com.apple.xcode.tools.swift.compiler (in target 'LeavnLibrary' from project 'LeavnModules')
    cd /Users/wsig/GitHub\ Builds/LeavnOfficial/Leavn.xcodeproj
    builtin-Swift-Compilation-Requirements -- /Applications/Xcode-beta.app/Contents/Developer/Toolchains/XcodeDefault.xctoolchain/usr/bin/swiftc -module-name LeavnLibrary -Onone -enforce-exclusivity\=checked @/Users/wsig/Library/Developer/Xcode/DerivedData/Leavn-gxbozqiuohwlcfgridtxzqzwunnz/Build/Intermediates.noindex/LeavnModules.build/Debug-iphonesimulator/LeavnLibrary.build/Objects-normal/arm64/LeavnLibrary.SwiftFileList -DSWIFT_PACKAGE -DDEBUG -DSWIFT_MODULE_RESOURCE_BUNDLE_UNAVAILABLE -Xcc -fmodule-map-file\=/Users/wsig/Library/Developer/Xcode/DerivedData/Leavn-gxbozqiuohwlcfgridtxzqzwunnz/Build/Intermediates.noindex/GeneratedModuleMaps-iphonesimulator/s2geometry.modulemap -Xcc -fmodule-map-file\=/Users/wsig/Library/Developer/Xcode/DerivedData/Leavn-gxbozqiuohwlcfgridtxzqzwunnz/Build/Intermediates.noindex/GeneratedModuleMaps-iphonesimulator/Bid.modulemap -Xcc -fmodule-map-file\=/Users/wsig/Library/Developer/Xcode/DerivedData/Leavn-gxbozqiuohwlcfgridtxzqzwunnz/Build/Intermediates.noindex/GeneratedModuleMaps-iphonesimulator/RealmCoreResources.modulemap -DXcode -plugin-path /Applications/Xcode-beta.app/Contents/Developer/Toolchains/XcodeDefault.xctoolchain/usr/lib/swift/host/plugins/testing -enable-experimental-feature DebugDescriptionMacro -sdk /Applications/Xcode-beta.app/Contents/Developer/Platforms/iPhoneSimulator.platform/Developer/SDKs/iPhoneSimulator26.0.sdk -target arm64-apple-ios18.0-simulator -g -module-cache-path /Users/wsig/Library/Developer/Xcode/DerivedData/ModuleCache.noindex -Xfrontend -serialize-debugging-options -profile-coverage-mapping -profile-generate -enable-testing -index-store-path /Users/wsig/Library/Developer/Xcode/DerivedData/Leavn-gxbozqiuohwlcfgridtxzqzwunnz/Index.noindex/DataStore -Xcc -D_LIBCPP_HARDENING_MODE\=_LIBCPP_HARDENING_MODE_DEBUG -swift-version 6 -I /Users/wsig/Library/Developer/Xcode/DerivedData/Leavn-gxbozqiuohwlcfgridtxzqzwunnz/Build/Products/Debug-iphonesimulator -Isystem /Applications/Xcode-beta.app/Contents/Developer/Platforms/iPhoneSimulator.platform/Developer/usr/lib -F /Users/wsig/Library/Developer/Xcode/DerivedData/Leavn-gxbozqiuohwlcfgridtxzqzwunnz/Build/Products/Debug-iphonesimulator/PackageFrameworks -F /Users/wsig/Library/Developer/Xcode/DerivedData/Leavn-gxbozqiuohwlcfgridtxzqzwunnz/Build/Products/Debug-iphonesimulator/PackageFrameworks -F /Users/wsig/Library/Developer/Xcode/DerivedData/Leavn-gxbozqiuohwlcfgridtxzqzwunnz/Build/Products/Debug-iphonesimulator/PackageFrameworks -F /Users/wsig/Library/Developer/Xcode/DerivedData/Leavn-gxbozqiuohwlcfgridtxzqzwunnz/Build/Products/Debug-iphonesimulator/PackageFrameworks -F /Users/wsig/Library/Developer/Xcode/DerivedData/Leavn-gxbozqiuohwlcfgridtxzqzwunnz/Build/Products/Debug-iphonesimulator/PackageFrameworks -F /Users/wsig/Library/Developer/Xcode/DerivedData/Leavn-gxbozqiuohwlcfgridtxzqzwunnz/Build/Products/Debug-iphonesimulator/PackageFrameworks -F /Users/wsig/Library/Developer/Xcode/DerivedData/Leavn-gxbozqiuohwlcfgridtxzqzwunnz/Build/Products/Debug-iphonesimulator/PackageFrameworks -F /Users/wsig/Library/Developer/Xcode/DerivedData/Leavn-gxbozqiuohwlcfgridtxzqzwunnz/Build/Products/Debug-iphonesimulator/PackageFrameworks -F /Users/wsig/Library/Developer/Xcode/DerivedData/Leavn-gxbozqiuohwlcfgridtxzqzwunnz/Build/Products/Debug-iphonesimulator/PackageFrameworks -F /Users/wsig/Library/Developer/Xcode/DerivedData/Leavn-gxbozqiuohwlcfgridtxzqzwunnz/Build/Products/Debug-iphonesimulator/PackageFrameworks -F /Users/wsig/Library/Developer/Xcode/DerivedData/Leavn-gxbozqiuohwlcfgridtxzqzwunnz/Build/Products/Debug-iphonesimulator/PackageFrameworks -F /Users/wsig/Library/Developer/Xcode/DerivedData/Leavn-gxbozqiuohwlcfgridtxzqzwunnz/Build/Products/Debug-iphonesimulator/PackageFrameworks -F /Users/wsig/Library/Developer/Xcode/DerivedData/Leavn-gxbozqiuohwlcfgridtxzqzwunnz/Build/Products/Debug-iphonesimulator/PackageFrameworks -F /Users/wsig/Library/Developer/Xcode/DerivedData/Leavn-gxbozqiuohwlcfgridtxzqzwunnz/Build/Products/Debug-iphonesimulator/PackageFrameworks -F /Users/wsig/Library/Developer/Xcode/DerivedData/Leavn-gxbozqiuohwlcfgridtxzqzwunnz/Build/Products/Debug-iphonesimulator/PackageFrameworks -F /Users/wsig/Library/Developer/Xcode/DerivedData/Leavn-gxbozqiuohwlcfgridtxzqzwunnz/Build/Products/Debug-iphonesimulator -F /Applications/Xcode-beta.app/Contents/Developer/Platforms/iPhoneSimulator.platform/Developer/Library/Frameworks -F /Applications/Xcode-beta.app/Contents/Developer/Platforms/iPhoneSimulator.platform/Developer/SDKs/iPhoneSimulator26.0.sdk/Developer/Library/Frameworks -c -j12 -enable-batch-mode -incremental -Xcc -ivfsstatcache -Xcc /Users/wsig/Library/Developer/Xcode/DerivedData/SDKStatCaches.noindex/iphonesimulator26.0-23A5287e-fc862078e33f881139a9d2f83bd1a9d0.sdkstatcache -output-file-map /Users/wsig/Library/Developer/Xcode/DerivedData/Leavn-gxbozqiuohwlcfgridtxzqzwunnz/Build/Intermediates.noindex/LeavnModules.build/Debug-iphonesimulator/LeavnLibrary.build/Objects-normal/arm64/LeavnLibrary-OutputFileMap.json -use-frontend-parseable-output -save-temps -no-color-diagnostics -explicit-module-build -module-cache-path /Users/wsig/Library/Developer/Xcode/DerivedData/Leavn-gxbozqiuohwlcfgridtxzqzwunnz/Build/Intermediates.noindex/SwiftExplicitPrecompiledModules -clang-scanner-module-cache-path /Users/wsig/Library/Developer/Xcode/DerivedData/ModuleCache.noindex -sdk-module-cache-path /Users/wsig/Library/Developer/Xcode/DerivedData/ModuleCache.noindex -serialize-diagnostics -emit-dependencies -emit-module -emit-module-path /Users/wsig/Library/Developer/Xcode/DerivedData/Leavn-gxbozqiuohwlcfgridtxzqzwunnz/Build/Intermediates.noindex/LeavnModules.build/Debug-iphonesimulator/LeavnLibrary.build/Objects-normal/arm64/LeavnLibrary.swiftmodule -validate-clang-modules-once -clang-build-session-file /Users/wsig/Library/Developer/Xcode/DerivedData/ModuleCache.noindex/Session.modulevalidation -package-name leavnmodules -Xcc -I/Users/wsig/Library/Developer/Xcode/DerivedData/Leavn-gxbozqiuohwlcfgridtxzqzwunnz/Build/Intermediates.noindex/LeavnModules.build/Debug-iphonesimulator/LeavnLibrary.build/swift-overrides.hmap -emit-const-values -Xfrontend -const-gather-protocols-file -Xfrontend /Users/wsig/Library/Developer/Xcode/DerivedData/Leavn-gxbozqiuohwlcfgridtxzqzwunnz/Build/Intermediates.noindex/LeavnModules.build/Debug-iphonesimulator/LeavnLibrary.build/Objects-normal/arm64/LeavnLibrary_const_extract_protocols.json -Xcc -I/Users/wsig/Library/Developer/Xcode/DerivedData/Leavn-gxbozqiuohwlcfgridtxzqzwunnz/SourcePackages/checkouts/realm-core/src -Xcc -I/Users/wsig/Library/Developer/Xcode/DerivedData/Leavn-gxbozqiuohwlcfgridtxzqzwunnz/SourcePackages/checkouts/realm-core/src/external/s2 -Xcc -I/Users/wsig/Library/Developer/Xcode/DerivedData/Leavn-gxbozqiuohwlcfgridtxzqzwunnz/SourcePackages/checkouts/realm-core/src/external/IntelRDFPMathLib20U2/LIBRARY/src -Xcc -I/Users/wsig/Library/Developer/Xcode/DerivedData/Leavn-gxbozqiuohwlcfgridtxzqzwunnz/SourcePackages/checkouts/realm-core/src/spm -Xcc -I/Users/wsig/Library/Developer/Xcode/DerivedData/Leavn-gxbozqiuohwlcfgridtxzqzwunnz/SourcePackages/checkouts/realm-swift/include -Xcc -I/Users/wsig/Library/Developer/Xcode/DerivedData/Leavn-gxbozqiuohwlcfgridtxzqzwunnz/Build/Products/Debug-iphonesimulator/include -Xcc -I/Users/wsig/Library/Developer/Xcode/DerivedData/Leavn-gxbozqiuohwlcfgridtxzqzwunnz/Build/Intermediates.noindex/LeavnModules.build/Debug-iphonesimulator/LeavnLibrary.build/DerivedSources-normal/arm64 -Xcc -I/Users/wsig/Library/Developer/Xcode/DerivedData/Leavn-gxbozqiuohwlcfgridtxzqzwunnz/Build/Intermediates.noindex/LeavnModules.build/Debug-iphonesimulator/LeavnLibrary.build/DerivedSources/arm64 -Xcc -I/Users/wsig/Library/Developer/Xcode/DerivedData/Leavn-gxbozqiuohwlcfgridtxzqzwunnz/Build/Intermediates.noindex/LeavnModules.build/Debug-iphonesimulator/LeavnLibrary.build/DerivedSources -Xcc -DSWIFT_PACKAGE -Xcc -DDEBUG\=1 -emit-objc-header -emit-objc-header-path /Users/wsig/Library/Developer/Xcode/DerivedData/Leavn-gxbozqiuohwlcfgridtxzqzwunnz/Build/Intermediates.noindex/LeavnModules.build/Debug-iphonesimulator/LeavnLibrary.build/Objects-normal/arm64/LeavnLibrary-Swift.h -working-directory /Users/wsig/GitHub\ Builds/LeavnOfficial/Leavn.xcodeproj -experimental-emit-module-separately -disable-cmo

Copy /Users/wsig/Library/Developer/Xcode/DerivedData/Leavn-gxbozqiuohwlcfgridtxzqzwunnz/Build/Products/Debug-iphonesimulator/LeavnBible.swiftmodule/arm64-apple-ios-simulator.abi.json /Users/wsig/Library/Developer/Xcode/DerivedData/Leavn-gxbozqiuohwlcfgridtxzqzwunnz/Build/Intermediates.noindex/LeavnModules.build/Debug-iphonesimulator/LeavnBible.build/Objects-normal/arm64/LeavnBible.abi.json (in target 'LeavnBible' from project 'LeavnModules')
    cd /Users/wsig/GitHub\ Builds/LeavnOfficial/Core/LeavnModules
    builtin-copy -exclude .DS_Store -exclude CVS -exclude .svn -exclude .git -exclude .hg -resolve-src-symlinks -rename /Users/wsig/Library/Developer/Xcode/DerivedData/Leavn-gxbozqiuohwlcfgridtxzqzwunnz/Build/Intermediates.noindex/LeavnModules.build/Debug-iphonesimulator/LeavnBible.build/Objects-normal/arm64/LeavnBible.abi.json /Users/wsig/Library/Developer/Xcode/DerivedData/Leavn-gxbozqiuohwlcfgridtxzqzwunnz/Build/Products/Debug-iphonesimulator/LeavnBible.swiftmodule/arm64-apple-ios-simulator.abi.json
error: lstat(/Users/wsig/Library/Developer/Xcode/DerivedData/Leavn-gxbozqiuohwlcfgridtxzqzwunnz/Build/Intermediates.noindex/LeavnModules.build/Debug-iphonesimulator/LeavnBible.build/Objects-normal/arm64/LeavnBible.abi.json): No such file or directory (2) (in target 'LeavnBible' from project 'LeavnModules')

Copy /Users/wsig/Library/Developer/Xcode/DerivedData/Leavn-gxbozqiuohwlcfgridtxzqzwunnz/Build/Products/Debug-iphonesimulator/LeavnBible.swiftmodule/Project/arm64-apple-ios-simulator.swiftsourceinfo /Users/wsig/Library/Developer/Xcode/DerivedData/Leavn-gxbozqiuohwlcfgridtxzqzwunnz/Build/Intermediates.noindex/LeavnModules.build/Debug-iphonesimulator/LeavnBible.build/Objects-normal/arm64/LeavnBible.swiftsourceinfo (in target 'LeavnBible' from project 'LeavnModules')
    cd /Users/wsig/GitHub\ Builds/LeavnOfficial/Core/LeavnModules
    builtin-copy -exclude .DS_Store -exclude CVS -exclude .svn -exclude .git -exclude .hg -resolve-src-symlinks -rename /Users/wsig/Library/Developer/Xcode/DerivedData/Leavn-gxbozqiuohwlcfgridtxzqzwunnz/Build/Intermediates.noindex/LeavnModules.build/Debug-iphonesimulator/LeavnBible.build/Objects-normal/arm64/LeavnBible.swiftsourceinfo /Users/wsig/Library/Developer/Xcode/DerivedData/Leavn-gxbozqiuohwlcfgridtxzqzwunnz/Build/Products/Debug-iphonesimulator/LeavnBible.swiftmodule/Project/arm64-apple-ios-simulator.swiftsourceinfo
error: lstat(/Users/wsig/Library/Developer/Xcode/DerivedData/Leavn-gxbozqiuohwlcfgridtxzqzwunnz/Build/Intermediates.noindex/LeavnModules.build/Debug-iphonesimulator/LeavnBible.build/Objects-normal/arm64/LeavnBible.swiftsourceinfo): No such file or directory (2) (in target 'LeavnBible' from project 'LeavnModules')

Copy /Users/wsig/Library/Developer/Xcode/DerivedData/Leavn-gxbozqiuohwlcfgridtxzqzwunnz/Build/Products/Debug-iphonesimulator/LeavnBible.swiftmodule/arm64-apple-ios-simulator.swiftdoc /Users/wsig/Library/Developer/Xcode/DerivedData/Leavn-gxbozqiuohwlcfgridtxzqzwunnz/Build/Intermediates.noindex/LeavnModules.build/Debug-iphonesimulator/LeavnBible.build/Objects-normal/arm64/LeavnBible.swiftdoc (in target 'LeavnBible' from project 'LeavnModules')
    cd /Users/wsig/GitHub\ Builds/LeavnOfficial/Core/LeavnModules
    builtin-copy -exclude .DS_Store -exclude CVS -exclude .svn -exclude .git -exclude .hg -resolve-src-symlinks -rename /Users/wsig/Library/Developer/Xcode/DerivedData/Leavn-gxbozqiuohwlcfgridtxzqzwunnz/Build/Intermediates.noindex/LeavnModules.build/Debug-iphonesimulator/LeavnBible.build/Objects-normal/arm64/LeavnBible.swiftdoc /Users/wsig/Library/Developer/Xcode/DerivedData/Leavn-gxbozqiuohwlcfgridtxzqzwunnz/Build/Products/Debug-iphonesimulator/LeavnBible.swiftmodule/arm64-apple-ios-simulator.swiftdoc
error: lstat(/Users/wsig/Library/Developer/Xcode/DerivedData/Leavn-gxbozqiuohwlcfgridtxzqzwunnz/Build/Intermediates.noindex/LeavnModules.build/Debug-iphonesimulator/LeavnBible.build/Objects-normal/arm64/LeavnBible.swiftdoc): No such file or directory (2) (in target 'LeavnBible' from project 'LeavnModules')

Copy /Users/wsig/Library/Developer/Xcode/DerivedData/Leavn-gxbozqiuohwlcfgridtxzqzwunnz/Build/Products/Debug-iphonesimulator/LeavnBible.swiftmodule/arm64-apple-ios-simulator.swiftmodule /Users/wsig/Library/Developer/Xcode/DerivedData/Leavn-gxbozqiuohwlcfgridtxzqzwunnz/Build/Intermediates.noindex/LeavnModules.build/Debug-iphonesimulator/LeavnBible.build/Objects-normal/arm64/LeavnBible.swiftmodule (in target 'LeavnBible' from project 'LeavnModules')
    cd /Users/wsig/GitHub\ Builds/LeavnOfficial/Core/LeavnModules
    builtin-copy -exclude .DS_Store -exclude CVS -exclude .svn -exclude .git -exclude .hg -resolve-src-symlinks -rename /Users/wsig/Library/Developer/Xcode/DerivedData/Leavn-gxbozqiuohwlcfgridtxzqzwunnz/Build/Intermediates.noindex/LeavnModules.build/Debug-iphonesimulator/LeavnBible.build/Objects-normal/arm64/LeavnBible.swiftmodule /Users/wsig/Library/Developer/Xcode/DerivedData/Leavn-gxbozqiuohwlcfgridtxzqzwunnz/Build/Products/Debug-iphonesimulator/LeavnBible.swiftmodule/arm64-apple-ios-simulator.swiftmodule
error: lstat(/Users/wsig/Library/Developer/Xcode/DerivedData/Leavn-gxbozqiuohwlcfgridtxzqzwunnz/Build/Intermediates.noindex/LeavnModules.build/Debug-iphonesimulator/LeavnBible.build/Objects-normal/arm64/LeavnBible.swiftmodule): No such file or directory (2) (in target 'LeavnBible' from project 'LeavnModules')

SwiftDriver\ Compilation LeavnLibrary normal arm64 com.apple.xcode.tools.swift.compiler (in target 'LeavnLibrary' from project 'LeavnModules')
    cd /Users/wsig/GitHub\ Builds/LeavnOfficial/Leavn.xcodeproj
    builtin-Swift-Compilation -- /Applications/Xcode-beta.app/Contents/Developer/Toolchains/XcodeDefault.xctoolchain/usr/bin/swiftc -module-name LeavnLibrary -Onone -enforce-exclusivity\=checked @/Users/wsig/Library/Developer/Xcode/DerivedData/Leavn-gxbozqiuohwlcfgridtxzqzwunnz/Build/Intermediates.noindex/LeavnModules.build/Debug-iphonesimulator/LeavnLibrary.build/Objects-normal/arm64/LeavnLibrary.SwiftFileList -DSWIFT_PACKAGE -DDEBUG -DSWIFT_MODULE_RESOURCE_BUNDLE_UNAVAILABLE -Xcc -fmodule-map-file\=/Users/wsig/Library/Developer/Xcode/DerivedData/Leavn-gxbozqiuohwlcfgridtxzqzwunnz/Build/Intermediates.noindex/GeneratedModuleMaps-iphonesimulator/s2geometry.modulemap -Xcc -fmodule-map-file\=/Users/wsig/Library/Developer/Xcode/DerivedData/Leavn-gxbozqiuohwlcfgridtxzqzwunnz/Build/Intermediates.noindex/GeneratedModuleMaps-iphonesimulator/Bid.modulemap -Xcc -fmodule-map-file\=/Users/wsig/Library/Developer/Xcode/DerivedData/Leavn-gxbozqiuohwlcfgridtxzqzwunnz/Build/Intermediates.noindex/GeneratedModuleMaps-iphonesimulator/RealmCoreResources.modulemap -DXcode -plugin-path /Applications/Xcode-beta.app/Contents/Developer/Toolchains/XcodeDefault.xctoolchain/usr/lib/swift/host/plugins/testing -enable-experimental-feature DebugDescriptionMacro -sdk /Applications/Xcode-beta.app/Contents/Developer/Platforms/iPhoneSimulator.platform/Developer/SDKs/iPhoneSimulator26.0.sdk -target arm64-apple-ios18.0-simulator -g -module-cache-path /Users/wsig/Library/Developer/Xcode/DerivedData/ModuleCache.noindex -Xfrontend -serialize-debugging-options -profile-coverage-mapping -profile-generate -enable-testing -index-store-path /Users/wsig/Library/Developer/Xcode/DerivedData/Leavn-gxbozqiuohwlcfgridtxzqzwunnz/Index.noindex/DataStore -Xcc -D_LIBCPP_HARDENING_MODE\=_LIBCPP_HARDENING_MODE_DEBUG -swift-version 6 -I /Users/wsig/Library/Developer/Xcode/DerivedData/Leavn-gxbozqiuohwlcfgridtxzqzwunnz/Build/Products/Debug-iphonesimulator -Isystem /Applications/Xcode-beta.app/Contents/Developer/Platforms/iPhoneSimulator.platform/Developer/usr/lib -F /Users/wsig/Library/Developer/Xcode/DerivedData/Leavn-gxbozqiuohwlcfgridtxzqzwunnz/Build/Products/Debug-iphonesimulator/PackageFrameworks -F /Users/wsig/Library/Developer/Xcode/DerivedData/Leavn-gxbozqiuohwlcfgridtxzqzwunnz/Build/Products/Debug-iphonesimulator/PackageFrameworks -F /Users/wsig/Library/Developer/Xcode/DerivedData/Leavn-gxbozqiuohwlcfgridtxzqzwunnz/Build/Products/Debug-iphonesimulator/PackageFrameworks -F /Users/wsig/Library/Developer/Xcode/DerivedData/Leavn-gxbozqiuohwlcfgridtxzqzwunnz/Build/Products/Debug-iphonesimulator/PackageFrameworks -F /Users/wsig/Library/Developer/Xcode/DerivedData/Leavn-gxbozqiuohwlcfgridtxzqzwunnz/Build/Products/Debug-iphonesimulator/PackageFrameworks -F /Users/wsig/Library/Developer/Xcode/DerivedData/Leavn-gxbozqiuohwlcfgridtxzqzwunnz/Build/Products/Debug-iphonesimulator/PackageFrameworks -F /Users/wsig/Library/Developer/Xcode/DerivedData/Leavn-gxbozqiuohwlcfgridtxzqzwunnz/Build/Products/Debug-iphonesimulator/PackageFrameworks -F /Users/wsig/Library/Developer/Xcode/DerivedData/Leavn-gxbozqiuohwlcfgridtxzqzwunnz/Build/Products/Debug-iphonesimulator/PackageFrameworks -F /Users/wsig/Library/Developer/Xcode/DerivedData/Leavn-gxbozqiuohwlcfgridtxzqzwunnz/Build/Products/Debug-iphonesimulator/PackageFrameworks -F /Users/wsig/Library/Developer/Xcode/DerivedData/Leavn-gxbozqiuohwlcfgridtxzqzwunnz/Build/Products/Debug-iphonesimulator/PackageFrameworks -F /Users/wsig/Library/Developer/Xcode/DerivedData/Leavn-gxbozqiuohwlcfgridtxzqzwunnz/Build/Products/Debug-iphonesimulator/PackageFrameworks -F /Users/wsig/Library/Developer/Xcode/DerivedData/Leavn-gxbozqiuohwlcfgridtxzqzwunnz/Build/Products/Debug-iphonesimulator/PackageFrameworks -F /Users/wsig/Library/Developer/Xcode/DerivedData/Leavn-gxbozqiuohwlcfgridtxzqzwunnz/Build/Products/Debug-iphonesimulator/PackageFrameworks -F /Users/wsig/Library/Developer/Xcode/DerivedData/Leavn-gxbozqiuohwlcfgridtxzqzwunnz/Build/Products/Debug-iphonesimulator/PackageFrameworks -F /Users/wsig/Library/Developer/Xcode/DerivedData/Leavn-gxbozqiuohwlcfgridtxzqzwunnz/Build/Products/Debug-iphonesimulator/PackageFrameworks -F /Users/wsig/Library/Developer/Xcode/DerivedData/Leavn-gxbozqiuohwlcfgridtxzqzwunnz/Build/Products/Debug-iphonesimulator -F /Applications/Xcode-beta.app/Contents/Developer/Platforms/iPhoneSimulator.platform/Developer/Library/Frameworks -F /Applications/Xcode-beta.app/Contents/Developer/Platforms/iPhoneSimulator.platform/Developer/SDKs/iPhoneSimulator26.0.sdk/Developer/Library/Frameworks -c -j12 -enable-batch-mode -incremental -Xcc -ivfsstatcache -Xcc /Users/wsig/Library/Developer/Xcode/DerivedData/SDKStatCaches.noindex/iphonesimulator26.0-23A5287e-fc862078e33f881139a9d2f83bd1a9d0.sdkstatcache -output-file-map /Users/wsig/Library/Developer/Xcode/DerivedData/Leavn-gxbozqiuohwlcfgridtxzqzwunnz/Build/Intermediates.noindex/LeavnModules.build/Debug-iphonesimulator/LeavnLibrary.build/Objects-normal/arm64/LeavnLibrary-OutputFileMap.json -use-frontend-parseable-output -save-temps -no-color-diagnostics -explicit-module-build -module-cache-path /Users/wsig/Library/Developer/Xcode/DerivedData/Leavn-gxbozqiuohwlcfgridtxzqzwunnz/Build/Intermediates.noindex/SwiftExplicitPrecompiledModules -clang-scanner-module-cache-path /Users/wsig/Library/Developer/Xcode/DerivedData/ModuleCache.noindex -sdk-module-cache-path /Users/wsig/Library/Developer/Xcode/DerivedData/ModuleCache.noindex -serialize-diagnostics -emit-dependencies -emit-module -emit-module-path /Users/wsig/Library/Developer/Xcode/DerivedData/Leavn-gxbozqiuohwlcfgridtxzqzwunnz/Build/Intermediates.noindex/LeavnModules.build/Debug-iphonesimulator/LeavnLibrary.build/Objects-normal/arm64/LeavnLibrary.swiftmodule -validate-clang-modules-once -clang-build-session-file /Users/wsig/Library/Developer/Xcode/DerivedData/ModuleCache.noindex/Session.modulevalidation -package-name leavnmodules -Xcc -I/Users/wsig/Library/Developer/Xcode/DerivedData/Leavn-gxbozqiuohwlcfgridtxzqzwunnz/Build/Intermediates.noindex/LeavnModules.build/Debug-iphonesimulator/LeavnLibrary.build/swift-overrides.hmap -emit-const-values -Xfrontend -const-gather-protocols-file -Xfrontend /Users/wsig/Library/Developer/Xcode/DerivedData/Leavn-gxbozqiuohwlcfgridtxzqzwunnz/Build/Intermediates.noindex/LeavnModules.build/Debug-iphonesimulator/LeavnLibrary.build/Objects-normal/arm64/LeavnLibrary_const_extract_protocols.json -Xcc -I/Users/wsig/Library/Developer/Xcode/DerivedData/Leavn-gxbozqiuohwlcfgridtxzqzwunnz/SourcePackages/checkouts/realm-core/src -Xcc -I/Users/wsig/Library/Developer/Xcode/DerivedData/Leavn-gxbozqiuohwlcfgridtxzqzwunnz/SourcePackages/checkouts/realm-core/src/external/s2 -Xcc -I/Users/wsig/Library/Developer/Xcode/DerivedData/Leavn-gxbozqiuohwlcfgridtxzqzwunnz/SourcePackages/checkouts/realm-core/src/external/IntelRDFPMathLib20U2/LIBRARY/src -Xcc -I/Users/wsig/Library/Developer/Xcode/DerivedData/Leavn-gxbozqiuohwlcfgridtxzqzwunnz/SourcePackages/checkouts/realm-core/src/spm -Xcc -I/Users/wsig/Library/Developer/Xcode/DerivedData/Leavn-gxbozqiuohwlcfgridtxzqzwunnz/SourcePackages/checkouts/realm-swift/include -Xcc -I/Users/wsig/Library/Developer/Xcode/DerivedData/Leavn-gxbozqiuohwlcfgridtxzqzwunnz/Build/Products/Debug-iphonesimulator/include -Xcc -I/Users/wsig/Library/Developer/Xcode/DerivedData/Leavn-gxbozqiuohwlcfgridtxzqzwunnz/Build/Intermediates.noindex/LeavnModules.build/Debug-iphonesimulator/LeavnLibrary.build/DerivedSources-normal/arm64 -Xcc -I/Users/wsig/Library/Developer/Xcode/DerivedData/Leavn-gxbozqiuohwlcfgridtxzqzwunnz/Build/Intermediates.noindex/LeavnModules.build/Debug-iphonesimulator/LeavnLibrary.build/DerivedSources/arm64 -Xcc -I/Users/wsig/Library/Developer/Xcode/DerivedData/Leavn-gxbozqiuohwlcfgridtxzqzwunnz/Build/Intermediates.noindex/LeavnModules.build/Debug-iphonesimulator/LeavnLibrary.build/DerivedSources -Xcc -DSWIFT_PACKAGE -Xcc -DDEBUG\=1 -emit-objc-header -emit-objc-header-path /Users/wsig/Library/Developer/Xcode/DerivedData/Leavn-gxbozqiuohwlcfgridtxzqzwunnz/Build/Intermediates.noindex/LeavnModules.build/Debug-iphonesimulator/LeavnLibrary.build/Objects-normal/arm64/LeavnLibrary-Swift.h -working-directory /Users/wsig/GitHub\ Builds/LeavnOfficial/Leavn.xcodeproj -experimental-emit-module-separately -disable-cmo

Copy /Users/wsig/Library/Developer/Xcode/DerivedData/Leavn-gxbozqiuohwlcfgridtxzqzwunnz/Build/Products/Debug-iphonesimulator/LeavnLibrary.swiftmodule/arm64-apple-ios-simulator.swiftmodule /Users/wsig/Library/Developer/Xcode/DerivedData/Leavn-gxbozqiuohwlcfgridtxzqzwunnz/Build/Intermediates.noindex/LeavnModules.build/Debug-iphonesimulator/LeavnLibrary.build/Objects-normal/arm64/LeavnLibrary.swiftmodule (in target 'LeavnLibrary' from project 'LeavnModules')
    cd /Users/wsig/GitHub\ Builds/LeavnOfficial/Core/LeavnModules
    builtin-copy -exclude .DS_Store -exclude CVS -exclude .svn -exclude .git -exclude .hg -resolve-src-symlinks -rename /Users/wsig/Library/Developer/Xcode/DerivedData/Leavn-gxbozqiuohwlcfgridtxzqzwunnz/Build/Intermediates.noindex/LeavnModules.build/Debug-iphonesimulator/LeavnLibrary.build/Objects-normal/arm64/LeavnLibrary.swiftmodule /Users/wsig/Library/Developer/Xcode/DerivedData/Leavn-gxbozqiuohwlcfgridtxzqzwunnz/Build/Products/Debug-iphonesimulator/LeavnLibrary.swiftmodule/arm64-apple-ios-simulator.swiftmodule
error: lstat(/Users/wsig/Library/Developer/Xcode/DerivedData/Leavn-gxbozqiuohwlcfgridtxzqzwunnz/Build/Intermediates.noindex/LeavnModules.build/Debug-iphonesimulator/LeavnLibrary.build/Objects-normal/arm64/LeavnLibrary.swiftmodule): No such file or directory (2) (in target 'LeavnLibrary' from project 'LeavnModules')

Copy /Users/wsig/Library/Developer/Xcode/DerivedData/Leavn-gxbozqiuohwlcfgridtxzqzwunnz/Build/Products/Debug-iphonesimulator/LeavnLibrary.swiftmodule/arm64-apple-ios-simulator.swiftdoc /Users/wsig/Library/Developer/Xcode/DerivedData/Leavn-gxbozqiuohwlcfgridtxzqzwunnz/Build/Intermediates.noindex/LeavnModules.build/Debug-iphonesimulator/LeavnLibrary.build/Objects-normal/arm64/LeavnLibrary.swiftdoc (in target 'LeavnLibrary' from project 'LeavnModules')
    cd /Users/wsig/GitHub\ Builds/LeavnOfficial/Core/LeavnModules
    builtin-copy -exclude .DS_Store -exclude CVS -exclude .svn -exclude .git -exclude .hg -resolve-src-symlinks -rename /Users/wsig/Library/Developer/Xcode/DerivedData/Leavn-gxbozqiuohwlcfgridtxzqzwunnz/Build/Intermediates.noindex/LeavnModules.build/Debug-iphonesimulator/LeavnLibrary.build/Objects-normal/arm64/LeavnLibrary.swiftdoc /Users/wsig/Library/Developer/Xcode/DerivedData/Leavn-gxbozqiuohwlcfgridtxzqzwunnz/Build/Products/Debug-iphonesimulator/LeavnLibrary.swiftmodule/arm64-apple-ios-simulator.swiftdoc
error: lstat(/Users/wsig/Library/Developer/Xcode/DerivedData/Leavn-gxbozqiuohwlcfgridtxzqzwunnz/Build/Intermediates.noindex/LeavnModules.build/Debug-iphonesimulator/LeavnLibrary.build/Objects-normal/arm64/LeavnLibrary.swiftdoc): No such file or directory (2) (in target 'LeavnLibrary' from project 'LeavnModules')

Copy /Users/wsig/Library/Developer/Xcode/DerivedData/Leavn-gxbozqiuohwlcfgridtxzqzwunnz/Build/Products/Debug-iphonesimulator/LeavnLibrary.swiftmodule/arm64-apple-ios-simulator.abi.json /Users/wsig/Library/Developer/Xcode/DerivedData/Leavn-gxbozqiuohwlcfgridtxzqzwunnz/Build/Intermediates.noindex/LeavnModules.build/Debug-iphonesimulator/LeavnLibrary.build/Objects-normal/arm64/LeavnLibrary.abi.json (in target 'LeavnLibrary' from project 'LeavnModules')
    cd /Users/wsig/GitHub\ Builds/LeavnOfficial/Core/LeavnModules
    builtin-copy -exclude .DS_Store -exclude CVS -exclude .svn -exclude .git -exclude .hg -resolve-src-symlinks -rename /Users/wsig/Library/Developer/Xcode/DerivedData/Leavn-gxbozqiuohwlcfgridtxzqzwunnz/Build/Intermediates.noindex/LeavnModules.build/Debug-iphonesimulator/LeavnLibrary.build/Objects-normal/arm64/LeavnLibrary.abi.json /Users/wsig/Library/Developer/Xcode/DerivedData/Leavn-gxbozqiuohwlcfgridtxzqzwunnz/Build/Products/Debug-iphonesimulator/LeavnLibrary.swiftmodule/arm64-apple-ios-simulator.abi.json
error: lstat(/Users/wsig/Library/Developer/Xcode/DerivedData/Leavn-gxbozqiuohwlcfgridtxzqzwunnz/Build/Intermediates.noindex/LeavnModules.build/Debug-iphonesimulator/LeavnLibrary.build/Objects-normal/arm64/LeavnLibrary.abi.json): No such file or directory (2) (in target 'LeavnLibrary' from project 'LeavnModules')

Copy /Users/wsig/Library/Developer/Xcode/DerivedData/Leavn-gxbozqiuohwlcfgridtxzqzwunnz/Build/Products/Debug-iphonesimulator/LeavnLibrary.swiftmodule/Project/arm64-apple-ios-simulator.swiftsourceinfo /Users/wsig/Library/Developer/Xcode/DerivedData/Leavn-gxbozqiuohwlcfgridtxzqzwunnz/Build/Intermediates.noindex/LeavnModules.build/Debug-iphonesimulator/LeavnLibrary.build/Objects-normal/arm64/LeavnLibrary.swiftsourceinfo (in target 'LeavnLibrary' from project 'LeavnModules')
    cd /Users/wsig/GitHub\ Builds/LeavnOfficial/Core/LeavnModules
    builtin-copy -exclude .DS_Store -exclude CVS -exclude .svn -exclude .git -exclude .hg -resolve-src-symlinks -rename /Users/wsig/Library/Developer/Xcode/DerivedData/Leavn-gxbozqiuohwlcfgridtxzqzwunnz/Build/Intermediates.noindex/LeavnModules.build/Debug-iphonesimulator/LeavnLibrary.build/Objects-normal/arm64/LeavnLibrary.swiftsourceinfo /Users/wsig/Library/Developer/Xcode/DerivedData/Leavn-gxbozqiuohwlcfgridtxzqzwunnz/Build/Products/Debug-iphonesimulator/LeavnLibrary.swiftmodule/Project/arm64-apple-ios-simulator.swiftsourceinfo
error: lstat(/Users/wsig/Library/Developer/Xcode/DerivedData/Leavn-gxbozqiuohwlcfgridtxzqzwunnz/Build/Intermediates.noindex/LeavnModules.build/Debug-iphonesimulator/LeavnLibrary.build/Objects-normal/arm64/LeavnLibrary.swiftsourceinfo): No such file or directory (2) (in target 'LeavnLibrary' from project 'LeavnModules')

SwiftDriver\ Compilation\ Requirements AuthenticationModule normal arm64 com.apple.xcode.tools.swift.compiler (in target 'AuthenticationModule' from project 'LeavnModules')
    cd /Users/wsig/GitHub\ Builds/LeavnOfficial/Leavn.xcodeproj
    builtin-Swift-Compilation-Requirements -- /Applications/Xcode-beta.app/Contents/Developer/Toolchains/XcodeDefault.xctoolchain/usr/bin/swiftc -module-name AuthenticationModule -Onone -enforce-exclusivity\=checked @/Users/wsig/Library/Developer/Xcode/DerivedData/Leavn-gxbozqiuohwlcfgridtxzqzwunnz/Build/Intermediates.noindex/LeavnModules.build/Debug-iphonesimulator/AuthenticationModule.build/Objects-normal/arm64/AuthenticationModule.SwiftFileList -DSWIFT_PACKAGE -DDEBUG -DSWIFT_MODULE_RESOURCE_BUNDLE_UNAVAILABLE -DXcode -plugin-path /Applications/Xcode-beta.app/Contents/Developer/Toolchains/XcodeDefault.xctoolchain/usr/lib/swift/host/plugins/testing -enable-experimental-feature DebugDescriptionMacro -sdk /Applications/Xcode-beta.app/Contents/Developer/Platforms/iPhoneSimulator.platform/Developer/SDKs/iPhoneSimulator26.0.sdk -target arm64-apple-ios18.0-simulator -g -module-cache-path /Users/wsig/Library/Developer/Xcode/DerivedData/ModuleCache.noindex -Xfrontend -serialize-debugging-options -profile-coverage-mapping -profile-generate -enable-testing -index-store-path /Users/wsig/Library/Developer/Xcode/DerivedData/Leavn-gxbozqiuohwlcfgridtxzqzwunnz/Index.noindex/DataStore -Xcc -D_LIBCPP_HARDENING_MODE\=_LIBCPP_HARDENING_MODE_DEBUG -swift-version 6 -I /Users/wsig/Library/Developer/Xcode/DerivedData/Leavn-gxbozqiuohwlcfgridtxzqzwunnz/Build/Products/Debug-iphonesimulator -Isystem /Applications/Xcode-beta.app/Contents/Developer/Platforms/iPhoneSimulator.platform/Developer/usr/lib -F /Users/wsig/Library/Developer/Xcode/DerivedData/Leavn-gxbozqiuohwlcfgridtxzqzwunnz/Build/Products/Debug-iphonesimulator/PackageFrameworks -F /Users/wsig/Library/Developer/Xcode/DerivedData/Leavn-gxbozqiuohwlcfgridtxzqzwunnz/Build/Products/Debug-iphonesimulator/PackageFrameworks -F /Users/wsig/Library/Developer/Xcode/DerivedData/Leavn-gxbozqiuohwlcfgridtxzqzwunnz/Build/Products/Debug-iphonesimulator/PackageFrameworks -F /Users/wsig/Library/Developer/Xcode/DerivedData/Leavn-gxbozqiuohwlcfgridtxzqzwunnz/Build/Products/Debug-iphonesimulator/PackageFrameworks -F /Users/wsig/Library/Developer/Xcode/DerivedData/Leavn-gxbozqiuohwlcfgridtxzqzwunnz/Build/Products/Debug-iphonesimulator/PackageFrameworks -F /Users/wsig/Library/Developer/Xcode/DerivedData/Leavn-gxbozqiuohwlcfgridtxzqzwunnz/Build/Products/Debug-iphonesimulator/PackageFrameworks -F /Users/wsig/Library/Developer/Xcode/DerivedData/Leavn-gxbozqiuohwlcfgridtxzqzwunnz/Build/Products/Debug-iphonesimulator/PackageFrameworks -F /Users/wsig/Library/Developer/Xcode/DerivedData/Leavn-gxbozqiuohwlcfgridtxzqzwunnz/Build/Products/Debug-iphonesimulator/PackageFrameworks -F /Users/wsig/Library/Developer/Xcode/DerivedData/Leavn-gxbozqiuohwlcfgridtxzqzwunnz/Build/Products/Debug-iphonesimulator/PackageFrameworks -F /Users/wsig/Library/Developer/Xcode/DerivedData/Leavn-gxbozqiuohwlcfgridtxzqzwunnz/Build/Products/Debug-iphonesimulator -F /Applications/Xcode-beta.app/Contents/Developer/Platforms/iPhoneSimulator.platform/Developer/Library/Frameworks -F /Applications/Xcode-beta.app/Contents/Developer/Platforms/iPhoneSimulator.platform/Developer/SDKs/iPhoneSimulator26.0.sdk/Developer/Library/Frameworks -c -j12 -enable-batch-mode -incremental -Xcc -ivfsstatcache -Xcc /Users/wsig/Library/Developer/Xcode/DerivedData/SDKStatCaches.noindex/iphonesimulator26.0-23A5287e-fc862078e33f881139a9d2f83bd1a9d0.sdkstatcache -output-file-map /Users/wsig/Library/Developer/Xcode/DerivedData/Leavn-gxbozqiuohwlcfgridtxzqzwunnz/Build/Intermediates.noindex/LeavnModules.build/Debug-iphonesimulator/AuthenticationModule.build/Objects-normal/arm64/AuthenticationModule-OutputFileMap.json -use-frontend-parseable-output -save-temps -no-color-diagnostics -explicit-module-build -module-cache-path /Users/wsig/Library/Developer/Xcode/DerivedData/Leavn-gxbozqiuohwlcfgridtxzqzwunnz/Build/Intermediates.noindex/SwiftExplicitPrecompiledModules -clang-scanner-module-cache-path /Users/wsig/Library/Developer/Xcode/DerivedData/ModuleCache.noindex -sdk-module-cache-path /Users/wsig/Library/Developer/Xcode/DerivedData/ModuleCache.noindex -serialize-diagnostics -emit-dependencies -emit-module -emit-module-path /Users/wsig/Library/Developer/Xcode/DerivedData/Leavn-gxbozqiuohwlcfgridtxzqzwunnz/Build/Intermediates.noindex/LeavnModules.build/Debug-iphonesimulator/AuthenticationModule.build/Objects-normal/arm64/AuthenticationModule.swiftmodule -validate-clang-modules-once -clang-build-session-file /Users/wsig/Library/Developer/Xcode/DerivedData/ModuleCache.noindex/Session.modulevalidation -package-name leavnmodules -Xcc -I/Users/wsig/Library/Developer/Xcode/DerivedData/Leavn-gxbozqiuohwlcfgridtxzqzwunnz/Build/Intermediates.noindex/LeavnModules.build/Debug-iphonesimulator/AuthenticationModule.build/swift-overrides.hmap -emit-const-values -Xfrontend -const-gather-protocols-file -Xfrontend /Users/wsig/Library/Developer/Xcode/DerivedData/Leavn-gxbozqiuohwlcfgridtxzqzwunnz/Build/Intermediates.noindex/LeavnModules.build/Debug-iphonesimulator/AuthenticationModule.build/Objects-normal/arm64/AuthenticationModule_const_extract_protocols.json -Xcc -I/Users/wsig/Library/Developer/Xcode/DerivedData/Leavn-gxbozqiuohwlcfgridtxzqzwunnz/Build/Products/Debug-iphonesimulator/include -Xcc -I/Users/wsig/Library/Developer/Xcode/DerivedData/Leavn-gxbozqiuohwlcfgridtxzqzwunnz/Build/Intermediates.noindex/LeavnModules.build/Debug-iphonesimulator/AuthenticationModule.build/DerivedSources-normal/arm64 -Xcc -I/Users/wsig/Library/Developer/Xcode/DerivedData/Leavn-gxbozqiuohwlcfgridtxzqzwunnz/Build/Intermediates.noindex/LeavnModules.build/Debug-iphonesimulator/AuthenticationModule.build/DerivedSources/arm64 -Xcc -I/Users/wsig/Library/Developer/Xcode/DerivedData/Leavn-gxbozqiuohwlcfgridtxzqzwunnz/Build/Intermediates.noindex/LeavnModules.build/Debug-iphonesimulator/AuthenticationModule.build/DerivedSources -Xcc -DSWIFT_PACKAGE -Xcc -DDEBUG\=1 -emit-objc-header -emit-objc-header-path /Users/wsig/Library/Developer/Xcode/DerivedData/Leavn-gxbozqiuohwlcfgridtxzqzwunnz/Build/Intermediates.noindex/LeavnModules.build/Debug-iphonesimulator/AuthenticationModule.build/Objects-normal/arm64/AuthenticationModule-Swift.h -working-directory /Users/wsig/GitHub\ Builds/LeavnOfficial/Leavn.xcodeproj -experimental-emit-module-separately -disable-cmo

SwiftDriver\ Compilation AuthenticationModule normal arm64 com.apple.xcode.tools.swift.compiler (in target 'AuthenticationModule' from project 'LeavnModules')
    cd /Users/wsig/GitHub\ Builds/LeavnOfficial/Leavn.xcodeproj
    builtin-Swift-Compilation -- /Applications/Xcode-beta.app/Contents/Developer/Toolchains/XcodeDefault.xctoolchain/usr/bin/swiftc -module-name AuthenticationModule -Onone -enforce-exclusivity\=checked @/Users/wsig/Library/Developer/Xcode/DerivedData/Leavn-gxbozqiuohwlcfgridtxzqzwunnz/Build/Intermediates.noindex/LeavnModules.build/Debug-iphonesimulator/AuthenticationModule.build/Objects-normal/arm64/AuthenticationModule.SwiftFileList -DSWIFT_PACKAGE -DDEBUG -DSWIFT_MODULE_RESOURCE_BUNDLE_UNAVAILABLE -DXcode -plugin-path /Applications/Xcode-beta.app/Contents/Developer/Toolchains/XcodeDefault.xctoolchain/usr/lib/swift/host/plugins/testing -enable-experimental-feature DebugDescriptionMacro -sdk /Applications/Xcode-beta.app/Contents/Developer/Platforms/iPhoneSimulator.platform/Developer/SDKs/iPhoneSimulator26.0.sdk -target arm64-apple-ios18.0-simulator -g -module-cache-path /Users/wsig/Library/Developer/Xcode/DerivedData/ModuleCache.noindex -Xfrontend -serialize-debugging-options -profile-coverage-mapping -profile-generate -enable-testing -index-store-path /Users/wsig/Library/Developer/Xcode/DerivedData/Leavn-gxbozqiuohwlcfgridtxzqzwunnz/Index.noindex/DataStore -Xcc -D_LIBCPP_HARDENING_MODE\=_LIBCPP_HARDENING_MODE_DEBUG -swift-version 6 -I /Users/wsig/Library/Developer/Xcode/DerivedData/Leavn-gxbozqiuohwlcfgridtxzqzwunnz/Build/Products/Debug-iphonesimulator -Isystem /Applications/Xcode-beta.app/Contents/Developer/Platforms/iPhoneSimulator.platform/Developer/usr/lib -F /Users/wsig/Library/Developer/Xcode/DerivedData/Leavn-gxbozqiuohwlcfgridtxzqzwunnz/Build/Products/Debug-iphonesimulator/PackageFrameworks -F /Users/wsig/Library/Developer/Xcode/DerivedData/Leavn-gxbozqiuohwlcfgridtxzqzwunnz/Build/Products/Debug-iphonesimulator/PackageFrameworks -F /Users/wsig/Library/Developer/Xcode/DerivedData/Leavn-gxbozqiuohwlcfgridtxzqzwunnz/Build/Products/Debug-iphonesimulator/PackageFrameworks -F /Users/wsig/Library/Developer/Xcode/DerivedData/Leavn-gxbozqiuohwlcfgridtxzqzwunnz/Build/Products/Debug-iphonesimulator/PackageFrameworks -F /Users/wsig/Library/Developer/Xcode/DerivedData/Leavn-gxbozqiuohwlcfgridtxzqzwunnz/Build/Products/Debug-iphonesimulator/PackageFrameworks -F /Users/wsig/Library/Developer/Xcode/DerivedData/Leavn-gxbozqiuohwlcfgridtxzqzwunnz/Build/Products/Debug-iphonesimulator/PackageFrameworks -F /Users/wsig/Library/Developer/Xcode/DerivedData/Leavn-gxbozqiuohwlcfgridtxzqzwunnz/Build/Products/Debug-iphonesimulator/PackageFrameworks -F /Users/wsig/Library/Developer/Xcode/DerivedData/Leavn-gxbozqiuohwlcfgridtxzqzwunnz/Build/Products/Debug-iphonesimulator/PackageFrameworks -F /Users/wsig/Library/Developer/Xcode/DerivedData/Leavn-gxbozqiuohwlcfgridtxzqzwunnz/Build/Products/Debug-iphonesimulator/PackageFrameworks -F /Users/wsig/Library/Developer/Xcode/DerivedData/Leavn-gxbozqiuohwlcfgridtxzqzwunnz/Build/Products/Debug-iphonesimulator -F /Applications/Xcode-beta.app/Contents/Developer/Platforms/iPhoneSimulator.platform/Developer/Library/Frameworks -F /Applications/Xcode-beta.app/Contents/Developer/Platforms/iPhoneSimulator.platform/Developer/SDKs/iPhoneSimulator26.0.sdk/Developer/Library/Frameworks -c -j12 -enable-batch-mode -incremental -Xcc -ivfsstatcache -Xcc /Users/wsig/Library/Developer/Xcode/DerivedData/SDKStatCaches.noindex/iphonesimulator26.0-23A5287e-fc862078e33f881139a9d2f83bd1a9d0.sdkstatcache -output-file-map /Users/wsig/Library/Developer/Xcode/DerivedData/Leavn-gxbozqiuohwlcfgridtxzqzwunnz/Build/Intermediates.noindex/LeavnModules.build/Debug-iphonesimulator/AuthenticationModule.build/Objects-normal/arm64/AuthenticationModule-OutputFileMap.json -use-frontend-parseable-output -save-temps -no-color-diagnostics -explicit-module-build -module-cache-path /Users/wsig/Library/Developer/Xcode/DerivedData/Leavn-gxbozqiuohwlcfgridtxzqzwunnz/Build/Intermediates.noindex/SwiftExplicitPrecompiledModules -clang-scanner-module-cache-path /Users/wsig/Library/Developer/Xcode/DerivedData/ModuleCache.noindex -sdk-module-cache-path /Users/wsig/Library/Developer/Xcode/DerivedData/ModuleCache.noindex -serialize-diagnostics -emit-dependencies -emit-module -emit-module-path /Users/wsig/Library/Developer/Xcode/DerivedData/Leavn-gxbozqiuohwlcfgridtxzqzwunnz/Build/Intermediates.noindex/LeavnModules.build/Debug-iphonesimulator/AuthenticationModule.build/Objects-normal/arm64/AuthenticationModule.swiftmodule -validate-clang-modules-once -clang-build-session-file /Users/wsig/Library/Developer/Xcode/DerivedData/ModuleCache.noindex/Session.modulevalidation -package-name leavnmodules -Xcc -I/Users/wsig/Library/Developer/Xcode/DerivedData/Leavn-gxbozqiuohwlcfgridtxzqzwunnz/Build/Intermediates.noindex/LeavnModules.build/Debug-iphonesimulator/AuthenticationModule.build/swift-overrides.hmap -emit-const-values -Xfrontend -const-gather-protocols-file -Xfrontend /Users/wsig/Library/Developer/Xcode/DerivedData/Leavn-gxbozqiuohwlcfgridtxzqzwunnz/Build/Intermediates.noindex/LeavnModules.build/Debug-iphonesimulator/AuthenticationModule.build/Objects-normal/arm64/AuthenticationModule_const_extract_protocols.json -Xcc -I/Users/wsig/Library/Developer/Xcode/DerivedData/Leavn-gxbozqiuohwlcfgridtxzqzwunnz/Build/Products/Debug-iphonesimulator/include -Xcc -I/Users/wsig/Library/Developer/Xcode/DerivedData/Leavn-gxbozqiuohwlcfgridtxzqzwunnz/Build/Intermediates.noindex/LeavnModules.build/Debug-iphonesimulator/AuthenticationModule.build/DerivedSources-normal/arm64 -Xcc -I/Users/wsig/Library/Developer/Xcode/DerivedData/Leavn-gxbozqiuohwlcfgridtxzqzwunnz/Build/Intermediates.noindex/LeavnModules.build/Debug-iphonesimulator/AuthenticationModule.build/DerivedSources/arm64 -Xcc -I/Users/wsig/Library/Developer/Xcode/DerivedData/Leavn-gxbozqiuohwlcfgridtxzqzwunnz/Build/Intermediates.noindex/LeavnModules.build/Debug-iphonesimulator/AuthenticationModule.build/DerivedSources -Xcc -DSWIFT_PACKAGE -Xcc -DDEBUG\=1 -emit-objc-header -emit-objc-header-path /Users/wsig/Library/Developer/Xcode/DerivedData/Leavn-gxbozqiuohwlcfgridtxzqzwunnz/Build/Intermediates.noindex/LeavnModules.build/Debug-iphonesimulator/AuthenticationModule.build/Objects-normal/arm64/AuthenticationModule-Swift.h -working-directory /Users/wsig/GitHub\ Builds/LeavnOfficial/Leavn.xcodeproj -experimental-emit-module-separately -disable-cmo

Copy /Users/wsig/Library/Developer/Xcode/DerivedData/Leavn-gxbozqiuohwlcfgridtxzqzwunnz/Build/Products/Debug-iphonesimulator/AuthenticationModule.swiftmodule/arm64-apple-ios-simulator.swiftmodule /Users/wsig/Library/Developer/Xcode/DerivedData/Leavn-gxbozqiuohwlcfgridtxzqzwunnz/Build/Intermediates.noindex/LeavnModules.build/Debug-iphonesimulator/AuthenticationModule.build/Objects-normal/arm64/AuthenticationModule.swiftmodule (in target 'AuthenticationModule' from project 'LeavnModules')
    cd /Users/wsig/GitHub\ Builds/LeavnOfficial/Core/LeavnModules
    builtin-copy -exclude .DS_Store -exclude CVS -exclude .svn -exclude .git -exclude .hg -resolve-src-symlinks -rename /Users/wsig/Library/Developer/Xcode/DerivedData/Leavn-gxbozqiuohwlcfgridtxzqzwunnz/Build/Intermediates.noindex/LeavnModules.build/Debug-iphonesimulator/AuthenticationModule.build/Objects-normal/arm64/AuthenticationModule.swiftmodule /Users/wsig/Library/Developer/Xcode/DerivedData/Leavn-gxbozqiuohwlcfgridtxzqzwunnz/Build/Products/Debug-iphonesimulator/AuthenticationModule.swiftmodule/arm64-apple-ios-simulator.swiftmodule
error: lstat(/Users/wsig/Library/Developer/Xcode/DerivedData/Leavn-gxbozqiuohwlcfgridtxzqzwunnz/Build/Intermediates.noindex/LeavnModules.build/Debug-iphonesimulator/AuthenticationModule.build/Objects-normal/arm64/AuthenticationModule.swiftmodule): No such file or directory (2) (in target 'AuthenticationModule' from project 'LeavnModules')

Copy /Users/wsig/Library/Developer/Xcode/DerivedData/Leavn-gxbozqiuohwlcfgridtxzqzwunnz/Build/Products/Debug-iphonesimulator/AuthenticationModule.swiftmodule/arm64-apple-ios-simulator.abi.json /Users/wsig/Library/Developer/Xcode/DerivedData/Leavn-gxbozqiuohwlcfgridtxzqzwunnz/Build/Intermediates.noindex/LeavnModules.build/Debug-iphonesimulator/AuthenticationModule.build/Objects-normal/arm64/AuthenticationModule.abi.json (in target 'AuthenticationModule' from project 'LeavnModules')
    cd /Users/wsig/GitHub\ Builds/LeavnOfficial/Core/LeavnModules
    builtin-copy -exclude .DS_Store -exclude CVS -exclude .svn -exclude .git -exclude .hg -resolve-src-symlinks -rename /Users/wsig/Library/Developer/Xcode/DerivedData/Leavn-gxbozqiuohwlcfgridtxzqzwunnz/Build/Intermediates.noindex/LeavnModules.build/Debug-iphonesimulator/AuthenticationModule.build/Objects-normal/arm64/AuthenticationModule.abi.json /Users/wsig/Library/Developer/Xcode/DerivedData/Leavn-gxbozqiuohwlcfgridtxzqzwunnz/Build/Products/Debug-iphonesimulator/AuthenticationModule.swiftmodule/arm64-apple-ios-simulator.abi.json
error: lstat(/Users/wsig/Library/Developer/Xcode/DerivedData/Leavn-gxbozqiuohwlcfgridtxzqzwunnz/Build/Intermediates.noindex/LeavnModules.build/Debug-iphonesimulator/AuthenticationModule.build/Objects-normal/arm64/AuthenticationModule.abi.json): No such file or directory (2) (in target 'AuthenticationModule' from project 'LeavnModules')

Copy /Users/wsig/Library/Developer/Xcode/DerivedData/Leavn-gxbozqiuohwlcfgridtxzqzwunnz/Build/Products/Debug-iphonesimulator/AuthenticationModule.swiftmodule/arm64-apple-ios-simulator.swiftdoc /Users/wsig/Library/Developer/Xcode/DerivedData/Leavn-gxbozqiuohwlcfgridtxzqzwunnz/Build/Intermediates.noindex/LeavnModules.build/Debug-iphonesimulator/AuthenticationModule.build/Objects-normal/arm64/AuthenticationModule.swiftdoc (in target 'AuthenticationModule' from project 'LeavnModules')
    cd /Users/wsig/GitHub\ Builds/LeavnOfficial/Core/LeavnModules
    builtin-copy -exclude .DS_Store -exclude CVS -exclude .svn -exclude .git -exclude .hg -resolve-src-symlinks -rename /Users/wsig/Library/Developer/Xcode/DerivedData/Leavn-gxbozqiuohwlcfgridtxzqzwunnz/Build/Intermediates.noindex/LeavnModules.build/Debug-iphonesimulator/AuthenticationModule.build/Objects-normal/arm64/AuthenticationModule.swiftdoc /Users/wsig/Library/Developer/Xcode/DerivedData/Leavn-gxbozqiuohwlcfgridtxzqzwunnz/Build/Products/Debug-iphonesimulator/AuthenticationModule.swiftmodule/arm64-apple-ios-simulator.swiftdoc
error: lstat(/Users/wsig/Library/Developer/Xcode/DerivedData/Leavn-gxbozqiuohwlcfgridtxzqzwunnz/Build/Intermediates.noindex/LeavnModules.build/Debug-iphonesimulator/AuthenticationModule.build/Objects-normal/arm64/AuthenticationModule.swiftdoc): No such file or directory (2) (in target 'AuthenticationModule' from project 'LeavnModules')

Copy /Users/wsig/Library/Developer/Xcode/DerivedData/Leavn-gxbozqiuohwlcfgridtxzqzwunnz/Build/Products/Debug-iphonesimulator/AuthenticationModule.swiftmodule/Project/arm64-apple-ios-simulator.swiftsourceinfo /Users/wsig/Library/Developer/Xcode/DerivedData/Leavn-gxbozqiuohwlcfgridtxzqzwunnz/Build/Intermediates.noindex/LeavnModules.build/Debug-iphonesimulator/AuthenticationModule.build/Objects-normal/arm64/AuthenticationModule.swiftsourceinfo (in target 'AuthenticationModule' from project 'LeavnModules')
    cd /Users/wsig/GitHub\ Builds/LeavnOfficial/Core/LeavnModules
    builtin-copy -exclude .DS_Store -exclude CVS -exclude .svn -exclude .git -exclude .hg -resolve-src-symlinks -rename /Users/wsig/Library/Developer/Xcode/DerivedData/Leavn-gxbozqiuohwlcfgridtxzqzwunnz/Build/Intermediates.noindex/LeavnModules.build/Debug-iphonesimulator/AuthenticationModule.build/Objects-normal/arm64/AuthenticationModule.swiftsourceinfo /Users/wsig/Library/Developer/Xcode/DerivedData/Leavn-gxbozqiuohwlcfgridtxzqzwunnz/Build/Products/Debug-iphonesimulator/AuthenticationModule.swiftmodule/Project/arm64-apple-ios-simulator.swiftsourceinfo
error: lstat(/Users/wsig/Library/Developer/Xcode/DerivedData/Leavn-gxbozqiuohwlcfgridtxzqzwunnz/Build/Intermediates.noindex/LeavnModules.build/Debug-iphonesimulator/AuthenticationModule.build/Objects-normal/arm64/AuthenticationModule.swiftsourceinfo): No such file or directory (2) (in target 'AuthenticationModule' from project 'LeavnModules')

warning: Traditional headermap style is no longer supported; please migrate to using separate headermaps and set 'ALWAYS_SEARCH_USER_PATHS' to NO. (in target 'Leavn' from project 'Leavn')
SwiftDriver Leavn normal x86_64 com.apple.xcode.tools.swift.compiler (in target 'Leavn' from project 'Leavn')
    cd /Users/wsig/GitHub\ Builds/LeavnOfficial
    builtin-SwiftDriver -- /Applications/Xcode-beta.app/Contents/Developer/Toolchains/XcodeDefault.xctoolchain/usr/bin/swiftc -module-name Leavn -O -enforce-exclusivity\=checked @/Users/wsig/Library/Developer/Xcode/DerivedData/Leavn-gxbozqiuohwlcfgridtxzqzwunnz/Build/Intermediates.noindex/Leavn.build/Debug-iphonesimulator/Leavn.build/Objects-normal/x86_64/Leavn.SwiftFileList -Xcc -fmodule-map-file\=/Users/wsig/Library/Developer/Xcode/DerivedData/Leavn-gxbozqiuohwlcfgridtxzqzwunnz/Build/Intermediates.noindex/GeneratedModuleMaps-iphonesimulator/s2geometry.modulemap -Xcc -fmodule-map-file\=/Users/wsig/Library/Developer/Xcode/DerivedData/Leavn-gxbozqiuohwlcfgridtxzqzwunnz/Build/Intermediates.noindex/GeneratedModuleMaps-iphonesimulator/Bid.modulemap -Xcc -fmodule-map-file\=/Users/wsig/Library/Developer/Xcode/DerivedData/Leavn-gxbozqiuohwlcfgridtxzqzwunnz/Build/Intermediates.noindex/GeneratedModuleMaps-iphonesimulator/RealmCoreResources.modulemap -enable-experimental-feature DebugDescriptionMacro -sdk /Applications/Xcode-beta.app/Contents/Developer/Platforms/iPhoneSimulator.platform/Developer/SDKs/iPhoneSimulator26.0.sdk -target x86_64-apple-ios18.0-simulator -g -module-cache-path /Users/wsig/Library/Developer/Xcode/DerivedData/ModuleCache.noindex -Xfrontend -serialize-debugging-options -profile-coverage-mapping -profile-generate -swift-version 6 -I /Users/wsig/Library/Developer/Xcode/DerivedData/Leavn-gxbozqiuohwlcfgridtxzqzwunnz/Build/Products/Debug-iphonesimulator -F /Users/wsig/Library/Developer/Xcode/DerivedData/Leavn-gxbozqiuohwlcfgridtxzqzwunnz/Build/Products/Debug-iphonesimulator/PackageFrameworks -F /Users/wsig/Library/Developer/Xcode/DerivedData/Leavn-gxbozqiuohwlcfgridtxzqzwunnz/Build/Products/Debug-iphonesimulator/PackageFrameworks -F /Users/wsig/Library/Developer/Xcode/DerivedData/Leavn-gxbozqiuohwlcfgridtxzqzwunnz/Build/Products/Debug-iphonesimulator/PackageFrameworks -F /Users/wsig/Library/Developer/Xcode/DerivedData/Leavn-gxbozqiuohwlcfgridtxzqzwunnz/Build/Products/Debug-iphonesimulator/PackageFrameworks -F /Users/wsig/Library/Developer/Xcode/DerivedData/Leavn-gxbozqiuohwlcfgridtxzqzwunnz/Build/Products/Debug-iphonesimulator/PackageFrameworks -F /Users/wsig/Library/Developer/Xcode/DerivedData/Leavn-gxbozqiuohwlcfgridtxzqzwunnz/Build/Products/Debug-iphonesimulator/PackageFrameworks -F /Users/wsig/Library/Developer/Xcode/DerivedData/Leavn-gxbozqiuohwlcfgridtxzqzwunnz/Build/Products/Debug-iphonesimulator/PackageFrameworks -F /Users/wsig/Library/Developer/Xcode/DerivedData/Leavn-gxbozqiuohwlcfgridtxzqzwunnz/Build/Products/Debug-iphonesimulator/PackageFrameworks -F /Users/wsig/Library/Developer/Xcode/DerivedData/Leavn-gxbozqiuohwlcfgridtxzqzwunnz/Build/Products/Debug-iphonesimulator/PackageFrameworks -F /Users/wsig/Library/Developer/Xcode/DerivedData/Leavn-gxbozqiuohwlcfgridtxzqzwunnz/Build/Products/Debug-iphonesimulator/PackageFrameworks -F /Users/wsig/Library/Developer/Xcode/DerivedData/Leavn-gxbozqiuohwlcfgridtxzqzwunnz/Build/Products/Debug-iphonesimulator/PackageFrameworks -F /Users/wsig/Library/Developer/Xcode/DerivedData/Leavn-gxbozqiuohwlcfgridtxzqzwunnz/Build/Products/Debug-iphonesimulator/PackageFrameworks -F /Users/wsig/Library/Developer/Xcode/DerivedData/Leavn-gxbozqiuohwlcfgridtxzqzwunnz/Build/Products/Debug-iphonesimulator/PackageFrameworks -F /Users/wsig/Library/Developer/Xcode/DerivedData/Leavn-gxbozqiuohwlcfgridtxzqzwunnz/Build/Products/Debug-iphonesimulator/PackageFrameworks -F /Users/wsig/Library/Developer/Xcode/DerivedData/Leavn-gxbozqiuohwlcfgridtxzqzwunnz/Build/Products/Debug-iphonesimulator/PackageFrameworks -F /Users/wsig/Library/Developer/Xcode/DerivedData/Leavn-gxbozqiuohwlcfgridtxzqzwunnz/Build/Products/Debug-iphonesimulator/PackageFrameworks -F /Users/wsig/Library/Developer/Xcode/DerivedData/Leavn-gxbozqiuohwlcfgridtxzqzwunnz/Build/Products/Debug-iphonesimulator/PackageFrameworks -F /Users/wsig/Library/Developer/Xcode/DerivedData/Leavn-gxbozqiuohwlcfgridtxzqzwunnz/Build/Products/Debug-iphonesimulator/PackageFrameworks -F /Users/wsig/Library/Developer/Xcode/DerivedData/Leavn-gxbozqiuohwlcfgridtxzqzwunnz/Build/Products/Debug-iphonesimulator/PackageFrameworks -F /Users/wsig/Library/Developer/Xcode/DerivedData/Leavn-gxbozqiuohwlcfgridtxzqzwunnz/Build/Products/Debug-iphonesimulator/PackageFrameworks -F /Users/wsig/Library/Developer/Xcode/DerivedData/Leavn-gxbozqiuohwlcfgridtxzqzwunnz/Build/Products/Debug-iphonesimulator/PackageFrameworks -F /Users/wsig/Library/Developer/Xcode/DerivedData/Leavn-gxbozqiuohwlcfgridtxzqzwunnz/Build/Products/Debug-iphonesimulator/PackageFrameworks -F /Users/wsig/Library/Developer/Xcode/DerivedData/Leavn-gxbozqiuohwlcfgridtxzqzwunnz/Build/Products/Debug-iphonesimulator/PackageFrameworks -F /Users/wsig/Library/Developer/Xcode/DerivedData/Leavn-gxbozqiuohwlcfgridtxzqzwunnz/Build/Products/Debug-iphonesimulator/PackageFrameworks -F /Users/wsig/Library/Developer/Xcode/DerivedData/Leavn-gxbozqiuohwlcfgridtxzqzwunnz/Build/Products/Debug-iphonesimulator/PackageFrameworks -F /Users/wsig/Library/Developer/Xcode/DerivedData/Leavn-gxbozqiuohwlcfgridtxzqzwunnz/Build/Products/Debug-iphonesimulator -c -j12 -enable-batch-mode -incremental -Xcc -ivfsstatcache -Xcc /Users/wsig/Library/Developer/Xcode/DerivedData/SDKStatCaches.noindex/iphonesimulator26.0-23A5287e-fc862078e33f881139a9d2f83bd1a9d0.sdkstatcache -output-file-map /Users/wsig/Library/Developer/Xcode/DerivedData/Leavn-gxbozqiuohwlcfgridtxzqzwunnz/Build/Intermediates.noindex/Leavn.build/Debug-iphonesimulator/Leavn.build/Objects-normal/x86_64/Leavn-OutputFileMap.json -use-frontend-parseable-output -save-temps -no-color-diagnostics -explicit-module-build -module-cache-path /Users/wsig/Library/Developer/Xcode/DerivedData/Leavn-gxbozqiuohwlcfgridtxzqzwunnz/Build/Intermediates.noindex/SwiftExplicitPrecompiledModules -clang-scanner-module-cache-path /Users/wsig/Library/Developer/Xcode/DerivedData/ModuleCache.noindex -sdk-module-cache-path /Users/wsig/Library/Developer/Xcode/DerivedData/ModuleCache.noindex -serialize-diagnostics -emit-dependencies -emit-module -emit-module-path /Users/wsig/Library/Developer/Xcode/DerivedData/Leavn-gxbozqiuohwlcfgridtxzqzwunnz/Build/Intermediates.noindex/Leavn.build/Debug-iphonesimulator/Leavn.build/Objects-normal/x86_64/Leavn.swiftmodule -validate-clang-modules-once -clang-build-session-file /Users/wsig/Library/Developer/Xcode/DerivedData/ModuleCache.noindex/Session.modulevalidation -Xcc -I/Users/wsig/Library/Developer/Xcode/DerivedData/Leavn-gxbozqiuohwlcfgridtxzqzwunnz/Build/Intermediates.noindex/Leavn.build/Debug-iphonesimulator/Leavn.build/swift-overrides.hmap -emit-const-values -Xfrontend -const-gather-protocols-file -Xfrontend /Users/wsig/Library/Developer/Xcode/DerivedData/Leavn-gxbozqiuohwlcfgridtxzqzwunnz/Build/Intermediates.noindex/Leavn.build/Debug-iphonesimulator/Leavn.build/Objects-normal/x86_64/Leavn_const_extract_protocols.json -Xcc -iquote -Xcc /Users/wsig/Library/Developer/Xcode/DerivedData/Leavn-gxbozqiuohwlcfgridtxzqzwunnz/Build/Intermediates.noindex/Leavn.build/Debug-iphonesimulator/Leavn.build/Leavn-generated-files.hmap -Xcc -I/Users/wsig/Library/Developer/Xcode/DerivedData/Leavn-gxbozqiuohwlcfgridtxzqzwunnz/Build/Intermediates.noindex/Leavn.build/Debug-iphonesimulator/Leavn.build/Leavn-own-target-headers.hmap -Xcc -I/Users/wsig/Library/Developer/Xcode/DerivedData/Leavn-gxbozqiuohwlcfgridtxzqzwunnz/Build/Intermediates.noindex/Leavn.build/Debug-iphonesimulator/Leavn.build/Leavn-all-non-framework-target-headers.hmap -Xcc -ivfsoverlay -Xcc /Users/wsig/Library/Developer/Xcode/DerivedData/Leavn-gxbozqiuohwlcfgridtxzqzwunnz/Build/Intermediates.noindex/Leavn.build/Debug-iphonesimulator/Leavn-ef67c1b60820561c547311e63732f957-VFS-iphonesimulator/all-product-headers.yaml -Xcc -iquote -Xcc /Users/wsig/Library/Developer/Xcode/DerivedData/Leavn-gxbozqiuohwlcfgridtxzqzwunnz/Build/Intermediates.noindex/Leavn.build/Debug-iphonesimulator/Leavn.build/Leavn-project-headers.hmap -Xcc -I/Users/wsig/Library/Developer/Xcode/DerivedData/Leavn-gxbozqiuohwlcfgridtxzqzwunnz/SourcePackages/checkouts/realm-core/src -Xcc -I/Users/wsig/Library/Developer/Xcode/DerivedData/Leavn-gxbozqiuohwlcfgridtxzqzwunnz/SourcePackages/checkouts/realm-core/src/external/s2 -Xcc -I/Users/wsig/Library/Developer/Xcode/DerivedData/Leavn-gxbozqiuohwlcfgridtxzqzwunnz/SourcePackages/checkouts/realm-core/src/external/IntelRDFPMathLib20U2/LIBRARY/src -Xcc -I/Users/wsig/Library/Developer/Xcode/DerivedData/Leavn-gxbozqiuohwlcfgridtxzqzwunnz/SourcePackages/checkouts/realm-core/src/spm -Xcc -I/Users/wsig/Library/Developer/Xcode/DerivedData/Leavn-gxbozqiuohwlcfgridtxzqzwunnz/SourcePackages/checkouts/realm-swift/include -Xcc -I/Users/wsig/Library/Developer/Xcode/DerivedData/Leavn-gxbozqiuohwlcfgridtxzqzwunnz/Build/Products/Debug-iphonesimulator/include -Xcc -I/Users/wsig/Library/Developer/Xcode/DerivedData/Leavn-gxbozqiuohwlcfgridtxzqzwunnz/Build/Intermediates.noindex/Leavn.build/Debug-iphonesimulator/Leavn.build/DerivedSources-normal/x86_64 -Xcc -I/Users/wsig/Library/Developer/Xcode/DerivedData/Leavn-gxbozqiuohwlcfgridtxzqzwunnz/Build/Intermediates.noindex/Leavn.build/Debug-iphonesimulator/Leavn.build/DerivedSources/x86_64 -Xcc -I/Users/wsig/Library/Developer/Xcode/DerivedData/Leavn-gxbozqiuohwlcfgridtxzqzwunnz/Build/Intermediates.noindex/Leavn.build/Debug-iphonesimulator/Leavn.build/DerivedSources -emit-objc-header -emit-objc-header-path /Users/wsig/Library/Developer/Xcode/DerivedData/Leavn-gxbozqiuohwlcfgridtxzqzwunnz/Build/Intermediates.noindex/Leavn.build/Debug-iphonesimulator/Leavn.build/Objects-normal/x86_64/Leavn-Swift.h -working-directory /Users/wsig/GitHub\ Builds/LeavnOfficial -experimental-emit-module-separately -disable-cmo
/Users/wsig/GitHub Builds/LeavnOfficial/Leavn/Sources/Configuration/AppConfiguration.swift:2:8: error: Unable to find module dependency: 'LeavnCore'
import LeavnCore
       ^ (in target 'Leavn' from project 'Leavn')
/Users/wsig/GitHub Builds/LeavnOfficial/Leavn/Sources/Configuration/AppConfiguration.swift:2:8: note: A dependency of main module 'Leavn'
import LeavnCore
       ^ (in target 'Leavn' from project 'Leavn')
/Users/wsig/GitHub Builds/LeavnOfficial/Shared/Components/BibleAudioIntegration.swift:3:8: note: Also imported here
import LeavnCore
       ^ (in target 'Leavn' from project 'Leavn')
/Users/wsig/GitHub Builds/LeavnOfficial/Leavn/Sources/ErrorHandling/ErrorRecoveryService.swift:2:8: note: Also imported here
import LeavnCore
       ^ (in target 'Leavn' from project 'Leavn')
/Users/wsig/GitHub Builds/LeavnOfficial/Leavn/Platform/iOS/LeavnApp.swift:2:8: note: Also imported here
import LeavnCore
       ^ (in target 'Leavn' from project 'Leavn')
/Users/wsig/GitHub Builds/LeavnOfficial/Leavn/Sources/Configuration/AppConfiguration.swift:3:8: error: Unable to find module dependency: 'Factory'
import Factory
       ^ (in target 'Leavn' from project 'Leavn')
/Users/wsig/GitHub Builds/LeavnOfficial/Leavn/Sources/Configuration/AppConfiguration.swift:3:8: note: A dependency of main module 'Leavn'
import Factory
       ^ (in target 'Leavn' from project 'Leavn')
/Users/wsig/GitHub Builds/LeavnOfficial/Leavn/Sources/ErrorHandling/ErrorRecoveryService.swift:3:8: note: Also imported here
import Factory
       ^ (in target 'Leavn' from project 'Leavn')
/Users/wsig/GitHub Builds/LeavnOfficial/Leavn/Platform/iOS/LeavnApp.swift:10:8: note: Also imported here
import Factory
       ^ (in target 'Leavn' from project 'Leavn')
/Users/wsig/GitHub Builds/LeavnOfficial/Shared/Components/AudioPlayerView.swift:3:8: error: Unable to find module dependency: 'LeavnServices'
import LeavnServices
       ^ (in target 'Leavn' from project 'Leavn')
/Users/wsig/GitHub Builds/LeavnOfficial/Shared/Components/AudioPlayerView.swift:3:8: note: A dependency of main module 'Leavn'
import LeavnServices
       ^ (in target 'Leavn' from project 'Leavn')
/Users/wsig/GitHub Builds/LeavnOfficial/Shared/Components/BibleAudioIntegration.swift:2:8: note: Also imported here
import LeavnServices
       ^ (in target 'Leavn' from project 'Leavn')
/Users/wsig/GitHub Builds/LeavnOfficial/Shared/Components/BookmarkRow.swift:2:8: note: Also imported here
import LeavnServices
       ^ (in target 'Leavn' from project 'Leavn')
/Users/wsig/GitHub Builds/LeavnOfficial/Shared/Components/ChapterNavigator.swift:2:8: note: Also imported here
import LeavnServices
       ^ (in target 'Leavn' from project 'Leavn')
/Users/wsig/GitHub Builds/LeavnOfficial/Leavn/Platform/iOS/LeavnApp.swift:3:8: note: Also imported here
import LeavnServices
       ^ (in target 'Leavn' from project 'Leavn')
/Users/wsig/GitHub Builds/LeavnOfficial/Shared/Components/MainTabView.swift:7:8: note: Also imported here
import LeavnServices
       ^ (in target 'Leavn' from project 'Leavn')
/Users/wsig/GitHub Builds/LeavnOfficial/Shared/Components/ReadingPlanCard.swift:2:8: note: Also imported here
import LeavnServices
       ^ (in target 'Leavn' from project 'Leavn')
/Users/wsig/GitHub Builds/LeavnOfficial/Shared/Components/VerseAudioView.swift:2:8: note: Also imported here
import LeavnServices
       ^ (in target 'Leavn' from project 'Leavn')
/Users/wsig/GitHub Builds/LeavnOfficial/Shared/Components/VerseCard.swift:2:8: note: Also imported here
import LeavnServices
       ^ (in target 'Leavn' from project 'Leavn')
/Users/wsig/GitHub Builds/LeavnOfficial/Shared/Components/BibleAudioIntegration.swift:4:8: error: Unable to find module dependency: 'NetworkingKit'
import NetworkingKit
       ^ (in target 'Leavn' from project 'Leavn')
/Users/wsig/GitHub Builds/LeavnOfficial/Shared/Components/BibleAudioIntegration.swift:4:8: note: A dependency of main module 'Leavn'
import NetworkingKit
       ^ (in target 'Leavn' from project 'Leavn')
/Users/wsig/GitHub Builds/LeavnOfficial/Shared/Extensions/Color+Theme.swift:2:8: error: Unable to find module dependency: 'DesignSystem'
import DesignSystem
       ^ (in target 'Leavn' from project 'Leavn')
/Users/wsig/GitHub Builds/LeavnOfficial/Shared/Extensions/Color+Theme.swift:2:8: note: A dependency of main module 'Leavn'
import DesignSystem
       ^ (in target 'Leavn' from project 'Leavn')
/Users/wsig/GitHub Builds/LeavnOfficial/Leavn/Platform/iOS/ContentView.swift:2:8: error: Unable to find module dependency: 'LeavnBible'
import LeavnBible
       ^ (in target 'Leavn' from project 'Leavn')
/Users/wsig/GitHub Builds/LeavnOfficial/Leavn/Platform/iOS/ContentView.swift:2:8: note: A dependency of main module 'Leavn'
import LeavnBible
       ^ (in target 'Leavn' from project 'Leavn')
/Users/wsig/GitHub Builds/LeavnOfficial/Leavn/Platform/iOS/LeavnApp.swift:4:8: note: Also imported here
import LeavnBible
       ^ (in target 'Leavn' from project 'Leavn')
/Users/wsig/GitHub Builds/LeavnOfficial/Shared/Components/MainTabView.swift:2:8: note: Also imported here
import LeavnBible
       ^ (in target 'Leavn' from project 'Leavn')
/Users/wsig/GitHub Builds/LeavnOfficial/Leavn/Platform/iOS/ContentView.swift:3:8: error: Unable to find module dependency: 'LeavnSearch'
import LeavnSearch
       ^ (in target 'Leavn' from project 'Leavn')
/Users/wsig/GitHub Builds/LeavnOfficial/Leavn/Platform/iOS/ContentView.swift:3:8: note: A dependency of main module 'Leavn'
import LeavnSearch
       ^ (in target 'Leavn' from project 'Leavn')
/Users/wsig/GitHub Builds/LeavnOfficial/Leavn/Platform/iOS/LeavnApp.swift:5:8: note: Also imported here
import LeavnSearch
       ^ (in target 'Leavn' from project 'Leavn')
/Users/wsig/GitHub Builds/LeavnOfficial/Shared/Components/MainTabView.swift:3:8: note: Also imported here
import LeavnSearch
       ^ (in target 'Leavn' from project 'Leavn')
/Users/wsig/GitHub Builds/LeavnOfficial/Leavn/Platform/iOS/ContentView.swift:4:8: error: Unable to find module dependency: 'LeavnLibrary'
import LeavnLibrary
       ^ (in target 'Leavn' from project 'Leavn')
/Users/wsig/GitHub Builds/LeavnOfficial/Leavn/Platform/iOS/ContentView.swift:4:8: note: A dependency of main module 'Leavn'
import LeavnLibrary
       ^ (in target 'Leavn' from project 'Leavn')
/Users/wsig/GitHub Builds/LeavnOfficial/Leavn/Platform/iOS/LeavnApp.swift:6:8: note: Also imported here
import LeavnLibrary
       ^ (in target 'Leavn' from project 'Leavn')
/Users/wsig/GitHub Builds/LeavnOfficial/Shared/Components/MainTabView.swift:4:8: note: Also imported here
import LeavnLibrary
       ^ (in target 'Leavn' from project 'Leavn')
/Users/wsig/GitHub Builds/LeavnOfficial/Leavn/Platform/iOS/ContentView.swift:5:8: error: Unable to find module dependency: 'LeavnSettings'
import LeavnSettings
       ^ (in target 'Leavn' from project 'Leavn')
/Users/wsig/GitHub Builds/LeavnOfficial/Leavn/Platform/iOS/ContentView.swift:5:8: note: A dependency of main module 'Leavn'
import LeavnSettings
       ^ (in target 'Leavn' from project 'Leavn')
/Users/wsig/GitHub Builds/LeavnOfficial/Leavn/Platform/iOS/LeavnApp.swift:7:8: note: Also imported here
import LeavnSettings
       ^ (in target 'Leavn' from project 'Leavn')
/Users/wsig/GitHub Builds/LeavnOfficial/Shared/Components/MainTabView.swift:5:8: note: Also imported here
import LeavnSettings
       ^ (in target 'Leavn' from project 'Leavn')
/Users/wsig/GitHub Builds/LeavnOfficial/Leavn/Platform/iOS/ContentView.swift:6:8: error: Unable to find module dependency: 'LeavnCommunity'
import LeavnCommunity
       ^ (in target 'Leavn' from project 'Leavn')
/Users/wsig/GitHub Builds/LeavnOfficial/Leavn/Platform/iOS/ContentView.swift:6:8: note: A dependency of main module 'Leavn'
import LeavnCommunity
       ^ (in target 'Leavn' from project 'Leavn')
/Users/wsig/GitHub Builds/LeavnOfficial/Leavn/Platform/iOS/LeavnApp.swift:8:8: note: Also imported here
import LeavnCommunity
       ^ (in target 'Leavn' from project 'Leavn')
/Users/wsig/GitHub Builds/LeavnOfficial/Shared/Components/MainTabView.swift:6:8: note: Also imported here
import LeavnCommunity
       ^ (in target 'Leavn' from project 'Leavn')
/Users/wsig/GitHub Builds/LeavnOfficial/Leavn/Platform/iOS/LeavnApp.swift:9:8: error: Unable to find module dependency: 'AuthenticationModule'
import AuthenticationModule
       ^ (in target 'Leavn' from project 'Leavn')
/Users/wsig/GitHub Builds/LeavnOfficial/Leavn/Platform/iOS/LeavnApp.swift:9:8: note: A dependency of main module 'Leavn'
import AuthenticationModule
       ^ (in target 'Leavn' from project 'Leavn')

SwiftDriver Leavn normal arm64 com.apple.xcode.tools.swift.compiler (in target 'Leavn' from project 'Leavn')
    cd /Users/wsig/GitHub\ Builds/LeavnOfficial
    builtin-SwiftDriver -- /Applications/Xcode-beta.app/Contents/Developer/Toolchains/XcodeDefault.xctoolchain/usr/bin/swiftc -module-name Leavn -O -enforce-exclusivity\=checked @/Users/wsig/Library/Developer/Xcode/DerivedData/Leavn-gxbozqiuohwlcfgridtxzqzwunnz/Build/Intermediates.noindex/Leavn.build/Debug-iphonesimulator/Leavn.build/Objects-normal/arm64/Leavn.SwiftFileList -Xcc -fmodule-map-file\=/Users/wsig/Library/Developer/Xcode/DerivedData/Leavn-gxbozqiuohwlcfgridtxzqzwunnz/Build/Intermediates.noindex/GeneratedModuleMaps-iphonesimulator/s2geometry.modulemap -Xcc -fmodule-map-file\=/Users/wsig/Library/Developer/Xcode/DerivedData/Leavn-gxbozqiuohwlcfgridtxzqzwunnz/Build/Intermediates.noindex/GeneratedModuleMaps-iphonesimulator/Bid.modulemap -Xcc -fmodule-map-file\=/Users/wsig/Library/Developer/Xcode/DerivedData/Leavn-gxbozqiuohwlcfgridtxzqzwunnz/Build/Intermediates.noindex/GeneratedModuleMaps-iphonesimulator/RealmCoreResources.modulemap -enable-experimental-feature DebugDescriptionMacro -sdk /Applications/Xcode-beta.app/Contents/Developer/Platforms/iPhoneSimulator.platform/Developer/SDKs/iPhoneSimulator26.0.sdk -target arm64-apple-ios18.0-simulator -g -module-cache-path /Users/wsig/Library/Developer/Xcode/DerivedData/ModuleCache.noindex -Xfrontend -serialize-debugging-options -profile-coverage-mapping -profile-generate -swift-version 6 -I /Users/wsig/Library/Developer/Xcode/DerivedData/Leavn-gxbozqiuohwlcfgridtxzqzwunnz/Build/Products/Debug-iphonesimulator -F /Users/wsig/Library/Developer/Xcode/DerivedData/Leavn-gxbozqiuohwlcfgridtxzqzwunnz/Build/Products/Debug-iphonesimulator/PackageFrameworks -F /Users/wsig/Library/Developer/Xcode/DerivedData/Leavn-gxbozqiuohwlcfgridtxzqzwunnz/Build/Products/Debug-iphonesimulator/PackageFrameworks -F /Users/wsig/Library/Developer/Xcode/DerivedData/Leavn-gxbozqiuohwlcfgridtxzqzwunnz/Build/Products/Debug-iphonesimulator/PackageFrameworks -F /Users/wsig/Library/Developer/Xcode/DerivedData/Leavn-gxbozqiuohwlcfgridtxzqzwunnz/Build/Products/Debug-iphonesimulator/PackageFrameworks -F /Users/wsig/Library/Developer/Xcode/DerivedData/Leavn-gxbozqiuohwlcfgridtxzqzwunnz/Build/Products/Debug-iphonesimulator/PackageFrameworks -F /Users/wsig/Library/Developer/Xcode/DerivedData/Leavn-gxbozqiuohwlcfgridtxzqzwunnz/Build/Products/Debug-iphonesimulator/PackageFrameworks -F /Users/wsig/Library/Developer/Xcode/DerivedData/Leavn-gxbozqiuohwlcfgridtxzqzwunnz/Build/Products/Debug-iphonesimulator/PackageFrameworks -F /Users/wsig/Library/Developer/Xcode/DerivedData/Leavn-gxbozqiuohwlcfgridtxzqzwunnz/Build/Products/Debug-iphonesimulator/PackageFrameworks -F /Users/wsig/Library/Developer/Xcode/DerivedData/Leavn-gxbozqiuohwlcfgridtxzqzwunnz/Build/Products/Debug-iphonesimulator/PackageFrameworks -F /Users/wsig/Library/Developer/Xcode/DerivedData/Leavn-gxbozqiuohwlcfgridtxzqzwunnz/Build/Products/Debug-iphonesimulator/PackageFrameworks -F /Users/wsig/Library/Developer/Xcode/DerivedData/Leavn-gxbozqiuohwlcfgridtxzqzwunnz/Build/Products/Debug-iphonesimulator/PackageFrameworks -F /Users/wsig/Library/Developer/Xcode/DerivedData/Leavn-gxbozqiuohwlcfgridtxzqzwunnz/Build/Products/Debug-iphonesimulator/PackageFrameworks -F /Users/wsig/Library/Developer/Xcode/DerivedData/Leavn-gxbozqiuohwlcfgridtxzqzwunnz/Build/Products/Debug-iphonesimulator/PackageFrameworks -F /Users/wsig/Library/Developer/Xcode/DerivedData/Leavn-gxbozqiuohwlcfgridtxzqzwunnz/Build/Products/Debug-iphonesimulator/PackageFrameworks -F /Users/wsig/Library/Developer/Xcode/DerivedData/Leavn-gxbozqiuohwlcfgridtxzqzwunnz/Build/Products/Debug-iphonesimulator/PackageFrameworks -F /Users/wsig/Library/Developer/Xcode/DerivedData/Leavn-gxbozqiuohwlcfgridtxzqzwunnz/Build/Products/Debug-iphonesimulator/PackageFrameworks -F /Users/wsig/Library/Developer/Xcode/DerivedData/Leavn-gxbozqiuohwlcfgridtxzqzwunnz/Build/Products/Debug-iphonesimulator/PackageFrameworks -F /Users/wsig/Library/Developer/Xcode/DerivedData/Leavn-gxbozqiuohwlcfgridtxzqzwunnz/Build/Products/Debug-iphonesimulator/PackageFrameworks -F /Users/wsig/Library/Developer/Xcode/DerivedData/Leavn-gxbozqiuohwlcfgridtxzqzwunnz/Build/Products/Debug-iphonesimulator/PackageFrameworks -F /Users/wsig/Library/Developer/Xcode/DerivedData/Leavn-gxbozqiuohwlcfgridtxzqzwunnz/Build/Products/Debug-iphonesimulator/PackageFrameworks -F /Users/wsig/Library/Developer/Xcode/DerivedData/Leavn-gxbozqiuohwlcfgridtxzqzwunnz/Build/Products/Debug-iphonesimulator/PackageFrameworks -F /Users/wsig/Library/Developer/Xcode/DerivedData/Leavn-gxbozqiuohwlcfgridtxzqzwunnz/Build/Products/Debug-iphonesimulator/PackageFrameworks -F /Users/wsig/Library/Developer/Xcode/DerivedData/Leavn-gxbozqiuohwlcfgridtxzqzwunnz/Build/Products/Debug-iphonesimulator/PackageFrameworks -F /Users/wsig/Library/Developer/Xcode/DerivedData/Leavn-gxbozqiuohwlcfgridtxzqzwunnz/Build/Products/Debug-iphonesimulator/PackageFrameworks -F /Users/wsig/Library/Developer/Xcode/DerivedData/Leavn-gxbozqiuohwlcfgridtxzqzwunnz/Build/Products/Debug-iphonesimulator/PackageFrameworks -F /Users/wsig/Library/Developer/Xcode/DerivedData/Leavn-gxbozqiuohwlcfgridtxzqzwunnz/Build/Products/Debug-iphonesimulator -c -j12 -enable-batch-mode -incremental -Xcc -ivfsstatcache -Xcc /Users/wsig/Library/Developer/Xcode/DerivedData/SDKStatCaches.noindex/iphonesimulator26.0-23A5287e-fc862078e33f881139a9d2f83bd1a9d0.sdkstatcache -output-file-map /Users/wsig/Library/Developer/Xcode/DerivedData/Leavn-gxbozqiuohwlcfgridtxzqzwunnz/Build/Intermediates.noindex/Leavn.build/Debug-iphonesimulator/Leavn.build/Objects-normal/arm64/Leavn-OutputFileMap.json -use-frontend-parseable-output -save-temps -no-color-diagnostics -explicit-module-build -module-cache-path /Users/wsig/Library/Developer/Xcode/DerivedData/Leavn-gxbozqiuohwlcfgridtxzqzwunnz/Build/Intermediates.noindex/SwiftExplicitPrecompiledModules -clang-scanner-module-cache-path /Users/wsig/Library/Developer/Xcode/DerivedData/ModuleCache.noindex -sdk-module-cache-path /Users/wsig/Library/Developer/Xcode/DerivedData/ModuleCache.noindex -serialize-diagnostics -emit-dependencies -emit-module -emit-module-path /Users/wsig/Library/Developer/Xcode/DerivedData/Leavn-gxbozqiuohwlcfgridtxzqzwunnz/Build/Intermediates.noindex/Leavn.build/Debug-iphonesimulator/Leavn.build/Objects-normal/arm64/Leavn.swiftmodule -validate-clang-modules-once -clang-build-session-file /Users/wsig/Library/Developer/Xcode/DerivedData/ModuleCache.noindex/Session.modulevalidation -Xcc -I/Users/wsig/Library/Developer/Xcode/DerivedData/Leavn-gxbozqiuohwlcfgridtxzqzwunnz/Build/Intermediates.noindex/Leavn.build/Debug-iphonesimulator/Leavn.build/swift-overrides.hmap -emit-const-values -Xfrontend -const-gather-protocols-file -Xfrontend /Users/wsig/Library/Developer/Xcode/DerivedData/Leavn-gxbozqiuohwlcfgridtxzqzwunnz/Build/Intermediates.noindex/Leavn.build/Debug-iphonesimulator/Leavn.build/Objects-normal/arm64/Leavn_const_extract_protocols.json -Xcc -iquote -Xcc /Users/wsig/Library/Developer/Xcode/DerivedData/Leavn-gxbozqiuohwlcfgridtxzqzwunnz/Build/Intermediates.noindex/Leavn.build/Debug-iphonesimulator/Leavn.build/Leavn-generated-files.hmap -Xcc -I/Users/wsig/Library/Developer/Xcode/DerivedData/Leavn-gxbozqiuohwlcfgridtxzqzwunnz/Build/Intermediates.noindex/Leavn.build/Debug-iphonesimulator/Leavn.build/Leavn-own-target-headers.hmap -Xcc -I/Users/wsig/Library/Developer/Xcode/DerivedData/Leavn-gxbozqiuohwlcfgridtxzqzwunnz/Build/Intermediates.noindex/Leavn.build/Debug-iphonesimulator/Leavn.build/Leavn-all-non-framework-target-headers.hmap -Xcc -ivfsoverlay -Xcc /Users/wsig/Library/Developer/Xcode/DerivedData/Leavn-gxbozqiuohwlcfgridtxzqzwunnz/Build/Intermediates.noindex/Leavn.build/Debug-iphonesimulator/Leavn-ef67c1b60820561c547311e63732f957-VFS-iphonesimulator/all-product-headers.yaml -Xcc -iquote -Xcc /Users/wsig/Library/Developer/Xcode/DerivedData/Leavn-gxbozqiuohwlcfgridtxzqzwunnz/Build/Intermediates.noindex/Leavn.build/Debug-iphonesimulator/Leavn.build/Leavn-project-headers.hmap -Xcc -I/Users/wsig/Library/Developer/Xcode/DerivedData/Leavn-gxbozqiuohwlcfgridtxzqzwunnz/SourcePackages/checkouts/realm-core/src -Xcc -I/Users/wsig/Library/Developer/Xcode/DerivedData/Leavn-gxbozqiuohwlcfgridtxzqzwunnz/SourcePackages/checkouts/realm-core/src/external/s2 -Xcc -I/Users/wsig/Library/Developer/Xcode/DerivedData/Leavn-gxbozqiuohwlcfgridtxzqzwunnz/SourcePackages/checkouts/realm-core/src/external/IntelRDFPMathLib20U2/LIBRARY/src -Xcc -I/Users/wsig/Library/Developer/Xcode/DerivedData/Leavn-gxbozqiuohwlcfgridtxzqzwunnz/SourcePackages/checkouts/realm-core/src/spm -Xcc -I/Users/wsig/Library/Developer/Xcode/DerivedData/Leavn-gxbozqiuohwlcfgridtxzqzwunnz/SourcePackages/checkouts/realm-swift/include -Xcc -I/Users/wsig/Library/Developer/Xcode/DerivedData/Leavn-gxbozqiuohwlcfgridtxzqzwunnz/Build/Products/Debug-iphonesimulator/include -Xcc -I/Users/wsig/Library/Developer/Xcode/DerivedData/Leavn-gxbozqiuohwlcfgridtxzqzwunnz/Build/Intermediates.noindex/Leavn.build/Debug-iphonesimulator/Leavn.build/DerivedSources-normal/arm64 -Xcc -I/Users/wsig/Library/Developer/Xcode/DerivedData/Leavn-gxbozqiuohwlcfgridtxzqzwunnz/Build/Intermediates.noindex/Leavn.build/Debug-iphonesimulator/Leavn.build/DerivedSources/arm64 -Xcc -I/Users/wsig/Library/Developer/Xcode/DerivedData/Leavn-gxbozqiuohwlcfgridtxzqzwunnz/Build/Intermediates.noindex/Leavn.build/Debug-iphonesimulator/Leavn.build/DerivedSources -emit-objc-header -emit-objc-header-path /Users/wsig/Library/Developer/Xcode/DerivedData/Leavn-gxbozqiuohwlcfgridtxzqzwunnz/Build/Intermediates.noindex/Leavn.build/Debug-iphonesimulator/Leavn.build/Objects-normal/arm64/Leavn-Swift.h -working-directory /Users/wsig/GitHub\ Builds/LeavnOfficial -experimental-emit-module-separately -disable-cmo
/Users/wsig/GitHub Builds/LeavnOfficial/Leavn/Sources/Configuration/AppConfiguration.swift:2:8: error: Unable to find module dependency: 'LeavnCore'
import LeavnCore
       ^ (in target 'Leavn' from project 'Leavn')
/Users/wsig/GitHub Builds/LeavnOfficial/Leavn/Sources/Configuration/AppConfiguration.swift:2:8: note: A dependency of main module 'Leavn'
import LeavnCore
       ^ (in target 'Leavn' from project 'Leavn')
/Users/wsig/GitHub Builds/LeavnOfficial/Shared/Components/BibleAudioIntegration.swift:3:8: note: Also imported here
import LeavnCore
       ^ (in target 'Leavn' from project 'Leavn')
/Users/wsig/GitHub Builds/LeavnOfficial/Leavn/Sources/ErrorHandling/ErrorRecoveryService.swift:2:8: note: Also imported here
import LeavnCore
       ^ (in target 'Leavn' from project 'Leavn')
/Users/wsig/GitHub Builds/LeavnOfficial/Leavn/Platform/iOS/LeavnApp.swift:2:8: note: Also imported here
import LeavnCore
       ^ (in target 'Leavn' from project 'Leavn')
/Users/wsig/GitHub Builds/LeavnOfficial/Shared/Components/AudioPlayerView.swift:3:8: error: Unable to find module dependency: 'LeavnServices'
import LeavnServices
       ^ (in target 'Leavn' from project 'Leavn')
/Users/wsig/GitHub Builds/LeavnOfficial/Shared/Components/AudioPlayerView.swift:3:8: note: A dependency of main module 'Leavn'
import LeavnServices
       ^ (in target 'Leavn' from project 'Leavn')
/Users/wsig/GitHub Builds/LeavnOfficial/Shared/Components/BibleAudioIntegration.swift:2:8: note: Also imported here
import LeavnServices
       ^ (in target 'Leavn' from project 'Leavn')
/Users/wsig/GitHub Builds/LeavnOfficial/Shared/Components/BookmarkRow.swift:2:8: note: Also imported here
import LeavnServices
       ^ (in target 'Leavn' from project 'Leavn')
/Users/wsig/GitHub Builds/LeavnOfficial/Shared/Components/ChapterNavigator.swift:2:8: note: Also imported here
import LeavnServices
       ^ (in target 'Leavn' from project 'Leavn')
/Users/wsig/GitHub Builds/LeavnOfficial/Leavn/Platform/iOS/LeavnApp.swift:3:8: note: Also imported here
import LeavnServices
       ^ (in target 'Leavn' from project 'Leavn')
/Users/wsig/GitHub Builds/LeavnOfficial/Shared/Components/MainTabView.swift:7:8: note: Also imported here
import LeavnServices
       ^ (in target 'Leavn' from project 'Leavn')
/Users/wsig/GitHub Builds/LeavnOfficial/Shared/Components/ReadingPlanCard.swift:2:8: note: Also imported here
import LeavnServices
       ^ (in target 'Leavn' from project 'Leavn')
/Users/wsig/GitHub Builds/LeavnOfficial/Shared/Components/VerseAudioView.swift:2:8: note: Also imported here
import LeavnServices
       ^ (in target 'Leavn' from project 'Leavn')
/Users/wsig/GitHub Builds/LeavnOfficial/Shared/Components/VerseCard.swift:2:8: note: Also imported here
import LeavnServices
       ^ (in target 'Leavn' from project 'Leavn')
/Users/wsig/GitHub Builds/LeavnOfficial/Shared/Components/BibleAudioIntegration.swift:4:8: error: Unable to find module dependency: 'NetworkingKit'
import NetworkingKit
       ^ (in target 'Leavn' from project 'Leavn')
/Users/wsig/GitHub Builds/LeavnOfficial/Shared/Components/BibleAudioIntegration.swift:4:8: note: A dependency of main module 'Leavn'
import NetworkingKit
       ^ (in target 'Leavn' from project 'Leavn')
/Users/wsig/GitHub Builds/LeavnOfficial/Shared/Extensions/Color+Theme.swift:2:8: error: Unable to find module dependency: 'DesignSystem'
import DesignSystem
       ^ (in target 'Leavn' from project 'Leavn')
/Users/wsig/GitHub Builds/LeavnOfficial/Shared/Extensions/Color+Theme.swift:2:8: note: A dependency of main module 'Leavn'
import DesignSystem
       ^ (in target 'Leavn' from project 'Leavn')
/Users/wsig/GitHub Builds/LeavnOfficial/Leavn/Platform/iOS/ContentView.swift:2:8: error: Unable to find module dependency: 'LeavnBible'
import LeavnBible
       ^ (in target 'Leavn' from project 'Leavn')
/Users/wsig/GitHub Builds/LeavnOfficial/Leavn/Platform/iOS/ContentView.swift:2:8: note: A dependency of main module 'Leavn'
import LeavnBible
       ^ (in target 'Leavn' from project 'Leavn')
/Users/wsig/GitHub Builds/LeavnOfficial/Leavn/Platform/iOS/LeavnApp.swift:4:8: note: Also imported here
import LeavnBible
       ^ (in target 'Leavn' from project 'Leavn')
/Users/wsig/GitHub Builds/LeavnOfficial/Shared/Components/MainTabView.swift:2:8: note: Also imported here
import LeavnBible
       ^ (in target 'Leavn' from project 'Leavn')
/Users/wsig/GitHub Builds/LeavnOfficial/Leavn/Platform/iOS/ContentView.swift:3:8: error: Unable to find module dependency: 'LeavnSearch'
import LeavnSearch
       ^ (in target 'Leavn' from project 'Leavn')
/Users/wsig/GitHub Builds/LeavnOfficial/Leavn/Platform/iOS/ContentView.swift:3:8: note: A dependency of main module 'Leavn'
import LeavnSearch
       ^ (in target 'Leavn' from project 'Leavn')
/Users/wsig/GitHub Builds/LeavnOfficial/Leavn/Platform/iOS/LeavnApp.swift:5:8: note: Also imported here
import LeavnSearch
       ^ (in target 'Leavn' from project 'Leavn')
/Users/wsig/GitHub Builds/LeavnOfficial/Shared/Components/MainTabView.swift:3:8: note: Also imported here
import LeavnSearch
       ^ (in target 'Leavn' from project 'Leavn')
/Users/wsig/GitHub Builds/LeavnOfficial/Leavn/Platform/iOS/ContentView.swift:4:8: error: Unable to find module dependency: 'LeavnLibrary'
import LeavnLibrary
       ^ (in target 'Leavn' from project 'Leavn')
/Users/wsig/GitHub Builds/LeavnOfficial/Leavn/Platform/iOS/ContentView.swift:4:8: note: A dependency of main module 'Leavn'
import LeavnLibrary
       ^ (in target 'Leavn' from project 'Leavn')
/Users/wsig/GitHub Builds/LeavnOfficial/Leavn/Platform/iOS/LeavnApp.swift:6:8: note: Also imported here
import LeavnLibrary
       ^ (in target 'Leavn' from project 'Leavn')
/Users/wsig/GitHub Builds/LeavnOfficial/Shared/Components/MainTabView.swift:4:8: note: Also imported here
import LeavnLibrary
       ^ (in target 'Leavn' from project 'Leavn')
/Users/wsig/GitHub Builds/LeavnOfficial/Leavn/Platform/iOS/ContentView.swift:5:8: error: Unable to find module dependency: 'LeavnSettings'
import LeavnSettings
       ^ (in target 'Leavn' from project 'Leavn')
/Users/wsig/GitHub Builds/LeavnOfficial/Leavn/Platform/iOS/ContentView.swift:5:8: note: A dependency of main module 'Leavn'
import LeavnSettings
       ^ (in target 'Leavn' from project 'Leavn')
/Users/wsig/GitHub Builds/LeavnOfficial/Leavn/Platform/iOS/LeavnApp.swift:7:8: note: Also imported here
import LeavnSettings
       ^ (in target 'Leavn' from project 'Leavn')
/Users/wsig/GitHub Builds/LeavnOfficial/Shared/Components/MainTabView.swift:5:8: note: Also imported here
import LeavnSettings
       ^ (in target 'Leavn' from project 'Leavn')
/Users/wsig/GitHub Builds/LeavnOfficial/Leavn/Platform/iOS/LeavnApp.swift:9:8: error: Unable to find module dependency: 'AuthenticationModule'
import AuthenticationModule
       ^ (in target 'Leavn' from project 'Leavn')
/Users/wsig/GitHub Builds/LeavnOfficial/Leavn/Platform/iOS/LeavnApp.swift:9:8: note: A dependency of main module 'Leavn'
import AuthenticationModule
       ^ (in target 'Leavn' from project 'Leavn')

Copy /Users/wsig/Library/Developer/Xcode/DerivedData/Leavn-gxbozqiuohwlcfgridtxzqzwunnz/Build/Products/Debug-iphonesimulator/Leavn.app/Realm_RealmSwift.bundle /Users/wsig/Library/Developer/Xcode/DerivedData/Leavn-gxbozqiuohwlcfgridtxzqzwunnz/Build/Products/Debug-iphonesimulator/Realm_RealmSwift.bundle (in target 'Leavn' from project 'Leavn')
    cd /Users/wsig/GitHub\ Builds/LeavnOfficial
    builtin-copy -exclude .DS_Store -exclude CVS -exclude .svn -exclude .git -exclude .hg -strip-unsigned-binaries -strip-deterministic -strip-tool /Applications/Xcode-beta.app/Contents/Developer/Toolchains/XcodeDefault.xctoolchain/usr/bin/strip -resolve-src-symlinks /Users/wsig/Library/Developer/Xcode/DerivedData/Leavn-gxbozqiuohwlcfgridtxzqzwunnz/Build/Products/Debug-iphonesimulator/Realm_RealmSwift.bundle /Users/wsig/Library/Developer/Xcode/DerivedData/Leavn-gxbozqiuohwlcfgridtxzqzwunnz/Build/Products/Debug-iphonesimulator/Leavn.app

Copy /Users/wsig/Library/Developer/Xcode/DerivedData/Leavn-gxbozqiuohwlcfgridtxzqzwunnz/Build/Products/Debug-iphonesimulator/Leavn.app/RealmDatabase_RealmCoreResources.bundle /Users/wsig/Library/Developer/Xcode/DerivedData/Leavn-gxbozqiuohwlcfgridtxzqzwunnz/Build/Products/Debug-iphonesimulator/RealmDatabase_RealmCoreResources.bundle (in target 'Leavn' from project 'Leavn')
    cd /Users/wsig/GitHub\ Builds/LeavnOfficial
    builtin-copy -exclude .DS_Store -exclude CVS -exclude .svn -exclude .git -exclude .hg -strip-unsigned-binaries -strip-deterministic -strip-tool /Applications/Xcode-beta.app/Contents/Developer/Toolchains/XcodeDefault.xctoolchain/usr/bin/strip -resolve-src-symlinks /Users/wsig/Library/Developer/Xcode/DerivedData/Leavn-gxbozqiuohwlcfgridtxzqzwunnz/Build/Products/Debug-iphonesimulator/RealmDatabase_RealmCoreResources.bundle /Users/wsig/Library/Developer/Xcode/DerivedData/Leavn-gxbozqiuohwlcfgridtxzqzwunnz/Build/Products/Debug-iphonesimulator/Leavn.app

Copy /Users/wsig/Library/Developer/Xcode/DerivedData/Leavn-gxbozqiuohwlcfgridtxzqzwunnz/Build/Products/Debug-iphonesimulator/Leavn.app/Realm_Realm.bundle /Users/wsig/Library/Developer/Xcode/DerivedData/Leavn-gxbozqiuohwlcfgridtxzqzwunnz/Build/Products/Debug-iphonesimulator/Realm_Realm.bundle (in target 'Leavn' from project 'Leavn')
    cd /Users/wsig/GitHub\ Builds/LeavnOfficial
    builtin-copy -exclude .DS_Store -exclude CVS -exclude .svn -exclude .git -exclude .hg -strip-unsigned-binaries -strip-deterministic -strip-tool /Applications/Xcode-beta.app/Contents/Developer/Toolchains/XcodeDefault.xctoolchain/usr/bin/strip -resolve-src-symlinks /Users/wsig/Library/Developer/Xcode/DerivedData/Leavn-gxbozqiuohwlcfgridtxzqzwunnz/Build/Products/Debug-iphonesimulator/Realm_Realm.bundle /Users/wsig/Library/Developer/Xcode/DerivedData/Leavn-gxbozqiuohwlcfgridtxzqzwunnz/Build/Products/Debug-iphonesimulator/Leavn.app

Copy /Users/wsig/Library/Developer/Xcode/DerivedData/Leavn-gxbozqiuohwlcfgridtxzqzwunnz/Build/Products/Debug-iphonesimulator/Leavn.app/Factory_Factory.bundle /Users/wsig/Library/Developer/Xcode/DerivedData/Leavn-gxbozqiuohwlcfgridtxzqzwunnz/Build/Products/Debug-iphonesimulator/Factory_Factory.bundle (in target 'Leavn' from project 'Leavn')
    cd /Users/wsig/GitHub\ Builds/LeavnOfficial
    builtin-copy -exclude .DS_Store -exclude CVS -exclude .svn -exclude .git -exclude .hg -strip-unsigned-binaries -strip-deterministic -strip-tool /Applications/Xcode-beta.app/Contents/Developer/Toolchains/XcodeDefault.xctoolchain/usr/bin/strip -resolve-src-symlinks /Users/wsig/Library/Developer/Xcode/DerivedData/Leavn-gxbozqiuohwlcfgridtxzqzwunnz/Build/Products/Debug-iphonesimulator/Factory_Factory.bundle /Users/wsig/Library/Developer/Xcode/DerivedData/Leavn-gxbozqiuohwlcfgridtxzqzwunnz/Build/Products/Debug-iphonesimulator/Leavn.app

Copy /Users/wsig/Library/Developer/Xcode/DerivedData/Leavn-gxbozqiuohwlcfgridtxzqzwunnz/Build/Products/Debug-iphonesimulator/Leavn.app/Alamofire_Alamofire.bundle /Users/wsig/Library/Developer/Xcode/DerivedData/Leavn-gxbozqiuohwlcfgridtxzqzwunnz/Build/Products/Debug-iphonesimulator/Alamofire_Alamofire.bundle (in target 'Leavn' from project 'Leavn')
    cd /Users/wsig/GitHub\ Builds/LeavnOfficial
    builtin-copy -exclude .DS_Store -exclude CVS -exclude .svn -exclude .git -exclude .hg -strip-unsigned-binaries -strip-deterministic -strip-tool /Applications/Xcode-beta.app/Contents/Developer/Toolchains/XcodeDefault.xctoolchain/usr/bin/strip -resolve-src-symlinks /Users/wsig/Library/Developer/Xcode/DerivedData/Leavn-gxbozqiuohwlcfgridtxzqzwunnz/Build/Products/Debug-iphonesimulator/Alamofire_Alamofire.bundle /Users/wsig/Library/Developer/Xcode/DerivedData/Leavn-gxbozqiuohwlcfgridtxzqzwunnz/Build/Products/Debug-iphonesimulator/Leavn.app

Copy /Users/wsig/Library/Developer/Xcode/DerivedData/Leavn-gxbozqiuohwlcfgridtxzqzwunnz/Build/Products/Debug-iphonesimulator/Leavn.app/Frameworks/RealmSwift.framework /Users/wsig/Library/Developer/Xcode/DerivedData/Leavn-gxbozqiuohwlcfgridtxzqzwunnz/Build/Products/Debug-iphonesimulator/PackageFrameworks/RealmSwift.framework (in target 'Leavn' from project 'Leavn')
    cd /Users/wsig/GitHub\ Builds/LeavnOfficial
    builtin-copy -exclude .DS_Store -exclude CVS -exclude .svn -exclude .git -exclude .hg -strip-unsigned-binaries -strip-deterministic -strip-tool /Applications/Xcode-beta.app/Contents/Developer/Toolchains/XcodeDefault.xctoolchain/usr/bin/strip -resolve-src-symlinks -remove-static-executable /Users/wsig/Library/Developer/Xcode/DerivedData/Leavn-gxbozqiuohwlcfgridtxzqzwunnz/Build/Products/Debug-iphonesimulator/PackageFrameworks/RealmSwift.framework /Users/wsig/Library/Developer/Xcode/DerivedData/Leavn-gxbozqiuohwlcfgridtxzqzwunnz/Build/Products/Debug-iphonesimulator/Leavn.app/Frameworks
warning: not stripping binary because it is signed: /Users/wsig/Library/Developer/Xcode/DerivedData/Leavn-gxbozqiuohwlcfgridtxzqzwunnz/Build/Products/Debug-iphonesimulator/PackageFrameworks/RealmSwift.framework/RealmSwift (in target 'Leavn' from project 'Leavn')

Copy /Users/wsig/Library/Developer/Xcode/DerivedData/Leavn-gxbozqiuohwlcfgridtxzqzwunnz/Build/Products/Debug-iphonesimulator/Leavn.app/LeavnCore_LeavnServices.bundle /Users/wsig/Library/Developer/Xcode/DerivedData/Leavn-gxbozqiuohwlcfgridtxzqzwunnz/Build/Products/Debug-iphonesimulator/LeavnCore_LeavnServices.bundle (in target 'Leavn' from project 'Leavn')
    cd /Users/wsig/GitHub\ Builds/LeavnOfficial
    builtin-copy -exclude .DS_Store -exclude CVS -exclude .svn -exclude .git -exclude .hg -strip-unsigned-binaries -strip-deterministic -strip-tool /Applications/Xcode-beta.app/Contents/Developer/Toolchains/XcodeDefault.xctoolchain/usr/bin/strip -resolve-src-symlinks /Users/wsig/Library/Developer/Xcode/DerivedData/Leavn-gxbozqiuohwlcfgridtxzqzwunnz/Build/Products/Debug-iphonesimulator/LeavnCore_LeavnServices.bundle /Users/wsig/Library/Developer/Xcode/DerivedData/Leavn-gxbozqiuohwlcfgridtxzqzwunnz/Build/Products/Debug-iphonesimulator/Leavn.app

CodeSign /Users/wsig/Library/Developer/Xcode/DerivedData/Leavn-gxbozqiuohwlcfgridtxzqzwunnz/Build/Products/Debug-iphonesimulator/Leavn.app/Frameworks/RealmSwift.framework (in target 'Leavn' from project 'Leavn')
    cd /Users/wsig/GitHub\ Builds/LeavnOfficial
    
    Signing Identity:     "Sign to Run Locally"
    
    /usr/bin/codesign --force --sign - --timestamp\=none --preserve-metadata\=identifier,entitlements,flags --generate-entitlement-der /Users/wsig/Library/Developer/Xcode/DerivedData/Leavn-gxbozqiuohwlcfgridtxzqzwunnz/Build/Products/Debug-iphonesimulator/Leavn.app/Frameworks/RealmSwift.framework
/Users/wsig/Library/Developer/Xcode/DerivedData/Leavn-gxbozqiuohwlcfgridtxzqzwunnz/Build/Products/Debug-iphonesimulator/Leavn.app/Frameworks/RealmSwift.framework: replacing existing signature

ProcessInfoPlistFile /Users/wsig/Library/Developer/Xcode/DerivedData/Leavn-gxbozqiuohwlcfgridtxzqzwunnz/Build/Products/Debug-iphonesimulator/Leavn.app/Info.plist /Users/wsig/GitHub\ Builds/LeavnOfficial/Leavn/Platform/iOS/Info.plist (in target 'Leavn' from project 'Leavn')
    cd /Users/wsig/GitHub\ Builds/LeavnOfficial
    builtin-infoPlistUtility /Users/wsig/GitHub\ Builds/LeavnOfficial/Leavn/Platform/iOS/Info.plist -producttype com.apple.product-type.application -genpkginfo /Users/wsig/Library/Developer/Xcode/DerivedData/Leavn-gxbozqiuohwlcfgridtxzqzwunnz/Build/Products/Debug-iphonesimulator/Leavn.app/PkgInfo -expandbuildsettings -format binary -platform iphonesimulator -additionalcontentfile /Users/wsig/Library/Developer/Xcode/DerivedData/Leavn-gxbozqiuohwlcfgridtxzqzwunnz/Build/Intermediates.noindex/Leavn.build/Debug-iphonesimulator/Leavn.build/LaunchScreen-SBPartialInfo.plist -scanforprivacyfile /Users/wsig/Library/Developer/Xcode/DerivedData/Leavn-gxbozqiuohwlcfgridtxzqzwunnz/Build/Products/Debug-iphonesimulator/Leavn.app/Alamofire_Alamofire.bundle -scanforprivacyfile /Users/wsig/Library/Developer/Xcode/DerivedData/Leavn-gxbozqiuohwlcfgridtxzqzwunnz/Build/Products/Debug-iphonesimulator/Leavn.app/Factory_Factory.bundle -scanforprivacyfile /Users/wsig/Library/Developer/Xcode/DerivedData/Leavn-gxbozqiuohwlcfgridtxzqzwunnz/Build/Products/Debug-iphonesimulator/Leavn.app/Frameworks/RealmSwift.framework -scanforprivacyfile /Users/wsig/Library/Developer/Xcode/DerivedData/Leavn-gxbozqiuohwlcfgridtxzqzwunnz/Build/Products/Debug-iphonesimulator/Leavn.app/LeavnCore_LeavnServices.bundle -scanforprivacyfile /Users/wsig/Library/Developer/Xcode/DerivedData/Leavn-gxbozqiuohwlcfgridtxzqzwunnz/Build/Products/Debug-iphonesimulator/Leavn.app/RealmDatabase_RealmCoreResources.bundle -scanforprivacyfile /Users/wsig/Library/Developer/Xcode/DerivedData/Leavn-gxbozqiuohwlcfgridtxzqzwunnz/Build/Products/Debug-iphonesimulator/Leavn.app/Realm_Realm.bundle -scanforprivacyfile /Users/wsig/Library/Developer/Xcode/DerivedData/Leavn-gxbozqiuohwlcfgridtxzqzwunnz/Build/Products/Debug-iphonesimulator/Leavn.app/Realm_RealmSwift.bundle -o /Users/wsig/Library/Developer/Xcode/DerivedData/Leavn-gxbozqiuohwlcfgridtxzqzwunnz/Build/Products/Debug-iphonesimulator/Leavn.app/Info.plist

SwiftDriver\ Compilation\ Requirements Leavn normal x86_64 com.apple.xcode.tools.swift.compiler (in target 'Leavn' from project 'Leavn')
    cd /Users/wsig/GitHub\ Builds/LeavnOfficial
    builtin-Swift-Compilation-Requirements -- /Applications/Xcode-beta.app/Contents/Developer/Toolchains/XcodeDefault.xctoolchain/usr/bin/swiftc -module-name Leavn -O -enforce-exclusivity\=checked @/Users/wsig/Library/Developer/Xcode/DerivedData/Leavn-gxbozqiuohwlcfgridtxzqzwunnz/Build/Intermediates.noindex/Leavn.build/Debug-iphonesimulator/Leavn.build/Objects-normal/x86_64/Leavn.SwiftFileList -Xcc -fmodule-map-file\=/Users/wsig/Library/Developer/Xcode/DerivedData/Leavn-gxbozqiuohwlcfgridtxzqzwunnz/Build/Intermediates.noindex/GeneratedModuleMaps-iphonesimulator/s2geometry.modulemap -Xcc -fmodule-map-file\=/Users/wsig/Library/Developer/Xcode/DerivedData/Leavn-gxbozqiuohwlcfgridtxzqzwunnz/Build/Intermediates.noindex/GeneratedModuleMaps-iphonesimulator/Bid.modulemap -Xcc -fmodule-map-file\=/Users/wsig/Library/Developer/Xcode/DerivedData/Leavn-gxbozqiuohwlcfgridtxzqzwunnz/Build/Intermediates.noindex/GeneratedModuleMaps-iphonesimulator/RealmCoreResources.modulemap -enable-experimental-feature DebugDescriptionMacro -sdk /Applications/Xcode-beta.app/Contents/Developer/Platforms/iPhoneSimulator.platform/Developer/SDKs/iPhoneSimulator26.0.sdk -target x86_64-apple-ios18.0-simulator -g -module-cache-path /Users/wsig/Library/Developer/Xcode/DerivedData/ModuleCache.noindex -Xfrontend -serialize-debugging-options -profile-coverage-mapping -profile-generate -swift-version 6 -I /Users/wsig/Library/Developer/Xcode/DerivedData/Leavn-gxbozqiuohwlcfgridtxzqzwunnz/Build/Products/Debug-iphonesimulator -F /Users/wsig/Library/Developer/Xcode/DerivedData/Leavn-gxbozqiuohwlcfgridtxzqzwunnz/Build/Products/Debug-iphonesimulator/PackageFrameworks -F /Users/wsig/Library/Developer/Xcode/DerivedData/Leavn-gxbozqiuohwlcfgridtxzqzwunnz/Build/Products/Debug-iphonesimulator/PackageFrameworks -F /Users/wsig/Library/Developer/Xcode/DerivedData/Leavn-gxbozqiuohwlcfgridtxzqzwunnz/Build/Products/Debug-iphonesimulator/PackageFrameworks -F /Users/wsig/Library/Developer/Xcode/DerivedData/Leavn-gxbozqiuohwlcfgridtxzqzwunnz/Build/Products/Debug-iphonesimulator/PackageFrameworks -F /Users/wsig/Library/Developer/Xcode/DerivedData/Leavn-gxbozqiuohwlcfgridtxzqzwunnz/Build/Products/Debug-iphonesimulator/PackageFrameworks -F /Users/wsig/Library/Developer/Xcode/DerivedData/Leavn-gxbozqiuohwlcfgridtxzqzwunnz/Build/Products/Debug-iphonesimulator/PackageFrameworks -F /Users/wsig/Library/Developer/Xcode/DerivedData/Leavn-gxbozqiuohwlcfgridtxzqzwunnz/Build/Products/Debug-iphonesimulator/PackageFrameworks -F /Users/wsig/Library/Developer/Xcode/DerivedData/Leavn-gxbozqiuohwlcfgridtxzqzwunnz/Build/Products/Debug-iphonesimulator/PackageFrameworks -F /Users/wsig/Library/Developer/Xcode/DerivedData/Leavn-gxbozqiuohwlcfgridtxzqzwunnz/Build/Products/Debug-iphonesimulator/PackageFrameworks -F /Users/wsig/Library/Developer/Xcode/DerivedData/Leavn-gxbozqiuohwlcfgridtxzqzwunnz/Build/Products/Debug-iphonesimulator/PackageFrameworks -F /Users/wsig/Library/Developer/Xcode/DerivedData/Leavn-gxbozqiuohwlcfgridtxzqzwunnz/Build/Products/Debug-iphonesimulator/PackageFrameworks -F /Users/wsig/Library/Developer/Xcode/DerivedData/Leavn-gxbozqiuohwlcfgridtxzqzwunnz/Build/Products/Debug-iphonesimulator/PackageFrameworks -F /Users/wsig/Library/Developer/Xcode/DerivedData/Leavn-gxbozqiuohwlcfgridtxzqzwunnz/Build/Products/Debug-iphonesimulator/PackageFrameworks -F /Users/wsig/Library/Developer/Xcode/DerivedData/Leavn-gxbozqiuohwlcfgridtxzqzwunnz/Build/Products/Debug-iphonesimulator/PackageFrameworks -F /Users/wsig/Library/Developer/Xcode/DerivedData/Leavn-gxbozqiuohwlcfgridtxzqzwunnz/Build/Products/Debug-iphonesimulator/PackageFrameworks -F /Users/wsig/Library/Developer/Xcode/DerivedData/Leavn-gxbozqiuohwlcfgridtxzqzwunnz/Build/Products/Debug-iphonesimulator/PackageFrameworks -F /Users/wsig/Library/Developer/Xcode/DerivedData/Leavn-gxbozqiuohwlcfgridtxzqzwunnz/Build/Products/Debug-iphonesimulator/PackageFrameworks -F /Users/wsig/Library/Developer/Xcode/DerivedData/Leavn-gxbozqiuohwlcfgridtxzqzwunnz/Build/Products/Debug-iphonesimulator/PackageFrameworks -F /Users/wsig/Library/Developer/Xcode/DerivedData/Leavn-gxbozqiuohwlcfgridtxzqzwunnz/Build/Products/Debug-iphonesimulator/PackageFrameworks -F /Users/wsig/Library/Developer/Xcode/DerivedData/Leavn-gxbozqiuohwlcfgridtxzqzwunnz/Build/Products/Debug-iphonesimulator/PackageFrameworks -F /Users/wsig/Library/Developer/Xcode/DerivedData/Leavn-gxbozqiuohwlcfgridtxzqzwunnz/Build/Products/Debug-iphonesimulator/PackageFrameworks -F /Users/wsig/Library/Developer/Xcode/DerivedData/Leavn-gxbozqiuohwlcfgridtxzqzwunnz/Build/Products/Debug-iphonesimulator/PackageFrameworks -F /Users/wsig/Library/Developer/Xcode/DerivedData/Leavn-gxbozqiuohwlcfgridtxzqzwunnz/Build/Products/Debug-iphonesimulator/PackageFrameworks -F /Users/wsig/Library/Developer/Xcode/DerivedData/Leavn-gxbozqiuohwlcfgridtxzqzwunnz/Build/Products/Debug-iphonesimulator/PackageFrameworks -F /Users/wsig/Library/Developer/Xcode/DerivedData/Leavn-gxbozqiuohwlcfgridtxzqzwunnz/Build/Products/Debug-iphonesimulator/PackageFrameworks -F /Users/wsig/Library/Developer/Xcode/DerivedData/Leavn-gxbozqiuohwlcfgridtxzqzwunnz/Build/Products/Debug-iphonesimulator -c -j12 -enable-batch-mode -incremental -Xcc -ivfsstatcache -Xcc /Users/wsig/Library/Developer/Xcode/DerivedData/SDKStatCaches.noindex/iphonesimulator26.0-23A5287e-fc862078e33f881139a9d2f83bd1a9d0.sdkstatcache -output-file-map /Users/wsig/Library/Developer/Xcode/DerivedData/Leavn-gxbozqiuohwlcfgridtxzqzwunnz/Build/Intermediates.noindex/Leavn.build/Debug-iphonesimulator/Leavn.build/Objects-normal/x86_64/Leavn-OutputFileMap.json -use-frontend-parseable-output -save-temps -no-color-diagnostics -explicit-module-build -module-cache-path /Users/wsig/Library/Developer/Xcode/DerivedData/Leavn-gxbozqiuohwlcfgridtxzqzwunnz/Build/Intermediates.noindex/SwiftExplicitPrecompiledModules -clang-scanner-module-cache-path /Users/wsig/Library/Developer/Xcode/DerivedData/ModuleCache.noindex -sdk-module-cache-path /Users/wsig/Library/Developer/Xcode/DerivedData/ModuleCache.noindex -serialize-diagnostics -emit-dependencies -emit-module -emit-module-path /Users/wsig/Library/Developer/Xcode/DerivedData/Leavn-gxbozqiuohwlcfgridtxzqzwunnz/Build/Intermediates.noindex/Leavn.build/Debug-iphonesimulator/Leavn.build/Objects-normal/x86_64/Leavn.swiftmodule -validate-clang-modules-once -clang-build-session-file /Users/wsig/Library/Developer/Xcode/DerivedData/ModuleCache.noindex/Session.modulevalidation -Xcc -I/Users/wsig/Library/Developer/Xcode/DerivedData/Leavn-gxbozqiuohwlcfgridtxzqzwunnz/Build/Intermediates.noindex/Leavn.build/Debug-iphonesimulator/Leavn.build/swift-overrides.hmap -emit-const-values -Xfrontend -const-gather-protocols-file -Xfrontend /Users/wsig/Library/Developer/Xcode/DerivedData/Leavn-gxbozqiuohwlcfgridtxzqzwunnz/Build/Intermediates.noindex/Leavn.build/Debug-iphonesimulator/Leavn.build/Objects-normal/x86_64/Leavn_const_extract_protocols.json -Xcc -iquote -Xcc /Users/wsig/Library/Developer/Xcode/DerivedData/Leavn-gxbozqiuohwlcfgridtxzqzwunnz/Build/Intermediates.noindex/Leavn.build/Debug-iphonesimulator/Leavn.build/Leavn-generated-files.hmap -Xcc -I/Users/wsig/Library/Developer/Xcode/DerivedData/Leavn-gxbozqiuohwlcfgridtxzqzwunnz/Build/Intermediates.noindex/Leavn.build/Debug-iphonesimulator/Leavn.build/Leavn-own-target-headers.hmap -Xcc -I/Users/wsig/Library/Developer/Xcode/DerivedData/Leavn-gxbozqiuohwlcfgridtxzqzwunnz/Build/Intermediates.noindex/Leavn.build/Debug-iphonesimulator/Leavn.build/Leavn-all-non-framework-target-headers.hmap -Xcc -ivfsoverlay -Xcc /Users/wsig/Library/Developer/Xcode/DerivedData/Leavn-gxbozqiuohwlcfgridtxzqzwunnz/Build/Intermediates.noindex/Leavn.build/Debug-iphonesimulator/Leavn-ef67c1b60820561c547311e63732f957-VFS-iphonesimulator/all-product-headers.yaml -Xcc -iquote -Xcc /Users/wsig/Library/Developer/Xcode/DerivedData/Leavn-gxbozqiuohwlcfgridtxzqzwunnz/Build/Intermediates.noindex/Leavn.build/Debug-iphonesimulator/Leavn.build/Leavn-project-headers.hmap -Xcc -I/Users/wsig/Library/Developer/Xcode/DerivedData/Leavn-gxbozqiuohwlcfgridtxzqzwunnz/SourcePackages/checkouts/realm-core/src -Xcc -I/Users/wsig/Library/Developer/Xcode/DerivedData/Leavn-gxbozqiuohwlcfgridtxzqzwunnz/SourcePackages/checkouts/realm-core/src/external/s2 -Xcc -I/Users/wsig/Library/Developer/Xcode/DerivedData/Leavn-gxbozqiuohwlcfgridtxzqzwunnz/SourcePackages/checkouts/realm-core/src/external/IntelRDFPMathLib20U2/LIBRARY/src -Xcc -I/Users/wsig/Library/Developer/Xcode/DerivedData/Leavn-gxbozqiuohwlcfgridtxzqzwunnz/SourcePackages/checkouts/realm-core/src/spm -Xcc -I/Users/wsig/Library/Developer/Xcode/DerivedData/Leavn-gxbozqiuohwlcfgridtxzqzwunnz/SourcePackages/checkouts/realm-swift/include -Xcc -I/Users/wsig/Library/Developer/Xcode/DerivedData/Leavn-gxbozqiuohwlcfgridtxzqzwunnz/Build/Products/Debug-iphonesimulator/include -Xcc -I/Users/wsig/Library/Developer/Xcode/DerivedData/Leavn-gxbozqiuohwlcfgridtxzqzwunnz/Build/Intermediates.noindex/Leavn.build/Debug-iphonesimulator/Leavn.build/DerivedSources-normal/x86_64 -Xcc -I/Users/wsig/Library/Developer/Xcode/DerivedData/Leavn-gxbozqiuohwlcfgridtxzqzwunnz/Build/Intermediates.noindex/Leavn.build/Debug-iphonesimulator/Leavn.build/DerivedSources/x86_64 -Xcc -I/Users/wsig/Library/Developer/Xcode/DerivedData/Leavn-gxbozqiuohwlcfgridtxzqzwunnz/Build/Intermediates.noindex/Leavn.build/Debug-iphonesimulator/Leavn.build/DerivedSources -emit-objc-header -emit-objc-header-path /Users/wsig/Library/Developer/Xcode/DerivedData/Leavn-gxbozqiuohwlcfgridtxzqzwunnz/Build/Intermediates.noindex/Leavn.build/Debug-iphonesimulator/Leavn.build/Objects-normal/x86_64/Leavn-Swift.h -working-directory /Users/wsig/GitHub\ Builds/LeavnOfficial -experimental-emit-module-separately -disable-cmo

SwiftDriver\ Compilation Leavn normal x86_64 com.apple.xcode.tools.swift.compiler (in target 'Leavn' from project 'Leavn')
    cd /Users/wsig/GitHub\ Builds/LeavnOfficial
    builtin-Swift-Compilation -- /Applications/Xcode-beta.app/Contents/Developer/Toolchains/XcodeDefault.xctoolchain/usr/bin/swiftc -module-name Leavn -O -enforce-exclusivity\=checked @/Users/wsig/Library/Developer/Xcode/DerivedData/Leavn-gxbozqiuohwlcfgridtxzqzwunnz/Build/Intermediates.noindex/Leavn.build/Debug-iphonesimulator/Leavn.build/Objects-normal/x86_64/Leavn.SwiftFileList -Xcc -fmodule-map-file\=/Users/wsig/Library/Developer/Xcode/DerivedData/Leavn-gxbozqiuohwlcfgridtxzqzwunnz/Build/Intermediates.noindex/GeneratedModuleMaps-iphonesimulator/s2geometry.modulemap -Xcc -fmodule-map-file\=/Users/wsig/Library/Developer/Xcode/DerivedData/Leavn-gxbozqiuohwlcfgridtxzqzwunnz/Build/Intermediates.noindex/GeneratedModuleMaps-iphonesimulator/Bid.modulemap -Xcc -fmodule-map-file\=/Users/wsig/Library/Developer/Xcode/DerivedData/Leavn-gxbozqiuohwlcfgridtxzqzwunnz/Build/Intermediates.noindex/GeneratedModuleMaps-iphonesimulator/RealmCoreResources.modulemap -enable-experimental-feature DebugDescriptionMacro -sdk /Applications/Xcode-beta.app/Contents/Developer/Platforms/iPhoneSimulator.platform/Developer/SDKs/iPhoneSimulator26.0.sdk -target x86_64-apple-ios18.0-simulator -g -module-cache-path /Users/wsig/Library/Developer/Xcode/DerivedData/ModuleCache.noindex -Xfrontend -serialize-debugging-options -profile-coverage-mapping -profile-generate -swift-version 6 -I /Users/wsig/Library/Developer/Xcode/DerivedData/Leavn-gxbozqiuohwlcfgridtxzqzwunnz/Build/Products/Debug-iphonesimulator -F /Users/wsig/Library/Developer/Xcode/DerivedData/Leavn-gxbozqiuohwlcfgridtxzqzwunnz/Build/Products/Debug-iphonesimulator/PackageFrameworks -F /Users/wsig/Library/Developer/Xcode/DerivedData/Leavn-gxbozqiuohwlcfgridtxzqzwunnz/Build/Products/Debug-iphonesimulator/PackageFrameworks -F /Users/wsig/Library/Developer/Xcode/DerivedData/Leavn-gxbozqiuohwlcfgridtxzqzwunnz/Build/Products/Debug-iphonesimulator/PackageFrameworks -F /Users/wsig/Library/Developer/Xcode/DerivedData/Leavn-gxbozqiuohwlcfgridtxzqzwunnz/Build/Products/Debug-iphonesimulator/PackageFrameworks -F /Users/wsig/Library/Developer/Xcode/DerivedData/Leavn-gxbozqiuohwlcfgridtxzqzwunnz/Build/Products/Debug-iphonesimulator/PackageFrameworks -F /Users/wsig/Library/Developer/Xcode/DerivedData/Leavn-gxbozqiuohwlcfgridtxzqzwunnz/Build/Products/Debug-iphonesimulator/PackageFrameworks -F /Users/wsig/Library/Developer/Xcode/DerivedData/Leavn-gxbozqiuohwlcfgridtxzqzwunnz/Build/Products/Debug-iphonesimulator/PackageFrameworks -F /Users/wsig/Library/Developer/Xcode/DerivedData/Leavn-gxbozqiuohwlcfgridtxzqzwunnz/Build/Products/Debug-iphonesimulator/PackageFrameworks -F /Users/wsig/Library/Developer/Xcode/DerivedData/Leavn-gxbozqiuohwlcfgridtxzqzwunnz/Build/Products/Debug-iphonesimulator/PackageFrameworks -F /Users/wsig/Library/Developer/Xcode/DerivedData/Leavn-gxbozqiuohwlcfgridtxzqzwunnz/Build/Products/Debug-iphonesimulator/PackageFrameworks -F /Users/wsig/Library/Developer/Xcode/DerivedData/Leavn-gxbozqiuohwlcfgridtxzqzwunnz/Build/Products/Debug-iphonesimulator/PackageFrameworks -F /Users/wsig/Library/Developer/Xcode/DerivedData/Leavn-gxbozqiuohwlcfgridtxzqzwunnz/Build/Products/Debug-iphonesimulator/PackageFrameworks -F /Users/wsig/Library/Developer/Xcode/DerivedData/Leavn-gxbozqiuohwlcfgridtxzqzwunnz/Build/Products/Debug-iphonesimulator/PackageFrameworks -F /Users/wsig/Library/Developer/Xcode/DerivedData/Leavn-gxbozqiuohwlcfgridtxzqzwunnz/Build/Products/Debug-iphonesimulator/PackageFrameworks -F /Users/wsig/Library/Developer/Xcode/DerivedData/Leavn-gxbozqiuohwlcfgridtxzqzwunnz/Build/Products/Debug-iphonesimulator/PackageFrameworks -F /Users/wsig/Library/Developer/Xcode/DerivedData/Leavn-gxbozqiuohwlcfgridtxzqzwunnz/Build/Products/Debug-iphonesimulator/PackageFrameworks -F /Users/wsig/Library/Developer/Xcode/DerivedData/Leavn-gxbozqiuohwlcfgridtxzqzwunnz/Build/Products/Debug-iphonesimulator/PackageFrameworks -F /Users/wsig/Library/Developer/Xcode/DerivedData/Leavn-gxbozqiuohwlcfgridtxzqzwunnz/Build/Products/Debug-iphonesimulator/PackageFrameworks -F /Users/wsig/Library/Developer/Xcode/DerivedData/Leavn-gxbozqiuohwlcfgridtxzqzwunnz/Build/Products/Debug-iphonesimulator/PackageFrameworks -F /Users/wsig/Library/Developer/Xcode/DerivedData/Leavn-gxbozqiuohwlcfgridtxzqzwunnz/Build/Products/Debug-iphonesimulator/PackageFrameworks -F /Users/wsig/Library/Developer/Xcode/DerivedData/Leavn-gxbozqiuohwlcfgridtxzqzwunnz/Build/Products/Debug-iphonesimulator/PackageFrameworks -F /Users/wsig/Library/Developer/Xcode/DerivedData/Leavn-gxbozqiuohwlcfgridtxzqzwunnz/Build/Products/Debug-iphonesimulator/PackageFrameworks -F /Users/wsig/Library/Developer/Xcode/DerivedData/Leavn-gxbozqiuohwlcfgridtxzqzwunnz/Build/Products/Debug-iphonesimulator/PackageFrameworks -F /Users/wsig/Library/Developer/Xcode/DerivedData/Leavn-gxbozqiuohwlcfgridtxzqzwunnz/Build/Products/Debug-iphonesimulator/PackageFrameworks -F /Users/wsig/Library/Developer/Xcode/DerivedData/Leavn-gxbozqiuohwlcfgridtxzqzwunnz/Build/Products/Debug-iphonesimulator/PackageFrameworks -F /Users/wsig/Library/Developer/Xcode/DerivedData/Leavn-gxbozqiuohwlcfgridtxzqzwunnz/Build/Products/Debug-iphonesimulator -c -j12 -enable-batch-mode -incremental -Xcc -ivfsstatcache -Xcc /Users/wsig/Library/Developer/Xcode/DerivedData/SDKStatCaches.noindex/iphonesimulator26.0-23A5287e-fc862078e33f881139a9d2f83bd1a9d0.sdkstatcache -output-file-map /Users/wsig/Library/Developer/Xcode/DerivedData/Leavn-gxbozqiuohwlcfgridtxzqzwunnz/Build/Intermediates.noindex/Leavn.build/Debug-iphonesimulator/Leavn.build/Objects-normal/x86_64/Leavn-OutputFileMap.json -use-frontend-parseable-output -save-temps -no-color-diagnostics -explicit-module-build -module-cache-path /Users/wsig/Library/Developer/Xcode/DerivedData/Leavn-gxbozqiuohwlcfgridtxzqzwunnz/Build/Intermediates.noindex/SwiftExplicitPrecompiledModules -clang-scanner-module-cache-path /Users/wsig/Library/Developer/Xcode/DerivedData/ModuleCache.noindex -sdk-module-cache-path /Users/wsig/Library/Developer/Xcode/DerivedData/ModuleCache.noindex -serialize-diagnostics -emit-dependencies -emit-module -emit-module-path /Users/wsig/Library/Developer/Xcode/DerivedData/Leavn-gxbozqiuohwlcfgridtxzqzwunnz/Build/Intermediates.noindex/Leavn.build/Debug-iphonesimulator/Leavn.build/Objects-normal/x86_64/Leavn.swiftmodule -validate-clang-modules-once -clang-build-session-file /Users/wsig/Library/Developer/Xcode/DerivedData/ModuleCache.noindex/Session.modulevalidation -Xcc -I/Users/wsig/Library/Developer/Xcode/DerivedData/Leavn-gxbozqiuohwlcfgridtxzqzwunnz/Build/Intermediates.noindex/Leavn.build/Debug-iphonesimulator/Leavn.build/swift-overrides.hmap -emit-const-values -Xfrontend -const-gather-protocols-file -Xfrontend /Users/wsig/Library/Developer/Xcode/DerivedData/Leavn-gxbozqiuohwlcfgridtxzqzwunnz/Build/Intermediates.noindex/Leavn.build/Debug-iphonesimulator/Leavn.build/Objects-normal/x86_64/Leavn_const_extract_protocols.json -Xcc -iquote -Xcc /Users/wsig/Library/Developer/Xcode/DerivedData/Leavn-gxbozqiuohwlcfgridtxzqzwunnz/Build/Intermediates.noindex/Leavn.build/Debug-iphonesimulator/Leavn.build/Leavn-generated-files.hmap -Xcc -I/Users/wsig/Library/Developer/Xcode/DerivedData/Leavn-gxbozqiuohwlcfgridtxzqzwunnz/Build/Intermediates.noindex/Leavn.build/Debug-iphonesimulator/Leavn.build/Leavn-own-target-headers.hmap -Xcc -I/Users/wsig/Library/Developer/Xcode/DerivedData/Leavn-gxbozqiuohwlcfgridtxzqzwunnz/Build/Intermediates.noindex/Leavn.build/Debug-iphonesimulator/Leavn.build/Leavn-all-non-framework-target-headers.hmap -Xcc -ivfsoverlay -Xcc /Users/wsig/Library/Developer/Xcode/DerivedData/Leavn-gxbozqiuohwlcfgridtxzqzwunnz/Build/Intermediates.noindex/Leavn.build/Debug-iphonesimulator/Leavn-ef67c1b60820561c547311e63732f957-VFS-iphonesimulator/all-product-headers.yaml -Xcc -iquote -Xcc /Users/wsig/Library/Developer/Xcode/DerivedData/Leavn-gxbozqiuohwlcfgridtxzqzwunnz/Build/Intermediates.noindex/Leavn.build/Debug-iphonesimulator/Leavn.build/Leavn-project-headers.hmap -Xcc -I/Users/wsig/Library/Developer/Xcode/DerivedData/Leavn-gxbozqiuohwlcfgridtxzqzwunnz/SourcePackages/checkouts/realm-core/src -Xcc -I/Users/wsig/Library/Developer/Xcode/DerivedData/Leavn-gxbozqiuohwlcfgridtxzqzwunnz/SourcePackages/checkouts/realm-core/src/external/s2 -Xcc -I/Users/wsig/Library/Developer/Xcode/DerivedData/Leavn-gxbozqiuohwlcfgridtxzqzwunnz/SourcePackages/checkouts/realm-core/src/external/IntelRDFPMathLib20U2/LIBRARY/src -Xcc -I/Users/wsig/Library/Developer/Xcode/DerivedData/Leavn-gxbozqiuohwlcfgridtxzqzwunnz/SourcePackages/checkouts/realm-core/src/spm -Xcc -I/Users/wsig/Library/Developer/Xcode/DerivedData/Leavn-gxbozqiuohwlcfgridtxzqzwunnz/SourcePackages/checkouts/realm-swift/include -Xcc -I/Users/wsig/Library/Developer/Xcode/DerivedData/Leavn-gxbozqiuohwlcfgridtxzqzwunnz/Build/Products/Debug-iphonesimulator/include -Xcc -I/Users/wsig/Library/Developer/Xcode/DerivedData/Leavn-gxbozqiuohwlcfgridtxzqzwunnz/Build/Intermediates.noindex/Leavn.build/Debug-iphonesimulator/Leavn.build/DerivedSources-normal/x86_64 -Xcc -I/Users/wsig/Library/Developer/Xcode/DerivedData/Leavn-gxbozqiuohwlcfgridtxzqzwunnz/Build/Intermediates.noindex/Leavn.build/Debug-iphonesimulator/Leavn.build/DerivedSources/x86_64 -Xcc -I/Users/wsig/Library/Developer/Xcode/DerivedData/Leavn-gxbozqiuohwlcfgridtxzqzwunnz/Build/Intermediates.noindex/Leavn.build/Debug-iphonesimulator/Leavn.build/DerivedSources -emit-objc-header -emit-objc-header-path /Users/wsig/Library/Developer/Xcode/DerivedData/Leavn-gxbozqiuohwlcfgridtxzqzwunnz/Build/Intermediates.noindex/Leavn.build/Debug-iphonesimulator/Leavn.build/Objects-normal/x86_64/Leavn-Swift.h -working-directory /Users/wsig/GitHub\ Builds/LeavnOfficial -experimental-emit-module-separately -disable-cmo

Copy /Users/wsig/Library/Developer/Xcode/DerivedData/Leavn-gxbozqiuohwlcfgridtxzqzwunnz/Build/Products/Debug-iphonesimulator/Leavn.swiftmodule/x86_64-apple-ios-simulator.swiftmodule /Users/wsig/Library/Developer/Xcode/DerivedData/Leavn-gxbozqiuohwlcfgridtxzqzwunnz/Build/Intermediates.noindex/Leavn.build/Debug-iphonesimulator/Leavn.build/Objects-normal/x86_64/Leavn.swiftmodule (in target 'Leavn' from project 'Leavn')
    cd /Users/wsig/GitHub\ Builds/LeavnOfficial
    builtin-copy -exclude .DS_Store -exclude CVS -exclude .svn -exclude .git -exclude .hg -strip-unsigned-binaries -strip-deterministic -strip-tool /Applications/Xcode-beta.app/Contents/Developer/Toolchains/XcodeDefault.xctoolchain/usr/bin/strip -resolve-src-symlinks -rename /Users/wsig/Library/Developer/Xcode/DerivedData/Leavn-gxbozqiuohwlcfgridtxzqzwunnz/Build/Intermediates.noindex/Leavn.build/Debug-iphonesimulator/Leavn.build/Objects-normal/x86_64/Leavn.swiftmodule /Users/wsig/Library/Developer/Xcode/DerivedData/Leavn-gxbozqiuohwlcfgridtxzqzwunnz/Build/Products/Debug-iphonesimulator/Leavn.swiftmodule/x86_64-apple-ios-simulator.swiftmodule
error: lstat(/Users/wsig/Library/Developer/Xcode/DerivedData/Leavn-gxbozqiuohwlcfgridtxzqzwunnz/Build/Intermediates.noindex/Leavn.build/Debug-iphonesimulator/Leavn.build/Objects-normal/x86_64/Leavn.swiftmodule): No such file or directory (2) (in target 'Leavn' from project 'Leavn')

Copy /Users/wsig/Library/Developer/Xcode/DerivedData/Leavn-gxbozqiuohwlcfgridtxzqzwunnz/Build/Products/Debug-iphonesimulator/Leavn.swiftmodule/Project/x86_64-apple-ios-simulator.swiftsourceinfo /Users/wsig/Library/Developer/Xcode/DerivedData/Leavn-gxbozqiuohwlcfgridtxzqzwunnz/Build/Intermediates.noindex/Leavn.build/Debug-iphonesimulator/Leavn.build/Objects-normal/x86_64/Leavn.swiftsourceinfo (in target 'Leavn' from project 'Leavn')
    cd /Users/wsig/GitHub\ Builds/LeavnOfficial
    builtin-copy -exclude .DS_Store -exclude CVS -exclude .svn -exclude .git -exclude .hg -strip-unsigned-binaries -strip-deterministic -strip-tool /Applications/Xcode-beta.app/Contents/Developer/Toolchains/XcodeDefault.xctoolchain/usr/bin/strip -resolve-src-symlinks -rename /Users/wsig/Library/Developer/Xcode/DerivedData/Leavn-gxbozqiuohwlcfgridtxzqzwunnz/Build/Intermediates.noindex/Leavn.build/Debug-iphonesimulator/Leavn.build/Objects-normal/x86_64/Leavn.swiftsourceinfo /Users/wsig/Library/Developer/Xcode/DerivedData/Leavn-gxbozqiuohwlcfgridtxzqzwunnz/Build/Products/Debug-iphonesimulator/Leavn.swiftmodule/Project/x86_64-apple-ios-simulator.swiftsourceinfo
error: lstat(/Users/wsig/Library/Developer/Xcode/DerivedData/Leavn-gxbozqiuohwlcfgridtxzqzwunnz/Build/Intermediates.noindex/Leavn.build/Debug-iphonesimulator/Leavn.build/Objects-normal/x86_64/Leavn.swiftsourceinfo): No such file or directory (2) (in target 'Leavn' from project 'Leavn')

Copy /Users/wsig/Library/Developer/Xcode/DerivedData/Leavn-gxbozqiuohwlcfgridtxzqzwunnz/Build/Products/Debug-iphonesimulator/Leavn.swiftmodule/x86_64-apple-ios-simulator.swiftdoc /Users/wsig/Library/Developer/Xcode/DerivedData/Leavn-gxbozqiuohwlcfgridtxzqzwunnz/Build/Intermediates.noindex/Leavn.build/Debug-iphonesimulator/Leavn.build/Objects-normal/x86_64/Leavn.swiftdoc (in target 'Leavn' from project 'Leavn')
    cd /Users/wsig/GitHub\ Builds/LeavnOfficial
    builtin-copy -exclude .DS_Store -exclude CVS -exclude .svn -exclude .git -exclude .hg -strip-unsigned-binaries -strip-deterministic -strip-tool /Applications/Xcode-beta.app/Contents/Developer/Toolchains/XcodeDefault.xctoolchain/usr/bin/strip -resolve-src-symlinks -rename /Users/wsig/Library/Developer/Xcode/DerivedData/Leavn-gxbozqiuohwlcfgridtxzqzwunnz/Build/Intermediates.noindex/Leavn.build/Debug-iphonesimulator/Leavn.build/Objects-normal/x86_64/Leavn.swiftdoc /Users/wsig/Library/Developer/Xcode/DerivedData/Leavn-gxbozqiuohwlcfgridtxzqzwunnz/Build/Products/Debug-iphonesimulator/Leavn.swiftmodule/x86_64-apple-ios-simulator.swiftdoc
error: lstat(/Users/wsig/Library/Developer/Xcode/DerivedData/Leavn-gxbozqiuohwlcfgridtxzqzwunnz/Build/Intermediates.noindex/Leavn.build/Debug-iphonesimulator/Leavn.build/Objects-normal/x86_64/Leavn.swiftdoc): No such file or directory (2) (in target 'Leavn' from project 'Leavn')

Copy /Users/wsig/Library/Developer/Xcode/DerivedData/Leavn-gxbozqiuohwlcfgridtxzqzwunnz/Build/Products/Debug-iphonesimulator/Leavn.swiftmodule/x86_64-apple-ios-simulator.abi.json /Users/wsig/Library/Developer/Xcode/DerivedData/Leavn-gxbozqiuohwlcfgridtxzqzwunnz/Build/Intermediates.noindex/Leavn.build/Debug-iphonesimulator/Leavn.build/Objects-normal/x86_64/Leavn.abi.json (in target 'Leavn' from project 'Leavn')
    cd /Users/wsig/GitHub\ Builds/LeavnOfficial
    builtin-copy -exclude .DS_Store -exclude CVS -exclude .svn -exclude .git -exclude .hg -strip-unsigned-binaries -strip-deterministic -strip-tool /Applications/Xcode-beta.app/Contents/Developer/Toolchains/XcodeDefault.xctoolchain/usr/bin/strip -resolve-src-symlinks -rename /Users/wsig/Library/Developer/Xcode/DerivedData/Leavn-gxbozqiuohwlcfgridtxzqzwunnz/Build/Intermediates.noindex/Leavn.build/Debug-iphonesimulator/Leavn.build/Objects-normal/x86_64/Leavn.abi.json /Users/wsig/Library/Developer/Xcode/DerivedData/Leavn-gxbozqiuohwlcfgridtxzqzwunnz/Build/Products/Debug-iphonesimulator/Leavn.swiftmodule/x86_64-apple-ios-simulator.abi.json
error: lstat(/Users/wsig/Library/Developer/Xcode/DerivedData/Leavn-gxbozqiuohwlcfgridtxzqzwunnz/Build/Intermediates.noindex/Leavn.build/Debug-iphonesimulator/Leavn.build/Objects-normal/x86_64/Leavn.abi.json): No such file or directory (2) (in target 'Leavn' from project 'Leavn')

SwiftDriver\ Compilation\ Requirements Leavn normal arm64 com.apple.xcode.tools.swift.compiler (in target 'Leavn' from project 'Leavn')
    cd /Users/wsig/GitHub\ Builds/LeavnOfficial
    builtin-Swift-Compilation-Requirements -- /Applications/Xcode-beta.app/Contents/Developer/Toolchains/XcodeDefault.xctoolchain/usr/bin/swiftc -module-name Leavn -O -enforce-exclusivity\=checked @/Users/wsig/Library/Developer/Xcode/DerivedData/Leavn-gxbozqiuohwlcfgridtxzqzwunnz/Build/Intermediates.noindex/Leavn.build/Debug-iphonesimulator/Leavn.build/Objects-normal/arm64/Leavn.SwiftFileList -Xcc -fmodule-map-file\=/Users/wsig/Library/Developer/Xcode/DerivedData/Leavn-gxbozqiuohwlcfgridtxzqzwunnz/Build/Intermediates.noindex/GeneratedModuleMaps-iphonesimulator/s2geometry.modulemap -Xcc -fmodule-map-file\=/Users/wsig/Library/Developer/Xcode/DerivedData/Leavn-gxbozqiuohwlcfgridtxzqzwunnz/Build/Intermediates.noindex/GeneratedModuleMaps-iphonesimulator/Bid.modulemap -Xcc -fmodule-map-file\=/Users/wsig/Library/Developer/Xcode/DerivedData/Leavn-gxbozqiuohwlcfgridtxzqzwunnz/Build/Intermediates.noindex/GeneratedModuleMaps-iphonesimulator/RealmCoreResources.modulemap -enable-experimental-feature DebugDescriptionMacro -sdk /Applications/Xcode-beta.app/Contents/Developer/Platforms/iPhoneSimulator.platform/Developer/SDKs/iPhoneSimulator26.0.sdk -target arm64-apple-ios18.0-simulator -g -module-cache-path /Users/wsig/Library/Developer/Xcode/DerivedData/ModuleCache.noindex -Xfrontend -serialize-debugging-options -profile-coverage-mapping -profile-generate -swift-version 6 -I /Users/wsig/Library/Developer/Xcode/DerivedData/Leavn-gxbozqiuohwlcfgridtxzqzwunnz/Build/Products/Debug-iphonesimulator -F /Users/wsig/Library/Developer/Xcode/DerivedData/Leavn-gxbozqiuohwlcfgridtxzqzwunnz/Build/Products/Debug-iphonesimulator/PackageFrameworks -F /Users/wsig/Library/Developer/Xcode/DerivedData/Leavn-gxbozqiuohwlcfgridtxzqzwunnz/Build/Products/Debug-iphonesimulator/PackageFrameworks -F /Users/wsig/Library/Developer/Xcode/DerivedData/Leavn-gxbozqiuohwlcfgridtxzqzwunnz/Build/Products/Debug-iphonesimulator/PackageFrameworks -F /Users/wsig/Library/Developer/Xcode/DerivedData/Leavn-gxbozqiuohwlcfgridtxzqzwunnz/Build/Products/Debug-iphonesimulator/PackageFrameworks -F /Users/wsig/Library/Developer/Xcode/DerivedData/Leavn-gxbozqiuohwlcfgridtxzqzwunnz/Build/Products/Debug-iphonesimulator/PackageFrameworks -F /Users/wsig/Library/Developer/Xcode/DerivedData/Leavn-gxbozqiuohwlcfgridtxzqzwunnz/Build/Products/Debug-iphonesimulator/PackageFrameworks -F /Users/wsig/Library/Developer/Xcode/DerivedData/Leavn-gxbozqiuohwlcfgridtxzqzwunnz/Build/Products/Debug-iphonesimulator/PackageFrameworks -F /Users/wsig/Library/Developer/Xcode/DerivedData/Leavn-gxbozqiuohwlcfgridtxzqzwunnz/Build/Products/Debug-iphonesimulator/PackageFrameworks -F /Users/wsig/Library/Developer/Xcode/DerivedData/Leavn-gxbozqiuohwlcfgridtxzqzwunnz/Build/Products/Debug-iphonesimulator/PackageFrameworks -F /Users/wsig/Library/Developer/Xcode/DerivedData/Leavn-gxbozqiuohwlcfgridtxzqzwunnz/Build/Products/Debug-iphonesimulator/PackageFrameworks -F /Users/wsig/Library/Developer/Xcode/DerivedData/Leavn-gxbozqiuohwlcfgridtxzqzwunnz/Build/Products/Debug-iphonesimulator/PackageFrameworks -F /Users/wsig/Library/Developer/Xcode/DerivedData/Leavn-gxbozqiuohwlcfgridtxzqzwunnz/Build/Products/Debug-iphonesimulator/PackageFrameworks -F /Users/wsig/Library/Developer/Xcode/DerivedData/Leavn-gxbozqiuohwlcfgridtxzqzwunnz/Build/Products/Debug-iphonesimulator/PackageFrameworks -F /Users/wsig/Library/Developer/Xcode/DerivedData/Leavn-gxbozqiuohwlcfgridtxzqzwunnz/Build/Products/Debug-iphonesimulator/PackageFrameworks -F /Users/wsig/Library/Developer/Xcode/DerivedData/Leavn-gxbozqiuohwlcfgridtxzqzwunnz/Build/Products/Debug-iphonesimulator/PackageFrameworks -F /Users/wsig/Library/Developer/Xcode/DerivedData/Leavn-gxbozqiuohwlcfgridtxzqzwunnz/Build/Products/Debug-iphonesimulator/PackageFrameworks -F /Users/wsig/Library/Developer/Xcode/DerivedData/Leavn-gxbozqiuohwlcfgridtxzqzwunnz/Build/Products/Debug-iphonesimulator/PackageFrameworks -F /Users/wsig/Library/Developer/Xcode/DerivedData/Leavn-gxbozqiuohwlcfgridtxzqzwunnz/Build/Products/Debug-iphonesimulator/PackageFrameworks -F /Users/wsig/Library/Developer/Xcode/DerivedData/Leavn-gxbozqiuohwlcfgridtxzqzwunnz/Build/Products/Debug-iphonesimulator/PackageFrameworks -F /Users/wsig/Library/Developer/Xcode/DerivedData/Leavn-gxbozqiuohwlcfgridtxzqzwunnz/Build/Products/Debug-iphonesimulator/PackageFrameworks -F /Users/wsig/Library/Developer/Xcode/DerivedData/Leavn-gxbozqiuohwlcfgridtxzqzwunnz/Build/Products/Debug-iphonesimulator/PackageFrameworks -F /Users/wsig/Library/Developer/Xcode/DerivedData/Leavn-gxbozqiuohwlcfgridtxzqzwunnz/Build/Products/Debug-iphonesimulator/PackageFrameworks -F /Users/wsig/Library/Developer/Xcode/DerivedData/Leavn-gxbozqiuohwlcfgridtxzqzwunnz/Build/Products/Debug-iphonesimulator/PackageFrameworks -F /Users/wsig/Library/Developer/Xcode/DerivedData/Leavn-gxbozqiuohwlcfgridtxzqzwunnz/Build/Products/Debug-iphonesimulator/PackageFrameworks -F /Users/wsig/Library/Developer/Xcode/DerivedData/Leavn-gxbozqiuohwlcfgridtxzqzwunnz/Build/Products/Debug-iphonesimulator/PackageFrameworks -F /Users/wsig/Library/Developer/Xcode/DerivedData/Leavn-gxbozqiuohwlcfgridtxzqzwunnz/Build/Products/Debug-iphonesimulator -c -j12 -enable-batch-mode -incremental -Xcc -ivfsstatcache -Xcc /Users/wsig/Library/Developer/Xcode/DerivedData/SDKStatCaches.noindex/iphonesimulator26.0-23A5287e-fc862078e33f881139a9d2f83bd1a9d0.sdkstatcache -output-file-map /Users/wsig/Library/Developer/Xcode/DerivedData/Leavn-gxbozqiuohwlcfgridtxzqzwunnz/Build/Intermediates.noindex/Leavn.build/Debug-iphonesimulator/Leavn.build/Objects-normal/arm64/Leavn-OutputFileMap.json -use-frontend-parseable-output -save-temps -no-color-diagnostics -explicit-module-build -module-cache-path /Users/wsig/Library/Developer/Xcode/DerivedData/Leavn-gxbozqiuohwlcfgridtxzqzwunnz/Build/Intermediates.noindex/SwiftExplicitPrecompiledModules -clang-scanner-module-cache-path /Users/wsig/Library/Developer/Xcode/DerivedData/ModuleCache.noindex -sdk-module-cache-path /Users/wsig/Library/Developer/Xcode/DerivedData/ModuleCache.noindex -serialize-diagnostics -emit-dependencies -emit-module -emit-module-path /Users/wsig/Library/Developer/Xcode/DerivedData/Leavn-gxbozqiuohwlcfgridtxzqzwunnz/Build/Intermediates.noindex/Leavn.build/Debug-iphonesimulator/Leavn.build/Objects-normal/arm64/Leavn.swiftmodule -validate-clang-modules-once -clang-build-session-file /Users/wsig/Library/Developer/Xcode/DerivedData/ModuleCache.noindex/Session.modulevalidation -Xcc -I/Users/wsig/Library/Developer/Xcode/DerivedData/Leavn-gxbozqiuohwlcfgridtxzqzwunnz/Build/Intermediates.noindex/Leavn.build/Debug-iphonesimulator/Leavn.build/swift-overrides.hmap -emit-const-values -Xfrontend -const-gather-protocols-file -Xfrontend /Users/wsig/Library/Developer/Xcode/DerivedData/Leavn-gxbozqiuohwlcfgridtxzqzwunnz/Build/Intermediates.noindex/Leavn.build/Debug-iphonesimulator/Leavn.build/Objects-normal/arm64/Leavn_const_extract_protocols.json -Xcc -iquote -Xcc /Users/wsig/Library/Developer/Xcode/DerivedData/Leavn-gxbozqiuohwlcfgridtxzqzwunnz/Build/Intermediates.noindex/Leavn.build/Debug-iphonesimulator/Leavn.build/Leavn-generated-files.hmap -Xcc -I/Users/wsig/Library/Developer/Xcode/DerivedData/Leavn-gxbozqiuohwlcfgridtxzqzwunnz/Build/Intermediates.noindex/Leavn.build/Debug-iphonesimulator/Leavn.build/Leavn-own-target-headers.hmap -Xcc -I/Users/wsig/Library/Developer/Xcode/DerivedData/Leavn-gxbozqiuohwlcfgridtxzqzwunnz/Build/Intermediates.noindex/Leavn.build/Debug-iphonesimulator/Leavn.build/Leavn-all-non-framework-target-headers.hmap -Xcc -ivfsoverlay -Xcc /Users/wsig/Library/Developer/Xcode/DerivedData/Leavn-gxbozqiuohwlcfgridtxzqzwunnz/Build/Intermediates.noindex/Leavn.build/Debug-iphonesimulator/Leavn-ef67c1b60820561c547311e63732f957-VFS-iphonesimulator/all-product-headers.yaml -Xcc -iquote -Xcc /Users/wsig/Library/Developer/Xcode/DerivedData/Leavn-gxbozqiuohwlcfgridtxzqzwunnz/Build/Intermediates.noindex/Leavn.build/Debug-iphonesimulator/Leavn.build/Leavn-project-headers.hmap -Xcc -I/Users/wsig/Library/Developer/Xcode/DerivedData/Leavn-gxbozqiuohwlcfgridtxzqzwunnz/SourcePackages/checkouts/realm-core/src -Xcc -I/Users/wsig/Library/Developer/Xcode/DerivedData/Leavn-gxbozqiuohwlcfgridtxzqzwunnz/SourcePackages/checkouts/realm-core/src/external/s2 -Xcc -I/Users/wsig/Library/Developer/Xcode/DerivedData/Leavn-gxbozqiuohwlcfgridtxzqzwunnz/SourcePackages/checkouts/realm-core/src/external/IntelRDFPMathLib20U2/LIBRARY/src -Xcc -I/Users/wsig/Library/Developer/Xcode/DerivedData/Leavn-gxbozqiuohwlcfgridtxzqzwunnz/SourcePackages/checkouts/realm-core/src/spm -Xcc -I/Users/wsig/Library/Developer/Xcode/DerivedData/Leavn-gxbozqiuohwlcfgridtxzqzwunnz/SourcePackages/checkouts/realm-swift/include -Xcc -I/Users/wsig/Library/Developer/Xcode/DerivedData/Leavn-gxbozqiuohwlcfgridtxzqzwunnz/Build/Products/Debug-iphonesimulator/include -Xcc -I/Users/wsig/Library/Developer/Xcode/DerivedData/Leavn-gxbozqiuohwlcfgridtxzqzwunnz/Build/Intermediates.noindex/Leavn.build/Debug-iphonesimulator/Leavn.build/DerivedSources-normal/arm64 -Xcc -I/Users/wsig/Library/Developer/Xcode/DerivedData/Leavn-gxbozqiuohwlcfgridtxzqzwunnz/Build/Intermediates.noindex/Leavn.build/Debug-iphonesimulator/Leavn.build/DerivedSources/arm64 -Xcc -I/Users/wsig/Library/Developer/Xcode/DerivedData/Leavn-gxbozqiuohwlcfgridtxzqzwunnz/Build/Intermediates.noindex/Leavn.build/Debug-iphonesimulator/Leavn.build/DerivedSources -emit-objc-header -emit-objc-header-path /Users/wsig/Library/Developer/Xcode/DerivedData/Leavn-gxbozqiuohwlcfgridtxzqzwunnz/Build/Intermediates.noindex/Leavn.build/Debug-iphonesimulator/Leavn.build/Objects-normal/arm64/Leavn-Swift.h -working-directory /Users/wsig/GitHub\ Builds/LeavnOfficial -experimental-emit-module-separately -disable-cmo

SwiftDriver\ Compilation Leavn normal arm64 com.apple.xcode.tools.swift.compiler (in target 'Leavn' from project 'Leavn')
    cd /Users/wsig/GitHub\ Builds/LeavnOfficial
    builtin-Swift-Compilation -- /Applications/Xcode-beta.app/Contents/Developer/Toolchains/XcodeDefault.xctoolchain/usr/bin/swiftc -module-name Leavn -O -enforce-exclusivity\=checked @/Users/wsig/Library/Developer/Xcode/DerivedData/Leavn-gxbozqiuohwlcfgridtxzqzwunnz/Build/Intermediates.noindex/Leavn.build/Debug-iphonesimulator/Leavn.build/Objects-normal/arm64/Leavn.SwiftFileList -Xcc -fmodule-map-file\=/Users/wsig/Library/Developer/Xcode/DerivedData/Leavn-gxbozqiuohwlcfgridtxzqzwunnz/Build/Intermediates.noindex/GeneratedModuleMaps-iphonesimulator/s2geometry.modulemap -Xcc -fmodule-map-file\=/Users/wsig/Library/Developer/Xcode/DerivedData/Leavn-gxbozqiuohwlcfgridtxzqzwunnz/Build/Intermediates.noindex/GeneratedModuleMaps-iphonesimulator/Bid.modulemap -Xcc -fmodule-map-file\=/Users/wsig/Library/Developer/Xcode/DerivedData/Leavn-gxbozqiuohwlcfgridtxzqzwunnz/Build/Intermediates.noindex/GeneratedModuleMaps-iphonesimulator/RealmCoreResources.modulemap -enable-experimental-feature DebugDescriptionMacro -sdk /Applications/Xcode-beta.app/Contents/Developer/Platforms/iPhoneSimulator.platform/Developer/SDKs/iPhoneSimulator26.0.sdk -target arm64-apple-ios18.0-simulator -g -module-cache-path /Users/wsig/Library/Developer/Xcode/DerivedData/ModuleCache.noindex -Xfrontend -serialize-debugging-options -profile-coverage-mapping -profile-generate -swift-version 6 -I /Users/wsig/Library/Developer/Xcode/DerivedData/Leavn-gxbozqiuohwlcfgridtxzqzwunnz/Build/Products/Debug-iphonesimulator -F /Users/wsig/Library/Developer/Xcode/DerivedData/Leavn-gxbozqiuohwlcfgridtxzqzwunnz/Build/Products/Debug-iphonesimulator/PackageFrameworks -F /Users/wsig/Library/Developer/Xcode/DerivedData/Leavn-gxbozqiuohwlcfgridtxzqzwunnz/Build/Products/Debug-iphonesimulator/PackageFrameworks -F /Users/wsig/Library/Developer/Xcode/DerivedData/Leavn-gxbozqiuohwlcfgridtxzqzwunnz/Build/Products/Debug-iphonesimulator/PackageFrameworks -F /Users/wsig/Library/Developer/Xcode/DerivedData/Leavn-gxbozqiuohwlcfgridtxzqzwunnz/Build/Products/Debug-iphonesimulator/PackageFrameworks -F /Users/wsig/Library/Developer/Xcode/DerivedData/Leavn-gxbozqiuohwlcfgridtxzqzwunnz/Build/Products/Debug-iphonesimulator/PackageFrameworks -F /Users/wsig/Library/Developer/Xcode/DerivedData/Leavn-gxbozqiuohwlcfgridtxzqzwunnz/Build/Products/Debug-iphonesimulator/PackageFrameworks -F /Users/wsig/Library/Developer/Xcode/DerivedData/Leavn-gxbozqiuohwlcfgridtxzqzwunnz/Build/Products/Debug-iphonesimulator/PackageFrameworks -F /Users/wsig/Library/Developer/Xcode/DerivedData/Leavn-gxbozqiuohwlcfgridtxzqzwunnz/Build/Products/Debug-iphonesimulator/PackageFrameworks -F /Users/wsig/Library/Developer/Xcode/DerivedData/Leavn-gxbozqiuohwlcfgridtxzqzwunnz/Build/Products/Debug-iphonesimulator/PackageFrameworks -F /Users/wsig/Library/Developer/Xcode/DerivedData/Leavn-gxbozqiuohwlcfgridtxzqzwunnz/Build/Products/Debug-iphonesimulator/PackageFrameworks -F /Users/wsig/Library/Developer/Xcode/DerivedData/Leavn-gxbozqiuohwlcfgridtxzqzwunnz/Build/Products/Debug-iphonesimulator/PackageFrameworks -F /Users/wsig/Library/Developer/Xcode/DerivedData/Leavn-gxbozqiuohwlcfgridtxzqzwunnz/Build/Products/Debug-iphonesimulator/PackageFrameworks -F /Users/wsig/Library/Developer/Xcode/DerivedData/Leavn-gxbozqiuohwlcfgridtxzqzwunnz/Build/Products/Debug-iphonesimulator/PackageFrameworks -F /Users/wsig/Library/Developer/Xcode/DerivedData/Leavn-gxbozqiuohwlcfgridtxzqzwunnz/Build/Products/Debug-iphonesimulator/PackageFrameworks -F /Users/wsig/Library/Developer/Xcode/DerivedData/Leavn-gxbozqiuohwlcfgridtxzqzwunnz/Build/Products/Debug-iphonesimulator/PackageFrameworks -F /Users/wsig/Library/Developer/Xcode/DerivedData/Leavn-gxbozqiuohwlcfgridtxzqzwunnz/Build/Products/Debug-iphonesimulator/PackageFrameworks -F /Users/wsig/Library/Developer/Xcode/DerivedData/Leavn-gxbozqiuohwlcfgridtxzqzwunnz/Build/Products/Debug-iphonesimulator/PackageFrameworks -F /Users/wsig/Library/Developer/Xcode/DerivedData/Leavn-gxbozqiuohwlcfgridtxzqzwunnz/Build/Products/Debug-iphonesimulator/PackageFrameworks -F /Users/wsig/Library/Developer/Xcode/DerivedData/Leavn-gxbozqiuohwlcfgridtxzqzwunnz/Build/Products/Debug-iphonesimulator/PackageFrameworks -F /Users/wsig/Library/Developer/Xcode/DerivedData/Leavn-gxbozqiuohwlcfgridtxzqzwunnz/Build/Products/Debug-iphonesimulator/PackageFrameworks -F /Users/wsig/Library/Developer/Xcode/DerivedData/Leavn-gxbozqiuohwlcfgridtxzqzwunnz/Build/Products/Debug-iphonesimulator/PackageFrameworks -F /Users/wsig/Library/Developer/Xcode/DerivedData/Leavn-gxbozqiuohwlcfgridtxzqzwunnz/Build/Products/Debug-iphonesimulator/PackageFrameworks -F /Users/wsig/Library/Developer/Xcode/DerivedData/Leavn-gxbozqiuohwlcfgridtxzqzwunnz/Build/Products/Debug-iphonesimulator/PackageFrameworks -F /Users/wsig/Library/Developer/Xcode/DerivedData/Leavn-gxbozqiuohwlcfgridtxzqzwunnz/Build/Products/Debug-iphonesimulator/PackageFrameworks -F /Users/wsig/Library/Developer/Xcode/DerivedData/Leavn-gxbozqiuohwlcfgridtxzqzwunnz/Build/Products/Debug-iphonesimulator/PackageFrameworks -F /Users/wsig/Library/Developer/Xcode/DerivedData/Leavn-gxbozqiuohwlcfgridtxzqzwunnz/Build/Products/Debug-iphonesimulator -c -j12 -enable-batch-mode -incremental -Xcc -ivfsstatcache -Xcc /Users/wsig/Library/Developer/Xcode/DerivedData/SDKStatCaches.noindex/iphonesimulator26.0-23A5287e-fc862078e33f881139a9d2f83bd1a9d0.sdkstatcache -output-file-map /Users/wsig/Library/Developer/Xcode/DerivedData/Leavn-gxbozqiuohwlcfgridtxzqzwunnz/Build/Intermediates.noindex/Leavn.build/Debug-iphonesimulator/Leavn.build/Objects-normal/arm64/Leavn-OutputFileMap.json -use-frontend-parseable-output -save-temps -no-color-diagnostics -explicit-module-build -module-cache-path /Users/wsig/Library/Developer/Xcode/DerivedData/Leavn-gxbozqiuohwlcfgridtxzqzwunnz/Build/Intermediates.noindex/SwiftExplicitPrecompiledModules -clang-scanner-module-cache-path /Users/wsig/Library/Developer/Xcode/DerivedData/ModuleCache.noindex -sdk-module-cache-path /Users/wsig/Library/Developer/Xcode/DerivedData/ModuleCache.noindex -serialize-diagnostics -emit-dependencies -emit-module -emit-module-path /Users/wsig/Library/Developer/Xcode/DerivedData/Leavn-gxbozqiuohwlcfgridtxzqzwunnz/Build/Intermediates.noindex/Leavn.build/Debug-iphonesimulator/Leavn.build/Objects-normal/arm64/Leavn.swiftmodule -validate-clang-modules-once -clang-build-session-file /Users/wsig/Library/Developer/Xcode/DerivedData/ModuleCache.noindex/Session.modulevalidation -Xcc -I/Users/wsig/Library/Developer/Xcode/DerivedData/Leavn-gxbozqiuohwlcfgridtxzqzwunnz/Build/Intermediates.noindex/Leavn.build/Debug-iphonesimulator/Leavn.build/swift-overrides.hmap -emit-const-values -Xfrontend -const-gather-protocols-file -Xfrontend /Users/wsig/Library/Developer/Xcode/DerivedData/Leavn-gxbozqiuohwlcfgridtxzqzwunnz/Build/Intermediates.noindex/Leavn.build/Debug-iphonesimulator/Leavn.build/Objects-normal/arm64/Leavn_const_extract_protocols.json -Xcc -iquote -Xcc /Users/wsig/Library/Developer/Xcode/DerivedData/Leavn-gxbozqiuohwlcfgridtxzqzwunnz/Build/Intermediates.noindex/Leavn.build/Debug-iphonesimulator/Leavn.build/Leavn-generated-files.hmap -Xcc -I/Users/wsig/Library/Developer/Xcode/DerivedData/Leavn-gxbozqiuohwlcfgridtxzqzwunnz/Build/Intermediates.noindex/Leavn.build/Debug-iphonesimulator/Leavn.build/Leavn-own-target-headers.hmap -Xcc -I/Users/wsig/Library/Developer/Xcode/DerivedData/Leavn-gxbozqiuohwlcfgridtxzqzwunnz/Build/Intermediates.noindex/Leavn.build/Debug-iphonesimulator/Leavn.build/Leavn-all-non-framework-target-headers.hmap -Xcc -ivfsoverlay -Xcc /Users/wsig/Library/Developer/Xcode/DerivedData/Leavn-gxbozqiuohwlcfgridtxzqzwunnz/Build/Intermediates.noindex/Leavn.build/Debug-iphonesimulator/Leavn-ef67c1b60820561c547311e63732f957-VFS-iphonesimulator/all-product-headers.yaml -Xcc -iquote -Xcc /Users/wsig/Library/Developer/Xcode/DerivedData/Leavn-gxbozqiuohwlcfgridtxzqzwunnz/Build/Intermediates.noindex/Leavn.build/Debug-iphonesimulator/Leavn.build/Leavn-project-headers.hmap -Xcc -I/Users/wsig/Library/Developer/Xcode/DerivedData/Leavn-gxbozqiuohwlcfgridtxzqzwunnz/SourcePackages/checkouts/realm-core/src -Xcc -I/Users/wsig/Library/Developer/Xcode/DerivedData/Leavn-gxbozqiuohwlcfgridtxzqzwunnz/SourcePackages/checkouts/realm-core/src/external/s2 -Xcc -I/Users/wsig/Library/Developer/Xcode/DerivedData/Leavn-gxbozqiuohwlcfgridtxzqzwunnz/SourcePackages/checkouts/realm-core/src/external/IntelRDFPMathLib20U2/LIBRARY/src -Xcc -I/Users/wsig/Library/Developer/Xcode/DerivedData/Leavn-gxbozqiuohwlcfgridtxzqzwunnz/SourcePackages/checkouts/realm-core/src/spm -Xcc -I/Users/wsig/Library/Developer/Xcode/DerivedData/Leavn-gxbozqiuohwlcfgridtxzqzwunnz/SourcePackages/checkouts/realm-swift/include -Xcc -I/Users/wsig/Library/Developer/Xcode/DerivedData/Leavn-gxbozqiuohwlcfgridtxzqzwunnz/Build/Products/Debug-iphonesimulator/include -Xcc -I/Users/wsig/Library/Developer/Xcode/DerivedData/Leavn-gxbozqiuohwlcfgridtxzqzwunnz/Build/Intermediates.noindex/Leavn.build/Debug-iphonesimulator/Leavn.build/DerivedSources-normal/arm64 -Xcc -I/Users/wsig/Library/Developer/Xcode/DerivedData/Leavn-gxbozqiuohwlcfgridtxzqzwunnz/Build/Intermediates.noindex/Leavn.build/Debug-iphonesimulator/Leavn.build/DerivedSources/arm64 -Xcc -I/Users/wsig/Library/Developer/Xcode/DerivedData/Leavn-gxbozqiuohwlcfgridtxzqzwunnz/Build/Intermediates.noindex/Leavn.build/Debug-iphonesimulator/Leavn.build/DerivedSources -emit-objc-header -emit-objc-header-path /Users/wsig/Library/Developer/Xcode/DerivedData/Leavn-gxbozqiuohwlcfgridtxzqzwunnz/Build/Intermediates.noindex/Leavn.build/Debug-iphonesimulator/Leavn.build/Objects-normal/arm64/Leavn-Swift.h -working-directory /Users/wsig/GitHub\ Builds/LeavnOfficial -experimental-emit-module-separately -disable-cmo

Copy /Users/wsig/Library/Developer/Xcode/DerivedData/Leavn-gxbozqiuohwlcfgridtxzqzwunnz/Build/Products/Debug-iphonesimulator/Leavn.swiftmodule/arm64-apple-ios-simulator.swiftmodule /Users/wsig/Library/Developer/Xcode/DerivedData/Leavn-gxbozqiuohwlcfgridtxzqzwunnz/Build/Intermediates.noindex/Leavn.build/Debug-iphonesimulator/Leavn.build/Objects-normal/arm64/Leavn.swiftmodule (in target 'Leavn' from project 'Leavn')
    cd /Users/wsig/GitHub\ Builds/LeavnOfficial
    builtin-copy -exclude .DS_Store -exclude CVS -exclude .svn -exclude .git -exclude .hg -strip-unsigned-binaries -strip-deterministic -strip-tool /Applications/Xcode-beta.app/Contents/Developer/Toolchains/XcodeDefault.xctoolchain/usr/bin/strip -resolve-src-symlinks -rename /Users/wsig/Library/Developer/Xcode/DerivedData/Leavn-gxbozqiuohwlcfgridtxzqzwunnz/Build/Intermediates.noindex/Leavn.build/Debug-iphonesimulator/Leavn.build/Objects-normal/arm64/Leavn.swiftmodule /Users/wsig/Library/Developer/Xcode/DerivedData/Leavn-gxbozqiuohwlcfgridtxzqzwunnz/Build/Products/Debug-iphonesimulator/Leavn.swiftmodule/arm64-apple-ios-simulator.swiftmodule
error: lstat(/Users/wsig/Library/Developer/Xcode/DerivedData/Leavn-gxbozqiuohwlcfgridtxzqzwunnz/Build/Intermediates.noindex/Leavn.build/Debug-iphonesimulator/Leavn.build/Objects-normal/arm64/Leavn.swiftmodule): No such file or directory (2) (in target 'Leavn' from project 'Leavn')

Copy /Users/wsig/Library/Developer/Xcode/DerivedData/Leavn-gxbozqiuohwlcfgridtxzqzwunnz/Build/Products/Debug-iphonesimulator/Leavn.swiftmodule/arm64-apple-ios-simulator.abi.json /Users/wsig/Library/Developer/Xcode/DerivedData/Leavn-gxbozqiuohwlcfgridtxzqzwunnz/Build/Intermediates.noindex/Leavn.build/Debug-iphonesimulator/Leavn.build/Objects-normal/arm64/Leavn.abi.json (in target 'Leavn' from project 'Leavn')
    cd /Users/wsig/GitHub\ Builds/LeavnOfficial
    builtin-copy -exclude .DS_Store -exclude CVS -exclude .svn -exclude .git -exclude .hg -strip-unsigned-binaries -strip-deterministic -strip-tool /Applications/Xcode-beta.app/Contents/Developer/Toolchains/XcodeDefault.xctoolchain/usr/bin/strip -resolve-src-symlinks -rename /Users/wsig/Library/Developer/Xcode/DerivedData/Leavn-gxbozqiuohwlcfgridtxzqzwunnz/Build/Intermediates.noindex/Leavn.build/Debug-iphonesimulator/Leavn.build/Objects-normal/arm64/Leavn.abi.json /Users/wsig/Library/Developer/Xcode/DerivedData/Leavn-gxbozqiuohwlcfgridtxzqzwunnz/Build/Products/Debug-iphonesimulator/Leavn.swiftmodule/arm64-apple-ios-simulator.abi.json
error: lstat(/Users/wsig/Library/Developer/Xcode/DerivedData/Leavn-gxbozqiuohwlcfgridtxzqzwunnz/Build/Intermediates.noindex/Leavn.build/Debug-iphonesimulator/Leavn.build/Objects-normal/arm64/Leavn.abi.json): No such file or directory (2) (in target 'Leavn' from project 'Leavn')

Copy /Users/wsig/Library/Developer/Xcode/DerivedData/Leavn-gxbozqiuohwlcfgridtxzqzwunnz/Build/Products/Debug-iphonesimulator/Leavn.swiftmodule/Project/arm64-apple-ios-simulator.swiftsourceinfo /Users/wsig/Library/Developer/Xcode/DerivedData/Leavn-gxbozqiuohwlcfgridtxzqzwunnz/Build/Intermediates.noindex/Leavn.build/Debug-iphonesimulator/Leavn.build/Objects-normal/arm64/Leavn.swiftsourceinfo (in target 'Leavn' from project 'Leavn')
    cd /Users/wsig/GitHub\ Builds/LeavnOfficial
    builtin-copy -exclude .DS_Store -exclude CVS -exclude .svn -exclude .git -exclude .hg -strip-unsigned-binaries -strip-deterministic -strip-tool /Applications/Xcode-beta.app/Contents/Developer/Toolchains/XcodeDefault.xctoolchain/usr/bin/strip -resolve-src-symlinks -rename /Users/wsig/Library/Developer/Xcode/DerivedData/Leavn-gxbozqiuohwlcfgridtxzqzwunnz/Build/Intermediates.noindex/Leavn.build/Debug-iphonesimulator/Leavn.build/Objects-normal/arm64/Leavn.swiftsourceinfo /Users/wsig/Library/Developer/Xcode/DerivedData/Leavn-gxbozqiuohwlcfgridtxzqzwunnz/Build/Products/Debug-iphonesimulator/Leavn.swiftmodule/Project/arm64-apple-ios-simulator.swiftsourceinfo
error: lstat(/Users/wsig/Library/Developer/Xcode/DerivedData/Leavn-gxbozqiuohwlcfgridtxzqzwunnz/Build/Intermediates.noindex/Leavn.build/Debug-iphonesimulator/Leavn.build/Objects-normal/arm64/Leavn.swiftsourceinfo): No such file or directory (2) (in target 'Leavn' from project 'Leavn')

Copy /Users/wsig/Library/Developer/Xcode/DerivedData/Leavn-gxbozqiuohwlcfgridtxzqzwunnz/Build/Products/Debug-iphonesimulator/Leavn.swiftmodule/arm64-apple-ios-simulator.swiftdoc /Users/wsig/Library/Developer/Xcode/DerivedData/Leavn-gxbozqiuohwlcfgridtxzqzwunnz/Build/Intermediates.noindex/Leavn.build/Debug-iphonesimulator/Leavn.build/Objects-normal/arm64/Leavn.swiftdoc (in target 'Leavn' from project 'Leavn')
    cd /Users/wsig/GitHub\ Builds/LeavnOfficial
    builtin-copy -exclude .DS_Store -exclude CVS -exclude .svn -exclude .git -exclude .hg -strip-unsigned-binaries -strip-deterministic -strip-tool /Applications/Xcode-beta.app/Contents/Developer/Toolchains/XcodeDefault.xctoolchain/usr/bin/strip -resolve-src-symlinks -rename /Users/wsig/Library/Developer/Xcode/DerivedData/Leavn-gxbozqiuohwlcfgridtxzqzwunnz/Build/Intermediates.noindex/Leavn.build/Debug-iphonesimulator/Leavn.build/Objects-normal/arm64/Leavn.swiftdoc /Users/wsig/Library/Developer/Xcode/DerivedData/Leavn-gxbozqiuohwlcfgridtxzqzwunnz/Build/Products/Debug-iphonesimulator/Leavn.swiftmodule/arm64-apple-ios-simulator.swiftdoc
error: lstat(/Users/wsig/Library/Developer/Xcode/DerivedData/Leavn-gxbozqiuohwlcfgridtxzqzwunnz/Build/Intermediates.noindex/Leavn.build/Debug-iphonesimulator/Leavn.build/Objects-normal/arm64/Leavn.swiftdoc): No such file or directory (2) (in target 'Leavn' from project 'Leavn')

